============================= test session starts ==============================
platform darwin -- Python 3.12.6, pytest-7.4.4, pluggy-1.6.0 -- /Library/Frameworks/Python.framework/Versions/3.12/bin/python3
cachedir: .pytest_cache
rootdir: /Users/nirtzur/Documents/projects/AGORA
plugins: dash-3.3.0, anyio-4.9.0, cov-4.1.0, asyncio-0.21.1, langsmith-0.5.0, hydra-core-1.3.2, zarr-3.1.5
asyncio: mode=Mode.STRICT
collecting ... collected 140 items

tests/test_artifacts_exit.py::TestArtifactExitCriteria::test_upload_and_retrieve_exact_bytes_by_version_id ERROR [  0%]
tests/test_artifacts_exit.py::TestArtifactExitCriteria::test_version_immutability ERROR [  1%]
tests/test_artifacts_exit.py::TestArtifactExitCriteria::test_short_id_allocation ERROR [  2%]
tests/test_artifacts_exit.py::TestArtifactExitCriteria::test_events_emitted ERROR [  2%]
tests/test_auth.py::test_auth_instructions_endpoint FAILED               [  3%]
tests/test_auth.py::test_auth_moltbook_missing_header FAILED             [  4%]
tests/test_auth.py::test_auth_verify_missing_token FAILED                [  5%]
tests/test_auth.py::test_auth_verify_invalid_token FAILED                [  5%]
tests/test_auth.py::test_agents_me_without_auth FAILED                   [  6%]
tests/test_auth.py::test_agents_me_with_invalid_token FAILED             [  7%]
tests/test_auth.py::test_agent_context_without_auth FAILED               [  7%]
tests/test_auth.py::test_agent_context_with_invalid_token FAILED         [  8%]
tests/test_auth.py::test_agent_token_creation_and_verification PASSED    [  9%]
tests/test_auth.py::test_system_token_creation_and_verification PASSED   [ 10%]
tests/test_auth.py::test_agent_token_cannot_be_verified_as_system PASSED [ 10%]
tests/test_auth.py::test_system_token_cannot_be_verified_as_agent PASSED [ 11%]
tests/test_auth.py::test_expired_agent_token PASSED                      [ 12%]
tests/test_auth.py::test_idempotency_payload_hash PASSED                 [ 12%]
tests/test_auth.py::test_agent_token_includes_workspace_id PASSED        [ 13%]
tests/test_auth.py::test_decode_token_unverified PASSED                  [ 14%]
tests/test_citation_checks.py::test_exit_missing_citations_fails_coverage ERROR [ 15%]
tests/test_citation_checks.py::test_exit_bad_location_fails_resolves ERROR [ 15%]
tests/test_citation_checks.py::test_exit_good_draft_passes_both_checks ERROR [ 16%]
tests/test_citation_checks.py::test_agent_request_run_rulecheck ERROR    [ 17%]
tests/test_citation_checks.py::test_list_rule_checks_with_filters ERROR  [ 17%]
tests/test_claims.py::test_create_claim ERROR                            [ 18%]
tests/test_claims.py::test_add_evidence_with_valid_location ERROR        [ 19%]
tests/test_claims.py::test_exit_1_evidence_fails_if_location_doesnt_resolve ERROR [ 20%]
tests/test_claims.py::test_exit_2_evidence_fails_if_version_from_another_workspace ERROR [ 20%]
tests/test_claims.py::test_list_claims_with_evidence ERROR               [ 21%]
tests/test_claims.py::test_claim_kind_defaults_to_fact ERROR             [ 22%]
tests/test_claims.py::test_is_key_cannot_be_set_by_agent ERROR           [ 22%]
tests/test_db_migrations.py::TestMigrations::test_migrations_create_all_tables ERROR [ 23%]
tests/test_db_migrations.py::TestMigrations::test_agents_table_structure ERROR [ 24%]
tests/test_db_migrations.py::TestMigrations::test_workspaces_table_structure ERROR [ 25%]
tests/test_db_migrations.py::TestMigrations::test_artifacts_table_structure ERROR [ 25%]
tests/test_db_migrations.py::TestMigrations::test_artifact_versions_table_structure ERROR [ 26%]
tests/test_db_migrations.py::TestSchemaConstraints::test_basic_insert_and_select ERROR [ 27%]
tests/test_db_migrations.py::TestSchemaConstraints::test_unique_moltbook_id_constraint ERROR [ 27%]
tests/test_db_migrations.py::TestSchemaConstraints::test_workspace_short_id_unique_per_workspace ERROR [ 28%]
tests/test_db_migrations.py::TestSchemaConstraints::test_artifact_version_uniqueness ERROR [ 29%]
tests/test_db_migrations.py::TestSchemaConstraints::test_foreign_key_constraints ERROR [ 30%]
tests/test_db_migrations.py::TestSchemaConstraints::test_idempotency_keys_unique_constraint ERROR [ 30%]
tests/test_db_migrations.py::TestIndexes::test_key_indexes_exist ERROR   [ 31%]
tests/test_drafts.py::test_create_draft ERROR                            [ 32%]
tests/test_drafts.py::test_exit_draft_version_has_content_hash_and_retrievable ERROR [ 32%]
tests/test_drafts.py::test_multiple_draft_versions ERROR                 [ 33%]
tests/test_drafts.py::test_list_draft_versions ERROR                     [ 34%]
tests/test_drafts.py::test_cannot_create_version_for_finalized_draft ERROR [ 35%]
tests/test_drafts.py::test_short_id_allocation ERROR                     [ 35%]
tests/test_drafts.py::test_finalize_draft_emits_event ERROR              [ 36%]
tests/test_evidence_resolver.py::test_exit_1_pdf_resolution ERROR        [ 37%]
tests/test_evidence_resolver.py::test_exit_2_log_char_range_resolution ERROR [ 37%]
tests/test_evidence_resolver.py::test_log_jsonpath_resolution ERROR      [ 38%]
tests/test_evidence_resolver.py::test_exit_3_bad_grammar_deterministic_errors ERROR [ 39%]
tests/test_evidence_resolver.py::test_artifact_version_not_found ERROR   [ 40%]
tests/test_evidence_resolver.py::test_char_range_exceeds_bounds ERROR    [ 40%]
tests/test_evidence_resolver.py::test_jsonpath_not_found ERROR           [ 41%]
tests/test_evidence_resolver.py::test_deterministic_resolution ERROR     [ 42%]
tests/test_literature_grounding.py::test_exit_literature_grounding_end_to_end ERROR [ 42%]
tests/test_literature_grounding.py::test_idempotent_pdf_ingestion ERROR  [ 43%]
tests/test_literature_grounding.py::test_draft_finalization_with_passing_checks ERROR [ 44%]
tests/test_logs_events.py::TestLogsAppendOnly::test_create_log_success ERROR [ 45%]
tests/test_logs_events.py::TestLogsAppendOnly::test_list_logs ERROR      [ 45%]
tests/test_logs_events.py::TestLogsAppendOnly::test_list_logs_with_action_filter ERROR [ 46%]
tests/test_logs_events.py::TestEventsSystemOnly::test_create_event_with_system_token ERROR [ 47%]
tests/test_logs_events.py::TestEventsSystemOnly::test_create_event_requires_system_token ERROR [ 47%]
tests/test_logs_events.py::TestEventsSystemOnly::test_list_events ERROR  [ 48%]
tests/test_logs_events.py::TestEventsSystemOnly::test_list_events_filter_by_type ERROR [ 49%]
tests/test_logs_events.py::TestEventsSystemOnly::test_list_events_filter_by_actor_type ERROR [ 50%]
tests/test_logs_events.py::TestExitCriteria::test_claim_creation_emits_agent_event ERROR [ 50%]
tests/test_logs_events.py::TestExitCriteria::test_worker_artifacts_emit_system_event ERROR [ 51%]
tests/test_logs_events.py::TestAppendOnlyEnforcement::test_no_log_update_endpoint ERROR [ 52%]
tests/test_logs_events.py::TestAppendOnlyEnforcement::test_no_event_update_endpoint ERROR [ 52%]
tests/test_moltbook_adapter.py::test_root_endpoint_returns_service_info FAILED [ 53%]
tests/test_moltbook_adapter.py::test_health_endpoint FAILED              [ 54%]
tests/test_moltbook_adapter.py::test_verify_missing_identity_token FAILED [ 55%]
tests/test_moltbook_adapter.py::test_verify_invalid_token_type FAILED    [ 55%]
tests/test_moltbook_adapter.py::test_verify_invalid_token_returns_401 FAILED [ 56%]
tests/test_moltbook_adapter.py::test_404_for_unknown_endpoint FAILED     [ 57%]
tests/test_moltbook_adapter.py::test_health_check_includes_circuit_state FAILED [ 57%]
tests/test_pdf_ingestion.py::test_exit_1_ingest_real_pdf ERROR           [ 58%]
tests/test_pdf_ingestion.py::test_exit_2_retrieve_parsed_page_text ERROR [ 59%]
tests/test_pdf_ingestion.py::test_exit_3_evidence_resolution ERROR       [ 60%]
tests/test_pdf_ingestion.py::test_no_text_pdf_fails ERROR                [ 60%]
tests/test_pdf_ingestion.py::test_invalid_evidence_location_format ERROR [ 61%]
tests/test_rbac.py::TestRoleSeeding::test_all_roles_exist FAILED         [ 62%]
tests/test_rbac.py::TestRoleSeeding::test_maintainer_permissions FAILED  [ 62%]
tests/test_rbac.py::TestRoleSeeding::test_literature_analyst_permissions FAILED [ 63%]
tests/test_rbac.py::TestRoleSeeding::test_experimentalist_permissions FAILED [ 64%]
tests/test_rbac.py::TestRoleSeeding::test_synthesizer_permissions FAILED [ 65%]
tests/test_rbac.py::TestRoleSeeding::test_reputation_requirements FAILED [ 65%]
tests/test_rbac.py::TestPermissionChecking::test_agent_not_in_workspace ERROR [ 66%]
tests/test_rbac.py::TestPermissionChecking::test_experimentalist_can_run_sandbox ERROR [ 67%]
tests/test_rbac.py::TestPermissionChecking::test_synthesizer_cannot_run_sandbox ERROR [ 67%]
tests/test_rbac.py::TestPermissionChecking::test_maintainer_has_all_permissions ERROR [ 68%]
tests/test_rbac.py::TestPermissionChecking::test_require_permission_raises_on_deny ERROR [ 69%]
tests/test_rbac.py::TestReputationChecking::test_low_reputation_fails_analyst_check FAILED [ 70%]
tests/test_rbac.py::TestReputationChecking::test_high_reputation_passes_all_checks FAILED [ 70%]
tests/test_rbac.py::TestRoleRetrieval::test_get_agent_role_returns_correct_info ERROR [ 71%]
tests/test_rbac.py::TestRoleRetrieval::test_get_agent_role_returns_none_for_nonmember FAILED [ 72%]
tests/test_repo_ingestion.py::test_repo_ingest_activity ERROR            [ 72%]
tests/test_repo_ingestion.py::test_repo_evidence_resolution ERROR        [ 73%]
tests/test_repo_ingestion.py::test_repo_ingest_endpoint ERROR            [ 74%]
tests/test_repo_ingestion.py::test_repo_ingest_idempotency ERROR         [ 75%]
tests/test_storage.py::TestStorageURIValidation::test_valid_uri_passes ERROR [ 75%]
tests/test_storage.py::TestStorageURIValidation::test_invalid_scheme_fails ERROR [ 76%]
tests/test_storage.py::TestStorageURIValidation::test_invalid_bucket_fails ERROR [ 77%]
tests/test_storage.py::TestStorageURIValidation::test_missing_artifacts_component_fails ERROR [ 77%]
tests/test_storage.py::TestStorageURIValidation::test_invalid_version_format_fails ERROR [ 78%]
tests/test_storage.py::TestStorageURIValidation::test_too_short_path_fails ERROR [ 79%]
tests/test_storage.py::TestBasicOperations::test_put_and_get_bytes_roundtrip ERROR [ 80%]
tests/test_storage.py::TestBasicOperations::test_put_and_get_stream_roundtrip ERROR [ 80%]
tests/test_storage.py::TestBasicOperations::test_exists_returns_false_for_nonexistent ERROR [ 81%]
tests/test_storage.py::TestBasicOperations::test_get_nonexistent_raises_error ERROR [ 82%]
tests/test_storage.py::TestImmutability::test_overwrite_same_uri_fails ERROR [ 82%]
tests/test_storage.py::TestImmutability::test_different_versions_can_coexist ERROR [ 83%]
tests/test_storage.py::TestImmutability::test_multiple_artifacts_in_workspace_independent ERROR [ 84%]
tests/test_storage.py::TestLargeContent::test_large_binary_content ERROR [ 85%]
tests/test_storage.py::TestEnvironmentFactory::test_create_from_env FAILED [ 85%]
tests/test_storage.py::TestErrorHandling::test_empty_content_allowed ERROR [ 86%]
tests/test_storage.py::TestErrorHandling::test_special_characters_in_filename ERROR [ 87%]
tests/test_storage.py::TestStorageURIStructure::test_uri_structure_matches_spec ERROR [ 87%]
tests/test_storage.py::TestStorageURIStructure::test_nested_paths_supported ERROR [ 88%]
tests/test_workflows.py::test_exit_workflow_runs_lifecycle ERROR         [ 89%]
tests/test_workflows.py::test_exit_activity_runs_created ERROR           [ 90%]
tests/test_workflows.py::test_create_agent_task_system_only ERROR        [ 90%]
tests/test_workflows.py::test_list_agent_tasks_with_filters ERROR        [ 91%]
tests/test_workflows.py::test_update_agent_task_assignee_only ERROR      [ 92%]
tests/test_workflows.py::test_complete_agent_task_with_result ERROR      [ 92%]
tests/test_workspaces.py::TestWorkspaceCreation::test_create_workspace_success ERROR [ 93%]
tests/test_workspaces.py::TestWorkspaceCreation::test_workspace_starts_in_init_phase ERROR [ 94%]
tests/test_workspaces.py::TestWorkspaceEvents::test_workspace_created_event_emitted ERROR [ 95%]
tests/test_workspaces.py::TestWorkspaceEvents::test_agent_joined_event_emitted ERROR [ 95%]
tests/test_workspaces.py::TestJoinRequests::test_join_request_creation ERROR [ 96%]
tests/test_workspaces.py::TestJoinRequests::test_join_request_approval ERROR [ 97%]
tests/test_workspaces.py::TestJoinRequests::test_role_capacity_enforcement ERROR [ 97%]
tests/test_workspaces.py::TestJoinRequests::test_reputation_requirement_enforcement ERROR [ 98%]
tests/test_workspaces.py::TestWorkspaceUpdates::test_description_update_allowed ERROR [ 99%]
tests/test_workspaces.py::TestWorkspaceUpdates::test_phase_not_updated_via_patch ERROR [100%]

==================================== ERRORS ====================================
_ ERROR at setup of TestArtifactExitCriteria.test_upload_and_retrieve_exact_bytes_by_version_id _
tests/test_artifacts_exit.py:35: in test_workspace
    with get_raw_db() as conn:
/Library/Frameworks/Python.framework/Versions/3.12/lib/python3.12/contextlib.py:137: in __enter__
    return next(self.gen)
packages/db/database.py:75: in get_raw_db
    conn = psycopg2.connect(
/Library/Frameworks/Python.framework/Versions/3.12/lib/python3.12/site-packages/psycopg2/__init__.py:122: in connect
    conn = _connect(dsn, connection_factory=connection_factory, **kwasync)
E   psycopg2.OperationalError: connection to server at "localhost" (::1), port 5432 failed: Connection refused
E   	Is the server running on that host and accepting TCP/IP connections?
E   connection to server at "localhost" (127.0.0.1), port 5432 failed: Connection refused
E   	Is the server running on that host and accepting TCP/IP connections?
_____ ERROR at setup of TestArtifactExitCriteria.test_version_immutability _____
tests/test_artifacts_exit.py:35: in test_workspace
    with get_raw_db() as conn:
/Library/Frameworks/Python.framework/Versions/3.12/lib/python3.12/contextlib.py:137: in __enter__
    return next(self.gen)
packages/db/database.py:75: in get_raw_db
    conn = psycopg2.connect(
/Library/Frameworks/Python.framework/Versions/3.12/lib/python3.12/site-packages/psycopg2/__init__.py:122: in connect
    conn = _connect(dsn, connection_factory=connection_factory, **kwasync)
E   psycopg2.OperationalError: connection to server at "localhost" (::1), port 5432 failed: Connection refused
E   	Is the server running on that host and accepting TCP/IP connections?
E   connection to server at "localhost" (127.0.0.1), port 5432 failed: Connection refused
E   	Is the server running on that host and accepting TCP/IP connections?
_____ ERROR at setup of TestArtifactExitCriteria.test_short_id_allocation ______
tests/test_artifacts_exit.py:35: in test_workspace
    with get_raw_db() as conn:
/Library/Frameworks/Python.framework/Versions/3.12/lib/python3.12/contextlib.py:137: in __enter__
    return next(self.gen)
packages/db/database.py:75: in get_raw_db
    conn = psycopg2.connect(
/Library/Frameworks/Python.framework/Versions/3.12/lib/python3.12/site-packages/psycopg2/__init__.py:122: in connect
    conn = _connect(dsn, connection_factory=connection_factory, **kwasync)
E   psycopg2.OperationalError: connection to server at "localhost" (::1), port 5432 failed: Connection refused
E   	Is the server running on that host and accepting TCP/IP connections?
E   connection to server at "localhost" (127.0.0.1), port 5432 failed: Connection refused
E   	Is the server running on that host and accepting TCP/IP connections?
________ ERROR at setup of TestArtifactExitCriteria.test_events_emitted ________
tests/test_artifacts_exit.py:35: in test_workspace
    with get_raw_db() as conn:
/Library/Frameworks/Python.framework/Versions/3.12/lib/python3.12/contextlib.py:137: in __enter__
    return next(self.gen)
packages/db/database.py:75: in get_raw_db
    conn = psycopg2.connect(
/Library/Frameworks/Python.framework/Versions/3.12/lib/python3.12/site-packages/psycopg2/__init__.py:122: in connect
    conn = _connect(dsn, connection_factory=connection_factory, **kwasync)
E   psycopg2.OperationalError: connection to server at "localhost" (::1), port 5432 failed: Connection refused
E   	Is the server running on that host and accepting TCP/IP connections?
E   connection to server at "localhost" (127.0.0.1), port 5432 failed: Connection refused
E   	Is the server running on that host and accepting TCP/IP connections?
_________ ERROR at setup of test_exit_missing_citations_fails_coverage _________
file /Users/nirtzur/Documents/projects/AGORA/tests/test_citation_checks.py, line 100
  def test_exit_missing_citations_fails_coverage(db_session, workspace_with_agent_and_artifacts):
E       fixture 'db_session' not found
>       available fixtures: anyio_backend, anyio_backend_name, anyio_backend_options, cache, capfd, capfdbinary, caplog, capsys, capsysbinary, core_api_url, cov, dash_br, dash_duo, dash_duo_mp, dash_multi_process_server, dash_process_server, dash_thread_server, dashjl, dashjl_server, dashr, dashr_server, db_url, diskcache_manager, doctest_namespace, event_loop, free_tcp_port, free_tcp_port_factory, free_udp_port, free_udp_port_factory, hydra_restore_singletons, hydra_sweep_runner, hydra_task_runner, minio_config, moltbook_adapter_url, monkeypatch, no_cover, pytestconfig, record_property, record_testsuite_property, record_xml_attribute, recwarn, tmp_path, tmp_path_factory, tmpdir, tmpdir_factory, unused_tcp_port, unused_tcp_port_factory, unused_udp_port, unused_udp_port_factory, workspace_with_agent_and_artifacts
>       use 'pytest --fixtures [testpath]' for help on them.

/Users/nirtzur/Documents/projects/AGORA/tests/test_citation_checks.py:100
___________ ERROR at setup of test_exit_bad_location_fails_resolves ____________
file /Users/nirtzur/Documents/projects/AGORA/tests/test_citation_checks.py, line 198
  def test_exit_bad_location_fails_resolves(db_session, workspace_with_agent_and_artifacts):
E       fixture 'db_session' not found
>       available fixtures: anyio_backend, anyio_backend_name, anyio_backend_options, cache, capfd, capfdbinary, caplog, capsys, capsysbinary, core_api_url, cov, dash_br, dash_duo, dash_duo_mp, dash_multi_process_server, dash_process_server, dash_thread_server, dashjl, dashjl_server, dashr, dashr_server, db_url, diskcache_manager, doctest_namespace, event_loop, free_tcp_port, free_tcp_port_factory, free_udp_port, free_udp_port_factory, hydra_restore_singletons, hydra_sweep_runner, hydra_task_runner, minio_config, moltbook_adapter_url, monkeypatch, no_cover, pytestconfig, record_property, record_testsuite_property, record_xml_attribute, recwarn, tmp_path, tmp_path_factory, tmpdir, tmpdir_factory, unused_tcp_port, unused_tcp_port_factory, unused_udp_port, unused_udp_port_factory, workspace_with_agent_and_artifacts
>       use 'pytest --fixtures [testpath]' for help on them.

/Users/nirtzur/Documents/projects/AGORA/tests/test_citation_checks.py:198
__________ ERROR at setup of test_exit_good_draft_passes_both_checks ___________
file /Users/nirtzur/Documents/projects/AGORA/tests/test_citation_checks.py, line 297
  def test_exit_good_draft_passes_both_checks(db_session, workspace_with_agent_and_artifacts):
E       fixture 'db_session' not found
>       available fixtures: anyio_backend, anyio_backend_name, anyio_backend_options, cache, capfd, capfdbinary, caplog, capsys, capsysbinary, core_api_url, cov, dash_br, dash_duo, dash_duo_mp, dash_multi_process_server, dash_process_server, dash_thread_server, dashjl, dashjl_server, dashr, dashr_server, db_url, diskcache_manager, doctest_namespace, event_loop, free_tcp_port, free_tcp_port_factory, free_udp_port, free_udp_port_factory, hydra_restore_singletons, hydra_sweep_runner, hydra_task_runner, minio_config, moltbook_adapter_url, monkeypatch, no_cover, pytestconfig, record_property, record_testsuite_property, record_xml_attribute, recwarn, tmp_path, tmp_path_factory, tmpdir, tmpdir_factory, unused_tcp_port, unused_tcp_port_factory, unused_udp_port, unused_udp_port_factory, workspace_with_agent_and_artifacts
>       use 'pytest --fixtures [testpath]' for help on them.

/Users/nirtzur/Documents/projects/AGORA/tests/test_citation_checks.py:297
______________ ERROR at setup of test_agent_request_run_rulecheck ______________
file /Users/nirtzur/Documents/projects/AGORA/tests/test_citation_checks.py, line 427
  def test_agent_request_run_rulecheck(db_session, workspace_with_agent_and_artifacts):
E       fixture 'db_session' not found
>       available fixtures: anyio_backend, anyio_backend_name, anyio_backend_options, cache, capfd, capfdbinary, caplog, capsys, capsysbinary, core_api_url, cov, dash_br, dash_duo, dash_duo_mp, dash_multi_process_server, dash_process_server, dash_thread_server, dashjl, dashjl_server, dashr, dashr_server, db_url, diskcache_manager, doctest_namespace, event_loop, free_tcp_port, free_tcp_port_factory, free_udp_port, free_udp_port_factory, hydra_restore_singletons, hydra_sweep_runner, hydra_task_runner, minio_config, moltbook_adapter_url, monkeypatch, no_cover, pytestconfig, record_property, record_testsuite_property, record_xml_attribute, recwarn, tmp_path, tmp_path_factory, tmpdir, tmpdir_factory, unused_tcp_port, unused_tcp_port_factory, unused_udp_port, unused_udp_port_factory, workspace_with_agent_and_artifacts
>       use 'pytest --fixtures [testpath]' for help on them.

/Users/nirtzur/Documents/projects/AGORA/tests/test_citation_checks.py:427
_____________ ERROR at setup of test_list_rule_checks_with_filters _____________
file /Users/nirtzur/Documents/projects/AGORA/tests/test_citation_checks.py, line 505
  def test_list_rule_checks_with_filters(db_session, workspace_with_agent_and_artifacts):
E       fixture 'db_session' not found
>       available fixtures: anyio_backend, anyio_backend_name, anyio_backend_options, cache, capfd, capfdbinary, caplog, capsys, capsysbinary, core_api_url, cov, dash_br, dash_duo, dash_duo_mp, dash_multi_process_server, dash_process_server, dash_thread_server, dashjl, dashjl_server, dashr, dashr_server, db_url, diskcache_manager, doctest_namespace, event_loop, free_tcp_port, free_tcp_port_factory, free_udp_port, free_udp_port_factory, hydra_restore_singletons, hydra_sweep_runner, hydra_task_runner, minio_config, moltbook_adapter_url, monkeypatch, no_cover, pytestconfig, record_property, record_testsuite_property, record_xml_attribute, recwarn, tmp_path, tmp_path_factory, tmpdir, tmpdir_factory, unused_tcp_port, unused_tcp_port_factory, unused_udp_port, unused_udp_port_factory, workspace_with_agent_and_artifacts
>       use 'pytest --fixtures [testpath]' for help on them.

/Users/nirtzur/Documents/projects/AGORA/tests/test_citation_checks.py:505
_____________________ ERROR at setup of test_create_claim ______________________
file /Users/nirtzur/Documents/projects/AGORA/tests/test_claims.py, line 182
  def test_create_claim(db_session, workspace_with_agent):
E       fixture 'db_session' not found
>       available fixtures: anyio_backend, anyio_backend_name, anyio_backend_options, cache, capfd, capfdbinary, caplog, capsys, capsysbinary, core_api_url, cov, dash_br, dash_duo, dash_duo_mp, dash_multi_process_server, dash_process_server, dash_thread_server, dashjl, dashjl_server, dashr, dashr_server, db_url, diskcache_manager, doctest_namespace, event_loop, free_tcp_port, free_tcp_port_factory, free_udp_port, free_udp_port_factory, hydra_restore_singletons, hydra_sweep_runner, hydra_task_runner, minio_config, moltbook_adapter_url, monkeypatch, no_cover, other_workspace_artifact, pdf_artifact_with_evidence, pytestconfig, record_property, record_testsuite_property, record_xml_attribute, recwarn, tmp_path, tmp_path_factory, tmpdir, tmpdir_factory, unused_tcp_port, unused_tcp_port_factory, unused_udp_port, unused_udp_port_factory, workspace_with_agent
>       use 'pytest --fixtures [testpath]' for help on them.

/Users/nirtzur/Documents/projects/AGORA/tests/test_claims.py:182
___________ ERROR at setup of test_add_evidence_with_valid_location ____________
file /Users/nirtzur/Documents/projects/AGORA/tests/test_claims.py, line 229
  def test_add_evidence_with_valid_location(db_session, pdf_artifact_with_evidence):
E       fixture 'db_session' not found
>       available fixtures: anyio_backend, anyio_backend_name, anyio_backend_options, cache, capfd, capfdbinary, caplog, capsys, capsysbinary, core_api_url, cov, dash_br, dash_duo, dash_duo_mp, dash_multi_process_server, dash_process_server, dash_thread_server, dashjl, dashjl_server, dashr, dashr_server, db_url, diskcache_manager, doctest_namespace, event_loop, free_tcp_port, free_tcp_port_factory, free_udp_port, free_udp_port_factory, hydra_restore_singletons, hydra_sweep_runner, hydra_task_runner, minio_config, moltbook_adapter_url, monkeypatch, no_cover, other_workspace_artifact, pdf_artifact_with_evidence, pytestconfig, record_property, record_testsuite_property, record_xml_attribute, recwarn, tmp_path, tmp_path_factory, tmpdir, tmpdir_factory, unused_tcp_port, unused_tcp_port_factory, unused_udp_port, unused_udp_port_factory, workspace_with_agent
>       use 'pytest --fixtures [testpath]' for help on them.

/Users/nirtzur/Documents/projects/AGORA/tests/test_claims.py:229
___ ERROR at setup of test_exit_1_evidence_fails_if_location_doesnt_resolve ____
file /Users/nirtzur/Documents/projects/AGORA/tests/test_claims.py, line 293
  def test_exit_1_evidence_fails_if_location_doesnt_resolve(db_session, pdf_artifact_with_evidence):
E       fixture 'db_session' not found
>       available fixtures: anyio_backend, anyio_backend_name, anyio_backend_options, cache, capfd, capfdbinary, caplog, capsys, capsysbinary, core_api_url, cov, dash_br, dash_duo, dash_duo_mp, dash_multi_process_server, dash_process_server, dash_thread_server, dashjl, dashjl_server, dashr, dashr_server, db_url, diskcache_manager, doctest_namespace, event_loop, free_tcp_port, free_tcp_port_factory, free_udp_port, free_udp_port_factory, hydra_restore_singletons, hydra_sweep_runner, hydra_task_runner, minio_config, moltbook_adapter_url, monkeypatch, no_cover, other_workspace_artifact, pdf_artifact_with_evidence, pytestconfig, record_property, record_testsuite_property, record_xml_attribute, recwarn, tmp_path, tmp_path_factory, tmpdir, tmpdir_factory, unused_tcp_port, unused_tcp_port_factory, unused_udp_port, unused_udp_port_factory, workspace_with_agent
>       use 'pytest --fixtures [testpath]' for help on them.

/Users/nirtzur/Documents/projects/AGORA/tests/test_claims.py:293
_ ERROR at setup of test_exit_2_evidence_fails_if_version_from_another_workspace _
file /Users/nirtzur/Documents/projects/AGORA/tests/test_claims.py, line 390
  def test_exit_2_evidence_fails_if_version_from_another_workspace(
E       fixture 'db_session' not found
>       available fixtures: anyio_backend, anyio_backend_name, anyio_backend_options, cache, capfd, capfdbinary, caplog, capsys, capsysbinary, core_api_url, cov, dash_br, dash_duo, dash_duo_mp, dash_multi_process_server, dash_process_server, dash_thread_server, dashjl, dashjl_server, dashr, dashr_server, db_url, diskcache_manager, doctest_namespace, event_loop, free_tcp_port, free_tcp_port_factory, free_udp_port, free_udp_port_factory, hydra_restore_singletons, hydra_sweep_runner, hydra_task_runner, minio_config, moltbook_adapter_url, monkeypatch, no_cover, other_workspace_artifact, pdf_artifact_with_evidence, pytestconfig, record_property, record_testsuite_property, record_xml_attribute, recwarn, tmp_path, tmp_path_factory, tmpdir, tmpdir_factory, unused_tcp_port, unused_tcp_port_factory, unused_udp_port, unused_udp_port_factory, workspace_with_agent
>       use 'pytest --fixtures [testpath]' for help on them.

/Users/nirtzur/Documents/projects/AGORA/tests/test_claims.py:390
_______________ ERROR at setup of test_list_claims_with_evidence _______________
file /Users/nirtzur/Documents/projects/AGORA/tests/test_claims.py, line 458
  def test_list_claims_with_evidence(db_session, pdf_artifact_with_evidence):
E       fixture 'db_session' not found
>       available fixtures: anyio_backend, anyio_backend_name, anyio_backend_options, cache, capfd, capfdbinary, caplog, capsys, capsysbinary, core_api_url, cov, dash_br, dash_duo, dash_duo_mp, dash_multi_process_server, dash_process_server, dash_thread_server, dashjl, dashjl_server, dashr, dashr_server, db_url, diskcache_manager, doctest_namespace, event_loop, free_tcp_port, free_tcp_port_factory, free_udp_port, free_udp_port_factory, hydra_restore_singletons, hydra_sweep_runner, hydra_task_runner, minio_config, moltbook_adapter_url, monkeypatch, no_cover, other_workspace_artifact, pdf_artifact_with_evidence, pytestconfig, record_property, record_testsuite_property, record_xml_attribute, recwarn, tmp_path, tmp_path_factory, tmpdir, tmpdir_factory, unused_tcp_port, unused_tcp_port_factory, unused_udp_port, unused_udp_port_factory, workspace_with_agent
>       use 'pytest --fixtures [testpath]' for help on them.

/Users/nirtzur/Documents/projects/AGORA/tests/test_claims.py:458
______________ ERROR at setup of test_claim_kind_defaults_to_fact ______________
file /Users/nirtzur/Documents/projects/AGORA/tests/test_claims.py, line 534
  def test_claim_kind_defaults_to_fact(db_session, workspace_with_agent):
E       fixture 'db_session' not found
>       available fixtures: anyio_backend, anyio_backend_name, anyio_backend_options, cache, capfd, capfdbinary, caplog, capsys, capsysbinary, core_api_url, cov, dash_br, dash_duo, dash_duo_mp, dash_multi_process_server, dash_process_server, dash_thread_server, dashjl, dashjl_server, dashr, dashr_server, db_url, diskcache_manager, doctest_namespace, event_loop, free_tcp_port, free_tcp_port_factory, free_udp_port, free_udp_port_factory, hydra_restore_singletons, hydra_sweep_runner, hydra_task_runner, minio_config, moltbook_adapter_url, monkeypatch, no_cover, other_workspace_artifact, pdf_artifact_with_evidence, pytestconfig, record_property, record_testsuite_property, record_xml_attribute, recwarn, tmp_path, tmp_path_factory, tmpdir, tmpdir_factory, unused_tcp_port, unused_tcp_port_factory, unused_udp_port, unused_udp_port_factory, workspace_with_agent
>       use 'pytest --fixtures [testpath]' for help on them.

/Users/nirtzur/Documents/projects/AGORA/tests/test_claims.py:534
_____________ ERROR at setup of test_is_key_cannot_be_set_by_agent _____________
file /Users/nirtzur/Documents/projects/AGORA/tests/test_claims.py, line 562
  def test_is_key_cannot_be_set_by_agent(db_session, workspace_with_agent):
E       fixture 'db_session' not found
>       available fixtures: anyio_backend, anyio_backend_name, anyio_backend_options, cache, capfd, capfdbinary, caplog, capsys, capsysbinary, core_api_url, cov, dash_br, dash_duo, dash_duo_mp, dash_multi_process_server, dash_process_server, dash_thread_server, dashjl, dashjl_server, dashr, dashr_server, db_url, diskcache_manager, doctest_namespace, event_loop, free_tcp_port, free_tcp_port_factory, free_udp_port, free_udp_port_factory, hydra_restore_singletons, hydra_sweep_runner, hydra_task_runner, minio_config, moltbook_adapter_url, monkeypatch, no_cover, other_workspace_artifact, pdf_artifact_with_evidence, pytestconfig, record_property, record_testsuite_property, record_xml_attribute, recwarn, tmp_path, tmp_path_factory, tmpdir, tmpdir_factory, unused_tcp_port, unused_tcp_port_factory, unused_udp_port, unused_udp_port_factory, workspace_with_agent
>       use 'pytest --fixtures [testpath]' for help on them.

/Users/nirtzur/Documents/projects/AGORA/tests/test_claims.py:562
______ ERROR at setup of TestMigrations.test_migrations_create_all_tables ______
/Library/Frameworks/Python.framework/Versions/3.12/lib/python3.12/site-packages/sqlalchemy/engine/base.py:143: in __init__
    self._dbapi_connection = engine.raw_connection()
/Library/Frameworks/Python.framework/Versions/3.12/lib/python3.12/site-packages/sqlalchemy/engine/base.py:3309: in raw_connection
    return self.pool.connect()
/Library/Frameworks/Python.framework/Versions/3.12/lib/python3.12/site-packages/sqlalchemy/pool/base.py:447: in connect
    return _ConnectionFairy._checkout(self)
/Library/Frameworks/Python.framework/Versions/3.12/lib/python3.12/site-packages/sqlalchemy/pool/base.py:1264: in _checkout
    fairy = _ConnectionRecord.checkout(pool)
/Library/Frameworks/Python.framework/Versions/3.12/lib/python3.12/site-packages/sqlalchemy/pool/base.py:711: in checkout
    rec = pool._do_get()
/Library/Frameworks/Python.framework/Versions/3.12/lib/python3.12/site-packages/sqlalchemy/pool/impl.py:177: in _do_get
    with util.safe_reraise():
/Library/Frameworks/Python.framework/Versions/3.12/lib/python3.12/site-packages/sqlalchemy/util/langhelpers.py:224: in __exit__
    raise exc_value.with_traceback(exc_tb)
/Library/Frameworks/Python.framework/Versions/3.12/lib/python3.12/site-packages/sqlalchemy/pool/impl.py:175: in _do_get
    return self._create_connection()
/Library/Frameworks/Python.framework/Versions/3.12/lib/python3.12/site-packages/sqlalchemy/pool/base.py:388: in _create_connection
    return _ConnectionRecord(self)
/Library/Frameworks/Python.framework/Versions/3.12/lib/python3.12/site-packages/sqlalchemy/pool/base.py:673: in __init__
    self.__connect()
/Library/Frameworks/Python.framework/Versions/3.12/lib/python3.12/site-packages/sqlalchemy/pool/base.py:899: in __connect
    with util.safe_reraise():
/Library/Frameworks/Python.framework/Versions/3.12/lib/python3.12/site-packages/sqlalchemy/util/langhelpers.py:224: in __exit__
    raise exc_value.with_traceback(exc_tb)
/Library/Frameworks/Python.framework/Versions/3.12/lib/python3.12/site-packages/sqlalchemy/pool/base.py:895: in __connect
    self.dbapi_connection = connection = pool._invoke_creator(self)
/Library/Frameworks/Python.framework/Versions/3.12/lib/python3.12/site-packages/sqlalchemy/engine/create.py:661: in connect
    return dialect.connect(*cargs, **cparams)
/Library/Frameworks/Python.framework/Versions/3.12/lib/python3.12/site-packages/sqlalchemy/engine/default.py:630: in connect
    return self.loaded_dbapi.connect(*cargs, **cparams)  # type: ignore[no-any-return]  # NOQA: E501
/Library/Frameworks/Python.framework/Versions/3.12/lib/python3.12/site-packages/psycopg2/__init__.py:122: in connect
    conn = _connect(dsn, connection_factory=connection_factory, **kwasync)
E   psycopg2.OperationalError: connection to server at "localhost" (::1), port 5432 failed: Connection refused
E   	Is the server running on that host and accepting TCP/IP connections?
E   connection to server at "localhost" (127.0.0.1), port 5432 failed: Connection refused
E   	Is the server running on that host and accepting TCP/IP connections?

The above exception was the direct cause of the following exception:
tests/test_db_migrations.py:29: in engine
    with engine.begin() as conn:
/Library/Frameworks/Python.framework/Versions/3.12/lib/python3.12/contextlib.py:137: in __enter__
    return next(self.gen)
/Library/Frameworks/Python.framework/Versions/3.12/lib/python3.12/site-packages/sqlalchemy/engine/base.py:3249: in begin
    with self.connect() as conn:
/Library/Frameworks/Python.framework/Versions/3.12/lib/python3.12/site-packages/sqlalchemy/engine/base.py:3285: in connect
    return self._connection_cls(self)
/Library/Frameworks/Python.framework/Versions/3.12/lib/python3.12/site-packages/sqlalchemy/engine/base.py:145: in __init__
    Connection._handle_dbapi_exception_noconnection(
/Library/Frameworks/Python.framework/Versions/3.12/lib/python3.12/site-packages/sqlalchemy/engine/base.py:2448: in _handle_dbapi_exception_noconnection
    raise sqlalchemy_exception.with_traceback(exc_info[2]) from e
/Library/Frameworks/Python.framework/Versions/3.12/lib/python3.12/site-packages/sqlalchemy/engine/base.py:143: in __init__
    self._dbapi_connection = engine.raw_connection()
/Library/Frameworks/Python.framework/Versions/3.12/lib/python3.12/site-packages/sqlalchemy/engine/base.py:3309: in raw_connection
    return self.pool.connect()
/Library/Frameworks/Python.framework/Versions/3.12/lib/python3.12/site-packages/sqlalchemy/pool/base.py:447: in connect
    return _ConnectionFairy._checkout(self)
/Library/Frameworks/Python.framework/Versions/3.12/lib/python3.12/site-packages/sqlalchemy/pool/base.py:1264: in _checkout
    fairy = _ConnectionRecord.checkout(pool)
/Library/Frameworks/Python.framework/Versions/3.12/lib/python3.12/site-packages/sqlalchemy/pool/base.py:711: in checkout
    rec = pool._do_get()
/Library/Frameworks/Python.framework/Versions/3.12/lib/python3.12/site-packages/sqlalchemy/pool/impl.py:177: in _do_get
    with util.safe_reraise():
/Library/Frameworks/Python.framework/Versions/3.12/lib/python3.12/site-packages/sqlalchemy/util/langhelpers.py:224: in __exit__
    raise exc_value.with_traceback(exc_tb)
/Library/Frameworks/Python.framework/Versions/3.12/lib/python3.12/site-packages/sqlalchemy/pool/impl.py:175: in _do_get
    return self._create_connection()
/Library/Frameworks/Python.framework/Versions/3.12/lib/python3.12/site-packages/sqlalchemy/pool/base.py:388: in _create_connection
    return _ConnectionRecord(self)
/Library/Frameworks/Python.framework/Versions/3.12/lib/python3.12/site-packages/sqlalchemy/pool/base.py:673: in __init__
    self.__connect()
/Library/Frameworks/Python.framework/Versions/3.12/lib/python3.12/site-packages/sqlalchemy/pool/base.py:899: in __connect
    with util.safe_reraise():
/Library/Frameworks/Python.framework/Versions/3.12/lib/python3.12/site-packages/sqlalchemy/util/langhelpers.py:224: in __exit__
    raise exc_value.with_traceback(exc_tb)
/Library/Frameworks/Python.framework/Versions/3.12/lib/python3.12/site-packages/sqlalchemy/pool/base.py:895: in __connect
    self.dbapi_connection = connection = pool._invoke_creator(self)
/Library/Frameworks/Python.framework/Versions/3.12/lib/python3.12/site-packages/sqlalchemy/engine/create.py:661: in connect
    return dialect.connect(*cargs, **cparams)
/Library/Frameworks/Python.framework/Versions/3.12/lib/python3.12/site-packages/sqlalchemy/engine/default.py:630: in connect
    return self.loaded_dbapi.connect(*cargs, **cparams)  # type: ignore[no-any-return]  # NOQA: E501
/Library/Frameworks/Python.framework/Versions/3.12/lib/python3.12/site-packages/psycopg2/__init__.py:122: in connect
    conn = _connect(dsn, connection_factory=connection_factory, **kwasync)
E   sqlalchemy.exc.OperationalError: (psycopg2.OperationalError) connection to server at "localhost" (::1), port 5432 failed: Connection refused
E   	Is the server running on that host and accepting TCP/IP connections?
E   connection to server at "localhost" (127.0.0.1), port 5432 failed: Connection refused
E   	Is the server running on that host and accepting TCP/IP connections?
E   
E   (Background on this error at: https://sqlalche.me/e/20/e3q8)
_________ ERROR at setup of TestMigrations.test_agents_table_structure _________
/Library/Frameworks/Python.framework/Versions/3.12/lib/python3.12/site-packages/sqlalchemy/engine/base.py:143: in __init__
    self._dbapi_connection = engine.raw_connection()
/Library/Frameworks/Python.framework/Versions/3.12/lib/python3.12/site-packages/sqlalchemy/engine/base.py:3309: in raw_connection
    return self.pool.connect()
/Library/Frameworks/Python.framework/Versions/3.12/lib/python3.12/site-packages/sqlalchemy/pool/base.py:447: in connect
    return _ConnectionFairy._checkout(self)
/Library/Frameworks/Python.framework/Versions/3.12/lib/python3.12/site-packages/sqlalchemy/pool/base.py:1264: in _checkout
    fairy = _ConnectionRecord.checkout(pool)
/Library/Frameworks/Python.framework/Versions/3.12/lib/python3.12/site-packages/sqlalchemy/pool/base.py:711: in checkout
    rec = pool._do_get()
/Library/Frameworks/Python.framework/Versions/3.12/lib/python3.12/site-packages/sqlalchemy/pool/impl.py:177: in _do_get
    with util.safe_reraise():
/Library/Frameworks/Python.framework/Versions/3.12/lib/python3.12/site-packages/sqlalchemy/util/langhelpers.py:224: in __exit__
    raise exc_value.with_traceback(exc_tb)
/Library/Frameworks/Python.framework/Versions/3.12/lib/python3.12/site-packages/sqlalchemy/pool/impl.py:175: in _do_get
    return self._create_connection()
/Library/Frameworks/Python.framework/Versions/3.12/lib/python3.12/site-packages/sqlalchemy/pool/base.py:388: in _create_connection
    return _ConnectionRecord(self)
/Library/Frameworks/Python.framework/Versions/3.12/lib/python3.12/site-packages/sqlalchemy/pool/base.py:673: in __init__
    self.__connect()
/Library/Frameworks/Python.framework/Versions/3.12/lib/python3.12/site-packages/sqlalchemy/pool/base.py:899: in __connect
    with util.safe_reraise():
/Library/Frameworks/Python.framework/Versions/3.12/lib/python3.12/site-packages/sqlalchemy/util/langhelpers.py:224: in __exit__
    raise exc_value.with_traceback(exc_tb)
/Library/Frameworks/Python.framework/Versions/3.12/lib/python3.12/site-packages/sqlalchemy/pool/base.py:895: in __connect
    self.dbapi_connection = connection = pool._invoke_creator(self)
/Library/Frameworks/Python.framework/Versions/3.12/lib/python3.12/site-packages/sqlalchemy/engine/create.py:661: in connect
    return dialect.connect(*cargs, **cparams)
/Library/Frameworks/Python.framework/Versions/3.12/lib/python3.12/site-packages/sqlalchemy/engine/default.py:630: in connect
    return self.loaded_dbapi.connect(*cargs, **cparams)  # type: ignore[no-any-return]  # NOQA: E501
/Library/Frameworks/Python.framework/Versions/3.12/lib/python3.12/site-packages/psycopg2/__init__.py:122: in connect
    conn = _connect(dsn, connection_factory=connection_factory, **kwasync)
E   psycopg2.OperationalError: connection to server at "localhost" (::1), port 5432 failed: Connection refused
E   	Is the server running on that host and accepting TCP/IP connections?
E   connection to server at "localhost" (127.0.0.1), port 5432 failed: Connection refused
E   	Is the server running on that host and accepting TCP/IP connections?

The above exception was the direct cause of the following exception:
tests/test_db_migrations.py:29: in engine
    with engine.begin() as conn:
/Library/Frameworks/Python.framework/Versions/3.12/lib/python3.12/contextlib.py:137: in __enter__
    return next(self.gen)
/Library/Frameworks/Python.framework/Versions/3.12/lib/python3.12/site-packages/sqlalchemy/engine/base.py:3249: in begin
    with self.connect() as conn:
/Library/Frameworks/Python.framework/Versions/3.12/lib/python3.12/site-packages/sqlalchemy/engine/base.py:3285: in connect
    return self._connection_cls(self)
/Library/Frameworks/Python.framework/Versions/3.12/lib/python3.12/site-packages/sqlalchemy/engine/base.py:145: in __init__
    Connection._handle_dbapi_exception_noconnection(
/Library/Frameworks/Python.framework/Versions/3.12/lib/python3.12/site-packages/sqlalchemy/engine/base.py:2448: in _handle_dbapi_exception_noconnection
    raise sqlalchemy_exception.with_traceback(exc_info[2]) from e
/Library/Frameworks/Python.framework/Versions/3.12/lib/python3.12/site-packages/sqlalchemy/engine/base.py:143: in __init__
    self._dbapi_connection = engine.raw_connection()
/Library/Frameworks/Python.framework/Versions/3.12/lib/python3.12/site-packages/sqlalchemy/engine/base.py:3309: in raw_connection
    return self.pool.connect()
/Library/Frameworks/Python.framework/Versions/3.12/lib/python3.12/site-packages/sqlalchemy/pool/base.py:447: in connect
    return _ConnectionFairy._checkout(self)
/Library/Frameworks/Python.framework/Versions/3.12/lib/python3.12/site-packages/sqlalchemy/pool/base.py:1264: in _checkout
    fairy = _ConnectionRecord.checkout(pool)
/Library/Frameworks/Python.framework/Versions/3.12/lib/python3.12/site-packages/sqlalchemy/pool/base.py:711: in checkout
    rec = pool._do_get()
/Library/Frameworks/Python.framework/Versions/3.12/lib/python3.12/site-packages/sqlalchemy/pool/impl.py:177: in _do_get
    with util.safe_reraise():
/Library/Frameworks/Python.framework/Versions/3.12/lib/python3.12/site-packages/sqlalchemy/util/langhelpers.py:224: in __exit__
    raise exc_value.with_traceback(exc_tb)
/Library/Frameworks/Python.framework/Versions/3.12/lib/python3.12/site-packages/sqlalchemy/pool/impl.py:175: in _do_get
    return self._create_connection()
/Library/Frameworks/Python.framework/Versions/3.12/lib/python3.12/site-packages/sqlalchemy/pool/base.py:388: in _create_connection
    return _ConnectionRecord(self)
/Library/Frameworks/Python.framework/Versions/3.12/lib/python3.12/site-packages/sqlalchemy/pool/base.py:673: in __init__
    self.__connect()
/Library/Frameworks/Python.framework/Versions/3.12/lib/python3.12/site-packages/sqlalchemy/pool/base.py:899: in __connect
    with util.safe_reraise():
/Library/Frameworks/Python.framework/Versions/3.12/lib/python3.12/site-packages/sqlalchemy/util/langhelpers.py:224: in __exit__
    raise exc_value.with_traceback(exc_tb)
/Library/Frameworks/Python.framework/Versions/3.12/lib/python3.12/site-packages/sqlalchemy/pool/base.py:895: in __connect
    self.dbapi_connection = connection = pool._invoke_creator(self)
/Library/Frameworks/Python.framework/Versions/3.12/lib/python3.12/site-packages/sqlalchemy/engine/create.py:661: in connect
    return dialect.connect(*cargs, **cparams)
/Library/Frameworks/Python.framework/Versions/3.12/lib/python3.12/site-packages/sqlalchemy/engine/default.py:630: in connect
    return self.loaded_dbapi.connect(*cargs, **cparams)  # type: ignore[no-any-return]  # NOQA: E501
/Library/Frameworks/Python.framework/Versions/3.12/lib/python3.12/site-packages/psycopg2/__init__.py:122: in connect
    conn = _connect(dsn, connection_factory=connection_factory, **kwasync)
E   sqlalchemy.exc.OperationalError: (psycopg2.OperationalError) connection to server at "localhost" (::1), port 5432 failed: Connection refused
E   	Is the server running on that host and accepting TCP/IP connections?
E   connection to server at "localhost" (127.0.0.1), port 5432 failed: Connection refused
E   	Is the server running on that host and accepting TCP/IP connections?
E   
E   (Background on this error at: https://sqlalche.me/e/20/e3q8)
_______ ERROR at setup of TestMigrations.test_workspaces_table_structure _______
/Library/Frameworks/Python.framework/Versions/3.12/lib/python3.12/site-packages/sqlalchemy/engine/base.py:143: in __init__
    self._dbapi_connection = engine.raw_connection()
/Library/Frameworks/Python.framework/Versions/3.12/lib/python3.12/site-packages/sqlalchemy/engine/base.py:3309: in raw_connection
    return self.pool.connect()
/Library/Frameworks/Python.framework/Versions/3.12/lib/python3.12/site-packages/sqlalchemy/pool/base.py:447: in connect
    return _ConnectionFairy._checkout(self)
/Library/Frameworks/Python.framework/Versions/3.12/lib/python3.12/site-packages/sqlalchemy/pool/base.py:1264: in _checkout
    fairy = _ConnectionRecord.checkout(pool)
/Library/Frameworks/Python.framework/Versions/3.12/lib/python3.12/site-packages/sqlalchemy/pool/base.py:711: in checkout
    rec = pool._do_get()
/Library/Frameworks/Python.framework/Versions/3.12/lib/python3.12/site-packages/sqlalchemy/pool/impl.py:177: in _do_get
    with util.safe_reraise():
/Library/Frameworks/Python.framework/Versions/3.12/lib/python3.12/site-packages/sqlalchemy/util/langhelpers.py:224: in __exit__
    raise exc_value.with_traceback(exc_tb)
/Library/Frameworks/Python.framework/Versions/3.12/lib/python3.12/site-packages/sqlalchemy/pool/impl.py:175: in _do_get
    return self._create_connection()
/Library/Frameworks/Python.framework/Versions/3.12/lib/python3.12/site-packages/sqlalchemy/pool/base.py:388: in _create_connection
    return _ConnectionRecord(self)
/Library/Frameworks/Python.framework/Versions/3.12/lib/python3.12/site-packages/sqlalchemy/pool/base.py:673: in __init__
    self.__connect()
/Library/Frameworks/Python.framework/Versions/3.12/lib/python3.12/site-packages/sqlalchemy/pool/base.py:899: in __connect
    with util.safe_reraise():
/Library/Frameworks/Python.framework/Versions/3.12/lib/python3.12/site-packages/sqlalchemy/util/langhelpers.py:224: in __exit__
    raise exc_value.with_traceback(exc_tb)
/Library/Frameworks/Python.framework/Versions/3.12/lib/python3.12/site-packages/sqlalchemy/pool/base.py:895: in __connect
    self.dbapi_connection = connection = pool._invoke_creator(self)
/Library/Frameworks/Python.framework/Versions/3.12/lib/python3.12/site-packages/sqlalchemy/engine/create.py:661: in connect
    return dialect.connect(*cargs, **cparams)
/Library/Frameworks/Python.framework/Versions/3.12/lib/python3.12/site-packages/sqlalchemy/engine/default.py:630: in connect
    return self.loaded_dbapi.connect(*cargs, **cparams)  # type: ignore[no-any-return]  # NOQA: E501
/Library/Frameworks/Python.framework/Versions/3.12/lib/python3.12/site-packages/psycopg2/__init__.py:122: in connect
    conn = _connect(dsn, connection_factory=connection_factory, **kwasync)
E   psycopg2.OperationalError: connection to server at "localhost" (::1), port 5432 failed: Connection refused
E   	Is the server running on that host and accepting TCP/IP connections?
E   connection to server at "localhost" (127.0.0.1), port 5432 failed: Connection refused
E   	Is the server running on that host and accepting TCP/IP connections?

The above exception was the direct cause of the following exception:
tests/test_db_migrations.py:29: in engine
    with engine.begin() as conn:
/Library/Frameworks/Python.framework/Versions/3.12/lib/python3.12/contextlib.py:137: in __enter__
    return next(self.gen)
/Library/Frameworks/Python.framework/Versions/3.12/lib/python3.12/site-packages/sqlalchemy/engine/base.py:3249: in begin
    with self.connect() as conn:
/Library/Frameworks/Python.framework/Versions/3.12/lib/python3.12/site-packages/sqlalchemy/engine/base.py:3285: in connect
    return self._connection_cls(self)
/Library/Frameworks/Python.framework/Versions/3.12/lib/python3.12/site-packages/sqlalchemy/engine/base.py:145: in __init__
    Connection._handle_dbapi_exception_noconnection(
/Library/Frameworks/Python.framework/Versions/3.12/lib/python3.12/site-packages/sqlalchemy/engine/base.py:2448: in _handle_dbapi_exception_noconnection
    raise sqlalchemy_exception.with_traceback(exc_info[2]) from e
/Library/Frameworks/Python.framework/Versions/3.12/lib/python3.12/site-packages/sqlalchemy/engine/base.py:143: in __init__
    self._dbapi_connection = engine.raw_connection()
/Library/Frameworks/Python.framework/Versions/3.12/lib/python3.12/site-packages/sqlalchemy/engine/base.py:3309: in raw_connection
    return self.pool.connect()
/Library/Frameworks/Python.framework/Versions/3.12/lib/python3.12/site-packages/sqlalchemy/pool/base.py:447: in connect
    return _ConnectionFairy._checkout(self)
/Library/Frameworks/Python.framework/Versions/3.12/lib/python3.12/site-packages/sqlalchemy/pool/base.py:1264: in _checkout
    fairy = _ConnectionRecord.checkout(pool)
/Library/Frameworks/Python.framework/Versions/3.12/lib/python3.12/site-packages/sqlalchemy/pool/base.py:711: in checkout
    rec = pool._do_get()
/Library/Frameworks/Python.framework/Versions/3.12/lib/python3.12/site-packages/sqlalchemy/pool/impl.py:177: in _do_get
    with util.safe_reraise():
/Library/Frameworks/Python.framework/Versions/3.12/lib/python3.12/site-packages/sqlalchemy/util/langhelpers.py:224: in __exit__
    raise exc_value.with_traceback(exc_tb)
/Library/Frameworks/Python.framework/Versions/3.12/lib/python3.12/site-packages/sqlalchemy/pool/impl.py:175: in _do_get
    return self._create_connection()
/Library/Frameworks/Python.framework/Versions/3.12/lib/python3.12/site-packages/sqlalchemy/pool/base.py:388: in _create_connection
    return _ConnectionRecord(self)
/Library/Frameworks/Python.framework/Versions/3.12/lib/python3.12/site-packages/sqlalchemy/pool/base.py:673: in __init__
    self.__connect()
/Library/Frameworks/Python.framework/Versions/3.12/lib/python3.12/site-packages/sqlalchemy/pool/base.py:899: in __connect
    with util.safe_reraise():
/Library/Frameworks/Python.framework/Versions/3.12/lib/python3.12/site-packages/sqlalchemy/util/langhelpers.py:224: in __exit__
    raise exc_value.with_traceback(exc_tb)
/Library/Frameworks/Python.framework/Versions/3.12/lib/python3.12/site-packages/sqlalchemy/pool/base.py:895: in __connect
    self.dbapi_connection = connection = pool._invoke_creator(self)
/Library/Frameworks/Python.framework/Versions/3.12/lib/python3.12/site-packages/sqlalchemy/engine/create.py:661: in connect
    return dialect.connect(*cargs, **cparams)
/Library/Frameworks/Python.framework/Versions/3.12/lib/python3.12/site-packages/sqlalchemy/engine/default.py:630: in connect
    return self.loaded_dbapi.connect(*cargs, **cparams)  # type: ignore[no-any-return]  # NOQA: E501
/Library/Frameworks/Python.framework/Versions/3.12/lib/python3.12/site-packages/psycopg2/__init__.py:122: in connect
    conn = _connect(dsn, connection_factory=connection_factory, **kwasync)
E   sqlalchemy.exc.OperationalError: (psycopg2.OperationalError) connection to server at "localhost" (::1), port 5432 failed: Connection refused
E   	Is the server running on that host and accepting TCP/IP connections?
E   connection to server at "localhost" (127.0.0.1), port 5432 failed: Connection refused
E   	Is the server running on that host and accepting TCP/IP connections?
E   
E   (Background on this error at: https://sqlalche.me/e/20/e3q8)
_______ ERROR at setup of TestMigrations.test_artifacts_table_structure ________
/Library/Frameworks/Python.framework/Versions/3.12/lib/python3.12/site-packages/sqlalchemy/engine/base.py:143: in __init__
    self._dbapi_connection = engine.raw_connection()
/Library/Frameworks/Python.framework/Versions/3.12/lib/python3.12/site-packages/sqlalchemy/engine/base.py:3309: in raw_connection
    return self.pool.connect()
/Library/Frameworks/Python.framework/Versions/3.12/lib/python3.12/site-packages/sqlalchemy/pool/base.py:447: in connect
    return _ConnectionFairy._checkout(self)
/Library/Frameworks/Python.framework/Versions/3.12/lib/python3.12/site-packages/sqlalchemy/pool/base.py:1264: in _checkout
    fairy = _ConnectionRecord.checkout(pool)
/Library/Frameworks/Python.framework/Versions/3.12/lib/python3.12/site-packages/sqlalchemy/pool/base.py:711: in checkout
    rec = pool._do_get()
/Library/Frameworks/Python.framework/Versions/3.12/lib/python3.12/site-packages/sqlalchemy/pool/impl.py:177: in _do_get
    with util.safe_reraise():
/Library/Frameworks/Python.framework/Versions/3.12/lib/python3.12/site-packages/sqlalchemy/util/langhelpers.py:224: in __exit__
    raise exc_value.with_traceback(exc_tb)
/Library/Frameworks/Python.framework/Versions/3.12/lib/python3.12/site-packages/sqlalchemy/pool/impl.py:175: in _do_get
    return self._create_connection()
/Library/Frameworks/Python.framework/Versions/3.12/lib/python3.12/site-packages/sqlalchemy/pool/base.py:388: in _create_connection
    return _ConnectionRecord(self)
/Library/Frameworks/Python.framework/Versions/3.12/lib/python3.12/site-packages/sqlalchemy/pool/base.py:673: in __init__
    self.__connect()
/Library/Frameworks/Python.framework/Versions/3.12/lib/python3.12/site-packages/sqlalchemy/pool/base.py:899: in __connect
    with util.safe_reraise():
/Library/Frameworks/Python.framework/Versions/3.12/lib/python3.12/site-packages/sqlalchemy/util/langhelpers.py:224: in __exit__
    raise exc_value.with_traceback(exc_tb)
/Library/Frameworks/Python.framework/Versions/3.12/lib/python3.12/site-packages/sqlalchemy/pool/base.py:895: in __connect
    self.dbapi_connection = connection = pool._invoke_creator(self)
/Library/Frameworks/Python.framework/Versions/3.12/lib/python3.12/site-packages/sqlalchemy/engine/create.py:661: in connect
    return dialect.connect(*cargs, **cparams)
/Library/Frameworks/Python.framework/Versions/3.12/lib/python3.12/site-packages/sqlalchemy/engine/default.py:630: in connect
    return self.loaded_dbapi.connect(*cargs, **cparams)  # type: ignore[no-any-return]  # NOQA: E501
/Library/Frameworks/Python.framework/Versions/3.12/lib/python3.12/site-packages/psycopg2/__init__.py:122: in connect
    conn = _connect(dsn, connection_factory=connection_factory, **kwasync)
E   psycopg2.OperationalError: connection to server at "localhost" (::1), port 5432 failed: Connection refused
E   	Is the server running on that host and accepting TCP/IP connections?
E   connection to server at "localhost" (127.0.0.1), port 5432 failed: Connection refused
E   	Is the server running on that host and accepting TCP/IP connections?

The above exception was the direct cause of the following exception:
tests/test_db_migrations.py:29: in engine
    with engine.begin() as conn:
/Library/Frameworks/Python.framework/Versions/3.12/lib/python3.12/contextlib.py:137: in __enter__
    return next(self.gen)
/Library/Frameworks/Python.framework/Versions/3.12/lib/python3.12/site-packages/sqlalchemy/engine/base.py:3249: in begin
    with self.connect() as conn:
/Library/Frameworks/Python.framework/Versions/3.12/lib/python3.12/site-packages/sqlalchemy/engine/base.py:3285: in connect
    return self._connection_cls(self)
/Library/Frameworks/Python.framework/Versions/3.12/lib/python3.12/site-packages/sqlalchemy/engine/base.py:145: in __init__
    Connection._handle_dbapi_exception_noconnection(
/Library/Frameworks/Python.framework/Versions/3.12/lib/python3.12/site-packages/sqlalchemy/engine/base.py:2448: in _handle_dbapi_exception_noconnection
    raise sqlalchemy_exception.with_traceback(exc_info[2]) from e
/Library/Frameworks/Python.framework/Versions/3.12/lib/python3.12/site-packages/sqlalchemy/engine/base.py:143: in __init__
    self._dbapi_connection = engine.raw_connection()
/Library/Frameworks/Python.framework/Versions/3.12/lib/python3.12/site-packages/sqlalchemy/engine/base.py:3309: in raw_connection
    return self.pool.connect()
/Library/Frameworks/Python.framework/Versions/3.12/lib/python3.12/site-packages/sqlalchemy/pool/base.py:447: in connect
    return _ConnectionFairy._checkout(self)
/Library/Frameworks/Python.framework/Versions/3.12/lib/python3.12/site-packages/sqlalchemy/pool/base.py:1264: in _checkout
    fairy = _ConnectionRecord.checkout(pool)
/Library/Frameworks/Python.framework/Versions/3.12/lib/python3.12/site-packages/sqlalchemy/pool/base.py:711: in checkout
    rec = pool._do_get()
/Library/Frameworks/Python.framework/Versions/3.12/lib/python3.12/site-packages/sqlalchemy/pool/impl.py:177: in _do_get
    with util.safe_reraise():
/Library/Frameworks/Python.framework/Versions/3.12/lib/python3.12/site-packages/sqlalchemy/util/langhelpers.py:224: in __exit__
    raise exc_value.with_traceback(exc_tb)
/Library/Frameworks/Python.framework/Versions/3.12/lib/python3.12/site-packages/sqlalchemy/pool/impl.py:175: in _do_get
    return self._create_connection()
/Library/Frameworks/Python.framework/Versions/3.12/lib/python3.12/site-packages/sqlalchemy/pool/base.py:388: in _create_connection
    return _ConnectionRecord(self)
/Library/Frameworks/Python.framework/Versions/3.12/lib/python3.12/site-packages/sqlalchemy/pool/base.py:673: in __init__
    self.__connect()
/Library/Frameworks/Python.framework/Versions/3.12/lib/python3.12/site-packages/sqlalchemy/pool/base.py:899: in __connect
    with util.safe_reraise():
/Library/Frameworks/Python.framework/Versions/3.12/lib/python3.12/site-packages/sqlalchemy/util/langhelpers.py:224: in __exit__
    raise exc_value.with_traceback(exc_tb)
/Library/Frameworks/Python.framework/Versions/3.12/lib/python3.12/site-packages/sqlalchemy/pool/base.py:895: in __connect
    self.dbapi_connection = connection = pool._invoke_creator(self)
/Library/Frameworks/Python.framework/Versions/3.12/lib/python3.12/site-packages/sqlalchemy/engine/create.py:661: in connect
    return dialect.connect(*cargs, **cparams)
/Library/Frameworks/Python.framework/Versions/3.12/lib/python3.12/site-packages/sqlalchemy/engine/default.py:630: in connect
    return self.loaded_dbapi.connect(*cargs, **cparams)  # type: ignore[no-any-return]  # NOQA: E501
/Library/Frameworks/Python.framework/Versions/3.12/lib/python3.12/site-packages/psycopg2/__init__.py:122: in connect
    conn = _connect(dsn, connection_factory=connection_factory, **kwasync)
E   sqlalchemy.exc.OperationalError: (psycopg2.OperationalError) connection to server at "localhost" (::1), port 5432 failed: Connection refused
E   	Is the server running on that host and accepting TCP/IP connections?
E   connection to server at "localhost" (127.0.0.1), port 5432 failed: Connection refused
E   	Is the server running on that host and accepting TCP/IP connections?
E   
E   (Background on this error at: https://sqlalche.me/e/20/e3q8)
___ ERROR at setup of TestMigrations.test_artifact_versions_table_structure ____
/Library/Frameworks/Python.framework/Versions/3.12/lib/python3.12/site-packages/sqlalchemy/engine/base.py:143: in __init__
    self._dbapi_connection = engine.raw_connection()
/Library/Frameworks/Python.framework/Versions/3.12/lib/python3.12/site-packages/sqlalchemy/engine/base.py:3309: in raw_connection
    return self.pool.connect()
/Library/Frameworks/Python.framework/Versions/3.12/lib/python3.12/site-packages/sqlalchemy/pool/base.py:447: in connect
    return _ConnectionFairy._checkout(self)
/Library/Frameworks/Python.framework/Versions/3.12/lib/python3.12/site-packages/sqlalchemy/pool/base.py:1264: in _checkout
    fairy = _ConnectionRecord.checkout(pool)
/Library/Frameworks/Python.framework/Versions/3.12/lib/python3.12/site-packages/sqlalchemy/pool/base.py:711: in checkout
    rec = pool._do_get()
/Library/Frameworks/Python.framework/Versions/3.12/lib/python3.12/site-packages/sqlalchemy/pool/impl.py:177: in _do_get
    with util.safe_reraise():
/Library/Frameworks/Python.framework/Versions/3.12/lib/python3.12/site-packages/sqlalchemy/util/langhelpers.py:224: in __exit__
    raise exc_value.with_traceback(exc_tb)
/Library/Frameworks/Python.framework/Versions/3.12/lib/python3.12/site-packages/sqlalchemy/pool/impl.py:175: in _do_get
    return self._create_connection()
/Library/Frameworks/Python.framework/Versions/3.12/lib/python3.12/site-packages/sqlalchemy/pool/base.py:388: in _create_connection
    return _ConnectionRecord(self)
/Library/Frameworks/Python.framework/Versions/3.12/lib/python3.12/site-packages/sqlalchemy/pool/base.py:673: in __init__
    self.__connect()
/Library/Frameworks/Python.framework/Versions/3.12/lib/python3.12/site-packages/sqlalchemy/pool/base.py:899: in __connect
    with util.safe_reraise():
/Library/Frameworks/Python.framework/Versions/3.12/lib/python3.12/site-packages/sqlalchemy/util/langhelpers.py:224: in __exit__
    raise exc_value.with_traceback(exc_tb)
/Library/Frameworks/Python.framework/Versions/3.12/lib/python3.12/site-packages/sqlalchemy/pool/base.py:895: in __connect
    self.dbapi_connection = connection = pool._invoke_creator(self)
/Library/Frameworks/Python.framework/Versions/3.12/lib/python3.12/site-packages/sqlalchemy/engine/create.py:661: in connect
    return dialect.connect(*cargs, **cparams)
/Library/Frameworks/Python.framework/Versions/3.12/lib/python3.12/site-packages/sqlalchemy/engine/default.py:630: in connect
    return self.loaded_dbapi.connect(*cargs, **cparams)  # type: ignore[no-any-return]  # NOQA: E501
/Library/Frameworks/Python.framework/Versions/3.12/lib/python3.12/site-packages/psycopg2/__init__.py:122: in connect
    conn = _connect(dsn, connection_factory=connection_factory, **kwasync)
E   psycopg2.OperationalError: connection to server at "localhost" (::1), port 5432 failed: Connection refused
E   	Is the server running on that host and accepting TCP/IP connections?
E   connection to server at "localhost" (127.0.0.1), port 5432 failed: Connection refused
E   	Is the server running on that host and accepting TCP/IP connections?

The above exception was the direct cause of the following exception:
tests/test_db_migrations.py:29: in engine
    with engine.begin() as conn:
/Library/Frameworks/Python.framework/Versions/3.12/lib/python3.12/contextlib.py:137: in __enter__
    return next(self.gen)
/Library/Frameworks/Python.framework/Versions/3.12/lib/python3.12/site-packages/sqlalchemy/engine/base.py:3249: in begin
    with self.connect() as conn:
/Library/Frameworks/Python.framework/Versions/3.12/lib/python3.12/site-packages/sqlalchemy/engine/base.py:3285: in connect
    return self._connection_cls(self)
/Library/Frameworks/Python.framework/Versions/3.12/lib/python3.12/site-packages/sqlalchemy/engine/base.py:145: in __init__
    Connection._handle_dbapi_exception_noconnection(
/Library/Frameworks/Python.framework/Versions/3.12/lib/python3.12/site-packages/sqlalchemy/engine/base.py:2448: in _handle_dbapi_exception_noconnection
    raise sqlalchemy_exception.with_traceback(exc_info[2]) from e
/Library/Frameworks/Python.framework/Versions/3.12/lib/python3.12/site-packages/sqlalchemy/engine/base.py:143: in __init__
    self._dbapi_connection = engine.raw_connection()
/Library/Frameworks/Python.framework/Versions/3.12/lib/python3.12/site-packages/sqlalchemy/engine/base.py:3309: in raw_connection
    return self.pool.connect()
/Library/Frameworks/Python.framework/Versions/3.12/lib/python3.12/site-packages/sqlalchemy/pool/base.py:447: in connect
    return _ConnectionFairy._checkout(self)
/Library/Frameworks/Python.framework/Versions/3.12/lib/python3.12/site-packages/sqlalchemy/pool/base.py:1264: in _checkout
    fairy = _ConnectionRecord.checkout(pool)
/Library/Frameworks/Python.framework/Versions/3.12/lib/python3.12/site-packages/sqlalchemy/pool/base.py:711: in checkout
    rec = pool._do_get()
/Library/Frameworks/Python.framework/Versions/3.12/lib/python3.12/site-packages/sqlalchemy/pool/impl.py:177: in _do_get
    with util.safe_reraise():
/Library/Frameworks/Python.framework/Versions/3.12/lib/python3.12/site-packages/sqlalchemy/util/langhelpers.py:224: in __exit__
    raise exc_value.with_traceback(exc_tb)
/Library/Frameworks/Python.framework/Versions/3.12/lib/python3.12/site-packages/sqlalchemy/pool/impl.py:175: in _do_get
    return self._create_connection()
/Library/Frameworks/Python.framework/Versions/3.12/lib/python3.12/site-packages/sqlalchemy/pool/base.py:388: in _create_connection
    return _ConnectionRecord(self)
/Library/Frameworks/Python.framework/Versions/3.12/lib/python3.12/site-packages/sqlalchemy/pool/base.py:673: in __init__
    self.__connect()
/Library/Frameworks/Python.framework/Versions/3.12/lib/python3.12/site-packages/sqlalchemy/pool/base.py:899: in __connect
    with util.safe_reraise():
/Library/Frameworks/Python.framework/Versions/3.12/lib/python3.12/site-packages/sqlalchemy/util/langhelpers.py:224: in __exit__
    raise exc_value.with_traceback(exc_tb)
/Library/Frameworks/Python.framework/Versions/3.12/lib/python3.12/site-packages/sqlalchemy/pool/base.py:895: in __connect
    self.dbapi_connection = connection = pool._invoke_creator(self)
/Library/Frameworks/Python.framework/Versions/3.12/lib/python3.12/site-packages/sqlalchemy/engine/create.py:661: in connect
    return dialect.connect(*cargs, **cparams)
/Library/Frameworks/Python.framework/Versions/3.12/lib/python3.12/site-packages/sqlalchemy/engine/default.py:630: in connect
    return self.loaded_dbapi.connect(*cargs, **cparams)  # type: ignore[no-any-return]  # NOQA: E501
/Library/Frameworks/Python.framework/Versions/3.12/lib/python3.12/site-packages/psycopg2/__init__.py:122: in connect
    conn = _connect(dsn, connection_factory=connection_factory, **kwasync)
E   sqlalchemy.exc.OperationalError: (psycopg2.OperationalError) connection to server at "localhost" (::1), port 5432 failed: Connection refused
E   	Is the server running on that host and accepting TCP/IP connections?
E   connection to server at "localhost" (127.0.0.1), port 5432 failed: Connection refused
E   	Is the server running on that host and accepting TCP/IP connections?
E   
E   (Background on this error at: https://sqlalche.me/e/20/e3q8)
_____ ERROR at setup of TestSchemaConstraints.test_basic_insert_and_select _____
/Library/Frameworks/Python.framework/Versions/3.12/lib/python3.12/site-packages/sqlalchemy/engine/base.py:143: in __init__
    self._dbapi_connection = engine.raw_connection()
/Library/Frameworks/Python.framework/Versions/3.12/lib/python3.12/site-packages/sqlalchemy/engine/base.py:3309: in raw_connection
    return self.pool.connect()
/Library/Frameworks/Python.framework/Versions/3.12/lib/python3.12/site-packages/sqlalchemy/pool/base.py:447: in connect
    return _ConnectionFairy._checkout(self)
/Library/Frameworks/Python.framework/Versions/3.12/lib/python3.12/site-packages/sqlalchemy/pool/base.py:1264: in _checkout
    fairy = _ConnectionRecord.checkout(pool)
/Library/Frameworks/Python.framework/Versions/3.12/lib/python3.12/site-packages/sqlalchemy/pool/base.py:711: in checkout
    rec = pool._do_get()
/Library/Frameworks/Python.framework/Versions/3.12/lib/python3.12/site-packages/sqlalchemy/pool/impl.py:177: in _do_get
    with util.safe_reraise():
/Library/Frameworks/Python.framework/Versions/3.12/lib/python3.12/site-packages/sqlalchemy/util/langhelpers.py:224: in __exit__
    raise exc_value.with_traceback(exc_tb)
/Library/Frameworks/Python.framework/Versions/3.12/lib/python3.12/site-packages/sqlalchemy/pool/impl.py:175: in _do_get
    return self._create_connection()
/Library/Frameworks/Python.framework/Versions/3.12/lib/python3.12/site-packages/sqlalchemy/pool/base.py:388: in _create_connection
    return _ConnectionRecord(self)
/Library/Frameworks/Python.framework/Versions/3.12/lib/python3.12/site-packages/sqlalchemy/pool/base.py:673: in __init__
    self.__connect()
/Library/Frameworks/Python.framework/Versions/3.12/lib/python3.12/site-packages/sqlalchemy/pool/base.py:899: in __connect
    with util.safe_reraise():
/Library/Frameworks/Python.framework/Versions/3.12/lib/python3.12/site-packages/sqlalchemy/util/langhelpers.py:224: in __exit__
    raise exc_value.with_traceback(exc_tb)
/Library/Frameworks/Python.framework/Versions/3.12/lib/python3.12/site-packages/sqlalchemy/pool/base.py:895: in __connect
    self.dbapi_connection = connection = pool._invoke_creator(self)
/Library/Frameworks/Python.framework/Versions/3.12/lib/python3.12/site-packages/sqlalchemy/engine/create.py:661: in connect
    return dialect.connect(*cargs, **cparams)
/Library/Frameworks/Python.framework/Versions/3.12/lib/python3.12/site-packages/sqlalchemy/engine/default.py:630: in connect
    return self.loaded_dbapi.connect(*cargs, **cparams)  # type: ignore[no-any-return]  # NOQA: E501
/Library/Frameworks/Python.framework/Versions/3.12/lib/python3.12/site-packages/psycopg2/__init__.py:122: in connect
    conn = _connect(dsn, connection_factory=connection_factory, **kwasync)
E   psycopg2.OperationalError: connection to server at "localhost" (::1), port 5432 failed: Connection refused
E   	Is the server running on that host and accepting TCP/IP connections?
E   connection to server at "localhost" (127.0.0.1), port 5432 failed: Connection refused
E   	Is the server running on that host and accepting TCP/IP connections?

The above exception was the direct cause of the following exception:
tests/test_db_migrations.py:29: in engine
    with engine.begin() as conn:
/Library/Frameworks/Python.framework/Versions/3.12/lib/python3.12/contextlib.py:137: in __enter__
    return next(self.gen)
/Library/Frameworks/Python.framework/Versions/3.12/lib/python3.12/site-packages/sqlalchemy/engine/base.py:3249: in begin
    with self.connect() as conn:
/Library/Frameworks/Python.framework/Versions/3.12/lib/python3.12/site-packages/sqlalchemy/engine/base.py:3285: in connect
    return self._connection_cls(self)
/Library/Frameworks/Python.framework/Versions/3.12/lib/python3.12/site-packages/sqlalchemy/engine/base.py:145: in __init__
    Connection._handle_dbapi_exception_noconnection(
/Library/Frameworks/Python.framework/Versions/3.12/lib/python3.12/site-packages/sqlalchemy/engine/base.py:2448: in _handle_dbapi_exception_noconnection
    raise sqlalchemy_exception.with_traceback(exc_info[2]) from e
/Library/Frameworks/Python.framework/Versions/3.12/lib/python3.12/site-packages/sqlalchemy/engine/base.py:143: in __init__
    self._dbapi_connection = engine.raw_connection()
/Library/Frameworks/Python.framework/Versions/3.12/lib/python3.12/site-packages/sqlalchemy/engine/base.py:3309: in raw_connection
    return self.pool.connect()
/Library/Frameworks/Python.framework/Versions/3.12/lib/python3.12/site-packages/sqlalchemy/pool/base.py:447: in connect
    return _ConnectionFairy._checkout(self)
/Library/Frameworks/Python.framework/Versions/3.12/lib/python3.12/site-packages/sqlalchemy/pool/base.py:1264: in _checkout
    fairy = _ConnectionRecord.checkout(pool)
/Library/Frameworks/Python.framework/Versions/3.12/lib/python3.12/site-packages/sqlalchemy/pool/base.py:711: in checkout
    rec = pool._do_get()
/Library/Frameworks/Python.framework/Versions/3.12/lib/python3.12/site-packages/sqlalchemy/pool/impl.py:177: in _do_get
    with util.safe_reraise():
/Library/Frameworks/Python.framework/Versions/3.12/lib/python3.12/site-packages/sqlalchemy/util/langhelpers.py:224: in __exit__
    raise exc_value.with_traceback(exc_tb)
/Library/Frameworks/Python.framework/Versions/3.12/lib/python3.12/site-packages/sqlalchemy/pool/impl.py:175: in _do_get
    return self._create_connection()
/Library/Frameworks/Python.framework/Versions/3.12/lib/python3.12/site-packages/sqlalchemy/pool/base.py:388: in _create_connection
    return _ConnectionRecord(self)
/Library/Frameworks/Python.framework/Versions/3.12/lib/python3.12/site-packages/sqlalchemy/pool/base.py:673: in __init__
    self.__connect()
/Library/Frameworks/Python.framework/Versions/3.12/lib/python3.12/site-packages/sqlalchemy/pool/base.py:899: in __connect
    with util.safe_reraise():
/Library/Frameworks/Python.framework/Versions/3.12/lib/python3.12/site-packages/sqlalchemy/util/langhelpers.py:224: in __exit__
    raise exc_value.with_traceback(exc_tb)
/Library/Frameworks/Python.framework/Versions/3.12/lib/python3.12/site-packages/sqlalchemy/pool/base.py:895: in __connect
    self.dbapi_connection = connection = pool._invoke_creator(self)
/Library/Frameworks/Python.framework/Versions/3.12/lib/python3.12/site-packages/sqlalchemy/engine/create.py:661: in connect
    return dialect.connect(*cargs, **cparams)
/Library/Frameworks/Python.framework/Versions/3.12/lib/python3.12/site-packages/sqlalchemy/engine/default.py:630: in connect
    return self.loaded_dbapi.connect(*cargs, **cparams)  # type: ignore[no-any-return]  # NOQA: E501
/Library/Frameworks/Python.framework/Versions/3.12/lib/python3.12/site-packages/psycopg2/__init__.py:122: in connect
    conn = _connect(dsn, connection_factory=connection_factory, **kwasync)
E   sqlalchemy.exc.OperationalError: (psycopg2.OperationalError) connection to server at "localhost" (::1), port 5432 failed: Connection refused
E   	Is the server running on that host and accepting TCP/IP connections?
E   connection to server at "localhost" (127.0.0.1), port 5432 failed: Connection refused
E   	Is the server running on that host and accepting TCP/IP connections?
E   
E   (Background on this error at: https://sqlalche.me/e/20/e3q8)
__ ERROR at setup of TestSchemaConstraints.test_unique_moltbook_id_constraint __
/Library/Frameworks/Python.framework/Versions/3.12/lib/python3.12/site-packages/sqlalchemy/engine/base.py:143: in __init__
    self._dbapi_connection = engine.raw_connection()
/Library/Frameworks/Python.framework/Versions/3.12/lib/python3.12/site-packages/sqlalchemy/engine/base.py:3309: in raw_connection
    return self.pool.connect()
/Library/Frameworks/Python.framework/Versions/3.12/lib/python3.12/site-packages/sqlalchemy/pool/base.py:447: in connect
    return _ConnectionFairy._checkout(self)
/Library/Frameworks/Python.framework/Versions/3.12/lib/python3.12/site-packages/sqlalchemy/pool/base.py:1264: in _checkout
    fairy = _ConnectionRecord.checkout(pool)
/Library/Frameworks/Python.framework/Versions/3.12/lib/python3.12/site-packages/sqlalchemy/pool/base.py:711: in checkout
    rec = pool._do_get()
/Library/Frameworks/Python.framework/Versions/3.12/lib/python3.12/site-packages/sqlalchemy/pool/impl.py:177: in _do_get
    with util.safe_reraise():
/Library/Frameworks/Python.framework/Versions/3.12/lib/python3.12/site-packages/sqlalchemy/util/langhelpers.py:224: in __exit__
    raise exc_value.with_traceback(exc_tb)
/Library/Frameworks/Python.framework/Versions/3.12/lib/python3.12/site-packages/sqlalchemy/pool/impl.py:175: in _do_get
    return self._create_connection()
/Library/Frameworks/Python.framework/Versions/3.12/lib/python3.12/site-packages/sqlalchemy/pool/base.py:388: in _create_connection
    return _ConnectionRecord(self)
/Library/Frameworks/Python.framework/Versions/3.12/lib/python3.12/site-packages/sqlalchemy/pool/base.py:673: in __init__
    self.__connect()
/Library/Frameworks/Python.framework/Versions/3.12/lib/python3.12/site-packages/sqlalchemy/pool/base.py:899: in __connect
    with util.safe_reraise():
/Library/Frameworks/Python.framework/Versions/3.12/lib/python3.12/site-packages/sqlalchemy/util/langhelpers.py:224: in __exit__
    raise exc_value.with_traceback(exc_tb)
/Library/Frameworks/Python.framework/Versions/3.12/lib/python3.12/site-packages/sqlalchemy/pool/base.py:895: in __connect
    self.dbapi_connection = connection = pool._invoke_creator(self)
/Library/Frameworks/Python.framework/Versions/3.12/lib/python3.12/site-packages/sqlalchemy/engine/create.py:661: in connect
    return dialect.connect(*cargs, **cparams)
/Library/Frameworks/Python.framework/Versions/3.12/lib/python3.12/site-packages/sqlalchemy/engine/default.py:630: in connect
    return self.loaded_dbapi.connect(*cargs, **cparams)  # type: ignore[no-any-return]  # NOQA: E501
/Library/Frameworks/Python.framework/Versions/3.12/lib/python3.12/site-packages/psycopg2/__init__.py:122: in connect
    conn = _connect(dsn, connection_factory=connection_factory, **kwasync)
E   psycopg2.OperationalError: connection to server at "localhost" (::1), port 5432 failed: Connection refused
E   	Is the server running on that host and accepting TCP/IP connections?
E   connection to server at "localhost" (127.0.0.1), port 5432 failed: Connection refused
E   	Is the server running on that host and accepting TCP/IP connections?

The above exception was the direct cause of the following exception:
tests/test_db_migrations.py:29: in engine
    with engine.begin() as conn:
/Library/Frameworks/Python.framework/Versions/3.12/lib/python3.12/contextlib.py:137: in __enter__
    return next(self.gen)
/Library/Frameworks/Python.framework/Versions/3.12/lib/python3.12/site-packages/sqlalchemy/engine/base.py:3249: in begin
    with self.connect() as conn:
/Library/Frameworks/Python.framework/Versions/3.12/lib/python3.12/site-packages/sqlalchemy/engine/base.py:3285: in connect
    return self._connection_cls(self)
/Library/Frameworks/Python.framework/Versions/3.12/lib/python3.12/site-packages/sqlalchemy/engine/base.py:145: in __init__
    Connection._handle_dbapi_exception_noconnection(
/Library/Frameworks/Python.framework/Versions/3.12/lib/python3.12/site-packages/sqlalchemy/engine/base.py:2448: in _handle_dbapi_exception_noconnection
    raise sqlalchemy_exception.with_traceback(exc_info[2]) from e
/Library/Frameworks/Python.framework/Versions/3.12/lib/python3.12/site-packages/sqlalchemy/engine/base.py:143: in __init__
    self._dbapi_connection = engine.raw_connection()
/Library/Frameworks/Python.framework/Versions/3.12/lib/python3.12/site-packages/sqlalchemy/engine/base.py:3309: in raw_connection
    return self.pool.connect()
/Library/Frameworks/Python.framework/Versions/3.12/lib/python3.12/site-packages/sqlalchemy/pool/base.py:447: in connect
    return _ConnectionFairy._checkout(self)
/Library/Frameworks/Python.framework/Versions/3.12/lib/python3.12/site-packages/sqlalchemy/pool/base.py:1264: in _checkout
    fairy = _ConnectionRecord.checkout(pool)
/Library/Frameworks/Python.framework/Versions/3.12/lib/python3.12/site-packages/sqlalchemy/pool/base.py:711: in checkout
    rec = pool._do_get()
/Library/Frameworks/Python.framework/Versions/3.12/lib/python3.12/site-packages/sqlalchemy/pool/impl.py:177: in _do_get
    with util.safe_reraise():
/Library/Frameworks/Python.framework/Versions/3.12/lib/python3.12/site-packages/sqlalchemy/util/langhelpers.py:224: in __exit__
    raise exc_value.with_traceback(exc_tb)
/Library/Frameworks/Python.framework/Versions/3.12/lib/python3.12/site-packages/sqlalchemy/pool/impl.py:175: in _do_get
    return self._create_connection()
/Library/Frameworks/Python.framework/Versions/3.12/lib/python3.12/site-packages/sqlalchemy/pool/base.py:388: in _create_connection
    return _ConnectionRecord(self)
/Library/Frameworks/Python.framework/Versions/3.12/lib/python3.12/site-packages/sqlalchemy/pool/base.py:673: in __init__
    self.__connect()
/Library/Frameworks/Python.framework/Versions/3.12/lib/python3.12/site-packages/sqlalchemy/pool/base.py:899: in __connect
    with util.safe_reraise():
/Library/Frameworks/Python.framework/Versions/3.12/lib/python3.12/site-packages/sqlalchemy/util/langhelpers.py:224: in __exit__
    raise exc_value.with_traceback(exc_tb)
/Library/Frameworks/Python.framework/Versions/3.12/lib/python3.12/site-packages/sqlalchemy/pool/base.py:895: in __connect
    self.dbapi_connection = connection = pool._invoke_creator(self)
/Library/Frameworks/Python.framework/Versions/3.12/lib/python3.12/site-packages/sqlalchemy/engine/create.py:661: in connect
    return dialect.connect(*cargs, **cparams)
/Library/Frameworks/Python.framework/Versions/3.12/lib/python3.12/site-packages/sqlalchemy/engine/default.py:630: in connect
    return self.loaded_dbapi.connect(*cargs, **cparams)  # type: ignore[no-any-return]  # NOQA: E501
/Library/Frameworks/Python.framework/Versions/3.12/lib/python3.12/site-packages/psycopg2/__init__.py:122: in connect
    conn = _connect(dsn, connection_factory=connection_factory, **kwasync)
E   sqlalchemy.exc.OperationalError: (psycopg2.OperationalError) connection to server at "localhost" (::1), port 5432 failed: Connection refused
E   	Is the server running on that host and accepting TCP/IP connections?
E   connection to server at "localhost" (127.0.0.1), port 5432 failed: Connection refused
E   	Is the server running on that host and accepting TCP/IP connections?
E   
E   (Background on this error at: https://sqlalche.me/e/20/e3q8)
_ ERROR at setup of TestSchemaConstraints.test_workspace_short_id_unique_per_workspace _
/Library/Frameworks/Python.framework/Versions/3.12/lib/python3.12/site-packages/sqlalchemy/engine/base.py:143: in __init__
    self._dbapi_connection = engine.raw_connection()
/Library/Frameworks/Python.framework/Versions/3.12/lib/python3.12/site-packages/sqlalchemy/engine/base.py:3309: in raw_connection
    return self.pool.connect()
/Library/Frameworks/Python.framework/Versions/3.12/lib/python3.12/site-packages/sqlalchemy/pool/base.py:447: in connect
    return _ConnectionFairy._checkout(self)
/Library/Frameworks/Python.framework/Versions/3.12/lib/python3.12/site-packages/sqlalchemy/pool/base.py:1264: in _checkout
    fairy = _ConnectionRecord.checkout(pool)
/Library/Frameworks/Python.framework/Versions/3.12/lib/python3.12/site-packages/sqlalchemy/pool/base.py:711: in checkout
    rec = pool._do_get()
/Library/Frameworks/Python.framework/Versions/3.12/lib/python3.12/site-packages/sqlalchemy/pool/impl.py:177: in _do_get
    with util.safe_reraise():
/Library/Frameworks/Python.framework/Versions/3.12/lib/python3.12/site-packages/sqlalchemy/util/langhelpers.py:224: in __exit__
    raise exc_value.with_traceback(exc_tb)
/Library/Frameworks/Python.framework/Versions/3.12/lib/python3.12/site-packages/sqlalchemy/pool/impl.py:175: in _do_get
    return self._create_connection()
/Library/Frameworks/Python.framework/Versions/3.12/lib/python3.12/site-packages/sqlalchemy/pool/base.py:388: in _create_connection
    return _ConnectionRecord(self)
/Library/Frameworks/Python.framework/Versions/3.12/lib/python3.12/site-packages/sqlalchemy/pool/base.py:673: in __init__
    self.__connect()
/Library/Frameworks/Python.framework/Versions/3.12/lib/python3.12/site-packages/sqlalchemy/pool/base.py:899: in __connect
    with util.safe_reraise():
/Library/Frameworks/Python.framework/Versions/3.12/lib/python3.12/site-packages/sqlalchemy/util/langhelpers.py:224: in __exit__
    raise exc_value.with_traceback(exc_tb)
/Library/Frameworks/Python.framework/Versions/3.12/lib/python3.12/site-packages/sqlalchemy/pool/base.py:895: in __connect
    self.dbapi_connection = connection = pool._invoke_creator(self)
/Library/Frameworks/Python.framework/Versions/3.12/lib/python3.12/site-packages/sqlalchemy/engine/create.py:661: in connect
    return dialect.connect(*cargs, **cparams)
/Library/Frameworks/Python.framework/Versions/3.12/lib/python3.12/site-packages/sqlalchemy/engine/default.py:630: in connect
    return self.loaded_dbapi.connect(*cargs, **cparams)  # type: ignore[no-any-return]  # NOQA: E501
/Library/Frameworks/Python.framework/Versions/3.12/lib/python3.12/site-packages/psycopg2/__init__.py:122: in connect
    conn = _connect(dsn, connection_factory=connection_factory, **kwasync)
E   psycopg2.OperationalError: connection to server at "localhost" (::1), port 5432 failed: Connection refused
E   	Is the server running on that host and accepting TCP/IP connections?
E   connection to server at "localhost" (127.0.0.1), port 5432 failed: Connection refused
E   	Is the server running on that host and accepting TCP/IP connections?

The above exception was the direct cause of the following exception:
tests/test_db_migrations.py:29: in engine
    with engine.begin() as conn:
/Library/Frameworks/Python.framework/Versions/3.12/lib/python3.12/contextlib.py:137: in __enter__
    return next(self.gen)
/Library/Frameworks/Python.framework/Versions/3.12/lib/python3.12/site-packages/sqlalchemy/engine/base.py:3249: in begin
    with self.connect() as conn:
/Library/Frameworks/Python.framework/Versions/3.12/lib/python3.12/site-packages/sqlalchemy/engine/base.py:3285: in connect
    return self._connection_cls(self)
/Library/Frameworks/Python.framework/Versions/3.12/lib/python3.12/site-packages/sqlalchemy/engine/base.py:145: in __init__
    Connection._handle_dbapi_exception_noconnection(
/Library/Frameworks/Python.framework/Versions/3.12/lib/python3.12/site-packages/sqlalchemy/engine/base.py:2448: in _handle_dbapi_exception_noconnection
    raise sqlalchemy_exception.with_traceback(exc_info[2]) from e
/Library/Frameworks/Python.framework/Versions/3.12/lib/python3.12/site-packages/sqlalchemy/engine/base.py:143: in __init__
    self._dbapi_connection = engine.raw_connection()
/Library/Frameworks/Python.framework/Versions/3.12/lib/python3.12/site-packages/sqlalchemy/engine/base.py:3309: in raw_connection
    return self.pool.connect()
/Library/Frameworks/Python.framework/Versions/3.12/lib/python3.12/site-packages/sqlalchemy/pool/base.py:447: in connect
    return _ConnectionFairy._checkout(self)
/Library/Frameworks/Python.framework/Versions/3.12/lib/python3.12/site-packages/sqlalchemy/pool/base.py:1264: in _checkout
    fairy = _ConnectionRecord.checkout(pool)
/Library/Frameworks/Python.framework/Versions/3.12/lib/python3.12/site-packages/sqlalchemy/pool/base.py:711: in checkout
    rec = pool._do_get()
/Library/Frameworks/Python.framework/Versions/3.12/lib/python3.12/site-packages/sqlalchemy/pool/impl.py:177: in _do_get
    with util.safe_reraise():
/Library/Frameworks/Python.framework/Versions/3.12/lib/python3.12/site-packages/sqlalchemy/util/langhelpers.py:224: in __exit__
    raise exc_value.with_traceback(exc_tb)
/Library/Frameworks/Python.framework/Versions/3.12/lib/python3.12/site-packages/sqlalchemy/pool/impl.py:175: in _do_get
    return self._create_connection()
/Library/Frameworks/Python.framework/Versions/3.12/lib/python3.12/site-packages/sqlalchemy/pool/base.py:388: in _create_connection
    return _ConnectionRecord(self)
/Library/Frameworks/Python.framework/Versions/3.12/lib/python3.12/site-packages/sqlalchemy/pool/base.py:673: in __init__
    self.__connect()
/Library/Frameworks/Python.framework/Versions/3.12/lib/python3.12/site-packages/sqlalchemy/pool/base.py:899: in __connect
    with util.safe_reraise():
/Library/Frameworks/Python.framework/Versions/3.12/lib/python3.12/site-packages/sqlalchemy/util/langhelpers.py:224: in __exit__
    raise exc_value.with_traceback(exc_tb)
/Library/Frameworks/Python.framework/Versions/3.12/lib/python3.12/site-packages/sqlalchemy/pool/base.py:895: in __connect
    self.dbapi_connection = connection = pool._invoke_creator(self)
/Library/Frameworks/Python.framework/Versions/3.12/lib/python3.12/site-packages/sqlalchemy/engine/create.py:661: in connect
    return dialect.connect(*cargs, **cparams)
/Library/Frameworks/Python.framework/Versions/3.12/lib/python3.12/site-packages/sqlalchemy/engine/default.py:630: in connect
    return self.loaded_dbapi.connect(*cargs, **cparams)  # type: ignore[no-any-return]  # NOQA: E501
/Library/Frameworks/Python.framework/Versions/3.12/lib/python3.12/site-packages/psycopg2/__init__.py:122: in connect
    conn = _connect(dsn, connection_factory=connection_factory, **kwasync)
E   sqlalchemy.exc.OperationalError: (psycopg2.OperationalError) connection to server at "localhost" (::1), port 5432 failed: Connection refused
E   	Is the server running on that host and accepting TCP/IP connections?
E   connection to server at "localhost" (127.0.0.1), port 5432 failed: Connection refused
E   	Is the server running on that host and accepting TCP/IP connections?
E   
E   (Background on this error at: https://sqlalche.me/e/20/e3q8)
___ ERROR at setup of TestSchemaConstraints.test_artifact_version_uniqueness ___
/Library/Frameworks/Python.framework/Versions/3.12/lib/python3.12/site-packages/sqlalchemy/engine/base.py:143: in __init__
    self._dbapi_connection = engine.raw_connection()
/Library/Frameworks/Python.framework/Versions/3.12/lib/python3.12/site-packages/sqlalchemy/engine/base.py:3309: in raw_connection
    return self.pool.connect()
/Library/Frameworks/Python.framework/Versions/3.12/lib/python3.12/site-packages/sqlalchemy/pool/base.py:447: in connect
    return _ConnectionFairy._checkout(self)
/Library/Frameworks/Python.framework/Versions/3.12/lib/python3.12/site-packages/sqlalchemy/pool/base.py:1264: in _checkout
    fairy = _ConnectionRecord.checkout(pool)
/Library/Frameworks/Python.framework/Versions/3.12/lib/python3.12/site-packages/sqlalchemy/pool/base.py:711: in checkout
    rec = pool._do_get()
/Library/Frameworks/Python.framework/Versions/3.12/lib/python3.12/site-packages/sqlalchemy/pool/impl.py:177: in _do_get
    with util.safe_reraise():
/Library/Frameworks/Python.framework/Versions/3.12/lib/python3.12/site-packages/sqlalchemy/util/langhelpers.py:224: in __exit__
    raise exc_value.with_traceback(exc_tb)
/Library/Frameworks/Python.framework/Versions/3.12/lib/python3.12/site-packages/sqlalchemy/pool/impl.py:175: in _do_get
    return self._create_connection()
/Library/Frameworks/Python.framework/Versions/3.12/lib/python3.12/site-packages/sqlalchemy/pool/base.py:388: in _create_connection
    return _ConnectionRecord(self)
/Library/Frameworks/Python.framework/Versions/3.12/lib/python3.12/site-packages/sqlalchemy/pool/base.py:673: in __init__
    self.__connect()
/Library/Frameworks/Python.framework/Versions/3.12/lib/python3.12/site-packages/sqlalchemy/pool/base.py:899: in __connect
    with util.safe_reraise():
/Library/Frameworks/Python.framework/Versions/3.12/lib/python3.12/site-packages/sqlalchemy/util/langhelpers.py:224: in __exit__
    raise exc_value.with_traceback(exc_tb)
/Library/Frameworks/Python.framework/Versions/3.12/lib/python3.12/site-packages/sqlalchemy/pool/base.py:895: in __connect
    self.dbapi_connection = connection = pool._invoke_creator(self)
/Library/Frameworks/Python.framework/Versions/3.12/lib/python3.12/site-packages/sqlalchemy/engine/create.py:661: in connect
    return dialect.connect(*cargs, **cparams)
/Library/Frameworks/Python.framework/Versions/3.12/lib/python3.12/site-packages/sqlalchemy/engine/default.py:630: in connect
    return self.loaded_dbapi.connect(*cargs, **cparams)  # type: ignore[no-any-return]  # NOQA: E501
/Library/Frameworks/Python.framework/Versions/3.12/lib/python3.12/site-packages/psycopg2/__init__.py:122: in connect
    conn = _connect(dsn, connection_factory=connection_factory, **kwasync)
E   psycopg2.OperationalError: connection to server at "localhost" (::1), port 5432 failed: Connection refused
E   	Is the server running on that host and accepting TCP/IP connections?
E   connection to server at "localhost" (127.0.0.1), port 5432 failed: Connection refused
E   	Is the server running on that host and accepting TCP/IP connections?

The above exception was the direct cause of the following exception:
tests/test_db_migrations.py:29: in engine
    with engine.begin() as conn:
/Library/Frameworks/Python.framework/Versions/3.12/lib/python3.12/contextlib.py:137: in __enter__
    return next(self.gen)
/Library/Frameworks/Python.framework/Versions/3.12/lib/python3.12/site-packages/sqlalchemy/engine/base.py:3249: in begin
    with self.connect() as conn:
/Library/Frameworks/Python.framework/Versions/3.12/lib/python3.12/site-packages/sqlalchemy/engine/base.py:3285: in connect
    return self._connection_cls(self)
/Library/Frameworks/Python.framework/Versions/3.12/lib/python3.12/site-packages/sqlalchemy/engine/base.py:145: in __init__
    Connection._handle_dbapi_exception_noconnection(
/Library/Frameworks/Python.framework/Versions/3.12/lib/python3.12/site-packages/sqlalchemy/engine/base.py:2448: in _handle_dbapi_exception_noconnection
    raise sqlalchemy_exception.with_traceback(exc_info[2]) from e
/Library/Frameworks/Python.framework/Versions/3.12/lib/python3.12/site-packages/sqlalchemy/engine/base.py:143: in __init__
    self._dbapi_connection = engine.raw_connection()
/Library/Frameworks/Python.framework/Versions/3.12/lib/python3.12/site-packages/sqlalchemy/engine/base.py:3309: in raw_connection
    return self.pool.connect()
/Library/Frameworks/Python.framework/Versions/3.12/lib/python3.12/site-packages/sqlalchemy/pool/base.py:447: in connect
    return _ConnectionFairy._checkout(self)
/Library/Frameworks/Python.framework/Versions/3.12/lib/python3.12/site-packages/sqlalchemy/pool/base.py:1264: in _checkout
    fairy = _ConnectionRecord.checkout(pool)
/Library/Frameworks/Python.framework/Versions/3.12/lib/python3.12/site-packages/sqlalchemy/pool/base.py:711: in checkout
    rec = pool._do_get()
/Library/Frameworks/Python.framework/Versions/3.12/lib/python3.12/site-packages/sqlalchemy/pool/impl.py:177: in _do_get
    with util.safe_reraise():
/Library/Frameworks/Python.framework/Versions/3.12/lib/python3.12/site-packages/sqlalchemy/util/langhelpers.py:224: in __exit__
    raise exc_value.with_traceback(exc_tb)
/Library/Frameworks/Python.framework/Versions/3.12/lib/python3.12/site-packages/sqlalchemy/pool/impl.py:175: in _do_get
    return self._create_connection()
/Library/Frameworks/Python.framework/Versions/3.12/lib/python3.12/site-packages/sqlalchemy/pool/base.py:388: in _create_connection
    return _ConnectionRecord(self)
/Library/Frameworks/Python.framework/Versions/3.12/lib/python3.12/site-packages/sqlalchemy/pool/base.py:673: in __init__
    self.__connect()
/Library/Frameworks/Python.framework/Versions/3.12/lib/python3.12/site-packages/sqlalchemy/pool/base.py:899: in __connect
    with util.safe_reraise():
/Library/Frameworks/Python.framework/Versions/3.12/lib/python3.12/site-packages/sqlalchemy/util/langhelpers.py:224: in __exit__
    raise exc_value.with_traceback(exc_tb)
/Library/Frameworks/Python.framework/Versions/3.12/lib/python3.12/site-packages/sqlalchemy/pool/base.py:895: in __connect
    self.dbapi_connection = connection = pool._invoke_creator(self)
/Library/Frameworks/Python.framework/Versions/3.12/lib/python3.12/site-packages/sqlalchemy/engine/create.py:661: in connect
    return dialect.connect(*cargs, **cparams)
/Library/Frameworks/Python.framework/Versions/3.12/lib/python3.12/site-packages/sqlalchemy/engine/default.py:630: in connect
    return self.loaded_dbapi.connect(*cargs, **cparams)  # type: ignore[no-any-return]  # NOQA: E501
/Library/Frameworks/Python.framework/Versions/3.12/lib/python3.12/site-packages/psycopg2/__init__.py:122: in connect
    conn = _connect(dsn, connection_factory=connection_factory, **kwasync)
E   sqlalchemy.exc.OperationalError: (psycopg2.OperationalError) connection to server at "localhost" (::1), port 5432 failed: Connection refused
E   	Is the server running on that host and accepting TCP/IP connections?
E   connection to server at "localhost" (127.0.0.1), port 5432 failed: Connection refused
E   	Is the server running on that host and accepting TCP/IP connections?
E   
E   (Background on this error at: https://sqlalche.me/e/20/e3q8)
_____ ERROR at setup of TestSchemaConstraints.test_foreign_key_constraints _____
/Library/Frameworks/Python.framework/Versions/3.12/lib/python3.12/site-packages/sqlalchemy/engine/base.py:143: in __init__
    self._dbapi_connection = engine.raw_connection()
/Library/Frameworks/Python.framework/Versions/3.12/lib/python3.12/site-packages/sqlalchemy/engine/base.py:3309: in raw_connection
    return self.pool.connect()
/Library/Frameworks/Python.framework/Versions/3.12/lib/python3.12/site-packages/sqlalchemy/pool/base.py:447: in connect
    return _ConnectionFairy._checkout(self)
/Library/Frameworks/Python.framework/Versions/3.12/lib/python3.12/site-packages/sqlalchemy/pool/base.py:1264: in _checkout
    fairy = _ConnectionRecord.checkout(pool)
/Library/Frameworks/Python.framework/Versions/3.12/lib/python3.12/site-packages/sqlalchemy/pool/base.py:711: in checkout
    rec = pool._do_get()
/Library/Frameworks/Python.framework/Versions/3.12/lib/python3.12/site-packages/sqlalchemy/pool/impl.py:177: in _do_get
    with util.safe_reraise():
/Library/Frameworks/Python.framework/Versions/3.12/lib/python3.12/site-packages/sqlalchemy/util/langhelpers.py:224: in __exit__
    raise exc_value.with_traceback(exc_tb)
/Library/Frameworks/Python.framework/Versions/3.12/lib/python3.12/site-packages/sqlalchemy/pool/impl.py:175: in _do_get
    return self._create_connection()
/Library/Frameworks/Python.framework/Versions/3.12/lib/python3.12/site-packages/sqlalchemy/pool/base.py:388: in _create_connection
    return _ConnectionRecord(self)
/Library/Frameworks/Python.framework/Versions/3.12/lib/python3.12/site-packages/sqlalchemy/pool/base.py:673: in __init__
    self.__connect()
/Library/Frameworks/Python.framework/Versions/3.12/lib/python3.12/site-packages/sqlalchemy/pool/base.py:899: in __connect
    with util.safe_reraise():
/Library/Frameworks/Python.framework/Versions/3.12/lib/python3.12/site-packages/sqlalchemy/util/langhelpers.py:224: in __exit__
    raise exc_value.with_traceback(exc_tb)
/Library/Frameworks/Python.framework/Versions/3.12/lib/python3.12/site-packages/sqlalchemy/pool/base.py:895: in __connect
    self.dbapi_connection = connection = pool._invoke_creator(self)
/Library/Frameworks/Python.framework/Versions/3.12/lib/python3.12/site-packages/sqlalchemy/engine/create.py:661: in connect
    return dialect.connect(*cargs, **cparams)
/Library/Frameworks/Python.framework/Versions/3.12/lib/python3.12/site-packages/sqlalchemy/engine/default.py:630: in connect
    return self.loaded_dbapi.connect(*cargs, **cparams)  # type: ignore[no-any-return]  # NOQA: E501
/Library/Frameworks/Python.framework/Versions/3.12/lib/python3.12/site-packages/psycopg2/__init__.py:122: in connect
    conn = _connect(dsn, connection_factory=connection_factory, **kwasync)
E   psycopg2.OperationalError: connection to server at "localhost" (::1), port 5432 failed: Connection refused
E   	Is the server running on that host and accepting TCP/IP connections?
E   connection to server at "localhost" (127.0.0.1), port 5432 failed: Connection refused
E   	Is the server running on that host and accepting TCP/IP connections?

The above exception was the direct cause of the following exception:
tests/test_db_migrations.py:29: in engine
    with engine.begin() as conn:
/Library/Frameworks/Python.framework/Versions/3.12/lib/python3.12/contextlib.py:137: in __enter__
    return next(self.gen)
/Library/Frameworks/Python.framework/Versions/3.12/lib/python3.12/site-packages/sqlalchemy/engine/base.py:3249: in begin
    with self.connect() as conn:
/Library/Frameworks/Python.framework/Versions/3.12/lib/python3.12/site-packages/sqlalchemy/engine/base.py:3285: in connect
    return self._connection_cls(self)
/Library/Frameworks/Python.framework/Versions/3.12/lib/python3.12/site-packages/sqlalchemy/engine/base.py:145: in __init__
    Connection._handle_dbapi_exception_noconnection(
/Library/Frameworks/Python.framework/Versions/3.12/lib/python3.12/site-packages/sqlalchemy/engine/base.py:2448: in _handle_dbapi_exception_noconnection
    raise sqlalchemy_exception.with_traceback(exc_info[2]) from e
/Library/Frameworks/Python.framework/Versions/3.12/lib/python3.12/site-packages/sqlalchemy/engine/base.py:143: in __init__
    self._dbapi_connection = engine.raw_connection()
/Library/Frameworks/Python.framework/Versions/3.12/lib/python3.12/site-packages/sqlalchemy/engine/base.py:3309: in raw_connection
    return self.pool.connect()
/Library/Frameworks/Python.framework/Versions/3.12/lib/python3.12/site-packages/sqlalchemy/pool/base.py:447: in connect
    return _ConnectionFairy._checkout(self)
/Library/Frameworks/Python.framework/Versions/3.12/lib/python3.12/site-packages/sqlalchemy/pool/base.py:1264: in _checkout
    fairy = _ConnectionRecord.checkout(pool)
/Library/Frameworks/Python.framework/Versions/3.12/lib/python3.12/site-packages/sqlalchemy/pool/base.py:711: in checkout
    rec = pool._do_get()
/Library/Frameworks/Python.framework/Versions/3.12/lib/python3.12/site-packages/sqlalchemy/pool/impl.py:177: in _do_get
    with util.safe_reraise():
/Library/Frameworks/Python.framework/Versions/3.12/lib/python3.12/site-packages/sqlalchemy/util/langhelpers.py:224: in __exit__
    raise exc_value.with_traceback(exc_tb)
/Library/Frameworks/Python.framework/Versions/3.12/lib/python3.12/site-packages/sqlalchemy/pool/impl.py:175: in _do_get
    return self._create_connection()
/Library/Frameworks/Python.framework/Versions/3.12/lib/python3.12/site-packages/sqlalchemy/pool/base.py:388: in _create_connection
    return _ConnectionRecord(self)
/Library/Frameworks/Python.framework/Versions/3.12/lib/python3.12/site-packages/sqlalchemy/pool/base.py:673: in __init__
    self.__connect()
/Library/Frameworks/Python.framework/Versions/3.12/lib/python3.12/site-packages/sqlalchemy/pool/base.py:899: in __connect
    with util.safe_reraise():
/Library/Frameworks/Python.framework/Versions/3.12/lib/python3.12/site-packages/sqlalchemy/util/langhelpers.py:224: in __exit__
    raise exc_value.with_traceback(exc_tb)
/Library/Frameworks/Python.framework/Versions/3.12/lib/python3.12/site-packages/sqlalchemy/pool/base.py:895: in __connect
    self.dbapi_connection = connection = pool._invoke_creator(self)
/Library/Frameworks/Python.framework/Versions/3.12/lib/python3.12/site-packages/sqlalchemy/engine/create.py:661: in connect
    return dialect.connect(*cargs, **cparams)
/Library/Frameworks/Python.framework/Versions/3.12/lib/python3.12/site-packages/sqlalchemy/engine/default.py:630: in connect
    return self.loaded_dbapi.connect(*cargs, **cparams)  # type: ignore[no-any-return]  # NOQA: E501
/Library/Frameworks/Python.framework/Versions/3.12/lib/python3.12/site-packages/psycopg2/__init__.py:122: in connect
    conn = _connect(dsn, connection_factory=connection_factory, **kwasync)
E   sqlalchemy.exc.OperationalError: (psycopg2.OperationalError) connection to server at "localhost" (::1), port 5432 failed: Connection refused
E   	Is the server running on that host and accepting TCP/IP connections?
E   connection to server at "localhost" (127.0.0.1), port 5432 failed: Connection refused
E   	Is the server running on that host and accepting TCP/IP connections?
E   
E   (Background on this error at: https://sqlalche.me/e/20/e3q8)
_ ERROR at setup of TestSchemaConstraints.test_idempotency_keys_unique_constraint _
/Library/Frameworks/Python.framework/Versions/3.12/lib/python3.12/site-packages/sqlalchemy/engine/base.py:143: in __init__
    self._dbapi_connection = engine.raw_connection()
/Library/Frameworks/Python.framework/Versions/3.12/lib/python3.12/site-packages/sqlalchemy/engine/base.py:3309: in raw_connection
    return self.pool.connect()
/Library/Frameworks/Python.framework/Versions/3.12/lib/python3.12/site-packages/sqlalchemy/pool/base.py:447: in connect
    return _ConnectionFairy._checkout(self)
/Library/Frameworks/Python.framework/Versions/3.12/lib/python3.12/site-packages/sqlalchemy/pool/base.py:1264: in _checkout
    fairy = _ConnectionRecord.checkout(pool)
/Library/Frameworks/Python.framework/Versions/3.12/lib/python3.12/site-packages/sqlalchemy/pool/base.py:711: in checkout
    rec = pool._do_get()
/Library/Frameworks/Python.framework/Versions/3.12/lib/python3.12/site-packages/sqlalchemy/pool/impl.py:177: in _do_get
    with util.safe_reraise():
/Library/Frameworks/Python.framework/Versions/3.12/lib/python3.12/site-packages/sqlalchemy/util/langhelpers.py:224: in __exit__
    raise exc_value.with_traceback(exc_tb)
/Library/Frameworks/Python.framework/Versions/3.12/lib/python3.12/site-packages/sqlalchemy/pool/impl.py:175: in _do_get
    return self._create_connection()
/Library/Frameworks/Python.framework/Versions/3.12/lib/python3.12/site-packages/sqlalchemy/pool/base.py:388: in _create_connection
    return _ConnectionRecord(self)
/Library/Frameworks/Python.framework/Versions/3.12/lib/python3.12/site-packages/sqlalchemy/pool/base.py:673: in __init__
    self.__connect()
/Library/Frameworks/Python.framework/Versions/3.12/lib/python3.12/site-packages/sqlalchemy/pool/base.py:899: in __connect
    with util.safe_reraise():
/Library/Frameworks/Python.framework/Versions/3.12/lib/python3.12/site-packages/sqlalchemy/util/langhelpers.py:224: in __exit__
    raise exc_value.with_traceback(exc_tb)
/Library/Frameworks/Python.framework/Versions/3.12/lib/python3.12/site-packages/sqlalchemy/pool/base.py:895: in __connect
    self.dbapi_connection = connection = pool._invoke_creator(self)
/Library/Frameworks/Python.framework/Versions/3.12/lib/python3.12/site-packages/sqlalchemy/engine/create.py:661: in connect
    return dialect.connect(*cargs, **cparams)
/Library/Frameworks/Python.framework/Versions/3.12/lib/python3.12/site-packages/sqlalchemy/engine/default.py:630: in connect
    return self.loaded_dbapi.connect(*cargs, **cparams)  # type: ignore[no-any-return]  # NOQA: E501
/Library/Frameworks/Python.framework/Versions/3.12/lib/python3.12/site-packages/psycopg2/__init__.py:122: in connect
    conn = _connect(dsn, connection_factory=connection_factory, **kwasync)
E   psycopg2.OperationalError: connection to server at "localhost" (::1), port 5432 failed: Connection refused
E   	Is the server running on that host and accepting TCP/IP connections?
E   connection to server at "localhost" (127.0.0.1), port 5432 failed: Connection refused
E   	Is the server running on that host and accepting TCP/IP connections?

The above exception was the direct cause of the following exception:
tests/test_db_migrations.py:29: in engine
    with engine.begin() as conn:
/Library/Frameworks/Python.framework/Versions/3.12/lib/python3.12/contextlib.py:137: in __enter__
    return next(self.gen)
/Library/Frameworks/Python.framework/Versions/3.12/lib/python3.12/site-packages/sqlalchemy/engine/base.py:3249: in begin
    with self.connect() as conn:
/Library/Frameworks/Python.framework/Versions/3.12/lib/python3.12/site-packages/sqlalchemy/engine/base.py:3285: in connect
    return self._connection_cls(self)
/Library/Frameworks/Python.framework/Versions/3.12/lib/python3.12/site-packages/sqlalchemy/engine/base.py:145: in __init__
    Connection._handle_dbapi_exception_noconnection(
/Library/Frameworks/Python.framework/Versions/3.12/lib/python3.12/site-packages/sqlalchemy/engine/base.py:2448: in _handle_dbapi_exception_noconnection
    raise sqlalchemy_exception.with_traceback(exc_info[2]) from e
/Library/Frameworks/Python.framework/Versions/3.12/lib/python3.12/site-packages/sqlalchemy/engine/base.py:143: in __init__
    self._dbapi_connection = engine.raw_connection()
/Library/Frameworks/Python.framework/Versions/3.12/lib/python3.12/site-packages/sqlalchemy/engine/base.py:3309: in raw_connection
    return self.pool.connect()
/Library/Frameworks/Python.framework/Versions/3.12/lib/python3.12/site-packages/sqlalchemy/pool/base.py:447: in connect
    return _ConnectionFairy._checkout(self)
/Library/Frameworks/Python.framework/Versions/3.12/lib/python3.12/site-packages/sqlalchemy/pool/base.py:1264: in _checkout
    fairy = _ConnectionRecord.checkout(pool)
/Library/Frameworks/Python.framework/Versions/3.12/lib/python3.12/site-packages/sqlalchemy/pool/base.py:711: in checkout
    rec = pool._do_get()
/Library/Frameworks/Python.framework/Versions/3.12/lib/python3.12/site-packages/sqlalchemy/pool/impl.py:177: in _do_get
    with util.safe_reraise():
/Library/Frameworks/Python.framework/Versions/3.12/lib/python3.12/site-packages/sqlalchemy/util/langhelpers.py:224: in __exit__
    raise exc_value.with_traceback(exc_tb)
/Library/Frameworks/Python.framework/Versions/3.12/lib/python3.12/site-packages/sqlalchemy/pool/impl.py:175: in _do_get
    return self._create_connection()
/Library/Frameworks/Python.framework/Versions/3.12/lib/python3.12/site-packages/sqlalchemy/pool/base.py:388: in _create_connection
    return _ConnectionRecord(self)
/Library/Frameworks/Python.framework/Versions/3.12/lib/python3.12/site-packages/sqlalchemy/pool/base.py:673: in __init__
    self.__connect()
/Library/Frameworks/Python.framework/Versions/3.12/lib/python3.12/site-packages/sqlalchemy/pool/base.py:899: in __connect
    with util.safe_reraise():
/Library/Frameworks/Python.framework/Versions/3.12/lib/python3.12/site-packages/sqlalchemy/util/langhelpers.py:224: in __exit__
    raise exc_value.with_traceback(exc_tb)
/Library/Frameworks/Python.framework/Versions/3.12/lib/python3.12/site-packages/sqlalchemy/pool/base.py:895: in __connect
    self.dbapi_connection = connection = pool._invoke_creator(self)
/Library/Frameworks/Python.framework/Versions/3.12/lib/python3.12/site-packages/sqlalchemy/engine/create.py:661: in connect
    return dialect.connect(*cargs, **cparams)
/Library/Frameworks/Python.framework/Versions/3.12/lib/python3.12/site-packages/sqlalchemy/engine/default.py:630: in connect
    return self.loaded_dbapi.connect(*cargs, **cparams)  # type: ignore[no-any-return]  # NOQA: E501
/Library/Frameworks/Python.framework/Versions/3.12/lib/python3.12/site-packages/psycopg2/__init__.py:122: in connect
    conn = _connect(dsn, connection_factory=connection_factory, **kwasync)
E   sqlalchemy.exc.OperationalError: (psycopg2.OperationalError) connection to server at "localhost" (::1), port 5432 failed: Connection refused
E   	Is the server running on that host and accepting TCP/IP connections?
E   connection to server at "localhost" (127.0.0.1), port 5432 failed: Connection refused
E   	Is the server running on that host and accepting TCP/IP connections?
E   
E   (Background on this error at: https://sqlalche.me/e/20/e3q8)
_____________ ERROR at setup of TestIndexes.test_key_indexes_exist _____________
/Library/Frameworks/Python.framework/Versions/3.12/lib/python3.12/site-packages/sqlalchemy/engine/base.py:143: in __init__
    self._dbapi_connection = engine.raw_connection()
/Library/Frameworks/Python.framework/Versions/3.12/lib/python3.12/site-packages/sqlalchemy/engine/base.py:3309: in raw_connection
    return self.pool.connect()
/Library/Frameworks/Python.framework/Versions/3.12/lib/python3.12/site-packages/sqlalchemy/pool/base.py:447: in connect
    return _ConnectionFairy._checkout(self)
/Library/Frameworks/Python.framework/Versions/3.12/lib/python3.12/site-packages/sqlalchemy/pool/base.py:1264: in _checkout
    fairy = _ConnectionRecord.checkout(pool)
/Library/Frameworks/Python.framework/Versions/3.12/lib/python3.12/site-packages/sqlalchemy/pool/base.py:711: in checkout
    rec = pool._do_get()
/Library/Frameworks/Python.framework/Versions/3.12/lib/python3.12/site-packages/sqlalchemy/pool/impl.py:177: in _do_get
    with util.safe_reraise():
/Library/Frameworks/Python.framework/Versions/3.12/lib/python3.12/site-packages/sqlalchemy/util/langhelpers.py:224: in __exit__
    raise exc_value.with_traceback(exc_tb)
/Library/Frameworks/Python.framework/Versions/3.12/lib/python3.12/site-packages/sqlalchemy/pool/impl.py:175: in _do_get
    return self._create_connection()
/Library/Frameworks/Python.framework/Versions/3.12/lib/python3.12/site-packages/sqlalchemy/pool/base.py:388: in _create_connection
    return _ConnectionRecord(self)
/Library/Frameworks/Python.framework/Versions/3.12/lib/python3.12/site-packages/sqlalchemy/pool/base.py:673: in __init__
    self.__connect()
/Library/Frameworks/Python.framework/Versions/3.12/lib/python3.12/site-packages/sqlalchemy/pool/base.py:899: in __connect
    with util.safe_reraise():
/Library/Frameworks/Python.framework/Versions/3.12/lib/python3.12/site-packages/sqlalchemy/util/langhelpers.py:224: in __exit__
    raise exc_value.with_traceback(exc_tb)
/Library/Frameworks/Python.framework/Versions/3.12/lib/python3.12/site-packages/sqlalchemy/pool/base.py:895: in __connect
    self.dbapi_connection = connection = pool._invoke_creator(self)
/Library/Frameworks/Python.framework/Versions/3.12/lib/python3.12/site-packages/sqlalchemy/engine/create.py:661: in connect
    return dialect.connect(*cargs, **cparams)
/Library/Frameworks/Python.framework/Versions/3.12/lib/python3.12/site-packages/sqlalchemy/engine/default.py:630: in connect
    return self.loaded_dbapi.connect(*cargs, **cparams)  # type: ignore[no-any-return]  # NOQA: E501
/Library/Frameworks/Python.framework/Versions/3.12/lib/python3.12/site-packages/psycopg2/__init__.py:122: in connect
    conn = _connect(dsn, connection_factory=connection_factory, **kwasync)
E   psycopg2.OperationalError: connection to server at "localhost" (::1), port 5432 failed: Connection refused
E   	Is the server running on that host and accepting TCP/IP connections?
E   connection to server at "localhost" (127.0.0.1), port 5432 failed: Connection refused
E   	Is the server running on that host and accepting TCP/IP connections?

The above exception was the direct cause of the following exception:
tests/test_db_migrations.py:29: in engine
    with engine.begin() as conn:
/Library/Frameworks/Python.framework/Versions/3.12/lib/python3.12/contextlib.py:137: in __enter__
    return next(self.gen)
/Library/Frameworks/Python.framework/Versions/3.12/lib/python3.12/site-packages/sqlalchemy/engine/base.py:3249: in begin
    with self.connect() as conn:
/Library/Frameworks/Python.framework/Versions/3.12/lib/python3.12/site-packages/sqlalchemy/engine/base.py:3285: in connect
    return self._connection_cls(self)
/Library/Frameworks/Python.framework/Versions/3.12/lib/python3.12/site-packages/sqlalchemy/engine/base.py:145: in __init__
    Connection._handle_dbapi_exception_noconnection(
/Library/Frameworks/Python.framework/Versions/3.12/lib/python3.12/site-packages/sqlalchemy/engine/base.py:2448: in _handle_dbapi_exception_noconnection
    raise sqlalchemy_exception.with_traceback(exc_info[2]) from e
/Library/Frameworks/Python.framework/Versions/3.12/lib/python3.12/site-packages/sqlalchemy/engine/base.py:143: in __init__
    self._dbapi_connection = engine.raw_connection()
/Library/Frameworks/Python.framework/Versions/3.12/lib/python3.12/site-packages/sqlalchemy/engine/base.py:3309: in raw_connection
    return self.pool.connect()
/Library/Frameworks/Python.framework/Versions/3.12/lib/python3.12/site-packages/sqlalchemy/pool/base.py:447: in connect
    return _ConnectionFairy._checkout(self)
/Library/Frameworks/Python.framework/Versions/3.12/lib/python3.12/site-packages/sqlalchemy/pool/base.py:1264: in _checkout
    fairy = _ConnectionRecord.checkout(pool)
/Library/Frameworks/Python.framework/Versions/3.12/lib/python3.12/site-packages/sqlalchemy/pool/base.py:711: in checkout
    rec = pool._do_get()
/Library/Frameworks/Python.framework/Versions/3.12/lib/python3.12/site-packages/sqlalchemy/pool/impl.py:177: in _do_get
    with util.safe_reraise():
/Library/Frameworks/Python.framework/Versions/3.12/lib/python3.12/site-packages/sqlalchemy/util/langhelpers.py:224: in __exit__
    raise exc_value.with_traceback(exc_tb)
/Library/Frameworks/Python.framework/Versions/3.12/lib/python3.12/site-packages/sqlalchemy/pool/impl.py:175: in _do_get
    return self._create_connection()
/Library/Frameworks/Python.framework/Versions/3.12/lib/python3.12/site-packages/sqlalchemy/pool/base.py:388: in _create_connection
    return _ConnectionRecord(self)
/Library/Frameworks/Python.framework/Versions/3.12/lib/python3.12/site-packages/sqlalchemy/pool/base.py:673: in __init__
    self.__connect()
/Library/Frameworks/Python.framework/Versions/3.12/lib/python3.12/site-packages/sqlalchemy/pool/base.py:899: in __connect
    with util.safe_reraise():
/Library/Frameworks/Python.framework/Versions/3.12/lib/python3.12/site-packages/sqlalchemy/util/langhelpers.py:224: in __exit__
    raise exc_value.with_traceback(exc_tb)
/Library/Frameworks/Python.framework/Versions/3.12/lib/python3.12/site-packages/sqlalchemy/pool/base.py:895: in __connect
    self.dbapi_connection = connection = pool._invoke_creator(self)
/Library/Frameworks/Python.framework/Versions/3.12/lib/python3.12/site-packages/sqlalchemy/engine/create.py:661: in connect
    return dialect.connect(*cargs, **cparams)
/Library/Frameworks/Python.framework/Versions/3.12/lib/python3.12/site-packages/sqlalchemy/engine/default.py:630: in connect
    return self.loaded_dbapi.connect(*cargs, **cparams)  # type: ignore[no-any-return]  # NOQA: E501
/Library/Frameworks/Python.framework/Versions/3.12/lib/python3.12/site-packages/psycopg2/__init__.py:122: in connect
    conn = _connect(dsn, connection_factory=connection_factory, **kwasync)
E   sqlalchemy.exc.OperationalError: (psycopg2.OperationalError) connection to server at "localhost" (::1), port 5432 failed: Connection refused
E   	Is the server running on that host and accepting TCP/IP connections?
E   connection to server at "localhost" (127.0.0.1), port 5432 failed: Connection refused
E   	Is the server running on that host and accepting TCP/IP connections?
E   
E   (Background on this error at: https://sqlalche.me/e/20/e3q8)
_____________________ ERROR at setup of test_create_draft ______________________
file /Users/nirtzur/Documents/projects/AGORA/tests/test_drafts.py, line 40
  def test_create_draft(db_session, workspace_with_agent):
E       fixture 'db_session' not found
>       available fixtures: anyio_backend, anyio_backend_name, anyio_backend_options, cache, capfd, capfdbinary, caplog, capsys, capsysbinary, core_api_url, cov, dash_br, dash_duo, dash_duo_mp, dash_multi_process_server, dash_process_server, dash_thread_server, dashjl, dashjl_server, dashr, dashr_server, db_url, diskcache_manager, doctest_namespace, event_loop, free_tcp_port, free_tcp_port_factory, free_udp_port, free_udp_port_factory, hydra_restore_singletons, hydra_sweep_runner, hydra_task_runner, minio_config, moltbook_adapter_url, monkeypatch, no_cover, pytestconfig, record_property, record_testsuite_property, record_xml_attribute, recwarn, tmp_path, tmp_path_factory, tmpdir, tmpdir_factory, unused_tcp_port, unused_tcp_port_factory, unused_udp_port, unused_udp_port_factory, workspace_with_agent
>       use 'pytest --fixtures [testpath]' for help on them.

/Users/nirtzur/Documents/projects/AGORA/tests/test_drafts.py:40
__ ERROR at setup of test_exit_draft_version_has_content_hash_and_retrievable __
file /Users/nirtzur/Documents/projects/AGORA/tests/test_drafts.py, line 93
  def test_exit_draft_version_has_content_hash_and_retrievable(db_session, workspace_with_agent):
E       fixture 'db_session' not found
>       available fixtures: anyio_backend, anyio_backend_name, anyio_backend_options, cache, capfd, capfdbinary, caplog, capsys, capsysbinary, core_api_url, cov, dash_br, dash_duo, dash_duo_mp, dash_multi_process_server, dash_process_server, dash_thread_server, dashjl, dashjl_server, dashr, dashr_server, db_url, diskcache_manager, doctest_namespace, event_loop, free_tcp_port, free_tcp_port_factory, free_udp_port, free_udp_port_factory, hydra_restore_singletons, hydra_sweep_runner, hydra_task_runner, minio_config, moltbook_adapter_url, monkeypatch, no_cover, pytestconfig, record_property, record_testsuite_property, record_xml_attribute, recwarn, tmp_path, tmp_path_factory, tmpdir, tmpdir_factory, unused_tcp_port, unused_tcp_port_factory, unused_udp_port, unused_udp_port_factory, workspace_with_agent
>       use 'pytest --fixtures [testpath]' for help on them.

/Users/nirtzur/Documents/projects/AGORA/tests/test_drafts.py:93
________________ ERROR at setup of test_multiple_draft_versions ________________
file /Users/nirtzur/Documents/projects/AGORA/tests/test_drafts.py, line 184
  def test_multiple_draft_versions(db_session, workspace_with_agent):
E       fixture 'db_session' not found
>       available fixtures: anyio_backend, anyio_backend_name, anyio_backend_options, cache, capfd, capfdbinary, caplog, capsys, capsysbinary, core_api_url, cov, dash_br, dash_duo, dash_duo_mp, dash_multi_process_server, dash_process_server, dash_thread_server, dashjl, dashjl_server, dashr, dashr_server, db_url, diskcache_manager, doctest_namespace, event_loop, free_tcp_port, free_tcp_port_factory, free_udp_port, free_udp_port_factory, hydra_restore_singletons, hydra_sweep_runner, hydra_task_runner, minio_config, moltbook_adapter_url, monkeypatch, no_cover, pytestconfig, record_property, record_testsuite_property, record_xml_attribute, recwarn, tmp_path, tmp_path_factory, tmpdir, tmpdir_factory, unused_tcp_port, unused_tcp_port_factory, unused_udp_port, unused_udp_port_factory, workspace_with_agent
>       use 'pytest --fixtures [testpath]' for help on them.

/Users/nirtzur/Documents/projects/AGORA/tests/test_drafts.py:184
__________________ ERROR at setup of test_list_draft_versions __________________
file /Users/nirtzur/Documents/projects/AGORA/tests/test_drafts.py, line 247
  def test_list_draft_versions(db_session, workspace_with_agent):
E       fixture 'db_session' not found
>       available fixtures: anyio_backend, anyio_backend_name, anyio_backend_options, cache, capfd, capfdbinary, caplog, capsys, capsysbinary, core_api_url, cov, dash_br, dash_duo, dash_duo_mp, dash_multi_process_server, dash_process_server, dash_thread_server, dashjl, dashjl_server, dashr, dashr_server, db_url, diskcache_manager, doctest_namespace, event_loop, free_tcp_port, free_tcp_port_factory, free_udp_port, free_udp_port_factory, hydra_restore_singletons, hydra_sweep_runner, hydra_task_runner, minio_config, moltbook_adapter_url, monkeypatch, no_cover, pytestconfig, record_property, record_testsuite_property, record_xml_attribute, recwarn, tmp_path, tmp_path_factory, tmpdir, tmpdir_factory, unused_tcp_port, unused_tcp_port_factory, unused_udp_port, unused_udp_port_factory, workspace_with_agent
>       use 'pytest --fixtures [testpath]' for help on them.

/Users/nirtzur/Documents/projects/AGORA/tests/test_drafts.py:247
_______ ERROR at setup of test_cannot_create_version_for_finalized_draft _______
file /Users/nirtzur/Documents/projects/AGORA/tests/test_drafts.py, line 308
  def test_cannot_create_version_for_finalized_draft(db_session, workspace_with_agent):
E       fixture 'db_session' not found
>       available fixtures: anyio_backend, anyio_backend_name, anyio_backend_options, cache, capfd, capfdbinary, caplog, capsys, capsysbinary, core_api_url, cov, dash_br, dash_duo, dash_duo_mp, dash_multi_process_server, dash_process_server, dash_thread_server, dashjl, dashjl_server, dashr, dashr_server, db_url, diskcache_manager, doctest_namespace, event_loop, free_tcp_port, free_tcp_port_factory, free_udp_port, free_udp_port_factory, hydra_restore_singletons, hydra_sweep_runner, hydra_task_runner, minio_config, moltbook_adapter_url, monkeypatch, no_cover, pytestconfig, record_property, record_testsuite_property, record_xml_attribute, recwarn, tmp_path, tmp_path_factory, tmpdir, tmpdir_factory, unused_tcp_port, unused_tcp_port_factory, unused_udp_port, unused_udp_port_factory, workspace_with_agent
>       use 'pytest --fixtures [testpath]' for help on them.

/Users/nirtzur/Documents/projects/AGORA/tests/test_drafts.py:308
__________________ ERROR at setup of test_short_id_allocation __________________
file /Users/nirtzur/Documents/projects/AGORA/tests/test_drafts.py, line 368
  def test_short_id_allocation(db_session, workspace_with_agent):
E       fixture 'db_session' not found
>       available fixtures: anyio_backend, anyio_backend_name, anyio_backend_options, cache, capfd, capfdbinary, caplog, capsys, capsysbinary, core_api_url, cov, dash_br, dash_duo, dash_duo_mp, dash_multi_process_server, dash_process_server, dash_thread_server, dashjl, dashjl_server, dashr, dashr_server, db_url, diskcache_manager, doctest_namespace, event_loop, free_tcp_port, free_tcp_port_factory, free_udp_port, free_udp_port_factory, hydra_restore_singletons, hydra_sweep_runner, hydra_task_runner, minio_config, moltbook_adapter_url, monkeypatch, no_cover, pytestconfig, record_property, record_testsuite_property, record_xml_attribute, recwarn, tmp_path, tmp_path_factory, tmpdir, tmpdir_factory, unused_tcp_port, unused_tcp_port_factory, unused_udp_port, unused_udp_port_factory, workspace_with_agent
>       use 'pytest --fixtures [testpath]' for help on them.

/Users/nirtzur/Documents/projects/AGORA/tests/test_drafts.py:368
______________ ERROR at setup of test_finalize_draft_emits_event _______________
file /Users/nirtzur/Documents/projects/AGORA/tests/test_drafts.py, line 418
  def test_finalize_draft_emits_event(db_session, workspace_with_agent):
E       fixture 'db_session' not found
>       available fixtures: anyio_backend, anyio_backend_name, anyio_backend_options, cache, capfd, capfdbinary, caplog, capsys, capsysbinary, core_api_url, cov, dash_br, dash_duo, dash_duo_mp, dash_multi_process_server, dash_process_server, dash_thread_server, dashjl, dashjl_server, dashr, dashr_server, db_url, diskcache_manager, doctest_namespace, event_loop, free_tcp_port, free_tcp_port_factory, free_udp_port, free_udp_port_factory, hydra_restore_singletons, hydra_sweep_runner, hydra_task_runner, minio_config, moltbook_adapter_url, monkeypatch, no_cover, pytestconfig, record_property, record_testsuite_property, record_xml_attribute, recwarn, tmp_path, tmp_path_factory, tmpdir, tmpdir_factory, unused_tcp_port, unused_tcp_port_factory, unused_udp_port, unused_udp_port_factory, workspace_with_agent
>       use 'pytest --fixtures [testpath]' for help on them.

/Users/nirtzur/Documents/projects/AGORA/tests/test_drafts.py:418
_________________ ERROR at setup of test_exit_1_pdf_resolution _________________
file /Users/nirtzur/Documents/projects/AGORA/tests/test_evidence_resolver.py, line 171
  def test_exit_1_pdf_resolution(evidence_resolver, sample_pdf_with_version):
file /Users/nirtzur/Documents/projects/AGORA/tests/test_evidence_resolver.py, line 20
  @pytest.fixture
  def evidence_resolver(storage, db_session):
E       fixture 'storage' not found
>       available fixtures: anyio_backend, anyio_backend_name, anyio_backend_options, cache, capfd, capfdbinary, caplog, capsys, capsysbinary, core_api_url, cov, dash_br, dash_duo, dash_duo_mp, dash_multi_process_server, dash_process_server, dash_thread_server, dashjl, dashjl_server, dashr, dashr_server, db_url, diskcache_manager, doctest_namespace, event_loop, evidence_resolver, free_tcp_port, free_tcp_port_factory, free_udp_port, free_udp_port_factory, hydra_restore_singletons, hydra_sweep_runner, hydra_task_runner, minio_config, moltbook_adapter_url, monkeypatch, no_cover, pytestconfig, record_property, record_testsuite_property, record_xml_attribute, recwarn, sample_log_with_version, sample_pdf_with_version, tmp_path, tmp_path_factory, tmpdir, tmpdir_factory, unused_tcp_port, unused_tcp_port_factory, unused_udp_port, unused_udp_port_factory
>       use 'pytest --fixtures [testpath]' for help on them.

/Users/nirtzur/Documents/projects/AGORA/tests/test_evidence_resolver.py:20
___________ ERROR at setup of test_exit_2_log_char_range_resolution ____________
file /Users/nirtzur/Documents/projects/AGORA/tests/test_evidence_resolver.py, line 227
  def test_exit_2_log_char_range_resolution(evidence_resolver, sample_log_with_version):
file /Users/nirtzur/Documents/projects/AGORA/tests/test_evidence_resolver.py, line 20
  @pytest.fixture
  def evidence_resolver(storage, db_session):
E       fixture 'storage' not found
>       available fixtures: anyio_backend, anyio_backend_name, anyio_backend_options, cache, capfd, capfdbinary, caplog, capsys, capsysbinary, core_api_url, cov, dash_br, dash_duo, dash_duo_mp, dash_multi_process_server, dash_process_server, dash_thread_server, dashjl, dashjl_server, dashr, dashr_server, db_url, diskcache_manager, doctest_namespace, event_loop, evidence_resolver, free_tcp_port, free_tcp_port_factory, free_udp_port, free_udp_port_factory, hydra_restore_singletons, hydra_sweep_runner, hydra_task_runner, minio_config, moltbook_adapter_url, monkeypatch, no_cover, pytestconfig, record_property, record_testsuite_property, record_xml_attribute, recwarn, sample_log_with_version, sample_pdf_with_version, tmp_path, tmp_path_factory, tmpdir, tmpdir_factory, unused_tcp_port, unused_tcp_port_factory, unused_udp_port, unused_udp_port_factory
>       use 'pytest --fixtures [testpath]' for help on them.

/Users/nirtzur/Documents/projects/AGORA/tests/test_evidence_resolver.py:20
________________ ERROR at setup of test_log_jsonpath_resolution ________________
file /Users/nirtzur/Documents/projects/AGORA/tests/test_evidence_resolver.py, line 277
  def test_log_jsonpath_resolution(evidence_resolver, sample_log_with_version):
file /Users/nirtzur/Documents/projects/AGORA/tests/test_evidence_resolver.py, line 20
  @pytest.fixture
  def evidence_resolver(storage, db_session):
E       fixture 'storage' not found
>       available fixtures: anyio_backend, anyio_backend_name, anyio_backend_options, cache, capfd, capfdbinary, caplog, capsys, capsysbinary, core_api_url, cov, dash_br, dash_duo, dash_duo_mp, dash_multi_process_server, dash_process_server, dash_thread_server, dashjl, dashjl_server, dashr, dashr_server, db_url, diskcache_manager, doctest_namespace, event_loop, evidence_resolver, free_tcp_port, free_tcp_port_factory, free_udp_port, free_udp_port_factory, hydra_restore_singletons, hydra_sweep_runner, hydra_task_runner, minio_config, moltbook_adapter_url, monkeypatch, no_cover, pytestconfig, record_property, record_testsuite_property, record_xml_attribute, recwarn, sample_log_with_version, sample_pdf_with_version, tmp_path, tmp_path_factory, tmpdir, tmpdir_factory, unused_tcp_port, unused_tcp_port_factory, unused_udp_port, unused_udp_port_factory
>       use 'pytest --fixtures [testpath]' for help on them.

/Users/nirtzur/Documents/projects/AGORA/tests/test_evidence_resolver.py:20
________ ERROR at setup of test_exit_3_bad_grammar_deterministic_errors ________
file /Users/nirtzur/Documents/projects/AGORA/tests/test_evidence_resolver.py, line 311
  def test_exit_3_bad_grammar_deterministic_errors(evidence_resolver, sample_pdf_with_version):
file /Users/nirtzur/Documents/projects/AGORA/tests/test_evidence_resolver.py, line 20
  @pytest.fixture
  def evidence_resolver(storage, db_session):
E       fixture 'storage' not found
>       available fixtures: anyio_backend, anyio_backend_name, anyio_backend_options, cache, capfd, capfdbinary, caplog, capsys, capsysbinary, core_api_url, cov, dash_br, dash_duo, dash_duo_mp, dash_multi_process_server, dash_process_server, dash_thread_server, dashjl, dashjl_server, dashr, dashr_server, db_url, diskcache_manager, doctest_namespace, event_loop, evidence_resolver, free_tcp_port, free_tcp_port_factory, free_udp_port, free_udp_port_factory, hydra_restore_singletons, hydra_sweep_runner, hydra_task_runner, minio_config, moltbook_adapter_url, monkeypatch, no_cover, pytestconfig, record_property, record_testsuite_property, record_xml_attribute, recwarn, sample_log_with_version, sample_pdf_with_version, tmp_path, tmp_path_factory, tmpdir, tmpdir_factory, unused_tcp_port, unused_tcp_port_factory, unused_udp_port, unused_udp_port_factory
>       use 'pytest --fixtures [testpath]' for help on them.

/Users/nirtzur/Documents/projects/AGORA/tests/test_evidence_resolver.py:20
______________ ERROR at setup of test_artifact_version_not_found _______________
file /Users/nirtzur/Documents/projects/AGORA/tests/test_evidence_resolver.py, line 375
  def test_artifact_version_not_found(evidence_resolver):
file /Users/nirtzur/Documents/projects/AGORA/tests/test_evidence_resolver.py, line 20
  @pytest.fixture
  def evidence_resolver(storage, db_session):
E       fixture 'storage' not found
>       available fixtures: anyio_backend, anyio_backend_name, anyio_backend_options, cache, capfd, capfdbinary, caplog, capsys, capsysbinary, core_api_url, cov, dash_br, dash_duo, dash_duo_mp, dash_multi_process_server, dash_process_server, dash_thread_server, dashjl, dashjl_server, dashr, dashr_server, db_url, diskcache_manager, doctest_namespace, event_loop, evidence_resolver, free_tcp_port, free_tcp_port_factory, free_udp_port, free_udp_port_factory, hydra_restore_singletons, hydra_sweep_runner, hydra_task_runner, minio_config, moltbook_adapter_url, monkeypatch, no_cover, pytestconfig, record_property, record_testsuite_property, record_xml_attribute, recwarn, sample_log_with_version, sample_pdf_with_version, tmp_path, tmp_path_factory, tmpdir, tmpdir_factory, unused_tcp_port, unused_tcp_port_factory, unused_udp_port, unused_udp_port_factory
>       use 'pytest --fixtures [testpath]' for help on them.

/Users/nirtzur/Documents/projects/AGORA/tests/test_evidence_resolver.py:20
_______________ ERROR at setup of test_char_range_exceeds_bounds _______________
file /Users/nirtzur/Documents/projects/AGORA/tests/test_evidence_resolver.py, line 386
  def test_char_range_exceeds_bounds(evidence_resolver, sample_pdf_with_version):
file /Users/nirtzur/Documents/projects/AGORA/tests/test_evidence_resolver.py, line 20
  @pytest.fixture
  def evidence_resolver(storage, db_session):
E       fixture 'storage' not found
>       available fixtures: anyio_backend, anyio_backend_name, anyio_backend_options, cache, capfd, capfdbinary, caplog, capsys, capsysbinary, core_api_url, cov, dash_br, dash_duo, dash_duo_mp, dash_multi_process_server, dash_process_server, dash_thread_server, dashjl, dashjl_server, dashr, dashr_server, db_url, diskcache_manager, doctest_namespace, event_loop, evidence_resolver, free_tcp_port, free_tcp_port_factory, free_udp_port, free_udp_port_factory, hydra_restore_singletons, hydra_sweep_runner, hydra_task_runner, minio_config, moltbook_adapter_url, monkeypatch, no_cover, pytestconfig, record_property, record_testsuite_property, record_xml_attribute, recwarn, sample_log_with_version, sample_pdf_with_version, tmp_path, tmp_path_factory, tmpdir, tmpdir_factory, unused_tcp_port, unused_tcp_port_factory, unused_udp_port, unused_udp_port_factory
>       use 'pytest --fixtures [testpath]' for help on them.

/Users/nirtzur/Documents/projects/AGORA/tests/test_evidence_resolver.py:20
__________________ ERROR at setup of test_jsonpath_not_found ___________________
file /Users/nirtzur/Documents/projects/AGORA/tests/test_evidence_resolver.py, line 402
  def test_jsonpath_not_found(evidence_resolver, sample_log_with_version):
file /Users/nirtzur/Documents/projects/AGORA/tests/test_evidence_resolver.py, line 20
  @pytest.fixture
  def evidence_resolver(storage, db_session):
E       fixture 'storage' not found
>       available fixtures: anyio_backend, anyio_backend_name, anyio_backend_options, cache, capfd, capfdbinary, caplog, capsys, capsysbinary, core_api_url, cov, dash_br, dash_duo, dash_duo_mp, dash_multi_process_server, dash_process_server, dash_thread_server, dashjl, dashjl_server, dashr, dashr_server, db_url, diskcache_manager, doctest_namespace, event_loop, evidence_resolver, free_tcp_port, free_tcp_port_factory, free_udp_port, free_udp_port_factory, hydra_restore_singletons, hydra_sweep_runner, hydra_task_runner, minio_config, moltbook_adapter_url, monkeypatch, no_cover, pytestconfig, record_property, record_testsuite_property, record_xml_attribute, recwarn, sample_log_with_version, sample_pdf_with_version, tmp_path, tmp_path_factory, tmpdir, tmpdir_factory, unused_tcp_port, unused_tcp_port_factory, unused_udp_port, unused_udp_port_factory
>       use 'pytest --fixtures [testpath]' for help on them.

/Users/nirtzur/Documents/projects/AGORA/tests/test_evidence_resolver.py:20
_______________ ERROR at setup of test_deterministic_resolution ________________
file /Users/nirtzur/Documents/projects/AGORA/tests/test_evidence_resolver.py, line 416
  def test_deterministic_resolution(evidence_resolver, sample_pdf_with_version):
file /Users/nirtzur/Documents/projects/AGORA/tests/test_evidence_resolver.py, line 20
  @pytest.fixture
  def evidence_resolver(storage, db_session):
E       fixture 'storage' not found
>       available fixtures: anyio_backend, anyio_backend_name, anyio_backend_options, cache, capfd, capfdbinary, caplog, capsys, capsysbinary, core_api_url, cov, dash_br, dash_duo, dash_duo_mp, dash_multi_process_server, dash_process_server, dash_thread_server, dashjl, dashjl_server, dashr, dashr_server, db_url, diskcache_manager, doctest_namespace, event_loop, evidence_resolver, free_tcp_port, free_tcp_port_factory, free_udp_port, free_udp_port_factory, hydra_restore_singletons, hydra_sweep_runner, hydra_task_runner, minio_config, moltbook_adapter_url, monkeypatch, no_cover, pytestconfig, record_property, record_testsuite_property, record_xml_attribute, recwarn, sample_log_with_version, sample_pdf_with_version, tmp_path, tmp_path_factory, tmpdir, tmpdir_factory, unused_tcp_port, unused_tcp_port_factory, unused_udp_port, unused_udp_port_factory
>       use 'pytest --fixtures [testpath]' for help on them.

/Users/nirtzur/Documents/projects/AGORA/tests/test_evidence_resolver.py:20
_________ ERROR at setup of test_exit_literature_grounding_end_to_end __________
file /Users/nirtzur/Documents/projects/AGORA/tests/test_literature_grounding.py, line 49
  def test_exit_literature_grounding_end_to_end(db_session, integration_setup):
E       fixture 'db_session' not found
>       available fixtures: anyio_backend, anyio_backend_name, anyio_backend_options, cache, capfd, capfdbinary, caplog, capsys, capsysbinary, core_api_url, cov, dash_br, dash_duo, dash_duo_mp, dash_multi_process_server, dash_process_server, dash_thread_server, dashjl, dashjl_server, dashr, dashr_server, db_url, diskcache_manager, doctest_namespace, event_loop, free_tcp_port, free_tcp_port_factory, free_udp_port, free_udp_port_factory, hydra_restore_singletons, hydra_sweep_runner, hydra_task_runner, integration_setup, minio_config, moltbook_adapter_url, monkeypatch, no_cover, pytestconfig, record_property, record_testsuite_property, record_xml_attribute, recwarn, tmp_path, tmp_path_factory, tmpdir, tmpdir_factory, unused_tcp_port, unused_tcp_port_factory, unused_udp_port, unused_udp_port_factory
>       use 'pytest --fixtures [testpath]' for help on them.

/Users/nirtzur/Documents/projects/AGORA/tests/test_literature_grounding.py:49
_______________ ERROR at setup of test_idempotent_pdf_ingestion ________________
file /Users/nirtzur/Documents/projects/AGORA/tests/test_literature_grounding.py, line 306
  def test_idempotent_pdf_ingestion(db_session, integration_setup):
E       fixture 'db_session' not found
>       available fixtures: anyio_backend, anyio_backend_name, anyio_backend_options, cache, capfd, capfdbinary, caplog, capsys, capsysbinary, core_api_url, cov, dash_br, dash_duo, dash_duo_mp, dash_multi_process_server, dash_process_server, dash_thread_server, dashjl, dashjl_server, dashr, dashr_server, db_url, diskcache_manager, doctest_namespace, event_loop, free_tcp_port, free_tcp_port_factory, free_udp_port, free_udp_port_factory, hydra_restore_singletons, hydra_sweep_runner, hydra_task_runner, integration_setup, minio_config, moltbook_adapter_url, monkeypatch, no_cover, pytestconfig, record_property, record_testsuite_property, record_xml_attribute, recwarn, tmp_path, tmp_path_factory, tmpdir, tmpdir_factory, unused_tcp_port, unused_tcp_port_factory, unused_udp_port, unused_udp_port_factory
>       use 'pytest --fixtures [testpath]' for help on them.

/Users/nirtzur/Documents/projects/AGORA/tests/test_literature_grounding.py:306
________ ERROR at setup of test_draft_finalization_with_passing_checks _________
file /Users/nirtzur/Documents/projects/AGORA/tests/test_literature_grounding.py, line 371
  def test_draft_finalization_with_passing_checks(db_session, integration_setup):
E       fixture 'db_session' not found
>       available fixtures: anyio_backend, anyio_backend_name, anyio_backend_options, cache, capfd, capfdbinary, caplog, capsys, capsysbinary, core_api_url, cov, dash_br, dash_duo, dash_duo_mp, dash_multi_process_server, dash_process_server, dash_thread_server, dashjl, dashjl_server, dashr, dashr_server, db_url, diskcache_manager, doctest_namespace, event_loop, free_tcp_port, free_tcp_port_factory, free_udp_port, free_udp_port_factory, hydra_restore_singletons, hydra_sweep_runner, hydra_task_runner, integration_setup, minio_config, moltbook_adapter_url, monkeypatch, no_cover, pytestconfig, record_property, record_testsuite_property, record_xml_attribute, recwarn, tmp_path, tmp_path_factory, tmpdir, tmpdir_factory, unused_tcp_port, unused_tcp_port_factory, unused_udp_port, unused_udp_port_factory
>       use 'pytest --fixtures [testpath]' for help on them.

/Users/nirtzur/Documents/projects/AGORA/tests/test_literature_grounding.py:371
_________ ERROR at setup of TestLogsAppendOnly.test_create_log_success _________
tests/test_logs_events.py:40: in test_workspace
    with get_raw_db() as conn:
/Library/Frameworks/Python.framework/Versions/3.12/lib/python3.12/contextlib.py:137: in __enter__
    return next(self.gen)
packages/db/database.py:75: in get_raw_db
    conn = psycopg2.connect(
/Library/Frameworks/Python.framework/Versions/3.12/lib/python3.12/site-packages/psycopg2/__init__.py:122: in connect
    conn = _connect(dsn, connection_factory=connection_factory, **kwasync)
E   psycopg2.OperationalError: connection to server at "localhost" (::1), port 5432 failed: Connection refused
E   	Is the server running on that host and accepting TCP/IP connections?
E   connection to server at "localhost" (127.0.0.1), port 5432 failed: Connection refused
E   	Is the server running on that host and accepting TCP/IP connections?
_____________ ERROR at setup of TestLogsAppendOnly.test_list_logs ______________
tests/test_logs_events.py:40: in test_workspace
    with get_raw_db() as conn:
/Library/Frameworks/Python.framework/Versions/3.12/lib/python3.12/contextlib.py:137: in __enter__
    return next(self.gen)
packages/db/database.py:75: in get_raw_db
    conn = psycopg2.connect(
/Library/Frameworks/Python.framework/Versions/3.12/lib/python3.12/site-packages/psycopg2/__init__.py:122: in connect
    conn = _connect(dsn, connection_factory=connection_factory, **kwasync)
E   psycopg2.OperationalError: connection to server at "localhost" (::1), port 5432 failed: Connection refused
E   	Is the server running on that host and accepting TCP/IP connections?
E   connection to server at "localhost" (127.0.0.1), port 5432 failed: Connection refused
E   	Is the server running on that host and accepting TCP/IP connections?
____ ERROR at setup of TestLogsAppendOnly.test_list_logs_with_action_filter ____
tests/test_logs_events.py:40: in test_workspace
    with get_raw_db() as conn:
/Library/Frameworks/Python.framework/Versions/3.12/lib/python3.12/contextlib.py:137: in __enter__
    return next(self.gen)
packages/db/database.py:75: in get_raw_db
    conn = psycopg2.connect(
/Library/Frameworks/Python.framework/Versions/3.12/lib/python3.12/site-packages/psycopg2/__init__.py:122: in connect
    conn = _connect(dsn, connection_factory=connection_factory, **kwasync)
E   psycopg2.OperationalError: connection to server at "localhost" (::1), port 5432 failed: Connection refused
E   	Is the server running on that host and accepting TCP/IP connections?
E   connection to server at "localhost" (127.0.0.1), port 5432 failed: Connection refused
E   	Is the server running on that host and accepting TCP/IP connections?
__ ERROR at setup of TestEventsSystemOnly.test_create_event_with_system_token __
tests/test_logs_events.py:40: in test_workspace
    with get_raw_db() as conn:
/Library/Frameworks/Python.framework/Versions/3.12/lib/python3.12/contextlib.py:137: in __enter__
    return next(self.gen)
packages/db/database.py:75: in get_raw_db
    conn = psycopg2.connect(
/Library/Frameworks/Python.framework/Versions/3.12/lib/python3.12/site-packages/psycopg2/__init__.py:122: in connect
    conn = _connect(dsn, connection_factory=connection_factory, **kwasync)
E   psycopg2.OperationalError: connection to server at "localhost" (::1), port 5432 failed: Connection refused
E   	Is the server running on that host and accepting TCP/IP connections?
E   connection to server at "localhost" (127.0.0.1), port 5432 failed: Connection refused
E   	Is the server running on that host and accepting TCP/IP connections?
_ ERROR at setup of TestEventsSystemOnly.test_create_event_requires_system_token _
tests/test_logs_events.py:40: in test_workspace
    with get_raw_db() as conn:
/Library/Frameworks/Python.framework/Versions/3.12/lib/python3.12/contextlib.py:137: in __enter__
    return next(self.gen)
packages/db/database.py:75: in get_raw_db
    conn = psycopg2.connect(
/Library/Frameworks/Python.framework/Versions/3.12/lib/python3.12/site-packages/psycopg2/__init__.py:122: in connect
    conn = _connect(dsn, connection_factory=connection_factory, **kwasync)
E   psycopg2.OperationalError: connection to server at "localhost" (::1), port 5432 failed: Connection refused
E   	Is the server running on that host and accepting TCP/IP connections?
E   connection to server at "localhost" (127.0.0.1), port 5432 failed: Connection refused
E   	Is the server running on that host and accepting TCP/IP connections?
___________ ERROR at setup of TestEventsSystemOnly.test_list_events ____________
tests/test_logs_events.py:40: in test_workspace
    with get_raw_db() as conn:
/Library/Frameworks/Python.framework/Versions/3.12/lib/python3.12/contextlib.py:137: in __enter__
    return next(self.gen)
packages/db/database.py:75: in get_raw_db
    conn = psycopg2.connect(
/Library/Frameworks/Python.framework/Versions/3.12/lib/python3.12/site-packages/psycopg2/__init__.py:122: in connect
    conn = _connect(dsn, connection_factory=connection_factory, **kwasync)
E   psycopg2.OperationalError: connection to server at "localhost" (::1), port 5432 failed: Connection refused
E   	Is the server running on that host and accepting TCP/IP connections?
E   connection to server at "localhost" (127.0.0.1), port 5432 failed: Connection refused
E   	Is the server running on that host and accepting TCP/IP connections?
____ ERROR at setup of TestEventsSystemOnly.test_list_events_filter_by_type ____
tests/test_logs_events.py:40: in test_workspace
    with get_raw_db() as conn:
/Library/Frameworks/Python.framework/Versions/3.12/lib/python3.12/contextlib.py:137: in __enter__
    return next(self.gen)
packages/db/database.py:75: in get_raw_db
    conn = psycopg2.connect(
/Library/Frameworks/Python.framework/Versions/3.12/lib/python3.12/site-packages/psycopg2/__init__.py:122: in connect
    conn = _connect(dsn, connection_factory=connection_factory, **kwasync)
E   psycopg2.OperationalError: connection to server at "localhost" (::1), port 5432 failed: Connection refused
E   	Is the server running on that host and accepting TCP/IP connections?
E   connection to server at "localhost" (127.0.0.1), port 5432 failed: Connection refused
E   	Is the server running on that host and accepting TCP/IP connections?
_ ERROR at setup of TestEventsSystemOnly.test_list_events_filter_by_actor_type _
tests/test_logs_events.py:40: in test_workspace
    with get_raw_db() as conn:
/Library/Frameworks/Python.framework/Versions/3.12/lib/python3.12/contextlib.py:137: in __enter__
    return next(self.gen)
packages/db/database.py:75: in get_raw_db
    conn = psycopg2.connect(
/Library/Frameworks/Python.framework/Versions/3.12/lib/python3.12/site-packages/psycopg2/__init__.py:122: in connect
    conn = _connect(dsn, connection_factory=connection_factory, **kwasync)
E   psycopg2.OperationalError: connection to server at "localhost" (::1), port 5432 failed: Connection refused
E   	Is the server running on that host and accepting TCP/IP connections?
E   connection to server at "localhost" (127.0.0.1), port 5432 failed: Connection refused
E   	Is the server running on that host and accepting TCP/IP connections?
___ ERROR at setup of TestExitCriteria.test_claim_creation_emits_agent_event ___
tests/test_logs_events.py:40: in test_workspace
    with get_raw_db() as conn:
/Library/Frameworks/Python.framework/Versions/3.12/lib/python3.12/contextlib.py:137: in __enter__
    return next(self.gen)
packages/db/database.py:75: in get_raw_db
    conn = psycopg2.connect(
/Library/Frameworks/Python.framework/Versions/3.12/lib/python3.12/site-packages/psycopg2/__init__.py:122: in connect
    conn = _connect(dsn, connection_factory=connection_factory, **kwasync)
E   psycopg2.OperationalError: connection to server at "localhost" (::1), port 5432 failed: Connection refused
E   	Is the server running on that host and accepting TCP/IP connections?
E   connection to server at "localhost" (127.0.0.1), port 5432 failed: Connection refused
E   	Is the server running on that host and accepting TCP/IP connections?
__ ERROR at setup of TestExitCriteria.test_worker_artifacts_emit_system_event __
tests/test_logs_events.py:40: in test_workspace
    with get_raw_db() as conn:
/Library/Frameworks/Python.framework/Versions/3.12/lib/python3.12/contextlib.py:137: in __enter__
    return next(self.gen)
packages/db/database.py:75: in get_raw_db
    conn = psycopg2.connect(
/Library/Frameworks/Python.framework/Versions/3.12/lib/python3.12/site-packages/psycopg2/__init__.py:122: in connect
    conn = _connect(dsn, connection_factory=connection_factory, **kwasync)
E   psycopg2.OperationalError: connection to server at "localhost" (::1), port 5432 failed: Connection refused
E   	Is the server running on that host and accepting TCP/IP connections?
E   connection to server at "localhost" (127.0.0.1), port 5432 failed: Connection refused
E   	Is the server running on that host and accepting TCP/IP connections?
___ ERROR at setup of TestAppendOnlyEnforcement.test_no_log_update_endpoint ____
tests/test_logs_events.py:40: in test_workspace
    with get_raw_db() as conn:
/Library/Frameworks/Python.framework/Versions/3.12/lib/python3.12/contextlib.py:137: in __enter__
    return next(self.gen)
packages/db/database.py:75: in get_raw_db
    conn = psycopg2.connect(
/Library/Frameworks/Python.framework/Versions/3.12/lib/python3.12/site-packages/psycopg2/__init__.py:122: in connect
    conn = _connect(dsn, connection_factory=connection_factory, **kwasync)
E   psycopg2.OperationalError: connection to server at "localhost" (::1), port 5432 failed: Connection refused
E   	Is the server running on that host and accepting TCP/IP connections?
E   connection to server at "localhost" (127.0.0.1), port 5432 failed: Connection refused
E   	Is the server running on that host and accepting TCP/IP connections?
__ ERROR at setup of TestAppendOnlyEnforcement.test_no_event_update_endpoint ___
tests/test_logs_events.py:40: in test_workspace
    with get_raw_db() as conn:
/Library/Frameworks/Python.framework/Versions/3.12/lib/python3.12/contextlib.py:137: in __enter__
    return next(self.gen)
packages/db/database.py:75: in get_raw_db
    conn = psycopg2.connect(
/Library/Frameworks/Python.framework/Versions/3.12/lib/python3.12/site-packages/psycopg2/__init__.py:122: in connect
    conn = _connect(dsn, connection_factory=connection_factory, **kwasync)
E   psycopg2.OperationalError: connection to server at "localhost" (::1), port 5432 failed: Connection refused
E   	Is the server running on that host and accepting TCP/IP connections?
E   connection to server at "localhost" (127.0.0.1), port 5432 failed: Connection refused
E   	Is the server running on that host and accepting TCP/IP connections?
________________ ERROR at setup of test_exit_1_ingest_real_pdf _________________
file /Users/nirtzur/Documents/projects/AGORA/tests/test_pdf_ingestion.py, line 77
  def test_exit_1_ingest_real_pdf(pdf_activity, sample_pdf_bytes, workspace_with_artifact, db_session):
file /Users/nirtzur/Documents/projects/AGORA/tests/test_pdf_ingestion.py, line 22
  @pytest.fixture
  def pdf_activity(storage, db_session):
E       fixture 'storage' not found
>       available fixtures: anyio_backend, anyio_backend_name, anyio_backend_options, cache, capfd, capfdbinary, caplog, capsys, capsysbinary, core_api_url, cov, dash_br, dash_duo, dash_duo_mp, dash_multi_process_server, dash_process_server, dash_thread_server, dashjl, dashjl_server, dashr, dashr_server, db_url, diskcache_manager, doctest_namespace, event_loop, free_tcp_port, free_tcp_port_factory, free_udp_port, free_udp_port_factory, hydra_restore_singletons, hydra_sweep_runner, hydra_task_runner, minio_config, moltbook_adapter_url, monkeypatch, no_cover, pdf_activity, pytestconfig, record_property, record_testsuite_property, record_xml_attribute, recwarn, sample_pdf_bytes, tmp_path, tmp_path_factory, tmpdir, tmpdir_factory, unused_tcp_port, unused_tcp_port_factory, unused_udp_port, unused_udp_port_factory, workspace_with_artifact
>       use 'pytest --fixtures [testpath]' for help on them.

/Users/nirtzur/Documents/projects/AGORA/tests/test_pdf_ingestion.py:22
___________ ERROR at setup of test_exit_2_retrieve_parsed_page_text ____________
file /Users/nirtzur/Documents/projects/AGORA/tests/test_pdf_ingestion.py, line 151
  def test_exit_2_retrieve_parsed_page_text(pdf_activity, sample_pdf_bytes, workspace_with_artifact):
file /Users/nirtzur/Documents/projects/AGORA/tests/test_pdf_ingestion.py, line 22
  @pytest.fixture
  def pdf_activity(storage, db_session):
E       fixture 'storage' not found
>       available fixtures: anyio_backend, anyio_backend_name, anyio_backend_options, cache, capfd, capfdbinary, caplog, capsys, capsysbinary, core_api_url, cov, dash_br, dash_duo, dash_duo_mp, dash_multi_process_server, dash_process_server, dash_thread_server, dashjl, dashjl_server, dashr, dashr_server, db_url, diskcache_manager, doctest_namespace, event_loop, free_tcp_port, free_tcp_port_factory, free_udp_port, free_udp_port_factory, hydra_restore_singletons, hydra_sweep_runner, hydra_task_runner, minio_config, moltbook_adapter_url, monkeypatch, no_cover, pdf_activity, pytestconfig, record_property, record_testsuite_property, record_xml_attribute, recwarn, sample_pdf_bytes, tmp_path, tmp_path_factory, tmpdir, tmpdir_factory, unused_tcp_port, unused_tcp_port_factory, unused_udp_port, unused_udp_port_factory, workspace_with_artifact
>       use 'pytest --fixtures [testpath]' for help on them.

/Users/nirtzur/Documents/projects/AGORA/tests/test_pdf_ingestion.py:22
______________ ERROR at setup of test_exit_3_evidence_resolution _______________
file /Users/nirtzur/Documents/projects/AGORA/tests/test_pdf_ingestion.py, line 192
  def test_exit_3_evidence_resolution(pdf_activity, sample_pdf_bytes, workspace_with_artifact):
file /Users/nirtzur/Documents/projects/AGORA/tests/test_pdf_ingestion.py, line 22
  @pytest.fixture
  def pdf_activity(storage, db_session):
E       fixture 'storage' not found
>       available fixtures: anyio_backend, anyio_backend_name, anyio_backend_options, cache, capfd, capfdbinary, caplog, capsys, capsysbinary, core_api_url, cov, dash_br, dash_duo, dash_duo_mp, dash_multi_process_server, dash_process_server, dash_thread_server, dashjl, dashjl_server, dashr, dashr_server, db_url, diskcache_manager, doctest_namespace, event_loop, free_tcp_port, free_tcp_port_factory, free_udp_port, free_udp_port_factory, hydra_restore_singletons, hydra_sweep_runner, hydra_task_runner, minio_config, moltbook_adapter_url, monkeypatch, no_cover, pdf_activity, pytestconfig, record_property, record_testsuite_property, record_xml_attribute, recwarn, sample_pdf_bytes, tmp_path, tmp_path_factory, tmpdir, tmpdir_factory, unused_tcp_port, unused_tcp_port_factory, unused_udp_port, unused_udp_port_factory, workspace_with_artifact
>       use 'pytest --fixtures [testpath]' for help on them.

/Users/nirtzur/Documents/projects/AGORA/tests/test_pdf_ingestion.py:22
___________________ ERROR at setup of test_no_text_pdf_fails ___________________
file /Users/nirtzur/Documents/projects/AGORA/tests/test_pdf_ingestion.py, line 277
  def test_no_text_pdf_fails(pdf_activity, workspace_with_artifact):
file /Users/nirtzur/Documents/projects/AGORA/tests/test_pdf_ingestion.py, line 22
  @pytest.fixture
  def pdf_activity(storage, db_session):
E       fixture 'storage' not found
>       available fixtures: anyio_backend, anyio_backend_name, anyio_backend_options, cache, capfd, capfdbinary, caplog, capsys, capsysbinary, core_api_url, cov, dash_br, dash_duo, dash_duo_mp, dash_multi_process_server, dash_process_server, dash_thread_server, dashjl, dashjl_server, dashr, dashr_server, db_url, diskcache_manager, doctest_namespace, event_loop, free_tcp_port, free_tcp_port_factory, free_udp_port, free_udp_port_factory, hydra_restore_singletons, hydra_sweep_runner, hydra_task_runner, minio_config, moltbook_adapter_url, monkeypatch, no_cover, pdf_activity, pytestconfig, record_property, record_testsuite_property, record_xml_attribute, recwarn, sample_pdf_bytes, tmp_path, tmp_path_factory, tmpdir, tmpdir_factory, unused_tcp_port, unused_tcp_port_factory, unused_udp_port, unused_udp_port_factory, workspace_with_artifact
>       use 'pytest --fixtures [testpath]' for help on them.

/Users/nirtzur/Documents/projects/AGORA/tests/test_pdf_ingestion.py:22
___________ ERROR at setup of test_invalid_evidence_location_format ____________
file /Users/nirtzur/Documents/projects/AGORA/tests/test_pdf_ingestion.py, line 303
  def test_invalid_evidence_location_format(pdf_activity, sample_pdf_bytes, workspace_with_artifact):
file /Users/nirtzur/Documents/projects/AGORA/tests/test_pdf_ingestion.py, line 22
  @pytest.fixture
  def pdf_activity(storage, db_session):
E       fixture 'storage' not found
>       available fixtures: anyio_backend, anyio_backend_name, anyio_backend_options, cache, capfd, capfdbinary, caplog, capsys, capsysbinary, core_api_url, cov, dash_br, dash_duo, dash_duo_mp, dash_multi_process_server, dash_process_server, dash_thread_server, dashjl, dashjl_server, dashr, dashr_server, db_url, diskcache_manager, doctest_namespace, event_loop, free_tcp_port, free_tcp_port_factory, free_udp_port, free_udp_port_factory, hydra_restore_singletons, hydra_sweep_runner, hydra_task_runner, minio_config, moltbook_adapter_url, monkeypatch, no_cover, pdf_activity, pytestconfig, record_property, record_testsuite_property, record_xml_attribute, recwarn, sample_pdf_bytes, tmp_path, tmp_path_factory, tmpdir, tmpdir_factory, unused_tcp_port, unused_tcp_port_factory, unused_udp_port, unused_udp_port_factory, workspace_with_artifact
>       use 'pytest --fixtures [testpath]' for help on them.

/Users/nirtzur/Documents/projects/AGORA/tests/test_pdf_ingestion.py:22
_____ ERROR at setup of TestPermissionChecking.test_agent_not_in_workspace _____
/Library/Frameworks/Python.framework/Versions/3.12/lib/python3.12/site-packages/sqlalchemy/engine/base.py:143: in __init__
    self._dbapi_connection = engine.raw_connection()
/Library/Frameworks/Python.framework/Versions/3.12/lib/python3.12/site-packages/sqlalchemy/engine/base.py:3309: in raw_connection
    return self.pool.connect()
/Library/Frameworks/Python.framework/Versions/3.12/lib/python3.12/site-packages/sqlalchemy/pool/base.py:447: in connect
    return _ConnectionFairy._checkout(self)
/Library/Frameworks/Python.framework/Versions/3.12/lib/python3.12/site-packages/sqlalchemy/pool/base.py:1264: in _checkout
    fairy = _ConnectionRecord.checkout(pool)
/Library/Frameworks/Python.framework/Versions/3.12/lib/python3.12/site-packages/sqlalchemy/pool/base.py:711: in checkout
    rec = pool._do_get()
/Library/Frameworks/Python.framework/Versions/3.12/lib/python3.12/site-packages/sqlalchemy/pool/impl.py:177: in _do_get
    with util.safe_reraise():
/Library/Frameworks/Python.framework/Versions/3.12/lib/python3.12/site-packages/sqlalchemy/util/langhelpers.py:224: in __exit__
    raise exc_value.with_traceback(exc_tb)
/Library/Frameworks/Python.framework/Versions/3.12/lib/python3.12/site-packages/sqlalchemy/pool/impl.py:175: in _do_get
    return self._create_connection()
/Library/Frameworks/Python.framework/Versions/3.12/lib/python3.12/site-packages/sqlalchemy/pool/base.py:388: in _create_connection
    return _ConnectionRecord(self)
/Library/Frameworks/Python.framework/Versions/3.12/lib/python3.12/site-packages/sqlalchemy/pool/base.py:673: in __init__
    self.__connect()
/Library/Frameworks/Python.framework/Versions/3.12/lib/python3.12/site-packages/sqlalchemy/pool/base.py:899: in __connect
    with util.safe_reraise():
/Library/Frameworks/Python.framework/Versions/3.12/lib/python3.12/site-packages/sqlalchemy/util/langhelpers.py:224: in __exit__
    raise exc_value.with_traceback(exc_tb)
/Library/Frameworks/Python.framework/Versions/3.12/lib/python3.12/site-packages/sqlalchemy/pool/base.py:895: in __connect
    self.dbapi_connection = connection = pool._invoke_creator(self)
/Library/Frameworks/Python.framework/Versions/3.12/lib/python3.12/site-packages/sqlalchemy/engine/create.py:661: in connect
    return dialect.connect(*cargs, **cparams)
/Library/Frameworks/Python.framework/Versions/3.12/lib/python3.12/site-packages/sqlalchemy/engine/default.py:630: in connect
    return self.loaded_dbapi.connect(*cargs, **cparams)  # type: ignore[no-any-return]  # NOQA: E501
/Library/Frameworks/Python.framework/Versions/3.12/lib/python3.12/site-packages/psycopg2/__init__.py:122: in connect
    conn = _connect(dsn, connection_factory=connection_factory, **kwasync)
E   psycopg2.OperationalError: connection to server at "localhost" (::1), port 5432 failed: Connection refused
E   	Is the server running on that host and accepting TCP/IP connections?
E   connection to server at "localhost" (127.0.0.1), port 5432 failed: Connection refused
E   	Is the server running on that host and accepting TCP/IP connections?

The above exception was the direct cause of the following exception:
tests/test_rbac.py:137: in test_workspace
    db.execute(
packages/db/database.py:32: in execute
    return self._session.execute(query, params)
/Library/Frameworks/Python.framework/Versions/3.12/lib/python3.12/site-packages/sqlalchemy/orm/session.py:2351: in execute
    return self._execute_internal(
/Library/Frameworks/Python.framework/Versions/3.12/lib/python3.12/site-packages/sqlalchemy/orm/session.py:2239: in _execute_internal
    conn = self._connection_for_bind(bind)
/Library/Frameworks/Python.framework/Versions/3.12/lib/python3.12/site-packages/sqlalchemy/orm/session.py:2108: in _connection_for_bind
    return trans._connection_for_bind(engine, execution_options)
<string>:2: in _connection_for_bind
    ???
/Library/Frameworks/Python.framework/Versions/3.12/lib/python3.12/site-packages/sqlalchemy/orm/state_changes.py:137: in _go
    ret_value = fn(self, *arg, **kw)
/Library/Frameworks/Python.framework/Versions/3.12/lib/python3.12/site-packages/sqlalchemy/orm/session.py:1187: in _connection_for_bind
    conn = bind.connect()
/Library/Frameworks/Python.framework/Versions/3.12/lib/python3.12/site-packages/sqlalchemy/engine/base.py:3285: in connect
    return self._connection_cls(self)
/Library/Frameworks/Python.framework/Versions/3.12/lib/python3.12/site-packages/sqlalchemy/engine/base.py:145: in __init__
    Connection._handle_dbapi_exception_noconnection(
/Library/Frameworks/Python.framework/Versions/3.12/lib/python3.12/site-packages/sqlalchemy/engine/base.py:2448: in _handle_dbapi_exception_noconnection
    raise sqlalchemy_exception.with_traceback(exc_info[2]) from e
/Library/Frameworks/Python.framework/Versions/3.12/lib/python3.12/site-packages/sqlalchemy/engine/base.py:143: in __init__
    self._dbapi_connection = engine.raw_connection()
/Library/Frameworks/Python.framework/Versions/3.12/lib/python3.12/site-packages/sqlalchemy/engine/base.py:3309: in raw_connection
    return self.pool.connect()
/Library/Frameworks/Python.framework/Versions/3.12/lib/python3.12/site-packages/sqlalchemy/pool/base.py:447: in connect
    return _ConnectionFairy._checkout(self)
/Library/Frameworks/Python.framework/Versions/3.12/lib/python3.12/site-packages/sqlalchemy/pool/base.py:1264: in _checkout
    fairy = _ConnectionRecord.checkout(pool)
/Library/Frameworks/Python.framework/Versions/3.12/lib/python3.12/site-packages/sqlalchemy/pool/base.py:711: in checkout
    rec = pool._do_get()
/Library/Frameworks/Python.framework/Versions/3.12/lib/python3.12/site-packages/sqlalchemy/pool/impl.py:177: in _do_get
    with util.safe_reraise():
/Library/Frameworks/Python.framework/Versions/3.12/lib/python3.12/site-packages/sqlalchemy/util/langhelpers.py:224: in __exit__
    raise exc_value.with_traceback(exc_tb)
/Library/Frameworks/Python.framework/Versions/3.12/lib/python3.12/site-packages/sqlalchemy/pool/impl.py:175: in _do_get
    return self._create_connection()
/Library/Frameworks/Python.framework/Versions/3.12/lib/python3.12/site-packages/sqlalchemy/pool/base.py:388: in _create_connection
    return _ConnectionRecord(self)
/Library/Frameworks/Python.framework/Versions/3.12/lib/python3.12/site-packages/sqlalchemy/pool/base.py:673: in __init__
    self.__connect()
/Library/Frameworks/Python.framework/Versions/3.12/lib/python3.12/site-packages/sqlalchemy/pool/base.py:899: in __connect
    with util.safe_reraise():
/Library/Frameworks/Python.framework/Versions/3.12/lib/python3.12/site-packages/sqlalchemy/util/langhelpers.py:224: in __exit__
    raise exc_value.with_traceback(exc_tb)
/Library/Frameworks/Python.framework/Versions/3.12/lib/python3.12/site-packages/sqlalchemy/pool/base.py:895: in __connect
    self.dbapi_connection = connection = pool._invoke_creator(self)
/Library/Frameworks/Python.framework/Versions/3.12/lib/python3.12/site-packages/sqlalchemy/engine/create.py:661: in connect
    return dialect.connect(*cargs, **cparams)
/Library/Frameworks/Python.framework/Versions/3.12/lib/python3.12/site-packages/sqlalchemy/engine/default.py:630: in connect
    return self.loaded_dbapi.connect(*cargs, **cparams)  # type: ignore[no-any-return]  # NOQA: E501
/Library/Frameworks/Python.framework/Versions/3.12/lib/python3.12/site-packages/psycopg2/__init__.py:122: in connect
    conn = _connect(dsn, connection_factory=connection_factory, **kwasync)
E   sqlalchemy.exc.OperationalError: (psycopg2.OperationalError) connection to server at "localhost" (::1), port 5432 failed: Connection refused
E   	Is the server running on that host and accepting TCP/IP connections?
E   connection to server at "localhost" (127.0.0.1), port 5432 failed: Connection refused
E   	Is the server running on that host and accepting TCP/IP connections?
E   
E   (Background on this error at: https://sqlalche.me/e/20/e3q8)
_ ERROR at setup of TestPermissionChecking.test_experimentalist_can_run_sandbox _
/Library/Frameworks/Python.framework/Versions/3.12/lib/python3.12/site-packages/sqlalchemy/engine/base.py:143: in __init__
    self._dbapi_connection = engine.raw_connection()
/Library/Frameworks/Python.framework/Versions/3.12/lib/python3.12/site-packages/sqlalchemy/engine/base.py:3309: in raw_connection
    return self.pool.connect()
/Library/Frameworks/Python.framework/Versions/3.12/lib/python3.12/site-packages/sqlalchemy/pool/base.py:447: in connect
    return _ConnectionFairy._checkout(self)
/Library/Frameworks/Python.framework/Versions/3.12/lib/python3.12/site-packages/sqlalchemy/pool/base.py:1264: in _checkout
    fairy = _ConnectionRecord.checkout(pool)
/Library/Frameworks/Python.framework/Versions/3.12/lib/python3.12/site-packages/sqlalchemy/pool/base.py:711: in checkout
    rec = pool._do_get()
/Library/Frameworks/Python.framework/Versions/3.12/lib/python3.12/site-packages/sqlalchemy/pool/impl.py:177: in _do_get
    with util.safe_reraise():
/Library/Frameworks/Python.framework/Versions/3.12/lib/python3.12/site-packages/sqlalchemy/util/langhelpers.py:224: in __exit__
    raise exc_value.with_traceback(exc_tb)
/Library/Frameworks/Python.framework/Versions/3.12/lib/python3.12/site-packages/sqlalchemy/pool/impl.py:175: in _do_get
    return self._create_connection()
/Library/Frameworks/Python.framework/Versions/3.12/lib/python3.12/site-packages/sqlalchemy/pool/base.py:388: in _create_connection
    return _ConnectionRecord(self)
/Library/Frameworks/Python.framework/Versions/3.12/lib/python3.12/site-packages/sqlalchemy/pool/base.py:673: in __init__
    self.__connect()
/Library/Frameworks/Python.framework/Versions/3.12/lib/python3.12/site-packages/sqlalchemy/pool/base.py:899: in __connect
    with util.safe_reraise():
/Library/Frameworks/Python.framework/Versions/3.12/lib/python3.12/site-packages/sqlalchemy/util/langhelpers.py:224: in __exit__
    raise exc_value.with_traceback(exc_tb)
/Library/Frameworks/Python.framework/Versions/3.12/lib/python3.12/site-packages/sqlalchemy/pool/base.py:895: in __connect
    self.dbapi_connection = connection = pool._invoke_creator(self)
/Library/Frameworks/Python.framework/Versions/3.12/lib/python3.12/site-packages/sqlalchemy/engine/create.py:661: in connect
    return dialect.connect(*cargs, **cparams)
/Library/Frameworks/Python.framework/Versions/3.12/lib/python3.12/site-packages/sqlalchemy/engine/default.py:630: in connect
    return self.loaded_dbapi.connect(*cargs, **cparams)  # type: ignore[no-any-return]  # NOQA: E501
/Library/Frameworks/Python.framework/Versions/3.12/lib/python3.12/site-packages/psycopg2/__init__.py:122: in connect
    conn = _connect(dsn, connection_factory=connection_factory, **kwasync)
E   psycopg2.OperationalError: connection to server at "localhost" (::1), port 5432 failed: Connection refused
E   	Is the server running on that host and accepting TCP/IP connections?
E   connection to server at "localhost" (127.0.0.1), port 5432 failed: Connection refused
E   	Is the server running on that host and accepting TCP/IP connections?

The above exception was the direct cause of the following exception:
tests/test_rbac.py:137: in test_workspace
    db.execute(
packages/db/database.py:32: in execute
    return self._session.execute(query, params)
/Library/Frameworks/Python.framework/Versions/3.12/lib/python3.12/site-packages/sqlalchemy/orm/session.py:2351: in execute
    return self._execute_internal(
/Library/Frameworks/Python.framework/Versions/3.12/lib/python3.12/site-packages/sqlalchemy/orm/session.py:2239: in _execute_internal
    conn = self._connection_for_bind(bind)
/Library/Frameworks/Python.framework/Versions/3.12/lib/python3.12/site-packages/sqlalchemy/orm/session.py:2108: in _connection_for_bind
    return trans._connection_for_bind(engine, execution_options)
<string>:2: in _connection_for_bind
    ???
/Library/Frameworks/Python.framework/Versions/3.12/lib/python3.12/site-packages/sqlalchemy/orm/state_changes.py:137: in _go
    ret_value = fn(self, *arg, **kw)
/Library/Frameworks/Python.framework/Versions/3.12/lib/python3.12/site-packages/sqlalchemy/orm/session.py:1187: in _connection_for_bind
    conn = bind.connect()
/Library/Frameworks/Python.framework/Versions/3.12/lib/python3.12/site-packages/sqlalchemy/engine/base.py:3285: in connect
    return self._connection_cls(self)
/Library/Frameworks/Python.framework/Versions/3.12/lib/python3.12/site-packages/sqlalchemy/engine/base.py:145: in __init__
    Connection._handle_dbapi_exception_noconnection(
/Library/Frameworks/Python.framework/Versions/3.12/lib/python3.12/site-packages/sqlalchemy/engine/base.py:2448: in _handle_dbapi_exception_noconnection
    raise sqlalchemy_exception.with_traceback(exc_info[2]) from e
/Library/Frameworks/Python.framework/Versions/3.12/lib/python3.12/site-packages/sqlalchemy/engine/base.py:143: in __init__
    self._dbapi_connection = engine.raw_connection()
/Library/Frameworks/Python.framework/Versions/3.12/lib/python3.12/site-packages/sqlalchemy/engine/base.py:3309: in raw_connection
    return self.pool.connect()
/Library/Frameworks/Python.framework/Versions/3.12/lib/python3.12/site-packages/sqlalchemy/pool/base.py:447: in connect
    return _ConnectionFairy._checkout(self)
/Library/Frameworks/Python.framework/Versions/3.12/lib/python3.12/site-packages/sqlalchemy/pool/base.py:1264: in _checkout
    fairy = _ConnectionRecord.checkout(pool)
/Library/Frameworks/Python.framework/Versions/3.12/lib/python3.12/site-packages/sqlalchemy/pool/base.py:711: in checkout
    rec = pool._do_get()
/Library/Frameworks/Python.framework/Versions/3.12/lib/python3.12/site-packages/sqlalchemy/pool/impl.py:177: in _do_get
    with util.safe_reraise():
/Library/Frameworks/Python.framework/Versions/3.12/lib/python3.12/site-packages/sqlalchemy/util/langhelpers.py:224: in __exit__
    raise exc_value.with_traceback(exc_tb)
/Library/Frameworks/Python.framework/Versions/3.12/lib/python3.12/site-packages/sqlalchemy/pool/impl.py:175: in _do_get
    return self._create_connection()
/Library/Frameworks/Python.framework/Versions/3.12/lib/python3.12/site-packages/sqlalchemy/pool/base.py:388: in _create_connection
    return _ConnectionRecord(self)
/Library/Frameworks/Python.framework/Versions/3.12/lib/python3.12/site-packages/sqlalchemy/pool/base.py:673: in __init__
    self.__connect()
/Library/Frameworks/Python.framework/Versions/3.12/lib/python3.12/site-packages/sqlalchemy/pool/base.py:899: in __connect
    with util.safe_reraise():
/Library/Frameworks/Python.framework/Versions/3.12/lib/python3.12/site-packages/sqlalchemy/util/langhelpers.py:224: in __exit__
    raise exc_value.with_traceback(exc_tb)
/Library/Frameworks/Python.framework/Versions/3.12/lib/python3.12/site-packages/sqlalchemy/pool/base.py:895: in __connect
    self.dbapi_connection = connection = pool._invoke_creator(self)
/Library/Frameworks/Python.framework/Versions/3.12/lib/python3.12/site-packages/sqlalchemy/engine/create.py:661: in connect
    return dialect.connect(*cargs, **cparams)
/Library/Frameworks/Python.framework/Versions/3.12/lib/python3.12/site-packages/sqlalchemy/engine/default.py:630: in connect
    return self.loaded_dbapi.connect(*cargs, **cparams)  # type: ignore[no-any-return]  # NOQA: E501
/Library/Frameworks/Python.framework/Versions/3.12/lib/python3.12/site-packages/psycopg2/__init__.py:122: in connect
    conn = _connect(dsn, connection_factory=connection_factory, **kwasync)
E   sqlalchemy.exc.OperationalError: (psycopg2.OperationalError) connection to server at "localhost" (::1), port 5432 failed: Connection refused
E   	Is the server running on that host and accepting TCP/IP connections?
E   connection to server at "localhost" (127.0.0.1), port 5432 failed: Connection refused
E   	Is the server running on that host and accepting TCP/IP connections?
E   
E   (Background on this error at: https://sqlalche.me/e/20/e3q8)
_ ERROR at setup of TestPermissionChecking.test_synthesizer_cannot_run_sandbox _
/Library/Frameworks/Python.framework/Versions/3.12/lib/python3.12/site-packages/sqlalchemy/engine/base.py:143: in __init__
    self._dbapi_connection = engine.raw_connection()
/Library/Frameworks/Python.framework/Versions/3.12/lib/python3.12/site-packages/sqlalchemy/engine/base.py:3309: in raw_connection
    return self.pool.connect()
/Library/Frameworks/Python.framework/Versions/3.12/lib/python3.12/site-packages/sqlalchemy/pool/base.py:447: in connect
    return _ConnectionFairy._checkout(self)
/Library/Frameworks/Python.framework/Versions/3.12/lib/python3.12/site-packages/sqlalchemy/pool/base.py:1264: in _checkout
    fairy = _ConnectionRecord.checkout(pool)
/Library/Frameworks/Python.framework/Versions/3.12/lib/python3.12/site-packages/sqlalchemy/pool/base.py:711: in checkout
    rec = pool._do_get()
/Library/Frameworks/Python.framework/Versions/3.12/lib/python3.12/site-packages/sqlalchemy/pool/impl.py:177: in _do_get
    with util.safe_reraise():
/Library/Frameworks/Python.framework/Versions/3.12/lib/python3.12/site-packages/sqlalchemy/util/langhelpers.py:224: in __exit__
    raise exc_value.with_traceback(exc_tb)
/Library/Frameworks/Python.framework/Versions/3.12/lib/python3.12/site-packages/sqlalchemy/pool/impl.py:175: in _do_get
    return self._create_connection()
/Library/Frameworks/Python.framework/Versions/3.12/lib/python3.12/site-packages/sqlalchemy/pool/base.py:388: in _create_connection
    return _ConnectionRecord(self)
/Library/Frameworks/Python.framework/Versions/3.12/lib/python3.12/site-packages/sqlalchemy/pool/base.py:673: in __init__
    self.__connect()
/Library/Frameworks/Python.framework/Versions/3.12/lib/python3.12/site-packages/sqlalchemy/pool/base.py:899: in __connect
    with util.safe_reraise():
/Library/Frameworks/Python.framework/Versions/3.12/lib/python3.12/site-packages/sqlalchemy/util/langhelpers.py:224: in __exit__
    raise exc_value.with_traceback(exc_tb)
/Library/Frameworks/Python.framework/Versions/3.12/lib/python3.12/site-packages/sqlalchemy/pool/base.py:895: in __connect
    self.dbapi_connection = connection = pool._invoke_creator(self)
/Library/Frameworks/Python.framework/Versions/3.12/lib/python3.12/site-packages/sqlalchemy/engine/create.py:661: in connect
    return dialect.connect(*cargs, **cparams)
/Library/Frameworks/Python.framework/Versions/3.12/lib/python3.12/site-packages/sqlalchemy/engine/default.py:630: in connect
    return self.loaded_dbapi.connect(*cargs, **cparams)  # type: ignore[no-any-return]  # NOQA: E501
/Library/Frameworks/Python.framework/Versions/3.12/lib/python3.12/site-packages/psycopg2/__init__.py:122: in connect
    conn = _connect(dsn, connection_factory=connection_factory, **kwasync)
E   psycopg2.OperationalError: connection to server at "localhost" (::1), port 5432 failed: Connection refused
E   	Is the server running on that host and accepting TCP/IP connections?
E   connection to server at "localhost" (127.0.0.1), port 5432 failed: Connection refused
E   	Is the server running on that host and accepting TCP/IP connections?

The above exception was the direct cause of the following exception:
tests/test_rbac.py:137: in test_workspace
    db.execute(
packages/db/database.py:32: in execute
    return self._session.execute(query, params)
/Library/Frameworks/Python.framework/Versions/3.12/lib/python3.12/site-packages/sqlalchemy/orm/session.py:2351: in execute
    return self._execute_internal(
/Library/Frameworks/Python.framework/Versions/3.12/lib/python3.12/site-packages/sqlalchemy/orm/session.py:2239: in _execute_internal
    conn = self._connection_for_bind(bind)
/Library/Frameworks/Python.framework/Versions/3.12/lib/python3.12/site-packages/sqlalchemy/orm/session.py:2108: in _connection_for_bind
    return trans._connection_for_bind(engine, execution_options)
<string>:2: in _connection_for_bind
    ???
/Library/Frameworks/Python.framework/Versions/3.12/lib/python3.12/site-packages/sqlalchemy/orm/state_changes.py:137: in _go
    ret_value = fn(self, *arg, **kw)
/Library/Frameworks/Python.framework/Versions/3.12/lib/python3.12/site-packages/sqlalchemy/orm/session.py:1187: in _connection_for_bind
    conn = bind.connect()
/Library/Frameworks/Python.framework/Versions/3.12/lib/python3.12/site-packages/sqlalchemy/engine/base.py:3285: in connect
    return self._connection_cls(self)
/Library/Frameworks/Python.framework/Versions/3.12/lib/python3.12/site-packages/sqlalchemy/engine/base.py:145: in __init__
    Connection._handle_dbapi_exception_noconnection(
/Library/Frameworks/Python.framework/Versions/3.12/lib/python3.12/site-packages/sqlalchemy/engine/base.py:2448: in _handle_dbapi_exception_noconnection
    raise sqlalchemy_exception.with_traceback(exc_info[2]) from e
/Library/Frameworks/Python.framework/Versions/3.12/lib/python3.12/site-packages/sqlalchemy/engine/base.py:143: in __init__
    self._dbapi_connection = engine.raw_connection()
/Library/Frameworks/Python.framework/Versions/3.12/lib/python3.12/site-packages/sqlalchemy/engine/base.py:3309: in raw_connection
    return self.pool.connect()
/Library/Frameworks/Python.framework/Versions/3.12/lib/python3.12/site-packages/sqlalchemy/pool/base.py:447: in connect
    return _ConnectionFairy._checkout(self)
/Library/Frameworks/Python.framework/Versions/3.12/lib/python3.12/site-packages/sqlalchemy/pool/base.py:1264: in _checkout
    fairy = _ConnectionRecord.checkout(pool)
/Library/Frameworks/Python.framework/Versions/3.12/lib/python3.12/site-packages/sqlalchemy/pool/base.py:711: in checkout
    rec = pool._do_get()
/Library/Frameworks/Python.framework/Versions/3.12/lib/python3.12/site-packages/sqlalchemy/pool/impl.py:177: in _do_get
    with util.safe_reraise():
/Library/Frameworks/Python.framework/Versions/3.12/lib/python3.12/site-packages/sqlalchemy/util/langhelpers.py:224: in __exit__
    raise exc_value.with_traceback(exc_tb)
/Library/Frameworks/Python.framework/Versions/3.12/lib/python3.12/site-packages/sqlalchemy/pool/impl.py:175: in _do_get
    return self._create_connection()
/Library/Frameworks/Python.framework/Versions/3.12/lib/python3.12/site-packages/sqlalchemy/pool/base.py:388: in _create_connection
    return _ConnectionRecord(self)
/Library/Frameworks/Python.framework/Versions/3.12/lib/python3.12/site-packages/sqlalchemy/pool/base.py:673: in __init__
    self.__connect()
/Library/Frameworks/Python.framework/Versions/3.12/lib/python3.12/site-packages/sqlalchemy/pool/base.py:899: in __connect
    with util.safe_reraise():
/Library/Frameworks/Python.framework/Versions/3.12/lib/python3.12/site-packages/sqlalchemy/util/langhelpers.py:224: in __exit__
    raise exc_value.with_traceback(exc_tb)
/Library/Frameworks/Python.framework/Versions/3.12/lib/python3.12/site-packages/sqlalchemy/pool/base.py:895: in __connect
    self.dbapi_connection = connection = pool._invoke_creator(self)
/Library/Frameworks/Python.framework/Versions/3.12/lib/python3.12/site-packages/sqlalchemy/engine/create.py:661: in connect
    return dialect.connect(*cargs, **cparams)
/Library/Frameworks/Python.framework/Versions/3.12/lib/python3.12/site-packages/sqlalchemy/engine/default.py:630: in connect
    return self.loaded_dbapi.connect(*cargs, **cparams)  # type: ignore[no-any-return]  # NOQA: E501
/Library/Frameworks/Python.framework/Versions/3.12/lib/python3.12/site-packages/psycopg2/__init__.py:122: in connect
    conn = _connect(dsn, connection_factory=connection_factory, **kwasync)
E   sqlalchemy.exc.OperationalError: (psycopg2.OperationalError) connection to server at "localhost" (::1), port 5432 failed: Connection refused
E   	Is the server running on that host and accepting TCP/IP connections?
E   connection to server at "localhost" (127.0.0.1), port 5432 failed: Connection refused
E   	Is the server running on that host and accepting TCP/IP connections?
E   
E   (Background on this error at: https://sqlalche.me/e/20/e3q8)
_ ERROR at setup of TestPermissionChecking.test_maintainer_has_all_permissions _
/Library/Frameworks/Python.framework/Versions/3.12/lib/python3.12/site-packages/sqlalchemy/engine/base.py:143: in __init__
    self._dbapi_connection = engine.raw_connection()
/Library/Frameworks/Python.framework/Versions/3.12/lib/python3.12/site-packages/sqlalchemy/engine/base.py:3309: in raw_connection
    return self.pool.connect()
/Library/Frameworks/Python.framework/Versions/3.12/lib/python3.12/site-packages/sqlalchemy/pool/base.py:447: in connect
    return _ConnectionFairy._checkout(self)
/Library/Frameworks/Python.framework/Versions/3.12/lib/python3.12/site-packages/sqlalchemy/pool/base.py:1264: in _checkout
    fairy = _ConnectionRecord.checkout(pool)
/Library/Frameworks/Python.framework/Versions/3.12/lib/python3.12/site-packages/sqlalchemy/pool/base.py:711: in checkout
    rec = pool._do_get()
/Library/Frameworks/Python.framework/Versions/3.12/lib/python3.12/site-packages/sqlalchemy/pool/impl.py:177: in _do_get
    with util.safe_reraise():
/Library/Frameworks/Python.framework/Versions/3.12/lib/python3.12/site-packages/sqlalchemy/util/langhelpers.py:224: in __exit__
    raise exc_value.with_traceback(exc_tb)
/Library/Frameworks/Python.framework/Versions/3.12/lib/python3.12/site-packages/sqlalchemy/pool/impl.py:175: in _do_get
    return self._create_connection()
/Library/Frameworks/Python.framework/Versions/3.12/lib/python3.12/site-packages/sqlalchemy/pool/base.py:388: in _create_connection
    return _ConnectionRecord(self)
/Library/Frameworks/Python.framework/Versions/3.12/lib/python3.12/site-packages/sqlalchemy/pool/base.py:673: in __init__
    self.__connect()
/Library/Frameworks/Python.framework/Versions/3.12/lib/python3.12/site-packages/sqlalchemy/pool/base.py:899: in __connect
    with util.safe_reraise():
/Library/Frameworks/Python.framework/Versions/3.12/lib/python3.12/site-packages/sqlalchemy/util/langhelpers.py:224: in __exit__
    raise exc_value.with_traceback(exc_tb)
/Library/Frameworks/Python.framework/Versions/3.12/lib/python3.12/site-packages/sqlalchemy/pool/base.py:895: in __connect
    self.dbapi_connection = connection = pool._invoke_creator(self)
/Library/Frameworks/Python.framework/Versions/3.12/lib/python3.12/site-packages/sqlalchemy/engine/create.py:661: in connect
    return dialect.connect(*cargs, **cparams)
/Library/Frameworks/Python.framework/Versions/3.12/lib/python3.12/site-packages/sqlalchemy/engine/default.py:630: in connect
    return self.loaded_dbapi.connect(*cargs, **cparams)  # type: ignore[no-any-return]  # NOQA: E501
/Library/Frameworks/Python.framework/Versions/3.12/lib/python3.12/site-packages/psycopg2/__init__.py:122: in connect
    conn = _connect(dsn, connection_factory=connection_factory, **kwasync)
E   psycopg2.OperationalError: connection to server at "localhost" (::1), port 5432 failed: Connection refused
E   	Is the server running on that host and accepting TCP/IP connections?
E   connection to server at "localhost" (127.0.0.1), port 5432 failed: Connection refused
E   	Is the server running on that host and accepting TCP/IP connections?

The above exception was the direct cause of the following exception:
tests/test_rbac.py:137: in test_workspace
    db.execute(
packages/db/database.py:32: in execute
    return self._session.execute(query, params)
/Library/Frameworks/Python.framework/Versions/3.12/lib/python3.12/site-packages/sqlalchemy/orm/session.py:2351: in execute
    return self._execute_internal(
/Library/Frameworks/Python.framework/Versions/3.12/lib/python3.12/site-packages/sqlalchemy/orm/session.py:2239: in _execute_internal
    conn = self._connection_for_bind(bind)
/Library/Frameworks/Python.framework/Versions/3.12/lib/python3.12/site-packages/sqlalchemy/orm/session.py:2108: in _connection_for_bind
    return trans._connection_for_bind(engine, execution_options)
<string>:2: in _connection_for_bind
    ???
/Library/Frameworks/Python.framework/Versions/3.12/lib/python3.12/site-packages/sqlalchemy/orm/state_changes.py:137: in _go
    ret_value = fn(self, *arg, **kw)
/Library/Frameworks/Python.framework/Versions/3.12/lib/python3.12/site-packages/sqlalchemy/orm/session.py:1187: in _connection_for_bind
    conn = bind.connect()
/Library/Frameworks/Python.framework/Versions/3.12/lib/python3.12/site-packages/sqlalchemy/engine/base.py:3285: in connect
    return self._connection_cls(self)
/Library/Frameworks/Python.framework/Versions/3.12/lib/python3.12/site-packages/sqlalchemy/engine/base.py:145: in __init__
    Connection._handle_dbapi_exception_noconnection(
/Library/Frameworks/Python.framework/Versions/3.12/lib/python3.12/site-packages/sqlalchemy/engine/base.py:2448: in _handle_dbapi_exception_noconnection
    raise sqlalchemy_exception.with_traceback(exc_info[2]) from e
/Library/Frameworks/Python.framework/Versions/3.12/lib/python3.12/site-packages/sqlalchemy/engine/base.py:143: in __init__
    self._dbapi_connection = engine.raw_connection()
/Library/Frameworks/Python.framework/Versions/3.12/lib/python3.12/site-packages/sqlalchemy/engine/base.py:3309: in raw_connection
    return self.pool.connect()
/Library/Frameworks/Python.framework/Versions/3.12/lib/python3.12/site-packages/sqlalchemy/pool/base.py:447: in connect
    return _ConnectionFairy._checkout(self)
/Library/Frameworks/Python.framework/Versions/3.12/lib/python3.12/site-packages/sqlalchemy/pool/base.py:1264: in _checkout
    fairy = _ConnectionRecord.checkout(pool)
/Library/Frameworks/Python.framework/Versions/3.12/lib/python3.12/site-packages/sqlalchemy/pool/base.py:711: in checkout
    rec = pool._do_get()
/Library/Frameworks/Python.framework/Versions/3.12/lib/python3.12/site-packages/sqlalchemy/pool/impl.py:177: in _do_get
    with util.safe_reraise():
/Library/Frameworks/Python.framework/Versions/3.12/lib/python3.12/site-packages/sqlalchemy/util/langhelpers.py:224: in __exit__
    raise exc_value.with_traceback(exc_tb)
/Library/Frameworks/Python.framework/Versions/3.12/lib/python3.12/site-packages/sqlalchemy/pool/impl.py:175: in _do_get
    return self._create_connection()
/Library/Frameworks/Python.framework/Versions/3.12/lib/python3.12/site-packages/sqlalchemy/pool/base.py:388: in _create_connection
    return _ConnectionRecord(self)
/Library/Frameworks/Python.framework/Versions/3.12/lib/python3.12/site-packages/sqlalchemy/pool/base.py:673: in __init__
    self.__connect()
/Library/Frameworks/Python.framework/Versions/3.12/lib/python3.12/site-packages/sqlalchemy/pool/base.py:899: in __connect
    with util.safe_reraise():
/Library/Frameworks/Python.framework/Versions/3.12/lib/python3.12/site-packages/sqlalchemy/util/langhelpers.py:224: in __exit__
    raise exc_value.with_traceback(exc_tb)
/Library/Frameworks/Python.framework/Versions/3.12/lib/python3.12/site-packages/sqlalchemy/pool/base.py:895: in __connect
    self.dbapi_connection = connection = pool._invoke_creator(self)
/Library/Frameworks/Python.framework/Versions/3.12/lib/python3.12/site-packages/sqlalchemy/engine/create.py:661: in connect
    return dialect.connect(*cargs, **cparams)
/Library/Frameworks/Python.framework/Versions/3.12/lib/python3.12/site-packages/sqlalchemy/engine/default.py:630: in connect
    return self.loaded_dbapi.connect(*cargs, **cparams)  # type: ignore[no-any-return]  # NOQA: E501
/Library/Frameworks/Python.framework/Versions/3.12/lib/python3.12/site-packages/psycopg2/__init__.py:122: in connect
    conn = _connect(dsn, connection_factory=connection_factory, **kwasync)
E   sqlalchemy.exc.OperationalError: (psycopg2.OperationalError) connection to server at "localhost" (::1), port 5432 failed: Connection refused
E   	Is the server running on that host and accepting TCP/IP connections?
E   connection to server at "localhost" (127.0.0.1), port 5432 failed: Connection refused
E   	Is the server running on that host and accepting TCP/IP connections?
E   
E   (Background on this error at: https://sqlalche.me/e/20/e3q8)
_ ERROR at setup of TestPermissionChecking.test_require_permission_raises_on_deny _
/Library/Frameworks/Python.framework/Versions/3.12/lib/python3.12/site-packages/sqlalchemy/engine/base.py:143: in __init__
    self._dbapi_connection = engine.raw_connection()
/Library/Frameworks/Python.framework/Versions/3.12/lib/python3.12/site-packages/sqlalchemy/engine/base.py:3309: in raw_connection
    return self.pool.connect()
/Library/Frameworks/Python.framework/Versions/3.12/lib/python3.12/site-packages/sqlalchemy/pool/base.py:447: in connect
    return _ConnectionFairy._checkout(self)
/Library/Frameworks/Python.framework/Versions/3.12/lib/python3.12/site-packages/sqlalchemy/pool/base.py:1264: in _checkout
    fairy = _ConnectionRecord.checkout(pool)
/Library/Frameworks/Python.framework/Versions/3.12/lib/python3.12/site-packages/sqlalchemy/pool/base.py:711: in checkout
    rec = pool._do_get()
/Library/Frameworks/Python.framework/Versions/3.12/lib/python3.12/site-packages/sqlalchemy/pool/impl.py:177: in _do_get
    with util.safe_reraise():
/Library/Frameworks/Python.framework/Versions/3.12/lib/python3.12/site-packages/sqlalchemy/util/langhelpers.py:224: in __exit__
    raise exc_value.with_traceback(exc_tb)
/Library/Frameworks/Python.framework/Versions/3.12/lib/python3.12/site-packages/sqlalchemy/pool/impl.py:175: in _do_get
    return self._create_connection()
/Library/Frameworks/Python.framework/Versions/3.12/lib/python3.12/site-packages/sqlalchemy/pool/base.py:388: in _create_connection
    return _ConnectionRecord(self)
/Library/Frameworks/Python.framework/Versions/3.12/lib/python3.12/site-packages/sqlalchemy/pool/base.py:673: in __init__
    self.__connect()
/Library/Frameworks/Python.framework/Versions/3.12/lib/python3.12/site-packages/sqlalchemy/pool/base.py:899: in __connect
    with util.safe_reraise():
/Library/Frameworks/Python.framework/Versions/3.12/lib/python3.12/site-packages/sqlalchemy/util/langhelpers.py:224: in __exit__
    raise exc_value.with_traceback(exc_tb)
/Library/Frameworks/Python.framework/Versions/3.12/lib/python3.12/site-packages/sqlalchemy/pool/base.py:895: in __connect
    self.dbapi_connection = connection = pool._invoke_creator(self)
/Library/Frameworks/Python.framework/Versions/3.12/lib/python3.12/site-packages/sqlalchemy/engine/create.py:661: in connect
    return dialect.connect(*cargs, **cparams)
/Library/Frameworks/Python.framework/Versions/3.12/lib/python3.12/site-packages/sqlalchemy/engine/default.py:630: in connect
    return self.loaded_dbapi.connect(*cargs, **cparams)  # type: ignore[no-any-return]  # NOQA: E501
/Library/Frameworks/Python.framework/Versions/3.12/lib/python3.12/site-packages/psycopg2/__init__.py:122: in connect
    conn = _connect(dsn, connection_factory=connection_factory, **kwasync)
E   psycopg2.OperationalError: connection to server at "localhost" (::1), port 5432 failed: Connection refused
E   	Is the server running on that host and accepting TCP/IP connections?
E   connection to server at "localhost" (127.0.0.1), port 5432 failed: Connection refused
E   	Is the server running on that host and accepting TCP/IP connections?

The above exception was the direct cause of the following exception:
tests/test_rbac.py:137: in test_workspace
    db.execute(
packages/db/database.py:32: in execute
    return self._session.execute(query, params)
/Library/Frameworks/Python.framework/Versions/3.12/lib/python3.12/site-packages/sqlalchemy/orm/session.py:2351: in execute
    return self._execute_internal(
/Library/Frameworks/Python.framework/Versions/3.12/lib/python3.12/site-packages/sqlalchemy/orm/session.py:2239: in _execute_internal
    conn = self._connection_for_bind(bind)
/Library/Frameworks/Python.framework/Versions/3.12/lib/python3.12/site-packages/sqlalchemy/orm/session.py:2108: in _connection_for_bind
    return trans._connection_for_bind(engine, execution_options)
<string>:2: in _connection_for_bind
    ???
/Library/Frameworks/Python.framework/Versions/3.12/lib/python3.12/site-packages/sqlalchemy/orm/state_changes.py:137: in _go
    ret_value = fn(self, *arg, **kw)
/Library/Frameworks/Python.framework/Versions/3.12/lib/python3.12/site-packages/sqlalchemy/orm/session.py:1187: in _connection_for_bind
    conn = bind.connect()
/Library/Frameworks/Python.framework/Versions/3.12/lib/python3.12/site-packages/sqlalchemy/engine/base.py:3285: in connect
    return self._connection_cls(self)
/Library/Frameworks/Python.framework/Versions/3.12/lib/python3.12/site-packages/sqlalchemy/engine/base.py:145: in __init__
    Connection._handle_dbapi_exception_noconnection(
/Library/Frameworks/Python.framework/Versions/3.12/lib/python3.12/site-packages/sqlalchemy/engine/base.py:2448: in _handle_dbapi_exception_noconnection
    raise sqlalchemy_exception.with_traceback(exc_info[2]) from e
/Library/Frameworks/Python.framework/Versions/3.12/lib/python3.12/site-packages/sqlalchemy/engine/base.py:143: in __init__
    self._dbapi_connection = engine.raw_connection()
/Library/Frameworks/Python.framework/Versions/3.12/lib/python3.12/site-packages/sqlalchemy/engine/base.py:3309: in raw_connection
    return self.pool.connect()
/Library/Frameworks/Python.framework/Versions/3.12/lib/python3.12/site-packages/sqlalchemy/pool/base.py:447: in connect
    return _ConnectionFairy._checkout(self)
/Library/Frameworks/Python.framework/Versions/3.12/lib/python3.12/site-packages/sqlalchemy/pool/base.py:1264: in _checkout
    fairy = _ConnectionRecord.checkout(pool)
/Library/Frameworks/Python.framework/Versions/3.12/lib/python3.12/site-packages/sqlalchemy/pool/base.py:711: in checkout
    rec = pool._do_get()
/Library/Frameworks/Python.framework/Versions/3.12/lib/python3.12/site-packages/sqlalchemy/pool/impl.py:177: in _do_get
    with util.safe_reraise():
/Library/Frameworks/Python.framework/Versions/3.12/lib/python3.12/site-packages/sqlalchemy/util/langhelpers.py:224: in __exit__
    raise exc_value.with_traceback(exc_tb)
/Library/Frameworks/Python.framework/Versions/3.12/lib/python3.12/site-packages/sqlalchemy/pool/impl.py:175: in _do_get
    return self._create_connection()
/Library/Frameworks/Python.framework/Versions/3.12/lib/python3.12/site-packages/sqlalchemy/pool/base.py:388: in _create_connection
    return _ConnectionRecord(self)
/Library/Frameworks/Python.framework/Versions/3.12/lib/python3.12/site-packages/sqlalchemy/pool/base.py:673: in __init__
    self.__connect()
/Library/Frameworks/Python.framework/Versions/3.12/lib/python3.12/site-packages/sqlalchemy/pool/base.py:899: in __connect
    with util.safe_reraise():
/Library/Frameworks/Python.framework/Versions/3.12/lib/python3.12/site-packages/sqlalchemy/util/langhelpers.py:224: in __exit__
    raise exc_value.with_traceback(exc_tb)
/Library/Frameworks/Python.framework/Versions/3.12/lib/python3.12/site-packages/sqlalchemy/pool/base.py:895: in __connect
    self.dbapi_connection = connection = pool._invoke_creator(self)
/Library/Frameworks/Python.framework/Versions/3.12/lib/python3.12/site-packages/sqlalchemy/engine/create.py:661: in connect
    return dialect.connect(*cargs, **cparams)
/Library/Frameworks/Python.framework/Versions/3.12/lib/python3.12/site-packages/sqlalchemy/engine/default.py:630: in connect
    return self.loaded_dbapi.connect(*cargs, **cparams)  # type: ignore[no-any-return]  # NOQA: E501
/Library/Frameworks/Python.framework/Versions/3.12/lib/python3.12/site-packages/psycopg2/__init__.py:122: in connect
    conn = _connect(dsn, connection_factory=connection_factory, **kwasync)
E   sqlalchemy.exc.OperationalError: (psycopg2.OperationalError) connection to server at "localhost" (::1), port 5432 failed: Connection refused
E   	Is the server running on that host and accepting TCP/IP connections?
E   connection to server at "localhost" (127.0.0.1), port 5432 failed: Connection refused
E   	Is the server running on that host and accepting TCP/IP connections?
E   
E   (Background on this error at: https://sqlalche.me/e/20/e3q8)
_ ERROR at setup of TestRoleRetrieval.test_get_agent_role_returns_correct_info _
/Library/Frameworks/Python.framework/Versions/3.12/lib/python3.12/site-packages/sqlalchemy/engine/base.py:143: in __init__
    self._dbapi_connection = engine.raw_connection()
/Library/Frameworks/Python.framework/Versions/3.12/lib/python3.12/site-packages/sqlalchemy/engine/base.py:3309: in raw_connection
    return self.pool.connect()
/Library/Frameworks/Python.framework/Versions/3.12/lib/python3.12/site-packages/sqlalchemy/pool/base.py:447: in connect
    return _ConnectionFairy._checkout(self)
/Library/Frameworks/Python.framework/Versions/3.12/lib/python3.12/site-packages/sqlalchemy/pool/base.py:1264: in _checkout
    fairy = _ConnectionRecord.checkout(pool)
/Library/Frameworks/Python.framework/Versions/3.12/lib/python3.12/site-packages/sqlalchemy/pool/base.py:711: in checkout
    rec = pool._do_get()
/Library/Frameworks/Python.framework/Versions/3.12/lib/python3.12/site-packages/sqlalchemy/pool/impl.py:177: in _do_get
    with util.safe_reraise():
/Library/Frameworks/Python.framework/Versions/3.12/lib/python3.12/site-packages/sqlalchemy/util/langhelpers.py:224: in __exit__
    raise exc_value.with_traceback(exc_tb)
/Library/Frameworks/Python.framework/Versions/3.12/lib/python3.12/site-packages/sqlalchemy/pool/impl.py:175: in _do_get
    return self._create_connection()
/Library/Frameworks/Python.framework/Versions/3.12/lib/python3.12/site-packages/sqlalchemy/pool/base.py:388: in _create_connection
    return _ConnectionRecord(self)
/Library/Frameworks/Python.framework/Versions/3.12/lib/python3.12/site-packages/sqlalchemy/pool/base.py:673: in __init__
    self.__connect()
/Library/Frameworks/Python.framework/Versions/3.12/lib/python3.12/site-packages/sqlalchemy/pool/base.py:899: in __connect
    with util.safe_reraise():
/Library/Frameworks/Python.framework/Versions/3.12/lib/python3.12/site-packages/sqlalchemy/util/langhelpers.py:224: in __exit__
    raise exc_value.with_traceback(exc_tb)
/Library/Frameworks/Python.framework/Versions/3.12/lib/python3.12/site-packages/sqlalchemy/pool/base.py:895: in __connect
    self.dbapi_connection = connection = pool._invoke_creator(self)
/Library/Frameworks/Python.framework/Versions/3.12/lib/python3.12/site-packages/sqlalchemy/engine/create.py:661: in connect
    return dialect.connect(*cargs, **cparams)
/Library/Frameworks/Python.framework/Versions/3.12/lib/python3.12/site-packages/sqlalchemy/engine/default.py:630: in connect
    return self.loaded_dbapi.connect(*cargs, **cparams)  # type: ignore[no-any-return]  # NOQA: E501
/Library/Frameworks/Python.framework/Versions/3.12/lib/python3.12/site-packages/psycopg2/__init__.py:122: in connect
    conn = _connect(dsn, connection_factory=connection_factory, **kwasync)
E   psycopg2.OperationalError: connection to server at "localhost" (::1), port 5432 failed: Connection refused
E   	Is the server running on that host and accepting TCP/IP connections?
E   connection to server at "localhost" (127.0.0.1), port 5432 failed: Connection refused
E   	Is the server running on that host and accepting TCP/IP connections?

The above exception was the direct cause of the following exception:
tests/test_rbac.py:432: in test_setup
    db.execute(
packages/db/database.py:32: in execute
    return self._session.execute(query, params)
/Library/Frameworks/Python.framework/Versions/3.12/lib/python3.12/site-packages/sqlalchemy/orm/session.py:2351: in execute
    return self._execute_internal(
/Library/Frameworks/Python.framework/Versions/3.12/lib/python3.12/site-packages/sqlalchemy/orm/session.py:2239: in _execute_internal
    conn = self._connection_for_bind(bind)
/Library/Frameworks/Python.framework/Versions/3.12/lib/python3.12/site-packages/sqlalchemy/orm/session.py:2108: in _connection_for_bind
    return trans._connection_for_bind(engine, execution_options)
<string>:2: in _connection_for_bind
    ???
/Library/Frameworks/Python.framework/Versions/3.12/lib/python3.12/site-packages/sqlalchemy/orm/state_changes.py:137: in _go
    ret_value = fn(self, *arg, **kw)
/Library/Frameworks/Python.framework/Versions/3.12/lib/python3.12/site-packages/sqlalchemy/orm/session.py:1187: in _connection_for_bind
    conn = bind.connect()
/Library/Frameworks/Python.framework/Versions/3.12/lib/python3.12/site-packages/sqlalchemy/engine/base.py:3285: in connect
    return self._connection_cls(self)
/Library/Frameworks/Python.framework/Versions/3.12/lib/python3.12/site-packages/sqlalchemy/engine/base.py:145: in __init__
    Connection._handle_dbapi_exception_noconnection(
/Library/Frameworks/Python.framework/Versions/3.12/lib/python3.12/site-packages/sqlalchemy/engine/base.py:2448: in _handle_dbapi_exception_noconnection
    raise sqlalchemy_exception.with_traceback(exc_info[2]) from e
/Library/Frameworks/Python.framework/Versions/3.12/lib/python3.12/site-packages/sqlalchemy/engine/base.py:143: in __init__
    self._dbapi_connection = engine.raw_connection()
/Library/Frameworks/Python.framework/Versions/3.12/lib/python3.12/site-packages/sqlalchemy/engine/base.py:3309: in raw_connection
    return self.pool.connect()
/Library/Frameworks/Python.framework/Versions/3.12/lib/python3.12/site-packages/sqlalchemy/pool/base.py:447: in connect
    return _ConnectionFairy._checkout(self)
/Library/Frameworks/Python.framework/Versions/3.12/lib/python3.12/site-packages/sqlalchemy/pool/base.py:1264: in _checkout
    fairy = _ConnectionRecord.checkout(pool)
/Library/Frameworks/Python.framework/Versions/3.12/lib/python3.12/site-packages/sqlalchemy/pool/base.py:711: in checkout
    rec = pool._do_get()
/Library/Frameworks/Python.framework/Versions/3.12/lib/python3.12/site-packages/sqlalchemy/pool/impl.py:177: in _do_get
    with util.safe_reraise():
/Library/Frameworks/Python.framework/Versions/3.12/lib/python3.12/site-packages/sqlalchemy/util/langhelpers.py:224: in __exit__
    raise exc_value.with_traceback(exc_tb)
/Library/Frameworks/Python.framework/Versions/3.12/lib/python3.12/site-packages/sqlalchemy/pool/impl.py:175: in _do_get
    return self._create_connection()
/Library/Frameworks/Python.framework/Versions/3.12/lib/python3.12/site-packages/sqlalchemy/pool/base.py:388: in _create_connection
    return _ConnectionRecord(self)
/Library/Frameworks/Python.framework/Versions/3.12/lib/python3.12/site-packages/sqlalchemy/pool/base.py:673: in __init__
    self.__connect()
/Library/Frameworks/Python.framework/Versions/3.12/lib/python3.12/site-packages/sqlalchemy/pool/base.py:899: in __connect
    with util.safe_reraise():
/Library/Frameworks/Python.framework/Versions/3.12/lib/python3.12/site-packages/sqlalchemy/util/langhelpers.py:224: in __exit__
    raise exc_value.with_traceback(exc_tb)
/Library/Frameworks/Python.framework/Versions/3.12/lib/python3.12/site-packages/sqlalchemy/pool/base.py:895: in __connect
    self.dbapi_connection = connection = pool._invoke_creator(self)
/Library/Frameworks/Python.framework/Versions/3.12/lib/python3.12/site-packages/sqlalchemy/engine/create.py:661: in connect
    return dialect.connect(*cargs, **cparams)
/Library/Frameworks/Python.framework/Versions/3.12/lib/python3.12/site-packages/sqlalchemy/engine/default.py:630: in connect
    return self.loaded_dbapi.connect(*cargs, **cparams)  # type: ignore[no-any-return]  # NOQA: E501
/Library/Frameworks/Python.framework/Versions/3.12/lib/python3.12/site-packages/psycopg2/__init__.py:122: in connect
    conn = _connect(dsn, connection_factory=connection_factory, **kwasync)
E   sqlalchemy.exc.OperationalError: (psycopg2.OperationalError) connection to server at "localhost" (::1), port 5432 failed: Connection refused
E   	Is the server running on that host and accepting TCP/IP connections?
E   connection to server at "localhost" (127.0.0.1), port 5432 failed: Connection refused
E   	Is the server running on that host and accepting TCP/IP connections?
E   
E   (Background on this error at: https://sqlalche.me/e/20/e3q8)
_________________ ERROR at setup of test_repo_ingest_activity __________________
file /Users/nirtzur/Documents/projects/AGORA/tests/test_repo_ingestion.py, line 112
  def test_repo_ingest_activity(db_session, repo_setup, test_repo_fixture):
E       fixture 'db_session' not found
>       available fixtures: anyio_backend, anyio_backend_name, anyio_backend_options, cache, capfd, capfdbinary, caplog, capsys, capsysbinary, core_api_url, cov, dash_br, dash_duo, dash_duo_mp, dash_multi_process_server, dash_process_server, dash_thread_server, dashjl, dashjl_server, dashr, dashr_server, db_url, diskcache_manager, doctest_namespace, event_loop, free_tcp_port, free_tcp_port_factory, free_udp_port, free_udp_port_factory, hydra_restore_singletons, hydra_sweep_runner, hydra_task_runner, minio_config, moltbook_adapter_url, monkeypatch, no_cover, pytestconfig, record_property, record_testsuite_property, record_xml_attribute, recwarn, repo_setup, test_repo_fixture, tmp_path, tmp_path_factory, tmpdir, tmpdir_factory, unused_tcp_port, unused_tcp_port_factory, unused_udp_port, unused_udp_port_factory
>       use 'pytest --fixtures [testpath]' for help on them.

/Users/nirtzur/Documents/projects/AGORA/tests/test_repo_ingestion.py:112
_______________ ERROR at setup of test_repo_evidence_resolution ________________
file /Users/nirtzur/Documents/projects/AGORA/tests/test_repo_ingestion.py, line 210
  def test_repo_evidence_resolution(db_session, repo_setup, test_repo_fixture):
E       fixture 'db_session' not found
>       available fixtures: anyio_backend, anyio_backend_name, anyio_backend_options, cache, capfd, capfdbinary, caplog, capsys, capsysbinary, core_api_url, cov, dash_br, dash_duo, dash_duo_mp, dash_multi_process_server, dash_process_server, dash_thread_server, dashjl, dashjl_server, dashr, dashr_server, db_url, diskcache_manager, doctest_namespace, event_loop, free_tcp_port, free_tcp_port_factory, free_udp_port, free_udp_port_factory, hydra_restore_singletons, hydra_sweep_runner, hydra_task_runner, minio_config, moltbook_adapter_url, monkeypatch, no_cover, pytestconfig, record_property, record_testsuite_property, record_xml_attribute, recwarn, repo_setup, test_repo_fixture, tmp_path, tmp_path_factory, tmpdir, tmpdir_factory, unused_tcp_port, unused_tcp_port_factory, unused_udp_port, unused_udp_port_factory
>       use 'pytest --fixtures [testpath]' for help on them.

/Users/nirtzur/Documents/projects/AGORA/tests/test_repo_ingestion.py:210
_________________ ERROR at setup of test_repo_ingest_endpoint __________________
file /Users/nirtzur/Documents/projects/AGORA/tests/test_repo_ingestion.py, line 333
  def test_repo_ingest_endpoint(db_session, repo_setup, test_repo_fixture):
E       fixture 'db_session' not found
>       available fixtures: anyio_backend, anyio_backend_name, anyio_backend_options, cache, capfd, capfdbinary, caplog, capsys, capsysbinary, core_api_url, cov, dash_br, dash_duo, dash_duo_mp, dash_multi_process_server, dash_process_server, dash_thread_server, dashjl, dashjl_server, dashr, dashr_server, db_url, diskcache_manager, doctest_namespace, event_loop, free_tcp_port, free_tcp_port_factory, free_udp_port, free_udp_port_factory, hydra_restore_singletons, hydra_sweep_runner, hydra_task_runner, minio_config, moltbook_adapter_url, monkeypatch, no_cover, pytestconfig, record_property, record_testsuite_property, record_xml_attribute, recwarn, repo_setup, test_repo_fixture, tmp_path, tmp_path_factory, tmpdir, tmpdir_factory, unused_tcp_port, unused_tcp_port_factory, unused_udp_port, unused_udp_port_factory
>       use 'pytest --fixtures [testpath]' for help on them.

/Users/nirtzur/Documents/projects/AGORA/tests/test_repo_ingestion.py:333
________________ ERROR at setup of test_repo_ingest_idempotency ________________
file /Users/nirtzur/Documents/projects/AGORA/tests/test_repo_ingestion.py, line 420
  def test_repo_ingest_idempotency(db_session, repo_setup, test_repo_fixture):
E       fixture 'db_session' not found
>       available fixtures: anyio_backend, anyio_backend_name, anyio_backend_options, cache, capfd, capfdbinary, caplog, capsys, capsysbinary, core_api_url, cov, dash_br, dash_duo, dash_duo_mp, dash_multi_process_server, dash_process_server, dash_thread_server, dashjl, dashjl_server, dashr, dashr_server, db_url, diskcache_manager, doctest_namespace, event_loop, free_tcp_port, free_tcp_port_factory, free_udp_port, free_udp_port_factory, hydra_restore_singletons, hydra_sweep_runner, hydra_task_runner, minio_config, moltbook_adapter_url, monkeypatch, no_cover, pytestconfig, record_property, record_testsuite_property, record_xml_attribute, recwarn, repo_setup, test_repo_fixture, tmp_path, tmp_path_factory, tmpdir, tmpdir_factory, unused_tcp_port, unused_tcp_port_factory, unused_udp_port, unused_udp_port_factory
>       use 'pytest --fixtures [testpath]' for help on them.

/Users/nirtzur/Documents/projects/AGORA/tests/test_repo_ingestion.py:420
_______ ERROR at setup of TestStorageURIValidation.test_valid_uri_passes _______
/Library/Frameworks/Python.framework/Versions/3.12/lib/python3.12/site-packages/urllib3/connection.py:198: in _new_conn
    sock = connection.create_connection(
/Library/Frameworks/Python.framework/Versions/3.12/lib/python3.12/site-packages/urllib3/util/connection.py:85: in create_connection
    raise err
/Library/Frameworks/Python.framework/Versions/3.12/lib/python3.12/site-packages/urllib3/util/connection.py:73: in create_connection
    sock.connect(sa)
E   ConnectionRefusedError: [Errno 61] Connection refused

The above exception was the direct cause of the following exception:
/Library/Frameworks/Python.framework/Versions/3.12/lib/python3.12/site-packages/botocore/httpsession.py:465: in send
    urllib_response = conn.urlopen(
/Library/Frameworks/Python.framework/Versions/3.12/lib/python3.12/site-packages/urllib3/connectionpool.py:841: in urlopen
    retries = retries.increment(
/Library/Frameworks/Python.framework/Versions/3.12/lib/python3.12/site-packages/urllib3/util/retry.py:449: in increment
    raise reraise(type(error), error, _stacktrace)
/Library/Frameworks/Python.framework/Versions/3.12/lib/python3.12/site-packages/urllib3/util/util.py:39: in reraise
    raise value
/Library/Frameworks/Python.framework/Versions/3.12/lib/python3.12/site-packages/urllib3/connectionpool.py:787: in urlopen
    response = self._make_request(
/Library/Frameworks/Python.framework/Versions/3.12/lib/python3.12/site-packages/urllib3/connectionpool.py:493: in _make_request
    conn.request(
/Library/Frameworks/Python.framework/Versions/3.12/lib/python3.12/site-packages/botocore/awsrequest.py:96: in request
    rval = super().request(method, url, body, headers, *args, **kwargs)
/Library/Frameworks/Python.framework/Versions/3.12/lib/python3.12/site-packages/urllib3/connection.py:445: in request
    self.endheaders()
/Library/Frameworks/Python.framework/Versions/3.12/lib/python3.12/http/client.py:1331: in endheaders
    self._send_output(message_body, encode_chunked=encode_chunked)
/Library/Frameworks/Python.framework/Versions/3.12/lib/python3.12/site-packages/botocore/awsrequest.py:123: in _send_output
    self.send(msg)
/Library/Frameworks/Python.framework/Versions/3.12/lib/python3.12/site-packages/botocore/awsrequest.py:223: in send
    return super().send(str)
/Library/Frameworks/Python.framework/Versions/3.12/lib/python3.12/http/client.py:1035: in send
    self.connect()
/Library/Frameworks/Python.framework/Versions/3.12/lib/python3.12/site-packages/urllib3/connection.py:276: in connect
    self.sock = self._new_conn()
/Library/Frameworks/Python.framework/Versions/3.12/lib/python3.12/site-packages/urllib3/connection.py:213: in _new_conn
    raise NewConnectionError(
E   urllib3.exceptions.NewConnectionError: <botocore.awsrequest.AWSHTTPConnection object at 0x150f7a390>: Failed to establish a new connection: [Errno 61] Connection refused

During handling of the above exception, another exception occurred:
tests/test_storage.py:29: in storage
    return Storage(
packages/shared-types/storage.py:78: in __init__
    self._ensure_bucket_exists()
packages/shared-types/storage.py:83: in _ensure_bucket_exists
    self.s3.head_bucket(Bucket=self.bucket)
/Library/Frameworks/Python.framework/Versions/3.12/lib/python3.12/site-packages/botocore/client.py:602: in _api_call
    return self._make_api_call(operation_name, kwargs)
/Library/Frameworks/Python.framework/Versions/3.12/lib/python3.12/site-packages/botocore/context.py:123: in wrapper
    return func(*args, **kwargs)
/Library/Frameworks/Python.framework/Versions/3.12/lib/python3.12/site-packages/botocore/client.py:1060: in _make_api_call
    http, parsed_response = self._make_request(
/Library/Frameworks/Python.framework/Versions/3.12/lib/python3.12/site-packages/botocore/client.py:1084: in _make_request
    return self._endpoint.make_request(operation_model, request_dict)
/Library/Frameworks/Python.framework/Versions/3.12/lib/python3.12/site-packages/botocore/endpoint.py:119: in make_request
    return self._send_request(request_dict, operation_model)
/Library/Frameworks/Python.framework/Versions/3.12/lib/python3.12/site-packages/botocore/endpoint.py:200: in _send_request
    while self._needs_retry(
/Library/Frameworks/Python.framework/Versions/3.12/lib/python3.12/site-packages/botocore/endpoint.py:360: in _needs_retry
    responses = self._event_emitter.emit(
/Library/Frameworks/Python.framework/Versions/3.12/lib/python3.12/site-packages/botocore/hooks.py:412: in emit
    return self._emitter.emit(aliased_event_name, **kwargs)
/Library/Frameworks/Python.framework/Versions/3.12/lib/python3.12/site-packages/botocore/hooks.py:256: in emit
    return self._emit(event_name, kwargs)
/Library/Frameworks/Python.framework/Versions/3.12/lib/python3.12/site-packages/botocore/hooks.py:239: in _emit
    response = handler(**kwargs)
/Library/Frameworks/Python.framework/Versions/3.12/lib/python3.12/site-packages/botocore/retryhandler.py:207: in __call__
    if self._checker(**checker_kwargs):
/Library/Frameworks/Python.framework/Versions/3.12/lib/python3.12/site-packages/botocore/retryhandler.py:284: in __call__
    should_retry = self._should_retry(
/Library/Frameworks/Python.framework/Versions/3.12/lib/python3.12/site-packages/botocore/retryhandler.py:320: in _should_retry
    return self._checker(attempt_number, response, caught_exception)
/Library/Frameworks/Python.framework/Versions/3.12/lib/python3.12/site-packages/botocore/retryhandler.py:363: in __call__
    checker_response = checker(
/Library/Frameworks/Python.framework/Versions/3.12/lib/python3.12/site-packages/botocore/retryhandler.py:247: in __call__
    return self._check_caught_exception(
/Library/Frameworks/Python.framework/Versions/3.12/lib/python3.12/site-packages/botocore/retryhandler.py:416: in _check_caught_exception
    raise caught_exception
/Library/Frameworks/Python.framework/Versions/3.12/lib/python3.12/site-packages/botocore/endpoint.py:279: in _do_get_response
    http_response = self._send(request)
/Library/Frameworks/Python.framework/Versions/3.12/lib/python3.12/site-packages/botocore/endpoint.py:383: in _send
    return self.http_session.send(request)
/Library/Frameworks/Python.framework/Versions/3.12/lib/python3.12/site-packages/botocore/httpsession.py:494: in send
    raise EndpointConnectionError(endpoint_url=request.url, error=e)
E   botocore.exceptions.EndpointConnectionError: Could not connect to the endpoint URL: "http://localhost:9000/agora-test"
_____ ERROR at setup of TestStorageURIValidation.test_invalid_scheme_fails _____
/Library/Frameworks/Python.framework/Versions/3.12/lib/python3.12/site-packages/urllib3/connection.py:198: in _new_conn
    sock = connection.create_connection(
/Library/Frameworks/Python.framework/Versions/3.12/lib/python3.12/site-packages/urllib3/util/connection.py:85: in create_connection
    raise err
/Library/Frameworks/Python.framework/Versions/3.12/lib/python3.12/site-packages/urllib3/util/connection.py:73: in create_connection
    sock.connect(sa)
E   ConnectionRefusedError: [Errno 61] Connection refused

The above exception was the direct cause of the following exception:
/Library/Frameworks/Python.framework/Versions/3.12/lib/python3.12/site-packages/botocore/httpsession.py:465: in send
    urllib_response = conn.urlopen(
/Library/Frameworks/Python.framework/Versions/3.12/lib/python3.12/site-packages/urllib3/connectionpool.py:841: in urlopen
    retries = retries.increment(
/Library/Frameworks/Python.framework/Versions/3.12/lib/python3.12/site-packages/urllib3/util/retry.py:449: in increment
    raise reraise(type(error), error, _stacktrace)
/Library/Frameworks/Python.framework/Versions/3.12/lib/python3.12/site-packages/urllib3/util/util.py:39: in reraise
    raise value
/Library/Frameworks/Python.framework/Versions/3.12/lib/python3.12/site-packages/urllib3/connectionpool.py:787: in urlopen
    response = self._make_request(
/Library/Frameworks/Python.framework/Versions/3.12/lib/python3.12/site-packages/urllib3/connectionpool.py:493: in _make_request
    conn.request(
/Library/Frameworks/Python.framework/Versions/3.12/lib/python3.12/site-packages/botocore/awsrequest.py:96: in request
    rval = super().request(method, url, body, headers, *args, **kwargs)
/Library/Frameworks/Python.framework/Versions/3.12/lib/python3.12/site-packages/urllib3/connection.py:445: in request
    self.endheaders()
/Library/Frameworks/Python.framework/Versions/3.12/lib/python3.12/http/client.py:1331: in endheaders
    self._send_output(message_body, encode_chunked=encode_chunked)
/Library/Frameworks/Python.framework/Versions/3.12/lib/python3.12/site-packages/botocore/awsrequest.py:123: in _send_output
    self.send(msg)
/Library/Frameworks/Python.framework/Versions/3.12/lib/python3.12/site-packages/botocore/awsrequest.py:223: in send
    return super().send(str)
/Library/Frameworks/Python.framework/Versions/3.12/lib/python3.12/http/client.py:1035: in send
    self.connect()
/Library/Frameworks/Python.framework/Versions/3.12/lib/python3.12/site-packages/urllib3/connection.py:276: in connect
    self.sock = self._new_conn()
/Library/Frameworks/Python.framework/Versions/3.12/lib/python3.12/site-packages/urllib3/connection.py:213: in _new_conn
    raise NewConnectionError(
E   urllib3.exceptions.NewConnectionError: <botocore.awsrequest.AWSHTTPConnection object at 0x150f7a390>: Failed to establish a new connection: [Errno 61] Connection refused

During handling of the above exception, another exception occurred:
tests/test_storage.py:29: in storage
    return Storage(
packages/shared-types/storage.py:78: in __init__
    self._ensure_bucket_exists()
packages/shared-types/storage.py:83: in _ensure_bucket_exists
    self.s3.head_bucket(Bucket=self.bucket)
/Library/Frameworks/Python.framework/Versions/3.12/lib/python3.12/site-packages/botocore/client.py:602: in _api_call
    return self._make_api_call(operation_name, kwargs)
/Library/Frameworks/Python.framework/Versions/3.12/lib/python3.12/site-packages/botocore/context.py:123: in wrapper
    return func(*args, **kwargs)
/Library/Frameworks/Python.framework/Versions/3.12/lib/python3.12/site-packages/botocore/client.py:1060: in _make_api_call
    http, parsed_response = self._make_request(
/Library/Frameworks/Python.framework/Versions/3.12/lib/python3.12/site-packages/botocore/client.py:1084: in _make_request
    return self._endpoint.make_request(operation_model, request_dict)
/Library/Frameworks/Python.framework/Versions/3.12/lib/python3.12/site-packages/botocore/endpoint.py:119: in make_request
    return self._send_request(request_dict, operation_model)
/Library/Frameworks/Python.framework/Versions/3.12/lib/python3.12/site-packages/botocore/endpoint.py:200: in _send_request
    while self._needs_retry(
/Library/Frameworks/Python.framework/Versions/3.12/lib/python3.12/site-packages/botocore/endpoint.py:360: in _needs_retry
    responses = self._event_emitter.emit(
/Library/Frameworks/Python.framework/Versions/3.12/lib/python3.12/site-packages/botocore/hooks.py:412: in emit
    return self._emitter.emit(aliased_event_name, **kwargs)
/Library/Frameworks/Python.framework/Versions/3.12/lib/python3.12/site-packages/botocore/hooks.py:256: in emit
    return self._emit(event_name, kwargs)
/Library/Frameworks/Python.framework/Versions/3.12/lib/python3.12/site-packages/botocore/hooks.py:239: in _emit
    response = handler(**kwargs)
/Library/Frameworks/Python.framework/Versions/3.12/lib/python3.12/site-packages/botocore/retryhandler.py:207: in __call__
    if self._checker(**checker_kwargs):
/Library/Frameworks/Python.framework/Versions/3.12/lib/python3.12/site-packages/botocore/retryhandler.py:284: in __call__
    should_retry = self._should_retry(
/Library/Frameworks/Python.framework/Versions/3.12/lib/python3.12/site-packages/botocore/retryhandler.py:320: in _should_retry
    return self._checker(attempt_number, response, caught_exception)
/Library/Frameworks/Python.framework/Versions/3.12/lib/python3.12/site-packages/botocore/retryhandler.py:363: in __call__
    checker_response = checker(
/Library/Frameworks/Python.framework/Versions/3.12/lib/python3.12/site-packages/botocore/retryhandler.py:247: in __call__
    return self._check_caught_exception(
/Library/Frameworks/Python.framework/Versions/3.12/lib/python3.12/site-packages/botocore/retryhandler.py:416: in _check_caught_exception
    raise caught_exception
/Library/Frameworks/Python.framework/Versions/3.12/lib/python3.12/site-packages/botocore/endpoint.py:279: in _do_get_response
    http_response = self._send(request)
/Library/Frameworks/Python.framework/Versions/3.12/lib/python3.12/site-packages/botocore/endpoint.py:383: in _send
    return self.http_session.send(request)
/Library/Frameworks/Python.framework/Versions/3.12/lib/python3.12/site-packages/botocore/httpsession.py:494: in send
    raise EndpointConnectionError(endpoint_url=request.url, error=e)
E   botocore.exceptions.EndpointConnectionError: Could not connect to the endpoint URL: "http://localhost:9000/agora-test"
_____ ERROR at setup of TestStorageURIValidation.test_invalid_bucket_fails _____
/Library/Frameworks/Python.framework/Versions/3.12/lib/python3.12/site-packages/urllib3/connection.py:198: in _new_conn
    sock = connection.create_connection(
/Library/Frameworks/Python.framework/Versions/3.12/lib/python3.12/site-packages/urllib3/util/connection.py:85: in create_connection
    raise err
/Library/Frameworks/Python.framework/Versions/3.12/lib/python3.12/site-packages/urllib3/util/connection.py:73: in create_connection
    sock.connect(sa)
E   ConnectionRefusedError: [Errno 61] Connection refused

The above exception was the direct cause of the following exception:
/Library/Frameworks/Python.framework/Versions/3.12/lib/python3.12/site-packages/botocore/httpsession.py:465: in send
    urllib_response = conn.urlopen(
/Library/Frameworks/Python.framework/Versions/3.12/lib/python3.12/site-packages/urllib3/connectionpool.py:841: in urlopen
    retries = retries.increment(
/Library/Frameworks/Python.framework/Versions/3.12/lib/python3.12/site-packages/urllib3/util/retry.py:449: in increment
    raise reraise(type(error), error, _stacktrace)
/Library/Frameworks/Python.framework/Versions/3.12/lib/python3.12/site-packages/urllib3/util/util.py:39: in reraise
    raise value
/Library/Frameworks/Python.framework/Versions/3.12/lib/python3.12/site-packages/urllib3/connectionpool.py:787: in urlopen
    response = self._make_request(
/Library/Frameworks/Python.framework/Versions/3.12/lib/python3.12/site-packages/urllib3/connectionpool.py:493: in _make_request
    conn.request(
/Library/Frameworks/Python.framework/Versions/3.12/lib/python3.12/site-packages/botocore/awsrequest.py:96: in request
    rval = super().request(method, url, body, headers, *args, **kwargs)
/Library/Frameworks/Python.framework/Versions/3.12/lib/python3.12/site-packages/urllib3/connection.py:445: in request
    self.endheaders()
/Library/Frameworks/Python.framework/Versions/3.12/lib/python3.12/http/client.py:1331: in endheaders
    self._send_output(message_body, encode_chunked=encode_chunked)
/Library/Frameworks/Python.framework/Versions/3.12/lib/python3.12/site-packages/botocore/awsrequest.py:123: in _send_output
    self.send(msg)
/Library/Frameworks/Python.framework/Versions/3.12/lib/python3.12/site-packages/botocore/awsrequest.py:223: in send
    return super().send(str)
/Library/Frameworks/Python.framework/Versions/3.12/lib/python3.12/http/client.py:1035: in send
    self.connect()
/Library/Frameworks/Python.framework/Versions/3.12/lib/python3.12/site-packages/urllib3/connection.py:276: in connect
    self.sock = self._new_conn()
/Library/Frameworks/Python.framework/Versions/3.12/lib/python3.12/site-packages/urllib3/connection.py:213: in _new_conn
    raise NewConnectionError(
E   urllib3.exceptions.NewConnectionError: <botocore.awsrequest.AWSHTTPConnection object at 0x150f7a390>: Failed to establish a new connection: [Errno 61] Connection refused

During handling of the above exception, another exception occurred:
tests/test_storage.py:29: in storage
    return Storage(
packages/shared-types/storage.py:78: in __init__
    self._ensure_bucket_exists()
packages/shared-types/storage.py:83: in _ensure_bucket_exists
    self.s3.head_bucket(Bucket=self.bucket)
/Library/Frameworks/Python.framework/Versions/3.12/lib/python3.12/site-packages/botocore/client.py:602: in _api_call
    return self._make_api_call(operation_name, kwargs)
/Library/Frameworks/Python.framework/Versions/3.12/lib/python3.12/site-packages/botocore/context.py:123: in wrapper
    return func(*args, **kwargs)
/Library/Frameworks/Python.framework/Versions/3.12/lib/python3.12/site-packages/botocore/client.py:1060: in _make_api_call
    http, parsed_response = self._make_request(
/Library/Frameworks/Python.framework/Versions/3.12/lib/python3.12/site-packages/botocore/client.py:1084: in _make_request
    return self._endpoint.make_request(operation_model, request_dict)
/Library/Frameworks/Python.framework/Versions/3.12/lib/python3.12/site-packages/botocore/endpoint.py:119: in make_request
    return self._send_request(request_dict, operation_model)
/Library/Frameworks/Python.framework/Versions/3.12/lib/python3.12/site-packages/botocore/endpoint.py:200: in _send_request
    while self._needs_retry(
/Library/Frameworks/Python.framework/Versions/3.12/lib/python3.12/site-packages/botocore/endpoint.py:360: in _needs_retry
    responses = self._event_emitter.emit(
/Library/Frameworks/Python.framework/Versions/3.12/lib/python3.12/site-packages/botocore/hooks.py:412: in emit
    return self._emitter.emit(aliased_event_name, **kwargs)
/Library/Frameworks/Python.framework/Versions/3.12/lib/python3.12/site-packages/botocore/hooks.py:256: in emit
    return self._emit(event_name, kwargs)
/Library/Frameworks/Python.framework/Versions/3.12/lib/python3.12/site-packages/botocore/hooks.py:239: in _emit
    response = handler(**kwargs)
/Library/Frameworks/Python.framework/Versions/3.12/lib/python3.12/site-packages/botocore/retryhandler.py:207: in __call__
    if self._checker(**checker_kwargs):
/Library/Frameworks/Python.framework/Versions/3.12/lib/python3.12/site-packages/botocore/retryhandler.py:284: in __call__
    should_retry = self._should_retry(
/Library/Frameworks/Python.framework/Versions/3.12/lib/python3.12/site-packages/botocore/retryhandler.py:320: in _should_retry
    return self._checker(attempt_number, response, caught_exception)
/Library/Frameworks/Python.framework/Versions/3.12/lib/python3.12/site-packages/botocore/retryhandler.py:363: in __call__
    checker_response = checker(
/Library/Frameworks/Python.framework/Versions/3.12/lib/python3.12/site-packages/botocore/retryhandler.py:247: in __call__
    return self._check_caught_exception(
/Library/Frameworks/Python.framework/Versions/3.12/lib/python3.12/site-packages/botocore/retryhandler.py:416: in _check_caught_exception
    raise caught_exception
/Library/Frameworks/Python.framework/Versions/3.12/lib/python3.12/site-packages/botocore/endpoint.py:279: in _do_get_response
    http_response = self._send(request)
/Library/Frameworks/Python.framework/Versions/3.12/lib/python3.12/site-packages/botocore/endpoint.py:383: in _send
    return self.http_session.send(request)
/Library/Frameworks/Python.framework/Versions/3.12/lib/python3.12/site-packages/botocore/httpsession.py:494: in send
    raise EndpointConnectionError(endpoint_url=request.url, error=e)
E   botocore.exceptions.EndpointConnectionError: Could not connect to the endpoint URL: "http://localhost:9000/agora-test"
_ ERROR at setup of TestStorageURIValidation.test_missing_artifacts_component_fails _
/Library/Frameworks/Python.framework/Versions/3.12/lib/python3.12/site-packages/urllib3/connection.py:198: in _new_conn
    sock = connection.create_connection(
/Library/Frameworks/Python.framework/Versions/3.12/lib/python3.12/site-packages/urllib3/util/connection.py:85: in create_connection
    raise err
/Library/Frameworks/Python.framework/Versions/3.12/lib/python3.12/site-packages/urllib3/util/connection.py:73: in create_connection
    sock.connect(sa)
E   ConnectionRefusedError: [Errno 61] Connection refused

The above exception was the direct cause of the following exception:
/Library/Frameworks/Python.framework/Versions/3.12/lib/python3.12/site-packages/botocore/httpsession.py:465: in send
    urllib_response = conn.urlopen(
/Library/Frameworks/Python.framework/Versions/3.12/lib/python3.12/site-packages/urllib3/connectionpool.py:841: in urlopen
    retries = retries.increment(
/Library/Frameworks/Python.framework/Versions/3.12/lib/python3.12/site-packages/urllib3/util/retry.py:449: in increment
    raise reraise(type(error), error, _stacktrace)
/Library/Frameworks/Python.framework/Versions/3.12/lib/python3.12/site-packages/urllib3/util/util.py:39: in reraise
    raise value
/Library/Frameworks/Python.framework/Versions/3.12/lib/python3.12/site-packages/urllib3/connectionpool.py:787: in urlopen
    response = self._make_request(
/Library/Frameworks/Python.framework/Versions/3.12/lib/python3.12/site-packages/urllib3/connectionpool.py:493: in _make_request
    conn.request(
/Library/Frameworks/Python.framework/Versions/3.12/lib/python3.12/site-packages/botocore/awsrequest.py:96: in request
    rval = super().request(method, url, body, headers, *args, **kwargs)
/Library/Frameworks/Python.framework/Versions/3.12/lib/python3.12/site-packages/urllib3/connection.py:445: in request
    self.endheaders()
/Library/Frameworks/Python.framework/Versions/3.12/lib/python3.12/http/client.py:1331: in endheaders
    self._send_output(message_body, encode_chunked=encode_chunked)
/Library/Frameworks/Python.framework/Versions/3.12/lib/python3.12/site-packages/botocore/awsrequest.py:123: in _send_output
    self.send(msg)
/Library/Frameworks/Python.framework/Versions/3.12/lib/python3.12/site-packages/botocore/awsrequest.py:223: in send
    return super().send(str)
/Library/Frameworks/Python.framework/Versions/3.12/lib/python3.12/http/client.py:1035: in send
    self.connect()
/Library/Frameworks/Python.framework/Versions/3.12/lib/python3.12/site-packages/urllib3/connection.py:276: in connect
    self.sock = self._new_conn()
/Library/Frameworks/Python.framework/Versions/3.12/lib/python3.12/site-packages/urllib3/connection.py:213: in _new_conn
    raise NewConnectionError(
E   urllib3.exceptions.NewConnectionError: <botocore.awsrequest.AWSHTTPConnection object at 0x150f7a390>: Failed to establish a new connection: [Errno 61] Connection refused

During handling of the above exception, another exception occurred:
tests/test_storage.py:29: in storage
    return Storage(
packages/shared-types/storage.py:78: in __init__
    self._ensure_bucket_exists()
packages/shared-types/storage.py:83: in _ensure_bucket_exists
    self.s3.head_bucket(Bucket=self.bucket)
/Library/Frameworks/Python.framework/Versions/3.12/lib/python3.12/site-packages/botocore/client.py:602: in _api_call
    return self._make_api_call(operation_name, kwargs)
/Library/Frameworks/Python.framework/Versions/3.12/lib/python3.12/site-packages/botocore/context.py:123: in wrapper
    return func(*args, **kwargs)
/Library/Frameworks/Python.framework/Versions/3.12/lib/python3.12/site-packages/botocore/client.py:1060: in _make_api_call
    http, parsed_response = self._make_request(
/Library/Frameworks/Python.framework/Versions/3.12/lib/python3.12/site-packages/botocore/client.py:1084: in _make_request
    return self._endpoint.make_request(operation_model, request_dict)
/Library/Frameworks/Python.framework/Versions/3.12/lib/python3.12/site-packages/botocore/endpoint.py:119: in make_request
    return self._send_request(request_dict, operation_model)
/Library/Frameworks/Python.framework/Versions/3.12/lib/python3.12/site-packages/botocore/endpoint.py:200: in _send_request
    while self._needs_retry(
/Library/Frameworks/Python.framework/Versions/3.12/lib/python3.12/site-packages/botocore/endpoint.py:360: in _needs_retry
    responses = self._event_emitter.emit(
/Library/Frameworks/Python.framework/Versions/3.12/lib/python3.12/site-packages/botocore/hooks.py:412: in emit
    return self._emitter.emit(aliased_event_name, **kwargs)
/Library/Frameworks/Python.framework/Versions/3.12/lib/python3.12/site-packages/botocore/hooks.py:256: in emit
    return self._emit(event_name, kwargs)
/Library/Frameworks/Python.framework/Versions/3.12/lib/python3.12/site-packages/botocore/hooks.py:239: in _emit
    response = handler(**kwargs)
/Library/Frameworks/Python.framework/Versions/3.12/lib/python3.12/site-packages/botocore/retryhandler.py:207: in __call__
    if self._checker(**checker_kwargs):
/Library/Frameworks/Python.framework/Versions/3.12/lib/python3.12/site-packages/botocore/retryhandler.py:284: in __call__
    should_retry = self._should_retry(
/Library/Frameworks/Python.framework/Versions/3.12/lib/python3.12/site-packages/botocore/retryhandler.py:320: in _should_retry
    return self._checker(attempt_number, response, caught_exception)
/Library/Frameworks/Python.framework/Versions/3.12/lib/python3.12/site-packages/botocore/retryhandler.py:363: in __call__
    checker_response = checker(
/Library/Frameworks/Python.framework/Versions/3.12/lib/python3.12/site-packages/botocore/retryhandler.py:247: in __call__
    return self._check_caught_exception(
/Library/Frameworks/Python.framework/Versions/3.12/lib/python3.12/site-packages/botocore/retryhandler.py:416: in _check_caught_exception
    raise caught_exception
/Library/Frameworks/Python.framework/Versions/3.12/lib/python3.12/site-packages/botocore/endpoint.py:279: in _do_get_response
    http_response = self._send(request)
/Library/Frameworks/Python.framework/Versions/3.12/lib/python3.12/site-packages/botocore/endpoint.py:383: in _send
    return self.http_session.send(request)
/Library/Frameworks/Python.framework/Versions/3.12/lib/python3.12/site-packages/botocore/httpsession.py:494: in send
    raise EndpointConnectionError(endpoint_url=request.url, error=e)
E   botocore.exceptions.EndpointConnectionError: Could not connect to the endpoint URL: "http://localhost:9000/agora-test"
_ ERROR at setup of TestStorageURIValidation.test_invalid_version_format_fails _
/Library/Frameworks/Python.framework/Versions/3.12/lib/python3.12/site-packages/urllib3/connection.py:198: in _new_conn
    sock = connection.create_connection(
/Library/Frameworks/Python.framework/Versions/3.12/lib/python3.12/site-packages/urllib3/util/connection.py:85: in create_connection
    raise err
/Library/Frameworks/Python.framework/Versions/3.12/lib/python3.12/site-packages/urllib3/util/connection.py:73: in create_connection
    sock.connect(sa)
E   ConnectionRefusedError: [Errno 61] Connection refused

The above exception was the direct cause of the following exception:
/Library/Frameworks/Python.framework/Versions/3.12/lib/python3.12/site-packages/botocore/httpsession.py:465: in send
    urllib_response = conn.urlopen(
/Library/Frameworks/Python.framework/Versions/3.12/lib/python3.12/site-packages/urllib3/connectionpool.py:841: in urlopen
    retries = retries.increment(
/Library/Frameworks/Python.framework/Versions/3.12/lib/python3.12/site-packages/urllib3/util/retry.py:449: in increment
    raise reraise(type(error), error, _stacktrace)
/Library/Frameworks/Python.framework/Versions/3.12/lib/python3.12/site-packages/urllib3/util/util.py:39: in reraise
    raise value
/Library/Frameworks/Python.framework/Versions/3.12/lib/python3.12/site-packages/urllib3/connectionpool.py:787: in urlopen
    response = self._make_request(
/Library/Frameworks/Python.framework/Versions/3.12/lib/python3.12/site-packages/urllib3/connectionpool.py:493: in _make_request
    conn.request(
/Library/Frameworks/Python.framework/Versions/3.12/lib/python3.12/site-packages/botocore/awsrequest.py:96: in request
    rval = super().request(method, url, body, headers, *args, **kwargs)
/Library/Frameworks/Python.framework/Versions/3.12/lib/python3.12/site-packages/urllib3/connection.py:445: in request
    self.endheaders()
/Library/Frameworks/Python.framework/Versions/3.12/lib/python3.12/http/client.py:1331: in endheaders
    self._send_output(message_body, encode_chunked=encode_chunked)
/Library/Frameworks/Python.framework/Versions/3.12/lib/python3.12/site-packages/botocore/awsrequest.py:123: in _send_output
    self.send(msg)
/Library/Frameworks/Python.framework/Versions/3.12/lib/python3.12/site-packages/botocore/awsrequest.py:223: in send
    return super().send(str)
/Library/Frameworks/Python.framework/Versions/3.12/lib/python3.12/http/client.py:1035: in send
    self.connect()
/Library/Frameworks/Python.framework/Versions/3.12/lib/python3.12/site-packages/urllib3/connection.py:276: in connect
    self.sock = self._new_conn()
/Library/Frameworks/Python.framework/Versions/3.12/lib/python3.12/site-packages/urllib3/connection.py:213: in _new_conn
    raise NewConnectionError(
E   urllib3.exceptions.NewConnectionError: <botocore.awsrequest.AWSHTTPConnection object at 0x150f7a390>: Failed to establish a new connection: [Errno 61] Connection refused

During handling of the above exception, another exception occurred:
tests/test_storage.py:29: in storage
    return Storage(
packages/shared-types/storage.py:78: in __init__
    self._ensure_bucket_exists()
packages/shared-types/storage.py:83: in _ensure_bucket_exists
    self.s3.head_bucket(Bucket=self.bucket)
/Library/Frameworks/Python.framework/Versions/3.12/lib/python3.12/site-packages/botocore/client.py:602: in _api_call
    return self._make_api_call(operation_name, kwargs)
/Library/Frameworks/Python.framework/Versions/3.12/lib/python3.12/site-packages/botocore/context.py:123: in wrapper
    return func(*args, **kwargs)
/Library/Frameworks/Python.framework/Versions/3.12/lib/python3.12/site-packages/botocore/client.py:1060: in _make_api_call
    http, parsed_response = self._make_request(
/Library/Frameworks/Python.framework/Versions/3.12/lib/python3.12/site-packages/botocore/client.py:1084: in _make_request
    return self._endpoint.make_request(operation_model, request_dict)
/Library/Frameworks/Python.framework/Versions/3.12/lib/python3.12/site-packages/botocore/endpoint.py:119: in make_request
    return self._send_request(request_dict, operation_model)
/Library/Frameworks/Python.framework/Versions/3.12/lib/python3.12/site-packages/botocore/endpoint.py:200: in _send_request
    while self._needs_retry(
/Library/Frameworks/Python.framework/Versions/3.12/lib/python3.12/site-packages/botocore/endpoint.py:360: in _needs_retry
    responses = self._event_emitter.emit(
/Library/Frameworks/Python.framework/Versions/3.12/lib/python3.12/site-packages/botocore/hooks.py:412: in emit
    return self._emitter.emit(aliased_event_name, **kwargs)
/Library/Frameworks/Python.framework/Versions/3.12/lib/python3.12/site-packages/botocore/hooks.py:256: in emit
    return self._emit(event_name, kwargs)
/Library/Frameworks/Python.framework/Versions/3.12/lib/python3.12/site-packages/botocore/hooks.py:239: in _emit
    response = handler(**kwargs)
/Library/Frameworks/Python.framework/Versions/3.12/lib/python3.12/site-packages/botocore/retryhandler.py:207: in __call__
    if self._checker(**checker_kwargs):
/Library/Frameworks/Python.framework/Versions/3.12/lib/python3.12/site-packages/botocore/retryhandler.py:284: in __call__
    should_retry = self._should_retry(
/Library/Frameworks/Python.framework/Versions/3.12/lib/python3.12/site-packages/botocore/retryhandler.py:320: in _should_retry
    return self._checker(attempt_number, response, caught_exception)
/Library/Frameworks/Python.framework/Versions/3.12/lib/python3.12/site-packages/botocore/retryhandler.py:363: in __call__
    checker_response = checker(
/Library/Frameworks/Python.framework/Versions/3.12/lib/python3.12/site-packages/botocore/retryhandler.py:247: in __call__
    return self._check_caught_exception(
/Library/Frameworks/Python.framework/Versions/3.12/lib/python3.12/site-packages/botocore/retryhandler.py:416: in _check_caught_exception
    raise caught_exception
/Library/Frameworks/Python.framework/Versions/3.12/lib/python3.12/site-packages/botocore/endpoint.py:279: in _do_get_response
    http_response = self._send(request)
/Library/Frameworks/Python.framework/Versions/3.12/lib/python3.12/site-packages/botocore/endpoint.py:383: in _send
    return self.http_session.send(request)
/Library/Frameworks/Python.framework/Versions/3.12/lib/python3.12/site-packages/botocore/httpsession.py:494: in send
    raise EndpointConnectionError(endpoint_url=request.url, error=e)
E   botocore.exceptions.EndpointConnectionError: Could not connect to the endpoint URL: "http://localhost:9000/agora-test"
_____ ERROR at setup of TestStorageURIValidation.test_too_short_path_fails _____
/Library/Frameworks/Python.framework/Versions/3.12/lib/python3.12/site-packages/urllib3/connection.py:198: in _new_conn
    sock = connection.create_connection(
/Library/Frameworks/Python.framework/Versions/3.12/lib/python3.12/site-packages/urllib3/util/connection.py:85: in create_connection
    raise err
/Library/Frameworks/Python.framework/Versions/3.12/lib/python3.12/site-packages/urllib3/util/connection.py:73: in create_connection
    sock.connect(sa)
E   ConnectionRefusedError: [Errno 61] Connection refused

The above exception was the direct cause of the following exception:
/Library/Frameworks/Python.framework/Versions/3.12/lib/python3.12/site-packages/botocore/httpsession.py:465: in send
    urllib_response = conn.urlopen(
/Library/Frameworks/Python.framework/Versions/3.12/lib/python3.12/site-packages/urllib3/connectionpool.py:841: in urlopen
    retries = retries.increment(
/Library/Frameworks/Python.framework/Versions/3.12/lib/python3.12/site-packages/urllib3/util/retry.py:449: in increment
    raise reraise(type(error), error, _stacktrace)
/Library/Frameworks/Python.framework/Versions/3.12/lib/python3.12/site-packages/urllib3/util/util.py:39: in reraise
    raise value
/Library/Frameworks/Python.framework/Versions/3.12/lib/python3.12/site-packages/urllib3/connectionpool.py:787: in urlopen
    response = self._make_request(
/Library/Frameworks/Python.framework/Versions/3.12/lib/python3.12/site-packages/urllib3/connectionpool.py:493: in _make_request
    conn.request(
/Library/Frameworks/Python.framework/Versions/3.12/lib/python3.12/site-packages/botocore/awsrequest.py:96: in request
    rval = super().request(method, url, body, headers, *args, **kwargs)
/Library/Frameworks/Python.framework/Versions/3.12/lib/python3.12/site-packages/urllib3/connection.py:445: in request
    self.endheaders()
/Library/Frameworks/Python.framework/Versions/3.12/lib/python3.12/http/client.py:1331: in endheaders
    self._send_output(message_body, encode_chunked=encode_chunked)
/Library/Frameworks/Python.framework/Versions/3.12/lib/python3.12/site-packages/botocore/awsrequest.py:123: in _send_output
    self.send(msg)
/Library/Frameworks/Python.framework/Versions/3.12/lib/python3.12/site-packages/botocore/awsrequest.py:223: in send
    return super().send(str)
/Library/Frameworks/Python.framework/Versions/3.12/lib/python3.12/http/client.py:1035: in send
    self.connect()
/Library/Frameworks/Python.framework/Versions/3.12/lib/python3.12/site-packages/urllib3/connection.py:276: in connect
    self.sock = self._new_conn()
/Library/Frameworks/Python.framework/Versions/3.12/lib/python3.12/site-packages/urllib3/connection.py:213: in _new_conn
    raise NewConnectionError(
E   urllib3.exceptions.NewConnectionError: <botocore.awsrequest.AWSHTTPConnection object at 0x150f7a390>: Failed to establish a new connection: [Errno 61] Connection refused

During handling of the above exception, another exception occurred:
tests/test_storage.py:29: in storage
    return Storage(
packages/shared-types/storage.py:78: in __init__
    self._ensure_bucket_exists()
packages/shared-types/storage.py:83: in _ensure_bucket_exists
    self.s3.head_bucket(Bucket=self.bucket)
/Library/Frameworks/Python.framework/Versions/3.12/lib/python3.12/site-packages/botocore/client.py:602: in _api_call
    return self._make_api_call(operation_name, kwargs)
/Library/Frameworks/Python.framework/Versions/3.12/lib/python3.12/site-packages/botocore/context.py:123: in wrapper
    return func(*args, **kwargs)
/Library/Frameworks/Python.framework/Versions/3.12/lib/python3.12/site-packages/botocore/client.py:1060: in _make_api_call
    http, parsed_response = self._make_request(
/Library/Frameworks/Python.framework/Versions/3.12/lib/python3.12/site-packages/botocore/client.py:1084: in _make_request
    return self._endpoint.make_request(operation_model, request_dict)
/Library/Frameworks/Python.framework/Versions/3.12/lib/python3.12/site-packages/botocore/endpoint.py:119: in make_request
    return self._send_request(request_dict, operation_model)
/Library/Frameworks/Python.framework/Versions/3.12/lib/python3.12/site-packages/botocore/endpoint.py:200: in _send_request
    while self._needs_retry(
/Library/Frameworks/Python.framework/Versions/3.12/lib/python3.12/site-packages/botocore/endpoint.py:360: in _needs_retry
    responses = self._event_emitter.emit(
/Library/Frameworks/Python.framework/Versions/3.12/lib/python3.12/site-packages/botocore/hooks.py:412: in emit
    return self._emitter.emit(aliased_event_name, **kwargs)
/Library/Frameworks/Python.framework/Versions/3.12/lib/python3.12/site-packages/botocore/hooks.py:256: in emit
    return self._emit(event_name, kwargs)
/Library/Frameworks/Python.framework/Versions/3.12/lib/python3.12/site-packages/botocore/hooks.py:239: in _emit
    response = handler(**kwargs)
/Library/Frameworks/Python.framework/Versions/3.12/lib/python3.12/site-packages/botocore/retryhandler.py:207: in __call__
    if self._checker(**checker_kwargs):
/Library/Frameworks/Python.framework/Versions/3.12/lib/python3.12/site-packages/botocore/retryhandler.py:284: in __call__
    should_retry = self._should_retry(
/Library/Frameworks/Python.framework/Versions/3.12/lib/python3.12/site-packages/botocore/retryhandler.py:320: in _should_retry
    return self._checker(attempt_number, response, caught_exception)
/Library/Frameworks/Python.framework/Versions/3.12/lib/python3.12/site-packages/botocore/retryhandler.py:363: in __call__
    checker_response = checker(
/Library/Frameworks/Python.framework/Versions/3.12/lib/python3.12/site-packages/botocore/retryhandler.py:247: in __call__
    return self._check_caught_exception(
/Library/Frameworks/Python.framework/Versions/3.12/lib/python3.12/site-packages/botocore/retryhandler.py:416: in _check_caught_exception
    raise caught_exception
/Library/Frameworks/Python.framework/Versions/3.12/lib/python3.12/site-packages/botocore/endpoint.py:279: in _do_get_response
    http_response = self._send(request)
/Library/Frameworks/Python.framework/Versions/3.12/lib/python3.12/site-packages/botocore/endpoint.py:383: in _send
    return self.http_session.send(request)
/Library/Frameworks/Python.framework/Versions/3.12/lib/python3.12/site-packages/botocore/httpsession.py:494: in send
    raise EndpointConnectionError(endpoint_url=request.url, error=e)
E   botocore.exceptions.EndpointConnectionError: Could not connect to the endpoint URL: "http://localhost:9000/agora-test"
____ ERROR at setup of TestBasicOperations.test_put_and_get_bytes_roundtrip ____
/Library/Frameworks/Python.framework/Versions/3.12/lib/python3.12/site-packages/urllib3/connection.py:198: in _new_conn
    sock = connection.create_connection(
/Library/Frameworks/Python.framework/Versions/3.12/lib/python3.12/site-packages/urllib3/util/connection.py:85: in create_connection
    raise err
/Library/Frameworks/Python.framework/Versions/3.12/lib/python3.12/site-packages/urllib3/util/connection.py:73: in create_connection
    sock.connect(sa)
E   ConnectionRefusedError: [Errno 61] Connection refused

The above exception was the direct cause of the following exception:
/Library/Frameworks/Python.framework/Versions/3.12/lib/python3.12/site-packages/botocore/httpsession.py:465: in send
    urllib_response = conn.urlopen(
/Library/Frameworks/Python.framework/Versions/3.12/lib/python3.12/site-packages/urllib3/connectionpool.py:841: in urlopen
    retries = retries.increment(
/Library/Frameworks/Python.framework/Versions/3.12/lib/python3.12/site-packages/urllib3/util/retry.py:449: in increment
    raise reraise(type(error), error, _stacktrace)
/Library/Frameworks/Python.framework/Versions/3.12/lib/python3.12/site-packages/urllib3/util/util.py:39: in reraise
    raise value
/Library/Frameworks/Python.framework/Versions/3.12/lib/python3.12/site-packages/urllib3/connectionpool.py:787: in urlopen
    response = self._make_request(
/Library/Frameworks/Python.framework/Versions/3.12/lib/python3.12/site-packages/urllib3/connectionpool.py:493: in _make_request
    conn.request(
/Library/Frameworks/Python.framework/Versions/3.12/lib/python3.12/site-packages/botocore/awsrequest.py:96: in request
    rval = super().request(method, url, body, headers, *args, **kwargs)
/Library/Frameworks/Python.framework/Versions/3.12/lib/python3.12/site-packages/urllib3/connection.py:445: in request
    self.endheaders()
/Library/Frameworks/Python.framework/Versions/3.12/lib/python3.12/http/client.py:1331: in endheaders
    self._send_output(message_body, encode_chunked=encode_chunked)
/Library/Frameworks/Python.framework/Versions/3.12/lib/python3.12/site-packages/botocore/awsrequest.py:123: in _send_output
    self.send(msg)
/Library/Frameworks/Python.framework/Versions/3.12/lib/python3.12/site-packages/botocore/awsrequest.py:223: in send
    return super().send(str)
/Library/Frameworks/Python.framework/Versions/3.12/lib/python3.12/http/client.py:1035: in send
    self.connect()
/Library/Frameworks/Python.framework/Versions/3.12/lib/python3.12/site-packages/urllib3/connection.py:276: in connect
    self.sock = self._new_conn()
/Library/Frameworks/Python.framework/Versions/3.12/lib/python3.12/site-packages/urllib3/connection.py:213: in _new_conn
    raise NewConnectionError(
E   urllib3.exceptions.NewConnectionError: <botocore.awsrequest.AWSHTTPConnection object at 0x150f7a390>: Failed to establish a new connection: [Errno 61] Connection refused

During handling of the above exception, another exception occurred:
tests/test_storage.py:29: in storage
    return Storage(
packages/shared-types/storage.py:78: in __init__
    self._ensure_bucket_exists()
packages/shared-types/storage.py:83: in _ensure_bucket_exists
    self.s3.head_bucket(Bucket=self.bucket)
/Library/Frameworks/Python.framework/Versions/3.12/lib/python3.12/site-packages/botocore/client.py:602: in _api_call
    return self._make_api_call(operation_name, kwargs)
/Library/Frameworks/Python.framework/Versions/3.12/lib/python3.12/site-packages/botocore/context.py:123: in wrapper
    return func(*args, **kwargs)
/Library/Frameworks/Python.framework/Versions/3.12/lib/python3.12/site-packages/botocore/client.py:1060: in _make_api_call
    http, parsed_response = self._make_request(
/Library/Frameworks/Python.framework/Versions/3.12/lib/python3.12/site-packages/botocore/client.py:1084: in _make_request
    return self._endpoint.make_request(operation_model, request_dict)
/Library/Frameworks/Python.framework/Versions/3.12/lib/python3.12/site-packages/botocore/endpoint.py:119: in make_request
    return self._send_request(request_dict, operation_model)
/Library/Frameworks/Python.framework/Versions/3.12/lib/python3.12/site-packages/botocore/endpoint.py:200: in _send_request
    while self._needs_retry(
/Library/Frameworks/Python.framework/Versions/3.12/lib/python3.12/site-packages/botocore/endpoint.py:360: in _needs_retry
    responses = self._event_emitter.emit(
/Library/Frameworks/Python.framework/Versions/3.12/lib/python3.12/site-packages/botocore/hooks.py:412: in emit
    return self._emitter.emit(aliased_event_name, **kwargs)
/Library/Frameworks/Python.framework/Versions/3.12/lib/python3.12/site-packages/botocore/hooks.py:256: in emit
    return self._emit(event_name, kwargs)
/Library/Frameworks/Python.framework/Versions/3.12/lib/python3.12/site-packages/botocore/hooks.py:239: in _emit
    response = handler(**kwargs)
/Library/Frameworks/Python.framework/Versions/3.12/lib/python3.12/site-packages/botocore/retryhandler.py:207: in __call__
    if self._checker(**checker_kwargs):
/Library/Frameworks/Python.framework/Versions/3.12/lib/python3.12/site-packages/botocore/retryhandler.py:284: in __call__
    should_retry = self._should_retry(
/Library/Frameworks/Python.framework/Versions/3.12/lib/python3.12/site-packages/botocore/retryhandler.py:320: in _should_retry
    return self._checker(attempt_number, response, caught_exception)
/Library/Frameworks/Python.framework/Versions/3.12/lib/python3.12/site-packages/botocore/retryhandler.py:363: in __call__
    checker_response = checker(
/Library/Frameworks/Python.framework/Versions/3.12/lib/python3.12/site-packages/botocore/retryhandler.py:247: in __call__
    return self._check_caught_exception(
/Library/Frameworks/Python.framework/Versions/3.12/lib/python3.12/site-packages/botocore/retryhandler.py:416: in _check_caught_exception
    raise caught_exception
/Library/Frameworks/Python.framework/Versions/3.12/lib/python3.12/site-packages/botocore/endpoint.py:279: in _do_get_response
    http_response = self._send(request)
/Library/Frameworks/Python.framework/Versions/3.12/lib/python3.12/site-packages/botocore/endpoint.py:383: in _send
    return self.http_session.send(request)
/Library/Frameworks/Python.framework/Versions/3.12/lib/python3.12/site-packages/botocore/httpsession.py:494: in send
    raise EndpointConnectionError(endpoint_url=request.url, error=e)
E   botocore.exceptions.EndpointConnectionError: Could not connect to the endpoint URL: "http://localhost:9000/agora-test"
___ ERROR at setup of TestBasicOperations.test_put_and_get_stream_roundtrip ____
/Library/Frameworks/Python.framework/Versions/3.12/lib/python3.12/site-packages/urllib3/connection.py:198: in _new_conn
    sock = connection.create_connection(
/Library/Frameworks/Python.framework/Versions/3.12/lib/python3.12/site-packages/urllib3/util/connection.py:85: in create_connection
    raise err
/Library/Frameworks/Python.framework/Versions/3.12/lib/python3.12/site-packages/urllib3/util/connection.py:73: in create_connection
    sock.connect(sa)
E   ConnectionRefusedError: [Errno 61] Connection refused

The above exception was the direct cause of the following exception:
/Library/Frameworks/Python.framework/Versions/3.12/lib/python3.12/site-packages/botocore/httpsession.py:465: in send
    urllib_response = conn.urlopen(
/Library/Frameworks/Python.framework/Versions/3.12/lib/python3.12/site-packages/urllib3/connectionpool.py:841: in urlopen
    retries = retries.increment(
/Library/Frameworks/Python.framework/Versions/3.12/lib/python3.12/site-packages/urllib3/util/retry.py:449: in increment
    raise reraise(type(error), error, _stacktrace)
/Library/Frameworks/Python.framework/Versions/3.12/lib/python3.12/site-packages/urllib3/util/util.py:39: in reraise
    raise value
/Library/Frameworks/Python.framework/Versions/3.12/lib/python3.12/site-packages/urllib3/connectionpool.py:787: in urlopen
    response = self._make_request(
/Library/Frameworks/Python.framework/Versions/3.12/lib/python3.12/site-packages/urllib3/connectionpool.py:493: in _make_request
    conn.request(
/Library/Frameworks/Python.framework/Versions/3.12/lib/python3.12/site-packages/botocore/awsrequest.py:96: in request
    rval = super().request(method, url, body, headers, *args, **kwargs)
/Library/Frameworks/Python.framework/Versions/3.12/lib/python3.12/site-packages/urllib3/connection.py:445: in request
    self.endheaders()
/Library/Frameworks/Python.framework/Versions/3.12/lib/python3.12/http/client.py:1331: in endheaders
    self._send_output(message_body, encode_chunked=encode_chunked)
/Library/Frameworks/Python.framework/Versions/3.12/lib/python3.12/site-packages/botocore/awsrequest.py:123: in _send_output
    self.send(msg)
/Library/Frameworks/Python.framework/Versions/3.12/lib/python3.12/site-packages/botocore/awsrequest.py:223: in send
    return super().send(str)
/Library/Frameworks/Python.framework/Versions/3.12/lib/python3.12/http/client.py:1035: in send
    self.connect()
/Library/Frameworks/Python.framework/Versions/3.12/lib/python3.12/site-packages/urllib3/connection.py:276: in connect
    self.sock = self._new_conn()
/Library/Frameworks/Python.framework/Versions/3.12/lib/python3.12/site-packages/urllib3/connection.py:213: in _new_conn
    raise NewConnectionError(
E   urllib3.exceptions.NewConnectionError: <botocore.awsrequest.AWSHTTPConnection object at 0x150f7a390>: Failed to establish a new connection: [Errno 61] Connection refused

During handling of the above exception, another exception occurred:
tests/test_storage.py:29: in storage
    return Storage(
packages/shared-types/storage.py:78: in __init__
    self._ensure_bucket_exists()
packages/shared-types/storage.py:83: in _ensure_bucket_exists
    self.s3.head_bucket(Bucket=self.bucket)
/Library/Frameworks/Python.framework/Versions/3.12/lib/python3.12/site-packages/botocore/client.py:602: in _api_call
    return self._make_api_call(operation_name, kwargs)
/Library/Frameworks/Python.framework/Versions/3.12/lib/python3.12/site-packages/botocore/context.py:123: in wrapper
    return func(*args, **kwargs)
/Library/Frameworks/Python.framework/Versions/3.12/lib/python3.12/site-packages/botocore/client.py:1060: in _make_api_call
    http, parsed_response = self._make_request(
/Library/Frameworks/Python.framework/Versions/3.12/lib/python3.12/site-packages/botocore/client.py:1084: in _make_request
    return self._endpoint.make_request(operation_model, request_dict)
/Library/Frameworks/Python.framework/Versions/3.12/lib/python3.12/site-packages/botocore/endpoint.py:119: in make_request
    return self._send_request(request_dict, operation_model)
/Library/Frameworks/Python.framework/Versions/3.12/lib/python3.12/site-packages/botocore/endpoint.py:200: in _send_request
    while self._needs_retry(
/Library/Frameworks/Python.framework/Versions/3.12/lib/python3.12/site-packages/botocore/endpoint.py:360: in _needs_retry
    responses = self._event_emitter.emit(
/Library/Frameworks/Python.framework/Versions/3.12/lib/python3.12/site-packages/botocore/hooks.py:412: in emit
    return self._emitter.emit(aliased_event_name, **kwargs)
/Library/Frameworks/Python.framework/Versions/3.12/lib/python3.12/site-packages/botocore/hooks.py:256: in emit
    return self._emit(event_name, kwargs)
/Library/Frameworks/Python.framework/Versions/3.12/lib/python3.12/site-packages/botocore/hooks.py:239: in _emit
    response = handler(**kwargs)
/Library/Frameworks/Python.framework/Versions/3.12/lib/python3.12/site-packages/botocore/retryhandler.py:207: in __call__
    if self._checker(**checker_kwargs):
/Library/Frameworks/Python.framework/Versions/3.12/lib/python3.12/site-packages/botocore/retryhandler.py:284: in __call__
    should_retry = self._should_retry(
/Library/Frameworks/Python.framework/Versions/3.12/lib/python3.12/site-packages/botocore/retryhandler.py:320: in _should_retry
    return self._checker(attempt_number, response, caught_exception)
/Library/Frameworks/Python.framework/Versions/3.12/lib/python3.12/site-packages/botocore/retryhandler.py:363: in __call__
    checker_response = checker(
/Library/Frameworks/Python.framework/Versions/3.12/lib/python3.12/site-packages/botocore/retryhandler.py:247: in __call__
    return self._check_caught_exception(
/Library/Frameworks/Python.framework/Versions/3.12/lib/python3.12/site-packages/botocore/retryhandler.py:416: in _check_caught_exception
    raise caught_exception
/Library/Frameworks/Python.framework/Versions/3.12/lib/python3.12/site-packages/botocore/endpoint.py:279: in _do_get_response
    http_response = self._send(request)
/Library/Frameworks/Python.framework/Versions/3.12/lib/python3.12/site-packages/botocore/endpoint.py:383: in _send
    return self.http_session.send(request)
/Library/Frameworks/Python.framework/Versions/3.12/lib/python3.12/site-packages/botocore/httpsession.py:494: in send
    raise EndpointConnectionError(endpoint_url=request.url, error=e)
E   botocore.exceptions.EndpointConnectionError: Could not connect to the endpoint URL: "http://localhost:9000/agora-test"
_ ERROR at setup of TestBasicOperations.test_exists_returns_false_for_nonexistent _
/Library/Frameworks/Python.framework/Versions/3.12/lib/python3.12/site-packages/urllib3/connection.py:198: in _new_conn
    sock = connection.create_connection(
/Library/Frameworks/Python.framework/Versions/3.12/lib/python3.12/site-packages/urllib3/util/connection.py:85: in create_connection
    raise err
/Library/Frameworks/Python.framework/Versions/3.12/lib/python3.12/site-packages/urllib3/util/connection.py:73: in create_connection
    sock.connect(sa)
E   ConnectionRefusedError: [Errno 61] Connection refused

The above exception was the direct cause of the following exception:
/Library/Frameworks/Python.framework/Versions/3.12/lib/python3.12/site-packages/botocore/httpsession.py:465: in send
    urllib_response = conn.urlopen(
/Library/Frameworks/Python.framework/Versions/3.12/lib/python3.12/site-packages/urllib3/connectionpool.py:841: in urlopen
    retries = retries.increment(
/Library/Frameworks/Python.framework/Versions/3.12/lib/python3.12/site-packages/urllib3/util/retry.py:449: in increment
    raise reraise(type(error), error, _stacktrace)
/Library/Frameworks/Python.framework/Versions/3.12/lib/python3.12/site-packages/urllib3/util/util.py:39: in reraise
    raise value
/Library/Frameworks/Python.framework/Versions/3.12/lib/python3.12/site-packages/urllib3/connectionpool.py:787: in urlopen
    response = self._make_request(
/Library/Frameworks/Python.framework/Versions/3.12/lib/python3.12/site-packages/urllib3/connectionpool.py:493: in _make_request
    conn.request(
/Library/Frameworks/Python.framework/Versions/3.12/lib/python3.12/site-packages/botocore/awsrequest.py:96: in request
    rval = super().request(method, url, body, headers, *args, **kwargs)
/Library/Frameworks/Python.framework/Versions/3.12/lib/python3.12/site-packages/urllib3/connection.py:445: in request
    self.endheaders()
/Library/Frameworks/Python.framework/Versions/3.12/lib/python3.12/http/client.py:1331: in endheaders
    self._send_output(message_body, encode_chunked=encode_chunked)
/Library/Frameworks/Python.framework/Versions/3.12/lib/python3.12/site-packages/botocore/awsrequest.py:123: in _send_output
    self.send(msg)
/Library/Frameworks/Python.framework/Versions/3.12/lib/python3.12/site-packages/botocore/awsrequest.py:223: in send
    return super().send(str)
/Library/Frameworks/Python.framework/Versions/3.12/lib/python3.12/http/client.py:1035: in send
    self.connect()
/Library/Frameworks/Python.framework/Versions/3.12/lib/python3.12/site-packages/urllib3/connection.py:276: in connect
    self.sock = self._new_conn()
/Library/Frameworks/Python.framework/Versions/3.12/lib/python3.12/site-packages/urllib3/connection.py:213: in _new_conn
    raise NewConnectionError(
E   urllib3.exceptions.NewConnectionError: <botocore.awsrequest.AWSHTTPConnection object at 0x150f7a390>: Failed to establish a new connection: [Errno 61] Connection refused

During handling of the above exception, another exception occurred:
tests/test_storage.py:29: in storage
    return Storage(
packages/shared-types/storage.py:78: in __init__
    self._ensure_bucket_exists()
packages/shared-types/storage.py:83: in _ensure_bucket_exists
    self.s3.head_bucket(Bucket=self.bucket)
/Library/Frameworks/Python.framework/Versions/3.12/lib/python3.12/site-packages/botocore/client.py:602: in _api_call
    return self._make_api_call(operation_name, kwargs)
/Library/Frameworks/Python.framework/Versions/3.12/lib/python3.12/site-packages/botocore/context.py:123: in wrapper
    return func(*args, **kwargs)
/Library/Frameworks/Python.framework/Versions/3.12/lib/python3.12/site-packages/botocore/client.py:1060: in _make_api_call
    http, parsed_response = self._make_request(
/Library/Frameworks/Python.framework/Versions/3.12/lib/python3.12/site-packages/botocore/client.py:1084: in _make_request
    return self._endpoint.make_request(operation_model, request_dict)
/Library/Frameworks/Python.framework/Versions/3.12/lib/python3.12/site-packages/botocore/endpoint.py:119: in make_request
    return self._send_request(request_dict, operation_model)
/Library/Frameworks/Python.framework/Versions/3.12/lib/python3.12/site-packages/botocore/endpoint.py:200: in _send_request
    while self._needs_retry(
/Library/Frameworks/Python.framework/Versions/3.12/lib/python3.12/site-packages/botocore/endpoint.py:360: in _needs_retry
    responses = self._event_emitter.emit(
/Library/Frameworks/Python.framework/Versions/3.12/lib/python3.12/site-packages/botocore/hooks.py:412: in emit
    return self._emitter.emit(aliased_event_name, **kwargs)
/Library/Frameworks/Python.framework/Versions/3.12/lib/python3.12/site-packages/botocore/hooks.py:256: in emit
    return self._emit(event_name, kwargs)
/Library/Frameworks/Python.framework/Versions/3.12/lib/python3.12/site-packages/botocore/hooks.py:239: in _emit
    response = handler(**kwargs)
/Library/Frameworks/Python.framework/Versions/3.12/lib/python3.12/site-packages/botocore/retryhandler.py:207: in __call__
    if self._checker(**checker_kwargs):
/Library/Frameworks/Python.framework/Versions/3.12/lib/python3.12/site-packages/botocore/retryhandler.py:284: in __call__
    should_retry = self._should_retry(
/Library/Frameworks/Python.framework/Versions/3.12/lib/python3.12/site-packages/botocore/retryhandler.py:320: in _should_retry
    return self._checker(attempt_number, response, caught_exception)
/Library/Frameworks/Python.framework/Versions/3.12/lib/python3.12/site-packages/botocore/retryhandler.py:363: in __call__
    checker_response = checker(
/Library/Frameworks/Python.framework/Versions/3.12/lib/python3.12/site-packages/botocore/retryhandler.py:247: in __call__
    return self._check_caught_exception(
/Library/Frameworks/Python.framework/Versions/3.12/lib/python3.12/site-packages/botocore/retryhandler.py:416: in _check_caught_exception
    raise caught_exception
/Library/Frameworks/Python.framework/Versions/3.12/lib/python3.12/site-packages/botocore/endpoint.py:279: in _do_get_response
    http_response = self._send(request)
/Library/Frameworks/Python.framework/Versions/3.12/lib/python3.12/site-packages/botocore/endpoint.py:383: in _send
    return self.http_session.send(request)
/Library/Frameworks/Python.framework/Versions/3.12/lib/python3.12/site-packages/botocore/httpsession.py:494: in send
    raise EndpointConnectionError(endpoint_url=request.url, error=e)
E   botocore.exceptions.EndpointConnectionError: Could not connect to the endpoint URL: "http://localhost:9000/agora-test"
___ ERROR at setup of TestBasicOperations.test_get_nonexistent_raises_error ____
/Library/Frameworks/Python.framework/Versions/3.12/lib/python3.12/site-packages/urllib3/connection.py:198: in _new_conn
    sock = connection.create_connection(
/Library/Frameworks/Python.framework/Versions/3.12/lib/python3.12/site-packages/urllib3/util/connection.py:85: in create_connection
    raise err
/Library/Frameworks/Python.framework/Versions/3.12/lib/python3.12/site-packages/urllib3/util/connection.py:73: in create_connection
    sock.connect(sa)
E   ConnectionRefusedError: [Errno 61] Connection refused

The above exception was the direct cause of the following exception:
/Library/Frameworks/Python.framework/Versions/3.12/lib/python3.12/site-packages/botocore/httpsession.py:465: in send
    urllib_response = conn.urlopen(
/Library/Frameworks/Python.framework/Versions/3.12/lib/python3.12/site-packages/urllib3/connectionpool.py:841: in urlopen
    retries = retries.increment(
/Library/Frameworks/Python.framework/Versions/3.12/lib/python3.12/site-packages/urllib3/util/retry.py:449: in increment
    raise reraise(type(error), error, _stacktrace)
/Library/Frameworks/Python.framework/Versions/3.12/lib/python3.12/site-packages/urllib3/util/util.py:39: in reraise
    raise value
/Library/Frameworks/Python.framework/Versions/3.12/lib/python3.12/site-packages/urllib3/connectionpool.py:787: in urlopen
    response = self._make_request(
/Library/Frameworks/Python.framework/Versions/3.12/lib/python3.12/site-packages/urllib3/connectionpool.py:493: in _make_request
    conn.request(
/Library/Frameworks/Python.framework/Versions/3.12/lib/python3.12/site-packages/botocore/awsrequest.py:96: in request
    rval = super().request(method, url, body, headers, *args, **kwargs)
/Library/Frameworks/Python.framework/Versions/3.12/lib/python3.12/site-packages/urllib3/connection.py:445: in request
    self.endheaders()
/Library/Frameworks/Python.framework/Versions/3.12/lib/python3.12/http/client.py:1331: in endheaders
    self._send_output(message_body, encode_chunked=encode_chunked)
/Library/Frameworks/Python.framework/Versions/3.12/lib/python3.12/site-packages/botocore/awsrequest.py:123: in _send_output
    self.send(msg)
/Library/Frameworks/Python.framework/Versions/3.12/lib/python3.12/site-packages/botocore/awsrequest.py:223: in send
    return super().send(str)
/Library/Frameworks/Python.framework/Versions/3.12/lib/python3.12/http/client.py:1035: in send
    self.connect()
/Library/Frameworks/Python.framework/Versions/3.12/lib/python3.12/site-packages/urllib3/connection.py:276: in connect
    self.sock = self._new_conn()
/Library/Frameworks/Python.framework/Versions/3.12/lib/python3.12/site-packages/urllib3/connection.py:213: in _new_conn
    raise NewConnectionError(
E   urllib3.exceptions.NewConnectionError: <botocore.awsrequest.AWSHTTPConnection object at 0x150f7a390>: Failed to establish a new connection: [Errno 61] Connection refused

During handling of the above exception, another exception occurred:
tests/test_storage.py:29: in storage
    return Storage(
packages/shared-types/storage.py:78: in __init__
    self._ensure_bucket_exists()
packages/shared-types/storage.py:83: in _ensure_bucket_exists
    self.s3.head_bucket(Bucket=self.bucket)
/Library/Frameworks/Python.framework/Versions/3.12/lib/python3.12/site-packages/botocore/client.py:602: in _api_call
    return self._make_api_call(operation_name, kwargs)
/Library/Frameworks/Python.framework/Versions/3.12/lib/python3.12/site-packages/botocore/context.py:123: in wrapper
    return func(*args, **kwargs)
/Library/Frameworks/Python.framework/Versions/3.12/lib/python3.12/site-packages/botocore/client.py:1060: in _make_api_call
    http, parsed_response = self._make_request(
/Library/Frameworks/Python.framework/Versions/3.12/lib/python3.12/site-packages/botocore/client.py:1084: in _make_request
    return self._endpoint.make_request(operation_model, request_dict)
/Library/Frameworks/Python.framework/Versions/3.12/lib/python3.12/site-packages/botocore/endpoint.py:119: in make_request
    return self._send_request(request_dict, operation_model)
/Library/Frameworks/Python.framework/Versions/3.12/lib/python3.12/site-packages/botocore/endpoint.py:200: in _send_request
    while self._needs_retry(
/Library/Frameworks/Python.framework/Versions/3.12/lib/python3.12/site-packages/botocore/endpoint.py:360: in _needs_retry
    responses = self._event_emitter.emit(
/Library/Frameworks/Python.framework/Versions/3.12/lib/python3.12/site-packages/botocore/hooks.py:412: in emit
    return self._emitter.emit(aliased_event_name, **kwargs)
/Library/Frameworks/Python.framework/Versions/3.12/lib/python3.12/site-packages/botocore/hooks.py:256: in emit
    return self._emit(event_name, kwargs)
/Library/Frameworks/Python.framework/Versions/3.12/lib/python3.12/site-packages/botocore/hooks.py:239: in _emit
    response = handler(**kwargs)
/Library/Frameworks/Python.framework/Versions/3.12/lib/python3.12/site-packages/botocore/retryhandler.py:207: in __call__
    if self._checker(**checker_kwargs):
/Library/Frameworks/Python.framework/Versions/3.12/lib/python3.12/site-packages/botocore/retryhandler.py:284: in __call__
    should_retry = self._should_retry(
/Library/Frameworks/Python.framework/Versions/3.12/lib/python3.12/site-packages/botocore/retryhandler.py:320: in _should_retry
    return self._checker(attempt_number, response, caught_exception)
/Library/Frameworks/Python.framework/Versions/3.12/lib/python3.12/site-packages/botocore/retryhandler.py:363: in __call__
    checker_response = checker(
/Library/Frameworks/Python.framework/Versions/3.12/lib/python3.12/site-packages/botocore/retryhandler.py:247: in __call__
    return self._check_caught_exception(
/Library/Frameworks/Python.framework/Versions/3.12/lib/python3.12/site-packages/botocore/retryhandler.py:416: in _check_caught_exception
    raise caught_exception
/Library/Frameworks/Python.framework/Versions/3.12/lib/python3.12/site-packages/botocore/endpoint.py:279: in _do_get_response
    http_response = self._send(request)
/Library/Frameworks/Python.framework/Versions/3.12/lib/python3.12/site-packages/botocore/endpoint.py:383: in _send
    return self.http_session.send(request)
/Library/Frameworks/Python.framework/Versions/3.12/lib/python3.12/site-packages/botocore/httpsession.py:494: in send
    raise EndpointConnectionError(endpoint_url=request.url, error=e)
E   botocore.exceptions.EndpointConnectionError: Could not connect to the endpoint URL: "http://localhost:9000/agora-test"
_______ ERROR at setup of TestImmutability.test_overwrite_same_uri_fails _______
/Library/Frameworks/Python.framework/Versions/3.12/lib/python3.12/site-packages/urllib3/connection.py:198: in _new_conn
    sock = connection.create_connection(
/Library/Frameworks/Python.framework/Versions/3.12/lib/python3.12/site-packages/urllib3/util/connection.py:85: in create_connection
    raise err
/Library/Frameworks/Python.framework/Versions/3.12/lib/python3.12/site-packages/urllib3/util/connection.py:73: in create_connection
    sock.connect(sa)
E   ConnectionRefusedError: [Errno 61] Connection refused

The above exception was the direct cause of the following exception:
/Library/Frameworks/Python.framework/Versions/3.12/lib/python3.12/site-packages/botocore/httpsession.py:465: in send
    urllib_response = conn.urlopen(
/Library/Frameworks/Python.framework/Versions/3.12/lib/python3.12/site-packages/urllib3/connectionpool.py:841: in urlopen
    retries = retries.increment(
/Library/Frameworks/Python.framework/Versions/3.12/lib/python3.12/site-packages/urllib3/util/retry.py:449: in increment
    raise reraise(type(error), error, _stacktrace)
/Library/Frameworks/Python.framework/Versions/3.12/lib/python3.12/site-packages/urllib3/util/util.py:39: in reraise
    raise value
/Library/Frameworks/Python.framework/Versions/3.12/lib/python3.12/site-packages/urllib3/connectionpool.py:787: in urlopen
    response = self._make_request(
/Library/Frameworks/Python.framework/Versions/3.12/lib/python3.12/site-packages/urllib3/connectionpool.py:493: in _make_request
    conn.request(
/Library/Frameworks/Python.framework/Versions/3.12/lib/python3.12/site-packages/botocore/awsrequest.py:96: in request
    rval = super().request(method, url, body, headers, *args, **kwargs)
/Library/Frameworks/Python.framework/Versions/3.12/lib/python3.12/site-packages/urllib3/connection.py:445: in request
    self.endheaders()
/Library/Frameworks/Python.framework/Versions/3.12/lib/python3.12/http/client.py:1331: in endheaders
    self._send_output(message_body, encode_chunked=encode_chunked)
/Library/Frameworks/Python.framework/Versions/3.12/lib/python3.12/site-packages/botocore/awsrequest.py:123: in _send_output
    self.send(msg)
/Library/Frameworks/Python.framework/Versions/3.12/lib/python3.12/site-packages/botocore/awsrequest.py:223: in send
    return super().send(str)
/Library/Frameworks/Python.framework/Versions/3.12/lib/python3.12/http/client.py:1035: in send
    self.connect()
/Library/Frameworks/Python.framework/Versions/3.12/lib/python3.12/site-packages/urllib3/connection.py:276: in connect
    self.sock = self._new_conn()
/Library/Frameworks/Python.framework/Versions/3.12/lib/python3.12/site-packages/urllib3/connection.py:213: in _new_conn
    raise NewConnectionError(
E   urllib3.exceptions.NewConnectionError: <botocore.awsrequest.AWSHTTPConnection object at 0x150f7a390>: Failed to establish a new connection: [Errno 61] Connection refused

During handling of the above exception, another exception occurred:
tests/test_storage.py:29: in storage
    return Storage(
packages/shared-types/storage.py:78: in __init__
    self._ensure_bucket_exists()
packages/shared-types/storage.py:83: in _ensure_bucket_exists
    self.s3.head_bucket(Bucket=self.bucket)
/Library/Frameworks/Python.framework/Versions/3.12/lib/python3.12/site-packages/botocore/client.py:602: in _api_call
    return self._make_api_call(operation_name, kwargs)
/Library/Frameworks/Python.framework/Versions/3.12/lib/python3.12/site-packages/botocore/context.py:123: in wrapper
    return func(*args, **kwargs)
/Library/Frameworks/Python.framework/Versions/3.12/lib/python3.12/site-packages/botocore/client.py:1060: in _make_api_call
    http, parsed_response = self._make_request(
/Library/Frameworks/Python.framework/Versions/3.12/lib/python3.12/site-packages/botocore/client.py:1084: in _make_request
    return self._endpoint.make_request(operation_model, request_dict)
/Library/Frameworks/Python.framework/Versions/3.12/lib/python3.12/site-packages/botocore/endpoint.py:119: in make_request
    return self._send_request(request_dict, operation_model)
/Library/Frameworks/Python.framework/Versions/3.12/lib/python3.12/site-packages/botocore/endpoint.py:200: in _send_request
    while self._needs_retry(
/Library/Frameworks/Python.framework/Versions/3.12/lib/python3.12/site-packages/botocore/endpoint.py:360: in _needs_retry
    responses = self._event_emitter.emit(
/Library/Frameworks/Python.framework/Versions/3.12/lib/python3.12/site-packages/botocore/hooks.py:412: in emit
    return self._emitter.emit(aliased_event_name, **kwargs)
/Library/Frameworks/Python.framework/Versions/3.12/lib/python3.12/site-packages/botocore/hooks.py:256: in emit
    return self._emit(event_name, kwargs)
/Library/Frameworks/Python.framework/Versions/3.12/lib/python3.12/site-packages/botocore/hooks.py:239: in _emit
    response = handler(**kwargs)
/Library/Frameworks/Python.framework/Versions/3.12/lib/python3.12/site-packages/botocore/retryhandler.py:207: in __call__
    if self._checker(**checker_kwargs):
/Library/Frameworks/Python.framework/Versions/3.12/lib/python3.12/site-packages/botocore/retryhandler.py:284: in __call__
    should_retry = self._should_retry(
/Library/Frameworks/Python.framework/Versions/3.12/lib/python3.12/site-packages/botocore/retryhandler.py:320: in _should_retry
    return self._checker(attempt_number, response, caught_exception)
/Library/Frameworks/Python.framework/Versions/3.12/lib/python3.12/site-packages/botocore/retryhandler.py:363: in __call__
    checker_response = checker(
/Library/Frameworks/Python.framework/Versions/3.12/lib/python3.12/site-packages/botocore/retryhandler.py:247: in __call__
    return self._check_caught_exception(
/Library/Frameworks/Python.framework/Versions/3.12/lib/python3.12/site-packages/botocore/retryhandler.py:416: in _check_caught_exception
    raise caught_exception
/Library/Frameworks/Python.framework/Versions/3.12/lib/python3.12/site-packages/botocore/endpoint.py:279: in _do_get_response
    http_response = self._send(request)
/Library/Frameworks/Python.framework/Versions/3.12/lib/python3.12/site-packages/botocore/endpoint.py:383: in _send
    return self.http_session.send(request)
/Library/Frameworks/Python.framework/Versions/3.12/lib/python3.12/site-packages/botocore/httpsession.py:494: in send
    raise EndpointConnectionError(endpoint_url=request.url, error=e)
E   botocore.exceptions.EndpointConnectionError: Could not connect to the endpoint URL: "http://localhost:9000/agora-test"
____ ERROR at setup of TestImmutability.test_different_versions_can_coexist ____
/Library/Frameworks/Python.framework/Versions/3.12/lib/python3.12/site-packages/urllib3/connection.py:198: in _new_conn
    sock = connection.create_connection(
/Library/Frameworks/Python.framework/Versions/3.12/lib/python3.12/site-packages/urllib3/util/connection.py:85: in create_connection
    raise err
/Library/Frameworks/Python.framework/Versions/3.12/lib/python3.12/site-packages/urllib3/util/connection.py:73: in create_connection
    sock.connect(sa)
E   ConnectionRefusedError: [Errno 61] Connection refused

The above exception was the direct cause of the following exception:
/Library/Frameworks/Python.framework/Versions/3.12/lib/python3.12/site-packages/botocore/httpsession.py:465: in send
    urllib_response = conn.urlopen(
/Library/Frameworks/Python.framework/Versions/3.12/lib/python3.12/site-packages/urllib3/connectionpool.py:841: in urlopen
    retries = retries.increment(
/Library/Frameworks/Python.framework/Versions/3.12/lib/python3.12/site-packages/urllib3/util/retry.py:449: in increment
    raise reraise(type(error), error, _stacktrace)
/Library/Frameworks/Python.framework/Versions/3.12/lib/python3.12/site-packages/urllib3/util/util.py:39: in reraise
    raise value
/Library/Frameworks/Python.framework/Versions/3.12/lib/python3.12/site-packages/urllib3/connectionpool.py:787: in urlopen
    response = self._make_request(
/Library/Frameworks/Python.framework/Versions/3.12/lib/python3.12/site-packages/urllib3/connectionpool.py:493: in _make_request
    conn.request(
/Library/Frameworks/Python.framework/Versions/3.12/lib/python3.12/site-packages/botocore/awsrequest.py:96: in request
    rval = super().request(method, url, body, headers, *args, **kwargs)
/Library/Frameworks/Python.framework/Versions/3.12/lib/python3.12/site-packages/urllib3/connection.py:445: in request
    self.endheaders()
/Library/Frameworks/Python.framework/Versions/3.12/lib/python3.12/http/client.py:1331: in endheaders
    self._send_output(message_body, encode_chunked=encode_chunked)
/Library/Frameworks/Python.framework/Versions/3.12/lib/python3.12/site-packages/botocore/awsrequest.py:123: in _send_output
    self.send(msg)
/Library/Frameworks/Python.framework/Versions/3.12/lib/python3.12/site-packages/botocore/awsrequest.py:223: in send
    return super().send(str)
/Library/Frameworks/Python.framework/Versions/3.12/lib/python3.12/http/client.py:1035: in send
    self.connect()
/Library/Frameworks/Python.framework/Versions/3.12/lib/python3.12/site-packages/urllib3/connection.py:276: in connect
    self.sock = self._new_conn()
/Library/Frameworks/Python.framework/Versions/3.12/lib/python3.12/site-packages/urllib3/connection.py:213: in _new_conn
    raise NewConnectionError(
E   urllib3.exceptions.NewConnectionError: <botocore.awsrequest.AWSHTTPConnection object at 0x150f7a390>: Failed to establish a new connection: [Errno 61] Connection refused

During handling of the above exception, another exception occurred:
tests/test_storage.py:29: in storage
    return Storage(
packages/shared-types/storage.py:78: in __init__
    self._ensure_bucket_exists()
packages/shared-types/storage.py:83: in _ensure_bucket_exists
    self.s3.head_bucket(Bucket=self.bucket)
/Library/Frameworks/Python.framework/Versions/3.12/lib/python3.12/site-packages/botocore/client.py:602: in _api_call
    return self._make_api_call(operation_name, kwargs)
/Library/Frameworks/Python.framework/Versions/3.12/lib/python3.12/site-packages/botocore/context.py:123: in wrapper
    return func(*args, **kwargs)
/Library/Frameworks/Python.framework/Versions/3.12/lib/python3.12/site-packages/botocore/client.py:1060: in _make_api_call
    http, parsed_response = self._make_request(
/Library/Frameworks/Python.framework/Versions/3.12/lib/python3.12/site-packages/botocore/client.py:1084: in _make_request
    return self._endpoint.make_request(operation_model, request_dict)
/Library/Frameworks/Python.framework/Versions/3.12/lib/python3.12/site-packages/botocore/endpoint.py:119: in make_request
    return self._send_request(request_dict, operation_model)
/Library/Frameworks/Python.framework/Versions/3.12/lib/python3.12/site-packages/botocore/endpoint.py:200: in _send_request
    while self._needs_retry(
/Library/Frameworks/Python.framework/Versions/3.12/lib/python3.12/site-packages/botocore/endpoint.py:360: in _needs_retry
    responses = self._event_emitter.emit(
/Library/Frameworks/Python.framework/Versions/3.12/lib/python3.12/site-packages/botocore/hooks.py:412: in emit
    return self._emitter.emit(aliased_event_name, **kwargs)
/Library/Frameworks/Python.framework/Versions/3.12/lib/python3.12/site-packages/botocore/hooks.py:256: in emit
    return self._emit(event_name, kwargs)
/Library/Frameworks/Python.framework/Versions/3.12/lib/python3.12/site-packages/botocore/hooks.py:239: in _emit
    response = handler(**kwargs)
/Library/Frameworks/Python.framework/Versions/3.12/lib/python3.12/site-packages/botocore/retryhandler.py:207: in __call__
    if self._checker(**checker_kwargs):
/Library/Frameworks/Python.framework/Versions/3.12/lib/python3.12/site-packages/botocore/retryhandler.py:284: in __call__
    should_retry = self._should_retry(
/Library/Frameworks/Python.framework/Versions/3.12/lib/python3.12/site-packages/botocore/retryhandler.py:320: in _should_retry
    return self._checker(attempt_number, response, caught_exception)
/Library/Frameworks/Python.framework/Versions/3.12/lib/python3.12/site-packages/botocore/retryhandler.py:363: in __call__
    checker_response = checker(
/Library/Frameworks/Python.framework/Versions/3.12/lib/python3.12/site-packages/botocore/retryhandler.py:247: in __call__
    return self._check_caught_exception(
/Library/Frameworks/Python.framework/Versions/3.12/lib/python3.12/site-packages/botocore/retryhandler.py:416: in _check_caught_exception
    raise caught_exception
/Library/Frameworks/Python.framework/Versions/3.12/lib/python3.12/site-packages/botocore/endpoint.py:279: in _do_get_response
    http_response = self._send(request)
/Library/Frameworks/Python.framework/Versions/3.12/lib/python3.12/site-packages/botocore/endpoint.py:383: in _send
    return self.http_session.send(request)
/Library/Frameworks/Python.framework/Versions/3.12/lib/python3.12/site-packages/botocore/httpsession.py:494: in send
    raise EndpointConnectionError(endpoint_url=request.url, error=e)
E   botocore.exceptions.EndpointConnectionError: Could not connect to the endpoint URL: "http://localhost:9000/agora-test"
_ ERROR at setup of TestImmutability.test_multiple_artifacts_in_workspace_independent _
/Library/Frameworks/Python.framework/Versions/3.12/lib/python3.12/site-packages/urllib3/connection.py:198: in _new_conn
    sock = connection.create_connection(
/Library/Frameworks/Python.framework/Versions/3.12/lib/python3.12/site-packages/urllib3/util/connection.py:85: in create_connection
    raise err
/Library/Frameworks/Python.framework/Versions/3.12/lib/python3.12/site-packages/urllib3/util/connection.py:73: in create_connection
    sock.connect(sa)
E   ConnectionRefusedError: [Errno 61] Connection refused

The above exception was the direct cause of the following exception:
/Library/Frameworks/Python.framework/Versions/3.12/lib/python3.12/site-packages/botocore/httpsession.py:465: in send
    urllib_response = conn.urlopen(
/Library/Frameworks/Python.framework/Versions/3.12/lib/python3.12/site-packages/urllib3/connectionpool.py:841: in urlopen
    retries = retries.increment(
/Library/Frameworks/Python.framework/Versions/3.12/lib/python3.12/site-packages/urllib3/util/retry.py:449: in increment
    raise reraise(type(error), error, _stacktrace)
/Library/Frameworks/Python.framework/Versions/3.12/lib/python3.12/site-packages/urllib3/util/util.py:39: in reraise
    raise value
/Library/Frameworks/Python.framework/Versions/3.12/lib/python3.12/site-packages/urllib3/connectionpool.py:787: in urlopen
    response = self._make_request(
/Library/Frameworks/Python.framework/Versions/3.12/lib/python3.12/site-packages/urllib3/connectionpool.py:493: in _make_request
    conn.request(
/Library/Frameworks/Python.framework/Versions/3.12/lib/python3.12/site-packages/botocore/awsrequest.py:96: in request
    rval = super().request(method, url, body, headers, *args, **kwargs)
/Library/Frameworks/Python.framework/Versions/3.12/lib/python3.12/site-packages/urllib3/connection.py:445: in request
    self.endheaders()
/Library/Frameworks/Python.framework/Versions/3.12/lib/python3.12/http/client.py:1331: in endheaders
    self._send_output(message_body, encode_chunked=encode_chunked)
/Library/Frameworks/Python.framework/Versions/3.12/lib/python3.12/site-packages/botocore/awsrequest.py:123: in _send_output
    self.send(msg)
/Library/Frameworks/Python.framework/Versions/3.12/lib/python3.12/site-packages/botocore/awsrequest.py:223: in send
    return super().send(str)
/Library/Frameworks/Python.framework/Versions/3.12/lib/python3.12/http/client.py:1035: in send
    self.connect()
/Library/Frameworks/Python.framework/Versions/3.12/lib/python3.12/site-packages/urllib3/connection.py:276: in connect
    self.sock = self._new_conn()
/Library/Frameworks/Python.framework/Versions/3.12/lib/python3.12/site-packages/urllib3/connection.py:213: in _new_conn
    raise NewConnectionError(
E   urllib3.exceptions.NewConnectionError: <botocore.awsrequest.AWSHTTPConnection object at 0x150f7a390>: Failed to establish a new connection: [Errno 61] Connection refused

During handling of the above exception, another exception occurred:
tests/test_storage.py:29: in storage
    return Storage(
packages/shared-types/storage.py:78: in __init__
    self._ensure_bucket_exists()
packages/shared-types/storage.py:83: in _ensure_bucket_exists
    self.s3.head_bucket(Bucket=self.bucket)
/Library/Frameworks/Python.framework/Versions/3.12/lib/python3.12/site-packages/botocore/client.py:602: in _api_call
    return self._make_api_call(operation_name, kwargs)
/Library/Frameworks/Python.framework/Versions/3.12/lib/python3.12/site-packages/botocore/context.py:123: in wrapper
    return func(*args, **kwargs)
/Library/Frameworks/Python.framework/Versions/3.12/lib/python3.12/site-packages/botocore/client.py:1060: in _make_api_call
    http, parsed_response = self._make_request(
/Library/Frameworks/Python.framework/Versions/3.12/lib/python3.12/site-packages/botocore/client.py:1084: in _make_request
    return self._endpoint.make_request(operation_model, request_dict)
/Library/Frameworks/Python.framework/Versions/3.12/lib/python3.12/site-packages/botocore/endpoint.py:119: in make_request
    return self._send_request(request_dict, operation_model)
/Library/Frameworks/Python.framework/Versions/3.12/lib/python3.12/site-packages/botocore/endpoint.py:200: in _send_request
    while self._needs_retry(
/Library/Frameworks/Python.framework/Versions/3.12/lib/python3.12/site-packages/botocore/endpoint.py:360: in _needs_retry
    responses = self._event_emitter.emit(
/Library/Frameworks/Python.framework/Versions/3.12/lib/python3.12/site-packages/botocore/hooks.py:412: in emit
    return self._emitter.emit(aliased_event_name, **kwargs)
/Library/Frameworks/Python.framework/Versions/3.12/lib/python3.12/site-packages/botocore/hooks.py:256: in emit
    return self._emit(event_name, kwargs)
/Library/Frameworks/Python.framework/Versions/3.12/lib/python3.12/site-packages/botocore/hooks.py:239: in _emit
    response = handler(**kwargs)
/Library/Frameworks/Python.framework/Versions/3.12/lib/python3.12/site-packages/botocore/retryhandler.py:207: in __call__
    if self._checker(**checker_kwargs):
/Library/Frameworks/Python.framework/Versions/3.12/lib/python3.12/site-packages/botocore/retryhandler.py:284: in __call__
    should_retry = self._should_retry(
/Library/Frameworks/Python.framework/Versions/3.12/lib/python3.12/site-packages/botocore/retryhandler.py:320: in _should_retry
    return self._checker(attempt_number, response, caught_exception)
/Library/Frameworks/Python.framework/Versions/3.12/lib/python3.12/site-packages/botocore/retryhandler.py:363: in __call__
    checker_response = checker(
/Library/Frameworks/Python.framework/Versions/3.12/lib/python3.12/site-packages/botocore/retryhandler.py:247: in __call__
    return self._check_caught_exception(
/Library/Frameworks/Python.framework/Versions/3.12/lib/python3.12/site-packages/botocore/retryhandler.py:416: in _check_caught_exception
    raise caught_exception
/Library/Frameworks/Python.framework/Versions/3.12/lib/python3.12/site-packages/botocore/endpoint.py:279: in _do_get_response
    http_response = self._send(request)
/Library/Frameworks/Python.framework/Versions/3.12/lib/python3.12/site-packages/botocore/endpoint.py:383: in _send
    return self.http_session.send(request)
/Library/Frameworks/Python.framework/Versions/3.12/lib/python3.12/site-packages/botocore/httpsession.py:494: in send
    raise EndpointConnectionError(endpoint_url=request.url, error=e)
E   botocore.exceptions.EndpointConnectionError: Could not connect to the endpoint URL: "http://localhost:9000/agora-test"
_________ ERROR at setup of TestLargeContent.test_large_binary_content _________
/Library/Frameworks/Python.framework/Versions/3.12/lib/python3.12/site-packages/urllib3/connection.py:198: in _new_conn
    sock = connection.create_connection(
/Library/Frameworks/Python.framework/Versions/3.12/lib/python3.12/site-packages/urllib3/util/connection.py:85: in create_connection
    raise err
/Library/Frameworks/Python.framework/Versions/3.12/lib/python3.12/site-packages/urllib3/util/connection.py:73: in create_connection
    sock.connect(sa)
E   ConnectionRefusedError: [Errno 61] Connection refused

The above exception was the direct cause of the following exception:
/Library/Frameworks/Python.framework/Versions/3.12/lib/python3.12/site-packages/botocore/httpsession.py:465: in send
    urllib_response = conn.urlopen(
/Library/Frameworks/Python.framework/Versions/3.12/lib/python3.12/site-packages/urllib3/connectionpool.py:841: in urlopen
    retries = retries.increment(
/Library/Frameworks/Python.framework/Versions/3.12/lib/python3.12/site-packages/urllib3/util/retry.py:449: in increment
    raise reraise(type(error), error, _stacktrace)
/Library/Frameworks/Python.framework/Versions/3.12/lib/python3.12/site-packages/urllib3/util/util.py:39: in reraise
    raise value
/Library/Frameworks/Python.framework/Versions/3.12/lib/python3.12/site-packages/urllib3/connectionpool.py:787: in urlopen
    response = self._make_request(
/Library/Frameworks/Python.framework/Versions/3.12/lib/python3.12/site-packages/urllib3/connectionpool.py:493: in _make_request
    conn.request(
/Library/Frameworks/Python.framework/Versions/3.12/lib/python3.12/site-packages/botocore/awsrequest.py:96: in request
    rval = super().request(method, url, body, headers, *args, **kwargs)
/Library/Frameworks/Python.framework/Versions/3.12/lib/python3.12/site-packages/urllib3/connection.py:445: in request
    self.endheaders()
/Library/Frameworks/Python.framework/Versions/3.12/lib/python3.12/http/client.py:1331: in endheaders
    self._send_output(message_body, encode_chunked=encode_chunked)
/Library/Frameworks/Python.framework/Versions/3.12/lib/python3.12/site-packages/botocore/awsrequest.py:123: in _send_output
    self.send(msg)
/Library/Frameworks/Python.framework/Versions/3.12/lib/python3.12/site-packages/botocore/awsrequest.py:223: in send
    return super().send(str)
/Library/Frameworks/Python.framework/Versions/3.12/lib/python3.12/http/client.py:1035: in send
    self.connect()
/Library/Frameworks/Python.framework/Versions/3.12/lib/python3.12/site-packages/urllib3/connection.py:276: in connect
    self.sock = self._new_conn()
/Library/Frameworks/Python.framework/Versions/3.12/lib/python3.12/site-packages/urllib3/connection.py:213: in _new_conn
    raise NewConnectionError(
E   urllib3.exceptions.NewConnectionError: <botocore.awsrequest.AWSHTTPConnection object at 0x150f7a390>: Failed to establish a new connection: [Errno 61] Connection refused

During handling of the above exception, another exception occurred:
tests/test_storage.py:29: in storage
    return Storage(
packages/shared-types/storage.py:78: in __init__
    self._ensure_bucket_exists()
packages/shared-types/storage.py:83: in _ensure_bucket_exists
    self.s3.head_bucket(Bucket=self.bucket)
/Library/Frameworks/Python.framework/Versions/3.12/lib/python3.12/site-packages/botocore/client.py:602: in _api_call
    return self._make_api_call(operation_name, kwargs)
/Library/Frameworks/Python.framework/Versions/3.12/lib/python3.12/site-packages/botocore/context.py:123: in wrapper
    return func(*args, **kwargs)
/Library/Frameworks/Python.framework/Versions/3.12/lib/python3.12/site-packages/botocore/client.py:1060: in _make_api_call
    http, parsed_response = self._make_request(
/Library/Frameworks/Python.framework/Versions/3.12/lib/python3.12/site-packages/botocore/client.py:1084: in _make_request
    return self._endpoint.make_request(operation_model, request_dict)
/Library/Frameworks/Python.framework/Versions/3.12/lib/python3.12/site-packages/botocore/endpoint.py:119: in make_request
    return self._send_request(request_dict, operation_model)
/Library/Frameworks/Python.framework/Versions/3.12/lib/python3.12/site-packages/botocore/endpoint.py:200: in _send_request
    while self._needs_retry(
/Library/Frameworks/Python.framework/Versions/3.12/lib/python3.12/site-packages/botocore/endpoint.py:360: in _needs_retry
    responses = self._event_emitter.emit(
/Library/Frameworks/Python.framework/Versions/3.12/lib/python3.12/site-packages/botocore/hooks.py:412: in emit
    return self._emitter.emit(aliased_event_name, **kwargs)
/Library/Frameworks/Python.framework/Versions/3.12/lib/python3.12/site-packages/botocore/hooks.py:256: in emit
    return self._emit(event_name, kwargs)
/Library/Frameworks/Python.framework/Versions/3.12/lib/python3.12/site-packages/botocore/hooks.py:239: in _emit
    response = handler(**kwargs)
/Library/Frameworks/Python.framework/Versions/3.12/lib/python3.12/site-packages/botocore/retryhandler.py:207: in __call__
    if self._checker(**checker_kwargs):
/Library/Frameworks/Python.framework/Versions/3.12/lib/python3.12/site-packages/botocore/retryhandler.py:284: in __call__
    should_retry = self._should_retry(
/Library/Frameworks/Python.framework/Versions/3.12/lib/python3.12/site-packages/botocore/retryhandler.py:320: in _should_retry
    return self._checker(attempt_number, response, caught_exception)
/Library/Frameworks/Python.framework/Versions/3.12/lib/python3.12/site-packages/botocore/retryhandler.py:363: in __call__
    checker_response = checker(
/Library/Frameworks/Python.framework/Versions/3.12/lib/python3.12/site-packages/botocore/retryhandler.py:247: in __call__
    return self._check_caught_exception(
/Library/Frameworks/Python.framework/Versions/3.12/lib/python3.12/site-packages/botocore/retryhandler.py:416: in _check_caught_exception
    raise caught_exception
/Library/Frameworks/Python.framework/Versions/3.12/lib/python3.12/site-packages/botocore/endpoint.py:279: in _do_get_response
    http_response = self._send(request)
/Library/Frameworks/Python.framework/Versions/3.12/lib/python3.12/site-packages/botocore/endpoint.py:383: in _send
    return self.http_session.send(request)
/Library/Frameworks/Python.framework/Versions/3.12/lib/python3.12/site-packages/botocore/httpsession.py:494: in send
    raise EndpointConnectionError(endpoint_url=request.url, error=e)
E   botocore.exceptions.EndpointConnectionError: Could not connect to the endpoint URL: "http://localhost:9000/agora-test"
________ ERROR at setup of TestErrorHandling.test_empty_content_allowed ________
/Library/Frameworks/Python.framework/Versions/3.12/lib/python3.12/site-packages/urllib3/connection.py:198: in _new_conn
    sock = connection.create_connection(
/Library/Frameworks/Python.framework/Versions/3.12/lib/python3.12/site-packages/urllib3/util/connection.py:85: in create_connection
    raise err
/Library/Frameworks/Python.framework/Versions/3.12/lib/python3.12/site-packages/urllib3/util/connection.py:73: in create_connection
    sock.connect(sa)
E   ConnectionRefusedError: [Errno 61] Connection refused

The above exception was the direct cause of the following exception:
/Library/Frameworks/Python.framework/Versions/3.12/lib/python3.12/site-packages/botocore/httpsession.py:465: in send
    urllib_response = conn.urlopen(
/Library/Frameworks/Python.framework/Versions/3.12/lib/python3.12/site-packages/urllib3/connectionpool.py:841: in urlopen
    retries = retries.increment(
/Library/Frameworks/Python.framework/Versions/3.12/lib/python3.12/site-packages/urllib3/util/retry.py:449: in increment
    raise reraise(type(error), error, _stacktrace)
/Library/Frameworks/Python.framework/Versions/3.12/lib/python3.12/site-packages/urllib3/util/util.py:39: in reraise
    raise value
/Library/Frameworks/Python.framework/Versions/3.12/lib/python3.12/site-packages/urllib3/connectionpool.py:787: in urlopen
    response = self._make_request(
/Library/Frameworks/Python.framework/Versions/3.12/lib/python3.12/site-packages/urllib3/connectionpool.py:493: in _make_request
    conn.request(
/Library/Frameworks/Python.framework/Versions/3.12/lib/python3.12/site-packages/botocore/awsrequest.py:96: in request
    rval = super().request(method, url, body, headers, *args, **kwargs)
/Library/Frameworks/Python.framework/Versions/3.12/lib/python3.12/site-packages/urllib3/connection.py:445: in request
    self.endheaders()
/Library/Frameworks/Python.framework/Versions/3.12/lib/python3.12/http/client.py:1331: in endheaders
    self._send_output(message_body, encode_chunked=encode_chunked)
/Library/Frameworks/Python.framework/Versions/3.12/lib/python3.12/site-packages/botocore/awsrequest.py:123: in _send_output
    self.send(msg)
/Library/Frameworks/Python.framework/Versions/3.12/lib/python3.12/site-packages/botocore/awsrequest.py:223: in send
    return super().send(str)
/Library/Frameworks/Python.framework/Versions/3.12/lib/python3.12/http/client.py:1035: in send
    self.connect()
/Library/Frameworks/Python.framework/Versions/3.12/lib/python3.12/site-packages/urllib3/connection.py:276: in connect
    self.sock = self._new_conn()
/Library/Frameworks/Python.framework/Versions/3.12/lib/python3.12/site-packages/urllib3/connection.py:213: in _new_conn
    raise NewConnectionError(
E   urllib3.exceptions.NewConnectionError: <botocore.awsrequest.AWSHTTPConnection object at 0x150f7a390>: Failed to establish a new connection: [Errno 61] Connection refused

During handling of the above exception, another exception occurred:
tests/test_storage.py:29: in storage
    return Storage(
packages/shared-types/storage.py:78: in __init__
    self._ensure_bucket_exists()
packages/shared-types/storage.py:83: in _ensure_bucket_exists
    self.s3.head_bucket(Bucket=self.bucket)
/Library/Frameworks/Python.framework/Versions/3.12/lib/python3.12/site-packages/botocore/client.py:602: in _api_call
    return self._make_api_call(operation_name, kwargs)
/Library/Frameworks/Python.framework/Versions/3.12/lib/python3.12/site-packages/botocore/context.py:123: in wrapper
    return func(*args, **kwargs)
/Library/Frameworks/Python.framework/Versions/3.12/lib/python3.12/site-packages/botocore/client.py:1060: in _make_api_call
    http, parsed_response = self._make_request(
/Library/Frameworks/Python.framework/Versions/3.12/lib/python3.12/site-packages/botocore/client.py:1084: in _make_request
    return self._endpoint.make_request(operation_model, request_dict)
/Library/Frameworks/Python.framework/Versions/3.12/lib/python3.12/site-packages/botocore/endpoint.py:119: in make_request
    return self._send_request(request_dict, operation_model)
/Library/Frameworks/Python.framework/Versions/3.12/lib/python3.12/site-packages/botocore/endpoint.py:200: in _send_request
    while self._needs_retry(
/Library/Frameworks/Python.framework/Versions/3.12/lib/python3.12/site-packages/botocore/endpoint.py:360: in _needs_retry
    responses = self._event_emitter.emit(
/Library/Frameworks/Python.framework/Versions/3.12/lib/python3.12/site-packages/botocore/hooks.py:412: in emit
    return self._emitter.emit(aliased_event_name, **kwargs)
/Library/Frameworks/Python.framework/Versions/3.12/lib/python3.12/site-packages/botocore/hooks.py:256: in emit
    return self._emit(event_name, kwargs)
/Library/Frameworks/Python.framework/Versions/3.12/lib/python3.12/site-packages/botocore/hooks.py:239: in _emit
    response = handler(**kwargs)
/Library/Frameworks/Python.framework/Versions/3.12/lib/python3.12/site-packages/botocore/retryhandler.py:207: in __call__
    if self._checker(**checker_kwargs):
/Library/Frameworks/Python.framework/Versions/3.12/lib/python3.12/site-packages/botocore/retryhandler.py:284: in __call__
    should_retry = self._should_retry(
/Library/Frameworks/Python.framework/Versions/3.12/lib/python3.12/site-packages/botocore/retryhandler.py:320: in _should_retry
    return self._checker(attempt_number, response, caught_exception)
/Library/Frameworks/Python.framework/Versions/3.12/lib/python3.12/site-packages/botocore/retryhandler.py:363: in __call__
    checker_response = checker(
/Library/Frameworks/Python.framework/Versions/3.12/lib/python3.12/site-packages/botocore/retryhandler.py:247: in __call__
    return self._check_caught_exception(
/Library/Frameworks/Python.framework/Versions/3.12/lib/python3.12/site-packages/botocore/retryhandler.py:416: in _check_caught_exception
    raise caught_exception
/Library/Frameworks/Python.framework/Versions/3.12/lib/python3.12/site-packages/botocore/endpoint.py:279: in _do_get_response
    http_response = self._send(request)
/Library/Frameworks/Python.framework/Versions/3.12/lib/python3.12/site-packages/botocore/endpoint.py:383: in _send
    return self.http_session.send(request)
/Library/Frameworks/Python.framework/Versions/3.12/lib/python3.12/site-packages/botocore/httpsession.py:494: in send
    raise EndpointConnectionError(endpoint_url=request.url, error=e)
E   botocore.exceptions.EndpointConnectionError: Could not connect to the endpoint URL: "http://localhost:9000/agora-test"
___ ERROR at setup of TestErrorHandling.test_special_characters_in_filename ____
/Library/Frameworks/Python.framework/Versions/3.12/lib/python3.12/site-packages/urllib3/connection.py:198: in _new_conn
    sock = connection.create_connection(
/Library/Frameworks/Python.framework/Versions/3.12/lib/python3.12/site-packages/urllib3/util/connection.py:85: in create_connection
    raise err
/Library/Frameworks/Python.framework/Versions/3.12/lib/python3.12/site-packages/urllib3/util/connection.py:73: in create_connection
    sock.connect(sa)
E   ConnectionRefusedError: [Errno 61] Connection refused

The above exception was the direct cause of the following exception:
/Library/Frameworks/Python.framework/Versions/3.12/lib/python3.12/site-packages/botocore/httpsession.py:465: in send
    urllib_response = conn.urlopen(
/Library/Frameworks/Python.framework/Versions/3.12/lib/python3.12/site-packages/urllib3/connectionpool.py:841: in urlopen
    retries = retries.increment(
/Library/Frameworks/Python.framework/Versions/3.12/lib/python3.12/site-packages/urllib3/util/retry.py:449: in increment
    raise reraise(type(error), error, _stacktrace)
/Library/Frameworks/Python.framework/Versions/3.12/lib/python3.12/site-packages/urllib3/util/util.py:39: in reraise
    raise value
/Library/Frameworks/Python.framework/Versions/3.12/lib/python3.12/site-packages/urllib3/connectionpool.py:787: in urlopen
    response = self._make_request(
/Library/Frameworks/Python.framework/Versions/3.12/lib/python3.12/site-packages/urllib3/connectionpool.py:493: in _make_request
    conn.request(
/Library/Frameworks/Python.framework/Versions/3.12/lib/python3.12/site-packages/botocore/awsrequest.py:96: in request
    rval = super().request(method, url, body, headers, *args, **kwargs)
/Library/Frameworks/Python.framework/Versions/3.12/lib/python3.12/site-packages/urllib3/connection.py:445: in request
    self.endheaders()
/Library/Frameworks/Python.framework/Versions/3.12/lib/python3.12/http/client.py:1331: in endheaders
    self._send_output(message_body, encode_chunked=encode_chunked)
/Library/Frameworks/Python.framework/Versions/3.12/lib/python3.12/site-packages/botocore/awsrequest.py:123: in _send_output
    self.send(msg)
/Library/Frameworks/Python.framework/Versions/3.12/lib/python3.12/site-packages/botocore/awsrequest.py:223: in send
    return super().send(str)
/Library/Frameworks/Python.framework/Versions/3.12/lib/python3.12/http/client.py:1035: in send
    self.connect()
/Library/Frameworks/Python.framework/Versions/3.12/lib/python3.12/site-packages/urllib3/connection.py:276: in connect
    self.sock = self._new_conn()
/Library/Frameworks/Python.framework/Versions/3.12/lib/python3.12/site-packages/urllib3/connection.py:213: in _new_conn
    raise NewConnectionError(
E   urllib3.exceptions.NewConnectionError: <botocore.awsrequest.AWSHTTPConnection object at 0x150f7a390>: Failed to establish a new connection: [Errno 61] Connection refused

During handling of the above exception, another exception occurred:
tests/test_storage.py:29: in storage
    return Storage(
packages/shared-types/storage.py:78: in __init__
    self._ensure_bucket_exists()
packages/shared-types/storage.py:83: in _ensure_bucket_exists
    self.s3.head_bucket(Bucket=self.bucket)
/Library/Frameworks/Python.framework/Versions/3.12/lib/python3.12/site-packages/botocore/client.py:602: in _api_call
    return self._make_api_call(operation_name, kwargs)
/Library/Frameworks/Python.framework/Versions/3.12/lib/python3.12/site-packages/botocore/context.py:123: in wrapper
    return func(*args, **kwargs)
/Library/Frameworks/Python.framework/Versions/3.12/lib/python3.12/site-packages/botocore/client.py:1060: in _make_api_call
    http, parsed_response = self._make_request(
/Library/Frameworks/Python.framework/Versions/3.12/lib/python3.12/site-packages/botocore/client.py:1084: in _make_request
    return self._endpoint.make_request(operation_model, request_dict)
/Library/Frameworks/Python.framework/Versions/3.12/lib/python3.12/site-packages/botocore/endpoint.py:119: in make_request
    return self._send_request(request_dict, operation_model)
/Library/Frameworks/Python.framework/Versions/3.12/lib/python3.12/site-packages/botocore/endpoint.py:200: in _send_request
    while self._needs_retry(
/Library/Frameworks/Python.framework/Versions/3.12/lib/python3.12/site-packages/botocore/endpoint.py:360: in _needs_retry
    responses = self._event_emitter.emit(
/Library/Frameworks/Python.framework/Versions/3.12/lib/python3.12/site-packages/botocore/hooks.py:412: in emit
    return self._emitter.emit(aliased_event_name, **kwargs)
/Library/Frameworks/Python.framework/Versions/3.12/lib/python3.12/site-packages/botocore/hooks.py:256: in emit
    return self._emit(event_name, kwargs)
/Library/Frameworks/Python.framework/Versions/3.12/lib/python3.12/site-packages/botocore/hooks.py:239: in _emit
    response = handler(**kwargs)
/Library/Frameworks/Python.framework/Versions/3.12/lib/python3.12/site-packages/botocore/retryhandler.py:207: in __call__
    if self._checker(**checker_kwargs):
/Library/Frameworks/Python.framework/Versions/3.12/lib/python3.12/site-packages/botocore/retryhandler.py:284: in __call__
    should_retry = self._should_retry(
/Library/Frameworks/Python.framework/Versions/3.12/lib/python3.12/site-packages/botocore/retryhandler.py:320: in _should_retry
    return self._checker(attempt_number, response, caught_exception)
/Library/Frameworks/Python.framework/Versions/3.12/lib/python3.12/site-packages/botocore/retryhandler.py:363: in __call__
    checker_response = checker(
/Library/Frameworks/Python.framework/Versions/3.12/lib/python3.12/site-packages/botocore/retryhandler.py:247: in __call__
    return self._check_caught_exception(
/Library/Frameworks/Python.framework/Versions/3.12/lib/python3.12/site-packages/botocore/retryhandler.py:416: in _check_caught_exception
    raise caught_exception
/Library/Frameworks/Python.framework/Versions/3.12/lib/python3.12/site-packages/botocore/endpoint.py:279: in _do_get_response
    http_response = self._send(request)
/Library/Frameworks/Python.framework/Versions/3.12/lib/python3.12/site-packages/botocore/endpoint.py:383: in _send
    return self.http_session.send(request)
/Library/Frameworks/Python.framework/Versions/3.12/lib/python3.12/site-packages/botocore/httpsession.py:494: in send
    raise EndpointConnectionError(endpoint_url=request.url, error=e)
E   botocore.exceptions.EndpointConnectionError: Could not connect to the endpoint URL: "http://localhost:9000/agora-test"
__ ERROR at setup of TestStorageURIStructure.test_uri_structure_matches_spec ___
/Library/Frameworks/Python.framework/Versions/3.12/lib/python3.12/site-packages/urllib3/connection.py:198: in _new_conn
    sock = connection.create_connection(
/Library/Frameworks/Python.framework/Versions/3.12/lib/python3.12/site-packages/urllib3/util/connection.py:85: in create_connection
    raise err
/Library/Frameworks/Python.framework/Versions/3.12/lib/python3.12/site-packages/urllib3/util/connection.py:73: in create_connection
    sock.connect(sa)
E   ConnectionRefusedError: [Errno 61] Connection refused

The above exception was the direct cause of the following exception:
/Library/Frameworks/Python.framework/Versions/3.12/lib/python3.12/site-packages/botocore/httpsession.py:465: in send
    urllib_response = conn.urlopen(
/Library/Frameworks/Python.framework/Versions/3.12/lib/python3.12/site-packages/urllib3/connectionpool.py:841: in urlopen
    retries = retries.increment(
/Library/Frameworks/Python.framework/Versions/3.12/lib/python3.12/site-packages/urllib3/util/retry.py:449: in increment
    raise reraise(type(error), error, _stacktrace)
/Library/Frameworks/Python.framework/Versions/3.12/lib/python3.12/site-packages/urllib3/util/util.py:39: in reraise
    raise value
/Library/Frameworks/Python.framework/Versions/3.12/lib/python3.12/site-packages/urllib3/connectionpool.py:787: in urlopen
    response = self._make_request(
/Library/Frameworks/Python.framework/Versions/3.12/lib/python3.12/site-packages/urllib3/connectionpool.py:493: in _make_request
    conn.request(
/Library/Frameworks/Python.framework/Versions/3.12/lib/python3.12/site-packages/botocore/awsrequest.py:96: in request
    rval = super().request(method, url, body, headers, *args, **kwargs)
/Library/Frameworks/Python.framework/Versions/3.12/lib/python3.12/site-packages/urllib3/connection.py:445: in request
    self.endheaders()
/Library/Frameworks/Python.framework/Versions/3.12/lib/python3.12/http/client.py:1331: in endheaders
    self._send_output(message_body, encode_chunked=encode_chunked)
/Library/Frameworks/Python.framework/Versions/3.12/lib/python3.12/site-packages/botocore/awsrequest.py:123: in _send_output
    self.send(msg)
/Library/Frameworks/Python.framework/Versions/3.12/lib/python3.12/site-packages/botocore/awsrequest.py:223: in send
    return super().send(str)
/Library/Frameworks/Python.framework/Versions/3.12/lib/python3.12/http/client.py:1035: in send
    self.connect()
/Library/Frameworks/Python.framework/Versions/3.12/lib/python3.12/site-packages/urllib3/connection.py:276: in connect
    self.sock = self._new_conn()
/Library/Frameworks/Python.framework/Versions/3.12/lib/python3.12/site-packages/urllib3/connection.py:213: in _new_conn
    raise NewConnectionError(
E   urllib3.exceptions.NewConnectionError: <botocore.awsrequest.AWSHTTPConnection object at 0x150f7a390>: Failed to establish a new connection: [Errno 61] Connection refused

During handling of the above exception, another exception occurred:
tests/test_storage.py:29: in storage
    return Storage(
packages/shared-types/storage.py:78: in __init__
    self._ensure_bucket_exists()
packages/shared-types/storage.py:83: in _ensure_bucket_exists
    self.s3.head_bucket(Bucket=self.bucket)
/Library/Frameworks/Python.framework/Versions/3.12/lib/python3.12/site-packages/botocore/client.py:602: in _api_call
    return self._make_api_call(operation_name, kwargs)
/Library/Frameworks/Python.framework/Versions/3.12/lib/python3.12/site-packages/botocore/context.py:123: in wrapper
    return func(*args, **kwargs)
/Library/Frameworks/Python.framework/Versions/3.12/lib/python3.12/site-packages/botocore/client.py:1060: in _make_api_call
    http, parsed_response = self._make_request(
/Library/Frameworks/Python.framework/Versions/3.12/lib/python3.12/site-packages/botocore/client.py:1084: in _make_request
    return self._endpoint.make_request(operation_model, request_dict)
/Library/Frameworks/Python.framework/Versions/3.12/lib/python3.12/site-packages/botocore/endpoint.py:119: in make_request
    return self._send_request(request_dict, operation_model)
/Library/Frameworks/Python.framework/Versions/3.12/lib/python3.12/site-packages/botocore/endpoint.py:200: in _send_request
    while self._needs_retry(
/Library/Frameworks/Python.framework/Versions/3.12/lib/python3.12/site-packages/botocore/endpoint.py:360: in _needs_retry
    responses = self._event_emitter.emit(
/Library/Frameworks/Python.framework/Versions/3.12/lib/python3.12/site-packages/botocore/hooks.py:412: in emit
    return self._emitter.emit(aliased_event_name, **kwargs)
/Library/Frameworks/Python.framework/Versions/3.12/lib/python3.12/site-packages/botocore/hooks.py:256: in emit
    return self._emit(event_name, kwargs)
/Library/Frameworks/Python.framework/Versions/3.12/lib/python3.12/site-packages/botocore/hooks.py:239: in _emit
    response = handler(**kwargs)
/Library/Frameworks/Python.framework/Versions/3.12/lib/python3.12/site-packages/botocore/retryhandler.py:207: in __call__
    if self._checker(**checker_kwargs):
/Library/Frameworks/Python.framework/Versions/3.12/lib/python3.12/site-packages/botocore/retryhandler.py:284: in __call__
    should_retry = self._should_retry(
/Library/Frameworks/Python.framework/Versions/3.12/lib/python3.12/site-packages/botocore/retryhandler.py:320: in _should_retry
    return self._checker(attempt_number, response, caught_exception)
/Library/Frameworks/Python.framework/Versions/3.12/lib/python3.12/site-packages/botocore/retryhandler.py:363: in __call__
    checker_response = checker(
/Library/Frameworks/Python.framework/Versions/3.12/lib/python3.12/site-packages/botocore/retryhandler.py:247: in __call__
    return self._check_caught_exception(
/Library/Frameworks/Python.framework/Versions/3.12/lib/python3.12/site-packages/botocore/retryhandler.py:416: in _check_caught_exception
    raise caught_exception
/Library/Frameworks/Python.framework/Versions/3.12/lib/python3.12/site-packages/botocore/endpoint.py:279: in _do_get_response
    http_response = self._send(request)
/Library/Frameworks/Python.framework/Versions/3.12/lib/python3.12/site-packages/botocore/endpoint.py:383: in _send
    return self.http_session.send(request)
/Library/Frameworks/Python.framework/Versions/3.12/lib/python3.12/site-packages/botocore/httpsession.py:494: in send
    raise EndpointConnectionError(endpoint_url=request.url, error=e)
E   botocore.exceptions.EndpointConnectionError: Could not connect to the endpoint URL: "http://localhost:9000/agora-test"
____ ERROR at setup of TestStorageURIStructure.test_nested_paths_supported _____
/Library/Frameworks/Python.framework/Versions/3.12/lib/python3.12/site-packages/urllib3/connection.py:198: in _new_conn
    sock = connection.create_connection(
/Library/Frameworks/Python.framework/Versions/3.12/lib/python3.12/site-packages/urllib3/util/connection.py:85: in create_connection
    raise err
/Library/Frameworks/Python.framework/Versions/3.12/lib/python3.12/site-packages/urllib3/util/connection.py:73: in create_connection
    sock.connect(sa)
E   ConnectionRefusedError: [Errno 61] Connection refused

The above exception was the direct cause of the following exception:
/Library/Frameworks/Python.framework/Versions/3.12/lib/python3.12/site-packages/botocore/httpsession.py:465: in send
    urllib_response = conn.urlopen(
/Library/Frameworks/Python.framework/Versions/3.12/lib/python3.12/site-packages/urllib3/connectionpool.py:841: in urlopen
    retries = retries.increment(
/Library/Frameworks/Python.framework/Versions/3.12/lib/python3.12/site-packages/urllib3/util/retry.py:449: in increment
    raise reraise(type(error), error, _stacktrace)
/Library/Frameworks/Python.framework/Versions/3.12/lib/python3.12/site-packages/urllib3/util/util.py:39: in reraise
    raise value
/Library/Frameworks/Python.framework/Versions/3.12/lib/python3.12/site-packages/urllib3/connectionpool.py:787: in urlopen
    response = self._make_request(
/Library/Frameworks/Python.framework/Versions/3.12/lib/python3.12/site-packages/urllib3/connectionpool.py:493: in _make_request
    conn.request(
/Library/Frameworks/Python.framework/Versions/3.12/lib/python3.12/site-packages/botocore/awsrequest.py:96: in request
    rval = super().request(method, url, body, headers, *args, **kwargs)
/Library/Frameworks/Python.framework/Versions/3.12/lib/python3.12/site-packages/urllib3/connection.py:445: in request
    self.endheaders()
/Library/Frameworks/Python.framework/Versions/3.12/lib/python3.12/http/client.py:1331: in endheaders
    self._send_output(message_body, encode_chunked=encode_chunked)
/Library/Frameworks/Python.framework/Versions/3.12/lib/python3.12/site-packages/botocore/awsrequest.py:123: in _send_output
    self.send(msg)
/Library/Frameworks/Python.framework/Versions/3.12/lib/python3.12/site-packages/botocore/awsrequest.py:223: in send
    return super().send(str)
/Library/Frameworks/Python.framework/Versions/3.12/lib/python3.12/http/client.py:1035: in send
    self.connect()
/Library/Frameworks/Python.framework/Versions/3.12/lib/python3.12/site-packages/urllib3/connection.py:276: in connect
    self.sock = self._new_conn()
/Library/Frameworks/Python.framework/Versions/3.12/lib/python3.12/site-packages/urllib3/connection.py:213: in _new_conn
    raise NewConnectionError(
E   urllib3.exceptions.NewConnectionError: <botocore.awsrequest.AWSHTTPConnection object at 0x150f7a390>: Failed to establish a new connection: [Errno 61] Connection refused

During handling of the above exception, another exception occurred:
tests/test_storage.py:29: in storage
    return Storage(
packages/shared-types/storage.py:78: in __init__
    self._ensure_bucket_exists()
packages/shared-types/storage.py:83: in _ensure_bucket_exists
    self.s3.head_bucket(Bucket=self.bucket)
/Library/Frameworks/Python.framework/Versions/3.12/lib/python3.12/site-packages/botocore/client.py:602: in _api_call
    return self._make_api_call(operation_name, kwargs)
/Library/Frameworks/Python.framework/Versions/3.12/lib/python3.12/site-packages/botocore/context.py:123: in wrapper
    return func(*args, **kwargs)
/Library/Frameworks/Python.framework/Versions/3.12/lib/python3.12/site-packages/botocore/client.py:1060: in _make_api_call
    http, parsed_response = self._make_request(
/Library/Frameworks/Python.framework/Versions/3.12/lib/python3.12/site-packages/botocore/client.py:1084: in _make_request
    return self._endpoint.make_request(operation_model, request_dict)
/Library/Frameworks/Python.framework/Versions/3.12/lib/python3.12/site-packages/botocore/endpoint.py:119: in make_request
    return self._send_request(request_dict, operation_model)
/Library/Frameworks/Python.framework/Versions/3.12/lib/python3.12/site-packages/botocore/endpoint.py:200: in _send_request
    while self._needs_retry(
/Library/Frameworks/Python.framework/Versions/3.12/lib/python3.12/site-packages/botocore/endpoint.py:360: in _needs_retry
    responses = self._event_emitter.emit(
/Library/Frameworks/Python.framework/Versions/3.12/lib/python3.12/site-packages/botocore/hooks.py:412: in emit
    return self._emitter.emit(aliased_event_name, **kwargs)
/Library/Frameworks/Python.framework/Versions/3.12/lib/python3.12/site-packages/botocore/hooks.py:256: in emit
    return self._emit(event_name, kwargs)
/Library/Frameworks/Python.framework/Versions/3.12/lib/python3.12/site-packages/botocore/hooks.py:239: in _emit
    response = handler(**kwargs)
/Library/Frameworks/Python.framework/Versions/3.12/lib/python3.12/site-packages/botocore/retryhandler.py:207: in __call__
    if self._checker(**checker_kwargs):
/Library/Frameworks/Python.framework/Versions/3.12/lib/python3.12/site-packages/botocore/retryhandler.py:284: in __call__
    should_retry = self._should_retry(
/Library/Frameworks/Python.framework/Versions/3.12/lib/python3.12/site-packages/botocore/retryhandler.py:320: in _should_retry
    return self._checker(attempt_number, response, caught_exception)
/Library/Frameworks/Python.framework/Versions/3.12/lib/python3.12/site-packages/botocore/retryhandler.py:363: in __call__
    checker_response = checker(
/Library/Frameworks/Python.framework/Versions/3.12/lib/python3.12/site-packages/botocore/retryhandler.py:247: in __call__
    return self._check_caught_exception(
/Library/Frameworks/Python.framework/Versions/3.12/lib/python3.12/site-packages/botocore/retryhandler.py:416: in _check_caught_exception
    raise caught_exception
/Library/Frameworks/Python.framework/Versions/3.12/lib/python3.12/site-packages/botocore/endpoint.py:279: in _do_get_response
    http_response = self._send(request)
/Library/Frameworks/Python.framework/Versions/3.12/lib/python3.12/site-packages/botocore/endpoint.py:383: in _send
    return self.http_session.send(request)
/Library/Frameworks/Python.framework/Versions/3.12/lib/python3.12/site-packages/botocore/httpsession.py:494: in send
    raise EndpointConnectionError(endpoint_url=request.url, error=e)
E   botocore.exceptions.EndpointConnectionError: Could not connect to the endpoint URL: "http://localhost:9000/agora-test"
_____________ ERROR at setup of test_exit_workflow_runs_lifecycle ______________
file /Users/nirtzur/Documents/projects/AGORA/tests/test_workflows.py, line 40
  def test_exit_workflow_runs_lifecycle(db_session, workspace_with_agent):
E       fixture 'db_session' not found
>       available fixtures: anyio_backend, anyio_backend_name, anyio_backend_options, cache, capfd, capfdbinary, caplog, capsys, capsysbinary, core_api_url, cov, dash_br, dash_duo, dash_duo_mp, dash_multi_process_server, dash_process_server, dash_thread_server, dashjl, dashjl_server, dashr, dashr_server, db_url, diskcache_manager, doctest_namespace, event_loop, free_tcp_port, free_tcp_port_factory, free_udp_port, free_udp_port_factory, hydra_restore_singletons, hydra_sweep_runner, hydra_task_runner, minio_config, moltbook_adapter_url, monkeypatch, no_cover, pytestconfig, record_property, record_testsuite_property, record_xml_attribute, recwarn, tmp_path, tmp_path_factory, tmpdir, tmpdir_factory, unused_tcp_port, unused_tcp_port_factory, unused_udp_port, unused_udp_port_factory, workspace_with_agent
>       use 'pytest --fixtures [testpath]' for help on them.

/Users/nirtzur/Documents/projects/AGORA/tests/test_workflows.py:40
______________ ERROR at setup of test_exit_activity_runs_created _______________
file /Users/nirtzur/Documents/projects/AGORA/tests/test_workflows.py, line 130
  def test_exit_activity_runs_created(db_session, workspace_with_agent):
E       fixture 'db_session' not found
>       available fixtures: anyio_backend, anyio_backend_name, anyio_backend_options, cache, capfd, capfdbinary, caplog, capsys, capsysbinary, core_api_url, cov, dash_br, dash_duo, dash_duo_mp, dash_multi_process_server, dash_process_server, dash_thread_server, dashjl, dashjl_server, dashr, dashr_server, db_url, diskcache_manager, doctest_namespace, event_loop, free_tcp_port, free_tcp_port_factory, free_udp_port, free_udp_port_factory, hydra_restore_singletons, hydra_sweep_runner, hydra_task_runner, minio_config, moltbook_adapter_url, monkeypatch, no_cover, pytestconfig, record_property, record_testsuite_property, record_xml_attribute, recwarn, tmp_path, tmp_path_factory, tmpdir, tmpdir_factory, unused_tcp_port, unused_tcp_port_factory, unused_udp_port, unused_udp_port_factory, workspace_with_agent
>       use 'pytest --fixtures [testpath]' for help on them.

/Users/nirtzur/Documents/projects/AGORA/tests/test_workflows.py:130
_____________ ERROR at setup of test_create_agent_task_system_only _____________
file /Users/nirtzur/Documents/projects/AGORA/tests/test_workflows.py, line 232
  def test_create_agent_task_system_only(db_session, workspace_with_agent):
E       fixture 'db_session' not found
>       available fixtures: anyio_backend, anyio_backend_name, anyio_backend_options, cache, capfd, capfdbinary, caplog, capsys, capsysbinary, core_api_url, cov, dash_br, dash_duo, dash_duo_mp, dash_multi_process_server, dash_process_server, dash_thread_server, dashjl, dashjl_server, dashr, dashr_server, db_url, diskcache_manager, doctest_namespace, event_loop, free_tcp_port, free_tcp_port_factory, free_udp_port, free_udp_port_factory, hydra_restore_singletons, hydra_sweep_runner, hydra_task_runner, minio_config, moltbook_adapter_url, monkeypatch, no_cover, pytestconfig, record_property, record_testsuite_property, record_xml_attribute, recwarn, tmp_path, tmp_path_factory, tmpdir, tmpdir_factory, unused_tcp_port, unused_tcp_port_factory, unused_udp_port, unused_udp_port_factory, workspace_with_agent
>       use 'pytest --fixtures [testpath]' for help on them.

/Users/nirtzur/Documents/projects/AGORA/tests/test_workflows.py:232
_____________ ERROR at setup of test_list_agent_tasks_with_filters _____________
file /Users/nirtzur/Documents/projects/AGORA/tests/test_workflows.py, line 294
  def test_list_agent_tasks_with_filters(db_session, workspace_with_agent):
E       fixture 'db_session' not found
>       available fixtures: anyio_backend, anyio_backend_name, anyio_backend_options, cache, capfd, capfdbinary, caplog, capsys, capsysbinary, core_api_url, cov, dash_br, dash_duo, dash_duo_mp, dash_multi_process_server, dash_process_server, dash_thread_server, dashjl, dashjl_server, dashr, dashr_server, db_url, diskcache_manager, doctest_namespace, event_loop, free_tcp_port, free_tcp_port_factory, free_udp_port, free_udp_port_factory, hydra_restore_singletons, hydra_sweep_runner, hydra_task_runner, minio_config, moltbook_adapter_url, monkeypatch, no_cover, pytestconfig, record_property, record_testsuite_property, record_xml_attribute, recwarn, tmp_path, tmp_path_factory, tmpdir, tmpdir_factory, unused_tcp_port, unused_tcp_port_factory, unused_udp_port, unused_udp_port_factory, workspace_with_agent
>       use 'pytest --fixtures [testpath]' for help on them.

/Users/nirtzur/Documents/projects/AGORA/tests/test_workflows.py:294
____________ ERROR at setup of test_update_agent_task_assignee_only ____________
file /Users/nirtzur/Documents/projects/AGORA/tests/test_workflows.py, line 379
  def test_update_agent_task_assignee_only(db_session, workspace_with_agent):
E       fixture 'db_session' not found
>       available fixtures: anyio_backend, anyio_backend_name, anyio_backend_options, cache, capfd, capfdbinary, caplog, capsys, capsysbinary, core_api_url, cov, dash_br, dash_duo, dash_duo_mp, dash_multi_process_server, dash_process_server, dash_thread_server, dashjl, dashjl_server, dashr, dashr_server, db_url, diskcache_manager, doctest_namespace, event_loop, free_tcp_port, free_tcp_port_factory, free_udp_port, free_udp_port_factory, hydra_restore_singletons, hydra_sweep_runner, hydra_task_runner, minio_config, moltbook_adapter_url, monkeypatch, no_cover, pytestconfig, record_property, record_testsuite_property, record_xml_attribute, recwarn, tmp_path, tmp_path_factory, tmpdir, tmpdir_factory, unused_tcp_port, unused_tcp_port_factory, unused_udp_port, unused_udp_port_factory, workspace_with_agent
>       use 'pytest --fixtures [testpath]' for help on them.

/Users/nirtzur/Documents/projects/AGORA/tests/test_workflows.py:379
____________ ERROR at setup of test_complete_agent_task_with_result ____________
file /Users/nirtzur/Documents/projects/AGORA/tests/test_workflows.py, line 457
  def test_complete_agent_task_with_result(db_session, workspace_with_agent):
E       fixture 'db_session' not found
>       available fixtures: anyio_backend, anyio_backend_name, anyio_backend_options, cache, capfd, capfdbinary, caplog, capsys, capsysbinary, core_api_url, cov, dash_br, dash_duo, dash_duo_mp, dash_multi_process_server, dash_process_server, dash_thread_server, dashjl, dashjl_server, dashr, dashr_server, db_url, diskcache_manager, doctest_namespace, event_loop, free_tcp_port, free_tcp_port_factory, free_udp_port, free_udp_port_factory, hydra_restore_singletons, hydra_sweep_runner, hydra_task_runner, minio_config, moltbook_adapter_url, monkeypatch, no_cover, pytestconfig, record_property, record_testsuite_property, record_xml_attribute, recwarn, tmp_path, tmp_path_factory, tmpdir, tmpdir_factory, unused_tcp_port, unused_tcp_port_factory, unused_udp_port, unused_udp_port_factory, workspace_with_agent
>       use 'pytest --fixtures [testpath]' for help on them.

/Users/nirtzur/Documents/projects/AGORA/tests/test_workflows.py:457
____ ERROR at setup of TestWorkspaceCreation.test_create_workspace_success _____
tests/test_workspaces.py:30: in test_agent
    with get_raw_db() as db:
/Library/Frameworks/Python.framework/Versions/3.12/lib/python3.12/contextlib.py:137: in __enter__
    return next(self.gen)
packages/db/database.py:75: in get_raw_db
    conn = psycopg2.connect(
/Library/Frameworks/Python.framework/Versions/3.12/lib/python3.12/site-packages/psycopg2/__init__.py:122: in connect
    conn = _connect(dsn, connection_factory=connection_factory, **kwasync)
E   psycopg2.OperationalError: connection to server at "localhost" (::1), port 5432 failed: Connection refused
E   	Is the server running on that host and accepting TCP/IP connections?
E   connection to server at "localhost" (127.0.0.1), port 5432 failed: Connection refused
E   	Is the server running on that host and accepting TCP/IP connections?
_ ERROR at setup of TestWorkspaceCreation.test_workspace_starts_in_init_phase __
tests/test_workspaces.py:30: in test_agent
    with get_raw_db() as db:
/Library/Frameworks/Python.framework/Versions/3.12/lib/python3.12/contextlib.py:137: in __enter__
    return next(self.gen)
packages/db/database.py:75: in get_raw_db
    conn = psycopg2.connect(
/Library/Frameworks/Python.framework/Versions/3.12/lib/python3.12/site-packages/psycopg2/__init__.py:122: in connect
    conn = _connect(dsn, connection_factory=connection_factory, **kwasync)
E   psycopg2.OperationalError: connection to server at "localhost" (::1), port 5432 failed: Connection refused
E   	Is the server running on that host and accepting TCP/IP connections?
E   connection to server at "localhost" (127.0.0.1), port 5432 failed: Connection refused
E   	Is the server running on that host and accepting TCP/IP connections?
__ ERROR at setup of TestWorkspaceEvents.test_workspace_created_event_emitted __
/Library/Frameworks/Python.framework/Versions/3.12/lib/python3.12/site-packages/sqlalchemy/engine/base.py:143: in __init__
    self._dbapi_connection = engine.raw_connection()
/Library/Frameworks/Python.framework/Versions/3.12/lib/python3.12/site-packages/sqlalchemy/engine/base.py:3309: in raw_connection
    return self.pool.connect()
/Library/Frameworks/Python.framework/Versions/3.12/lib/python3.12/site-packages/sqlalchemy/pool/base.py:447: in connect
    return _ConnectionFairy._checkout(self)
/Library/Frameworks/Python.framework/Versions/3.12/lib/python3.12/site-packages/sqlalchemy/pool/base.py:1264: in _checkout
    fairy = _ConnectionRecord.checkout(pool)
/Library/Frameworks/Python.framework/Versions/3.12/lib/python3.12/site-packages/sqlalchemy/pool/base.py:711: in checkout
    rec = pool._do_get()
/Library/Frameworks/Python.framework/Versions/3.12/lib/python3.12/site-packages/sqlalchemy/pool/impl.py:177: in _do_get
    with util.safe_reraise():
/Library/Frameworks/Python.framework/Versions/3.12/lib/python3.12/site-packages/sqlalchemy/util/langhelpers.py:224: in __exit__
    raise exc_value.with_traceback(exc_tb)
/Library/Frameworks/Python.framework/Versions/3.12/lib/python3.12/site-packages/sqlalchemy/pool/impl.py:175: in _do_get
    return self._create_connection()
/Library/Frameworks/Python.framework/Versions/3.12/lib/python3.12/site-packages/sqlalchemy/pool/base.py:388: in _create_connection
    return _ConnectionRecord(self)
/Library/Frameworks/Python.framework/Versions/3.12/lib/python3.12/site-packages/sqlalchemy/pool/base.py:673: in __init__
    self.__connect()
/Library/Frameworks/Python.framework/Versions/3.12/lib/python3.12/site-packages/sqlalchemy/pool/base.py:899: in __connect
    with util.safe_reraise():
/Library/Frameworks/Python.framework/Versions/3.12/lib/python3.12/site-packages/sqlalchemy/util/langhelpers.py:224: in __exit__
    raise exc_value.with_traceback(exc_tb)
/Library/Frameworks/Python.framework/Versions/3.12/lib/python3.12/site-packages/sqlalchemy/pool/base.py:895: in __connect
    self.dbapi_connection = connection = pool._invoke_creator(self)
/Library/Frameworks/Python.framework/Versions/3.12/lib/python3.12/site-packages/sqlalchemy/engine/create.py:661: in connect
    return dialect.connect(*cargs, **cparams)
/Library/Frameworks/Python.framework/Versions/3.12/lib/python3.12/site-packages/sqlalchemy/engine/default.py:630: in connect
    return self.loaded_dbapi.connect(*cargs, **cparams)  # type: ignore[no-any-return]  # NOQA: E501
/Library/Frameworks/Python.framework/Versions/3.12/lib/python3.12/site-packages/psycopg2/__init__.py:122: in connect
    conn = _connect(dsn, connection_factory=connection_factory, **kwasync)
E   psycopg2.OperationalError: connection to server at "localhost" (::1), port 5432 failed: Connection refused
E   	Is the server running on that host and accepting TCP/IP connections?
E   connection to server at "localhost" (127.0.0.1), port 5432 failed: Connection refused
E   	Is the server running on that host and accepting TCP/IP connections?

The above exception was the direct cause of the following exception:
tests/test_workspaces.py:156: in test_workspace
    db.execute(
packages/db/database.py:32: in execute
    return self._session.execute(query, params)
/Library/Frameworks/Python.framework/Versions/3.12/lib/python3.12/site-packages/sqlalchemy/orm/session.py:2351: in execute
    return self._execute_internal(
/Library/Frameworks/Python.framework/Versions/3.12/lib/python3.12/site-packages/sqlalchemy/orm/session.py:2239: in _execute_internal
    conn = self._connection_for_bind(bind)
/Library/Frameworks/Python.framework/Versions/3.12/lib/python3.12/site-packages/sqlalchemy/orm/session.py:2108: in _connection_for_bind
    return trans._connection_for_bind(engine, execution_options)
<string>:2: in _connection_for_bind
    ???
/Library/Frameworks/Python.framework/Versions/3.12/lib/python3.12/site-packages/sqlalchemy/orm/state_changes.py:137: in _go
    ret_value = fn(self, *arg, **kw)
/Library/Frameworks/Python.framework/Versions/3.12/lib/python3.12/site-packages/sqlalchemy/orm/session.py:1187: in _connection_for_bind
    conn = bind.connect()
/Library/Frameworks/Python.framework/Versions/3.12/lib/python3.12/site-packages/sqlalchemy/engine/base.py:3285: in connect
    return self._connection_cls(self)
/Library/Frameworks/Python.framework/Versions/3.12/lib/python3.12/site-packages/sqlalchemy/engine/base.py:145: in __init__
    Connection._handle_dbapi_exception_noconnection(
/Library/Frameworks/Python.framework/Versions/3.12/lib/python3.12/site-packages/sqlalchemy/engine/base.py:2448: in _handle_dbapi_exception_noconnection
    raise sqlalchemy_exception.with_traceback(exc_info[2]) from e
/Library/Frameworks/Python.framework/Versions/3.12/lib/python3.12/site-packages/sqlalchemy/engine/base.py:143: in __init__
    self._dbapi_connection = engine.raw_connection()
/Library/Frameworks/Python.framework/Versions/3.12/lib/python3.12/site-packages/sqlalchemy/engine/base.py:3309: in raw_connection
    return self.pool.connect()
/Library/Frameworks/Python.framework/Versions/3.12/lib/python3.12/site-packages/sqlalchemy/pool/base.py:447: in connect
    return _ConnectionFairy._checkout(self)
/Library/Frameworks/Python.framework/Versions/3.12/lib/python3.12/site-packages/sqlalchemy/pool/base.py:1264: in _checkout
    fairy = _ConnectionRecord.checkout(pool)
/Library/Frameworks/Python.framework/Versions/3.12/lib/python3.12/site-packages/sqlalchemy/pool/base.py:711: in checkout
    rec = pool._do_get()
/Library/Frameworks/Python.framework/Versions/3.12/lib/python3.12/site-packages/sqlalchemy/pool/impl.py:177: in _do_get
    with util.safe_reraise():
/Library/Frameworks/Python.framework/Versions/3.12/lib/python3.12/site-packages/sqlalchemy/util/langhelpers.py:224: in __exit__
    raise exc_value.with_traceback(exc_tb)
/Library/Frameworks/Python.framework/Versions/3.12/lib/python3.12/site-packages/sqlalchemy/pool/impl.py:175: in _do_get
    return self._create_connection()
/Library/Frameworks/Python.framework/Versions/3.12/lib/python3.12/site-packages/sqlalchemy/pool/base.py:388: in _create_connection
    return _ConnectionRecord(self)
/Library/Frameworks/Python.framework/Versions/3.12/lib/python3.12/site-packages/sqlalchemy/pool/base.py:673: in __init__
    self.__connect()
/Library/Frameworks/Python.framework/Versions/3.12/lib/python3.12/site-packages/sqlalchemy/pool/base.py:899: in __connect
    with util.safe_reraise():
/Library/Frameworks/Python.framework/Versions/3.12/lib/python3.12/site-packages/sqlalchemy/util/langhelpers.py:224: in __exit__
    raise exc_value.with_traceback(exc_tb)
/Library/Frameworks/Python.framework/Versions/3.12/lib/python3.12/site-packages/sqlalchemy/pool/base.py:895: in __connect
    self.dbapi_connection = connection = pool._invoke_creator(self)
/Library/Frameworks/Python.framework/Versions/3.12/lib/python3.12/site-packages/sqlalchemy/engine/create.py:661: in connect
    return dialect.connect(*cargs, **cparams)
/Library/Frameworks/Python.framework/Versions/3.12/lib/python3.12/site-packages/sqlalchemy/engine/default.py:630: in connect
    return self.loaded_dbapi.connect(*cargs, **cparams)  # type: ignore[no-any-return]  # NOQA: E501
/Library/Frameworks/Python.framework/Versions/3.12/lib/python3.12/site-packages/psycopg2/__init__.py:122: in connect
    conn = _connect(dsn, connection_factory=connection_factory, **kwasync)
E   sqlalchemy.exc.OperationalError: (psycopg2.OperationalError) connection to server at "localhost" (::1), port 5432 failed: Connection refused
E   	Is the server running on that host and accepting TCP/IP connections?
E   connection to server at "localhost" (127.0.0.1), port 5432 failed: Connection refused
E   	Is the server running on that host and accepting TCP/IP connections?
E   
E   (Background on this error at: https://sqlalche.me/e/20/e3q8)
____ ERROR at setup of TestWorkspaceEvents.test_agent_joined_event_emitted _____
/Library/Frameworks/Python.framework/Versions/3.12/lib/python3.12/site-packages/sqlalchemy/engine/base.py:143: in __init__
    self._dbapi_connection = engine.raw_connection()
/Library/Frameworks/Python.framework/Versions/3.12/lib/python3.12/site-packages/sqlalchemy/engine/base.py:3309: in raw_connection
    return self.pool.connect()
/Library/Frameworks/Python.framework/Versions/3.12/lib/python3.12/site-packages/sqlalchemy/pool/base.py:447: in connect
    return _ConnectionFairy._checkout(self)
/Library/Frameworks/Python.framework/Versions/3.12/lib/python3.12/site-packages/sqlalchemy/pool/base.py:1264: in _checkout
    fairy = _ConnectionRecord.checkout(pool)
/Library/Frameworks/Python.framework/Versions/3.12/lib/python3.12/site-packages/sqlalchemy/pool/base.py:711: in checkout
    rec = pool._do_get()
/Library/Frameworks/Python.framework/Versions/3.12/lib/python3.12/site-packages/sqlalchemy/pool/impl.py:177: in _do_get
    with util.safe_reraise():
/Library/Frameworks/Python.framework/Versions/3.12/lib/python3.12/site-packages/sqlalchemy/util/langhelpers.py:224: in __exit__
    raise exc_value.with_traceback(exc_tb)
/Library/Frameworks/Python.framework/Versions/3.12/lib/python3.12/site-packages/sqlalchemy/pool/impl.py:175: in _do_get
    return self._create_connection()
/Library/Frameworks/Python.framework/Versions/3.12/lib/python3.12/site-packages/sqlalchemy/pool/base.py:388: in _create_connection
    return _ConnectionRecord(self)
/Library/Frameworks/Python.framework/Versions/3.12/lib/python3.12/site-packages/sqlalchemy/pool/base.py:673: in __init__
    self.__connect()
/Library/Frameworks/Python.framework/Versions/3.12/lib/python3.12/site-packages/sqlalchemy/pool/base.py:899: in __connect
    with util.safe_reraise():
/Library/Frameworks/Python.framework/Versions/3.12/lib/python3.12/site-packages/sqlalchemy/util/langhelpers.py:224: in __exit__
    raise exc_value.with_traceback(exc_tb)
/Library/Frameworks/Python.framework/Versions/3.12/lib/python3.12/site-packages/sqlalchemy/pool/base.py:895: in __connect
    self.dbapi_connection = connection = pool._invoke_creator(self)
/Library/Frameworks/Python.framework/Versions/3.12/lib/python3.12/site-packages/sqlalchemy/engine/create.py:661: in connect
    return dialect.connect(*cargs, **cparams)
/Library/Frameworks/Python.framework/Versions/3.12/lib/python3.12/site-packages/sqlalchemy/engine/default.py:630: in connect
    return self.loaded_dbapi.connect(*cargs, **cparams)  # type: ignore[no-any-return]  # NOQA: E501
/Library/Frameworks/Python.framework/Versions/3.12/lib/python3.12/site-packages/psycopg2/__init__.py:122: in connect
    conn = _connect(dsn, connection_factory=connection_factory, **kwasync)
E   psycopg2.OperationalError: connection to server at "localhost" (::1), port 5432 failed: Connection refused
E   	Is the server running on that host and accepting TCP/IP connections?
E   connection to server at "localhost" (127.0.0.1), port 5432 failed: Connection refused
E   	Is the server running on that host and accepting TCP/IP connections?

The above exception was the direct cause of the following exception:
tests/test_workspaces.py:156: in test_workspace
    db.execute(
packages/db/database.py:32: in execute
    return self._session.execute(query, params)
/Library/Frameworks/Python.framework/Versions/3.12/lib/python3.12/site-packages/sqlalchemy/orm/session.py:2351: in execute
    return self._execute_internal(
/Library/Frameworks/Python.framework/Versions/3.12/lib/python3.12/site-packages/sqlalchemy/orm/session.py:2239: in _execute_internal
    conn = self._connection_for_bind(bind)
/Library/Frameworks/Python.framework/Versions/3.12/lib/python3.12/site-packages/sqlalchemy/orm/session.py:2108: in _connection_for_bind
    return trans._connection_for_bind(engine, execution_options)
<string>:2: in _connection_for_bind
    ???
/Library/Frameworks/Python.framework/Versions/3.12/lib/python3.12/site-packages/sqlalchemy/orm/state_changes.py:137: in _go
    ret_value = fn(self, *arg, **kw)
/Library/Frameworks/Python.framework/Versions/3.12/lib/python3.12/site-packages/sqlalchemy/orm/session.py:1187: in _connection_for_bind
    conn = bind.connect()
/Library/Frameworks/Python.framework/Versions/3.12/lib/python3.12/site-packages/sqlalchemy/engine/base.py:3285: in connect
    return self._connection_cls(self)
/Library/Frameworks/Python.framework/Versions/3.12/lib/python3.12/site-packages/sqlalchemy/engine/base.py:145: in __init__
    Connection._handle_dbapi_exception_noconnection(
/Library/Frameworks/Python.framework/Versions/3.12/lib/python3.12/site-packages/sqlalchemy/engine/base.py:2448: in _handle_dbapi_exception_noconnection
    raise sqlalchemy_exception.with_traceback(exc_info[2]) from e
/Library/Frameworks/Python.framework/Versions/3.12/lib/python3.12/site-packages/sqlalchemy/engine/base.py:143: in __init__
    self._dbapi_connection = engine.raw_connection()
/Library/Frameworks/Python.framework/Versions/3.12/lib/python3.12/site-packages/sqlalchemy/engine/base.py:3309: in raw_connection
    return self.pool.connect()
/Library/Frameworks/Python.framework/Versions/3.12/lib/python3.12/site-packages/sqlalchemy/pool/base.py:447: in connect
    return _ConnectionFairy._checkout(self)
/Library/Frameworks/Python.framework/Versions/3.12/lib/python3.12/site-packages/sqlalchemy/pool/base.py:1264: in _checkout
    fairy = _ConnectionRecord.checkout(pool)
/Library/Frameworks/Python.framework/Versions/3.12/lib/python3.12/site-packages/sqlalchemy/pool/base.py:711: in checkout
    rec = pool._do_get()
/Library/Frameworks/Python.framework/Versions/3.12/lib/python3.12/site-packages/sqlalchemy/pool/impl.py:177: in _do_get
    with util.safe_reraise():
/Library/Frameworks/Python.framework/Versions/3.12/lib/python3.12/site-packages/sqlalchemy/util/langhelpers.py:224: in __exit__
    raise exc_value.with_traceback(exc_tb)
/Library/Frameworks/Python.framework/Versions/3.12/lib/python3.12/site-packages/sqlalchemy/pool/impl.py:175: in _do_get
    return self._create_connection()
/Library/Frameworks/Python.framework/Versions/3.12/lib/python3.12/site-packages/sqlalchemy/pool/base.py:388: in _create_connection
    return _ConnectionRecord(self)
/Library/Frameworks/Python.framework/Versions/3.12/lib/python3.12/site-packages/sqlalchemy/pool/base.py:673: in __init__
    self.__connect()
/Library/Frameworks/Python.framework/Versions/3.12/lib/python3.12/site-packages/sqlalchemy/pool/base.py:899: in __connect
    with util.safe_reraise():
/Library/Frameworks/Python.framework/Versions/3.12/lib/python3.12/site-packages/sqlalchemy/util/langhelpers.py:224: in __exit__
    raise exc_value.with_traceback(exc_tb)
/Library/Frameworks/Python.framework/Versions/3.12/lib/python3.12/site-packages/sqlalchemy/pool/base.py:895: in __connect
    self.dbapi_connection = connection = pool._invoke_creator(self)
/Library/Frameworks/Python.framework/Versions/3.12/lib/python3.12/site-packages/sqlalchemy/engine/create.py:661: in connect
    return dialect.connect(*cargs, **cparams)
/Library/Frameworks/Python.framework/Versions/3.12/lib/python3.12/site-packages/sqlalchemy/engine/default.py:630: in connect
    return self.loaded_dbapi.connect(*cargs, **cparams)  # type: ignore[no-any-return]  # NOQA: E501
/Library/Frameworks/Python.framework/Versions/3.12/lib/python3.12/site-packages/psycopg2/__init__.py:122: in connect
    conn = _connect(dsn, connection_factory=connection_factory, **kwasync)
E   sqlalchemy.exc.OperationalError: (psycopg2.OperationalError) connection to server at "localhost" (::1), port 5432 failed: Connection refused
E   	Is the server running on that host and accepting TCP/IP connections?
E   connection to server at "localhost" (127.0.0.1), port 5432 failed: Connection refused
E   	Is the server running on that host and accepting TCP/IP connections?
E   
E   (Background on this error at: https://sqlalche.me/e/20/e3q8)
________ ERROR at setup of TestJoinRequests.test_join_request_creation _________
/Library/Frameworks/Python.framework/Versions/3.12/lib/python3.12/site-packages/sqlalchemy/engine/base.py:143: in __init__
    self._dbapi_connection = engine.raw_connection()
/Library/Frameworks/Python.framework/Versions/3.12/lib/python3.12/site-packages/sqlalchemy/engine/base.py:3309: in raw_connection
    return self.pool.connect()
/Library/Frameworks/Python.framework/Versions/3.12/lib/python3.12/site-packages/sqlalchemy/pool/base.py:447: in connect
    return _ConnectionFairy._checkout(self)
/Library/Frameworks/Python.framework/Versions/3.12/lib/python3.12/site-packages/sqlalchemy/pool/base.py:1264: in _checkout
    fairy = _ConnectionRecord.checkout(pool)
/Library/Frameworks/Python.framework/Versions/3.12/lib/python3.12/site-packages/sqlalchemy/pool/base.py:711: in checkout
    rec = pool._do_get()
/Library/Frameworks/Python.framework/Versions/3.12/lib/python3.12/site-packages/sqlalchemy/pool/impl.py:177: in _do_get
    with util.safe_reraise():
/Library/Frameworks/Python.framework/Versions/3.12/lib/python3.12/site-packages/sqlalchemy/util/langhelpers.py:224: in __exit__
    raise exc_value.with_traceback(exc_tb)
/Library/Frameworks/Python.framework/Versions/3.12/lib/python3.12/site-packages/sqlalchemy/pool/impl.py:175: in _do_get
    return self._create_connection()
/Library/Frameworks/Python.framework/Versions/3.12/lib/python3.12/site-packages/sqlalchemy/pool/base.py:388: in _create_connection
    return _ConnectionRecord(self)
/Library/Frameworks/Python.framework/Versions/3.12/lib/python3.12/site-packages/sqlalchemy/pool/base.py:673: in __init__
    self.__connect()
/Library/Frameworks/Python.framework/Versions/3.12/lib/python3.12/site-packages/sqlalchemy/pool/base.py:899: in __connect
    with util.safe_reraise():
/Library/Frameworks/Python.framework/Versions/3.12/lib/python3.12/site-packages/sqlalchemy/util/langhelpers.py:224: in __exit__
    raise exc_value.with_traceback(exc_tb)
/Library/Frameworks/Python.framework/Versions/3.12/lib/python3.12/site-packages/sqlalchemy/pool/base.py:895: in __connect
    self.dbapi_connection = connection = pool._invoke_creator(self)
/Library/Frameworks/Python.framework/Versions/3.12/lib/python3.12/site-packages/sqlalchemy/engine/create.py:661: in connect
    return dialect.connect(*cargs, **cparams)
/Library/Frameworks/Python.framework/Versions/3.12/lib/python3.12/site-packages/sqlalchemy/engine/default.py:630: in connect
    return self.loaded_dbapi.connect(*cargs, **cparams)  # type: ignore[no-any-return]  # NOQA: E501
/Library/Frameworks/Python.framework/Versions/3.12/lib/python3.12/site-packages/psycopg2/__init__.py:122: in connect
    conn = _connect(dsn, connection_factory=connection_factory, **kwasync)
E   psycopg2.OperationalError: connection to server at "localhost" (::1), port 5432 failed: Connection refused
E   	Is the server running on that host and accepting TCP/IP connections?
E   connection to server at "localhost" (127.0.0.1), port 5432 failed: Connection refused
E   	Is the server running on that host and accepting TCP/IP connections?

The above exception was the direct cause of the following exception:
tests/test_workspaces.py:272: in test_setup
    db.execute(
packages/db/database.py:32: in execute
    return self._session.execute(query, params)
/Library/Frameworks/Python.framework/Versions/3.12/lib/python3.12/site-packages/sqlalchemy/orm/session.py:2351: in execute
    return self._execute_internal(
/Library/Frameworks/Python.framework/Versions/3.12/lib/python3.12/site-packages/sqlalchemy/orm/session.py:2239: in _execute_internal
    conn = self._connection_for_bind(bind)
/Library/Frameworks/Python.framework/Versions/3.12/lib/python3.12/site-packages/sqlalchemy/orm/session.py:2108: in _connection_for_bind
    return trans._connection_for_bind(engine, execution_options)
<string>:2: in _connection_for_bind
    ???
/Library/Frameworks/Python.framework/Versions/3.12/lib/python3.12/site-packages/sqlalchemy/orm/state_changes.py:137: in _go
    ret_value = fn(self, *arg, **kw)
/Library/Frameworks/Python.framework/Versions/3.12/lib/python3.12/site-packages/sqlalchemy/orm/session.py:1187: in _connection_for_bind
    conn = bind.connect()
/Library/Frameworks/Python.framework/Versions/3.12/lib/python3.12/site-packages/sqlalchemy/engine/base.py:3285: in connect
    return self._connection_cls(self)
/Library/Frameworks/Python.framework/Versions/3.12/lib/python3.12/site-packages/sqlalchemy/engine/base.py:145: in __init__
    Connection._handle_dbapi_exception_noconnection(
/Library/Frameworks/Python.framework/Versions/3.12/lib/python3.12/site-packages/sqlalchemy/engine/base.py:2448: in _handle_dbapi_exception_noconnection
    raise sqlalchemy_exception.with_traceback(exc_info[2]) from e
/Library/Frameworks/Python.framework/Versions/3.12/lib/python3.12/site-packages/sqlalchemy/engine/base.py:143: in __init__
    self._dbapi_connection = engine.raw_connection()
/Library/Frameworks/Python.framework/Versions/3.12/lib/python3.12/site-packages/sqlalchemy/engine/base.py:3309: in raw_connection
    return self.pool.connect()
/Library/Frameworks/Python.framework/Versions/3.12/lib/python3.12/site-packages/sqlalchemy/pool/base.py:447: in connect
    return _ConnectionFairy._checkout(self)
/Library/Frameworks/Python.framework/Versions/3.12/lib/python3.12/site-packages/sqlalchemy/pool/base.py:1264: in _checkout
    fairy = _ConnectionRecord.checkout(pool)
/Library/Frameworks/Python.framework/Versions/3.12/lib/python3.12/site-packages/sqlalchemy/pool/base.py:711: in checkout
    rec = pool._do_get()
/Library/Frameworks/Python.framework/Versions/3.12/lib/python3.12/site-packages/sqlalchemy/pool/impl.py:177: in _do_get
    with util.safe_reraise():
/Library/Frameworks/Python.framework/Versions/3.12/lib/python3.12/site-packages/sqlalchemy/util/langhelpers.py:224: in __exit__
    raise exc_value.with_traceback(exc_tb)
/Library/Frameworks/Python.framework/Versions/3.12/lib/python3.12/site-packages/sqlalchemy/pool/impl.py:175: in _do_get
    return self._create_connection()
/Library/Frameworks/Python.framework/Versions/3.12/lib/python3.12/site-packages/sqlalchemy/pool/base.py:388: in _create_connection
    return _ConnectionRecord(self)
/Library/Frameworks/Python.framework/Versions/3.12/lib/python3.12/site-packages/sqlalchemy/pool/base.py:673: in __init__
    self.__connect()
/Library/Frameworks/Python.framework/Versions/3.12/lib/python3.12/site-packages/sqlalchemy/pool/base.py:899: in __connect
    with util.safe_reraise():
/Library/Frameworks/Python.framework/Versions/3.12/lib/python3.12/site-packages/sqlalchemy/util/langhelpers.py:224: in __exit__
    raise exc_value.with_traceback(exc_tb)
/Library/Frameworks/Python.framework/Versions/3.12/lib/python3.12/site-packages/sqlalchemy/pool/base.py:895: in __connect
    self.dbapi_connection = connection = pool._invoke_creator(self)
/Library/Frameworks/Python.framework/Versions/3.12/lib/python3.12/site-packages/sqlalchemy/engine/create.py:661: in connect
    return dialect.connect(*cargs, **cparams)
/Library/Frameworks/Python.framework/Versions/3.12/lib/python3.12/site-packages/sqlalchemy/engine/default.py:630: in connect
    return self.loaded_dbapi.connect(*cargs, **cparams)  # type: ignore[no-any-return]  # NOQA: E501
/Library/Frameworks/Python.framework/Versions/3.12/lib/python3.12/site-packages/psycopg2/__init__.py:122: in connect
    conn = _connect(dsn, connection_factory=connection_factory, **kwasync)
E   sqlalchemy.exc.OperationalError: (psycopg2.OperationalError) connection to server at "localhost" (::1), port 5432 failed: Connection refused
E   	Is the server running on that host and accepting TCP/IP connections?
E   connection to server at "localhost" (127.0.0.1), port 5432 failed: Connection refused
E   	Is the server running on that host and accepting TCP/IP connections?
E   
E   (Background on this error at: https://sqlalche.me/e/20/e3q8)
________ ERROR at setup of TestJoinRequests.test_join_request_approval _________
/Library/Frameworks/Python.framework/Versions/3.12/lib/python3.12/site-packages/sqlalchemy/engine/base.py:143: in __init__
    self._dbapi_connection = engine.raw_connection()
/Library/Frameworks/Python.framework/Versions/3.12/lib/python3.12/site-packages/sqlalchemy/engine/base.py:3309: in raw_connection
    return self.pool.connect()
/Library/Frameworks/Python.framework/Versions/3.12/lib/python3.12/site-packages/sqlalchemy/pool/base.py:447: in connect
    return _ConnectionFairy._checkout(self)
/Library/Frameworks/Python.framework/Versions/3.12/lib/python3.12/site-packages/sqlalchemy/pool/base.py:1264: in _checkout
    fairy = _ConnectionRecord.checkout(pool)
/Library/Frameworks/Python.framework/Versions/3.12/lib/python3.12/site-packages/sqlalchemy/pool/base.py:711: in checkout
    rec = pool._do_get()
/Library/Frameworks/Python.framework/Versions/3.12/lib/python3.12/site-packages/sqlalchemy/pool/impl.py:177: in _do_get
    with util.safe_reraise():
/Library/Frameworks/Python.framework/Versions/3.12/lib/python3.12/site-packages/sqlalchemy/util/langhelpers.py:224: in __exit__
    raise exc_value.with_traceback(exc_tb)
/Library/Frameworks/Python.framework/Versions/3.12/lib/python3.12/site-packages/sqlalchemy/pool/impl.py:175: in _do_get
    return self._create_connection()
/Library/Frameworks/Python.framework/Versions/3.12/lib/python3.12/site-packages/sqlalchemy/pool/base.py:388: in _create_connection
    return _ConnectionRecord(self)
/Library/Frameworks/Python.framework/Versions/3.12/lib/python3.12/site-packages/sqlalchemy/pool/base.py:673: in __init__
    self.__connect()
/Library/Frameworks/Python.framework/Versions/3.12/lib/python3.12/site-packages/sqlalchemy/pool/base.py:899: in __connect
    with util.safe_reraise():
/Library/Frameworks/Python.framework/Versions/3.12/lib/python3.12/site-packages/sqlalchemy/util/langhelpers.py:224: in __exit__
    raise exc_value.with_traceback(exc_tb)
/Library/Frameworks/Python.framework/Versions/3.12/lib/python3.12/site-packages/sqlalchemy/pool/base.py:895: in __connect
    self.dbapi_connection = connection = pool._invoke_creator(self)
/Library/Frameworks/Python.framework/Versions/3.12/lib/python3.12/site-packages/sqlalchemy/engine/create.py:661: in connect
    return dialect.connect(*cargs, **cparams)
/Library/Frameworks/Python.framework/Versions/3.12/lib/python3.12/site-packages/sqlalchemy/engine/default.py:630: in connect
    return self.loaded_dbapi.connect(*cargs, **cparams)  # type: ignore[no-any-return]  # NOQA: E501
/Library/Frameworks/Python.framework/Versions/3.12/lib/python3.12/site-packages/psycopg2/__init__.py:122: in connect
    conn = _connect(dsn, connection_factory=connection_factory, **kwasync)
E   psycopg2.OperationalError: connection to server at "localhost" (::1), port 5432 failed: Connection refused
E   	Is the server running on that host and accepting TCP/IP connections?
E   connection to server at "localhost" (127.0.0.1), port 5432 failed: Connection refused
E   	Is the server running on that host and accepting TCP/IP connections?

The above exception was the direct cause of the following exception:
tests/test_workspaces.py:272: in test_setup
    db.execute(
packages/db/database.py:32: in execute
    return self._session.execute(query, params)
/Library/Frameworks/Python.framework/Versions/3.12/lib/python3.12/site-packages/sqlalchemy/orm/session.py:2351: in execute
    return self._execute_internal(
/Library/Frameworks/Python.framework/Versions/3.12/lib/python3.12/site-packages/sqlalchemy/orm/session.py:2239: in _execute_internal
    conn = self._connection_for_bind(bind)
/Library/Frameworks/Python.framework/Versions/3.12/lib/python3.12/site-packages/sqlalchemy/orm/session.py:2108: in _connection_for_bind
    return trans._connection_for_bind(engine, execution_options)
<string>:2: in _connection_for_bind
    ???
/Library/Frameworks/Python.framework/Versions/3.12/lib/python3.12/site-packages/sqlalchemy/orm/state_changes.py:137: in _go
    ret_value = fn(self, *arg, **kw)
/Library/Frameworks/Python.framework/Versions/3.12/lib/python3.12/site-packages/sqlalchemy/orm/session.py:1187: in _connection_for_bind
    conn = bind.connect()
/Library/Frameworks/Python.framework/Versions/3.12/lib/python3.12/site-packages/sqlalchemy/engine/base.py:3285: in connect
    return self._connection_cls(self)
/Library/Frameworks/Python.framework/Versions/3.12/lib/python3.12/site-packages/sqlalchemy/engine/base.py:145: in __init__
    Connection._handle_dbapi_exception_noconnection(
/Library/Frameworks/Python.framework/Versions/3.12/lib/python3.12/site-packages/sqlalchemy/engine/base.py:2448: in _handle_dbapi_exception_noconnection
    raise sqlalchemy_exception.with_traceback(exc_info[2]) from e
/Library/Frameworks/Python.framework/Versions/3.12/lib/python3.12/site-packages/sqlalchemy/engine/base.py:143: in __init__
    self._dbapi_connection = engine.raw_connection()
/Library/Frameworks/Python.framework/Versions/3.12/lib/python3.12/site-packages/sqlalchemy/engine/base.py:3309: in raw_connection
    return self.pool.connect()
/Library/Frameworks/Python.framework/Versions/3.12/lib/python3.12/site-packages/sqlalchemy/pool/base.py:447: in connect
    return _ConnectionFairy._checkout(self)
/Library/Frameworks/Python.framework/Versions/3.12/lib/python3.12/site-packages/sqlalchemy/pool/base.py:1264: in _checkout
    fairy = _ConnectionRecord.checkout(pool)
/Library/Frameworks/Python.framework/Versions/3.12/lib/python3.12/site-packages/sqlalchemy/pool/base.py:711: in checkout
    rec = pool._do_get()
/Library/Frameworks/Python.framework/Versions/3.12/lib/python3.12/site-packages/sqlalchemy/pool/impl.py:177: in _do_get
    with util.safe_reraise():
/Library/Frameworks/Python.framework/Versions/3.12/lib/python3.12/site-packages/sqlalchemy/util/langhelpers.py:224: in __exit__
    raise exc_value.with_traceback(exc_tb)
/Library/Frameworks/Python.framework/Versions/3.12/lib/python3.12/site-packages/sqlalchemy/pool/impl.py:175: in _do_get
    return self._create_connection()
/Library/Frameworks/Python.framework/Versions/3.12/lib/python3.12/site-packages/sqlalchemy/pool/base.py:388: in _create_connection
    return _ConnectionRecord(self)
/Library/Frameworks/Python.framework/Versions/3.12/lib/python3.12/site-packages/sqlalchemy/pool/base.py:673: in __init__
    self.__connect()
/Library/Frameworks/Python.framework/Versions/3.12/lib/python3.12/site-packages/sqlalchemy/pool/base.py:899: in __connect
    with util.safe_reraise():
/Library/Frameworks/Python.framework/Versions/3.12/lib/python3.12/site-packages/sqlalchemy/util/langhelpers.py:224: in __exit__
    raise exc_value.with_traceback(exc_tb)
/Library/Frameworks/Python.framework/Versions/3.12/lib/python3.12/site-packages/sqlalchemy/pool/base.py:895: in __connect
    self.dbapi_connection = connection = pool._invoke_creator(self)
/Library/Frameworks/Python.framework/Versions/3.12/lib/python3.12/site-packages/sqlalchemy/engine/create.py:661: in connect
    return dialect.connect(*cargs, **cparams)
/Library/Frameworks/Python.framework/Versions/3.12/lib/python3.12/site-packages/sqlalchemy/engine/default.py:630: in connect
    return self.loaded_dbapi.connect(*cargs, **cparams)  # type: ignore[no-any-return]  # NOQA: E501
/Library/Frameworks/Python.framework/Versions/3.12/lib/python3.12/site-packages/psycopg2/__init__.py:122: in connect
    conn = _connect(dsn, connection_factory=connection_factory, **kwasync)
E   sqlalchemy.exc.OperationalError: (psycopg2.OperationalError) connection to server at "localhost" (::1), port 5432 failed: Connection refused
E   	Is the server running on that host and accepting TCP/IP connections?
E   connection to server at "localhost" (127.0.0.1), port 5432 failed: Connection refused
E   	Is the server running on that host and accepting TCP/IP connections?
E   
E   (Background on this error at: https://sqlalche.me/e/20/e3q8)
______ ERROR at setup of TestJoinRequests.test_role_capacity_enforcement _______
/Library/Frameworks/Python.framework/Versions/3.12/lib/python3.12/site-packages/sqlalchemy/engine/base.py:143: in __init__
    self._dbapi_connection = engine.raw_connection()
/Library/Frameworks/Python.framework/Versions/3.12/lib/python3.12/site-packages/sqlalchemy/engine/base.py:3309: in raw_connection
    return self.pool.connect()
/Library/Frameworks/Python.framework/Versions/3.12/lib/python3.12/site-packages/sqlalchemy/pool/base.py:447: in connect
    return _ConnectionFairy._checkout(self)
/Library/Frameworks/Python.framework/Versions/3.12/lib/python3.12/site-packages/sqlalchemy/pool/base.py:1264: in _checkout
    fairy = _ConnectionRecord.checkout(pool)
/Library/Frameworks/Python.framework/Versions/3.12/lib/python3.12/site-packages/sqlalchemy/pool/base.py:711: in checkout
    rec = pool._do_get()
/Library/Frameworks/Python.framework/Versions/3.12/lib/python3.12/site-packages/sqlalchemy/pool/impl.py:177: in _do_get
    with util.safe_reraise():
/Library/Frameworks/Python.framework/Versions/3.12/lib/python3.12/site-packages/sqlalchemy/util/langhelpers.py:224: in __exit__
    raise exc_value.with_traceback(exc_tb)
/Library/Frameworks/Python.framework/Versions/3.12/lib/python3.12/site-packages/sqlalchemy/pool/impl.py:175: in _do_get
    return self._create_connection()
/Library/Frameworks/Python.framework/Versions/3.12/lib/python3.12/site-packages/sqlalchemy/pool/base.py:388: in _create_connection
    return _ConnectionRecord(self)
/Library/Frameworks/Python.framework/Versions/3.12/lib/python3.12/site-packages/sqlalchemy/pool/base.py:673: in __init__
    self.__connect()
/Library/Frameworks/Python.framework/Versions/3.12/lib/python3.12/site-packages/sqlalchemy/pool/base.py:899: in __connect
    with util.safe_reraise():
/Library/Frameworks/Python.framework/Versions/3.12/lib/python3.12/site-packages/sqlalchemy/util/langhelpers.py:224: in __exit__
    raise exc_value.with_traceback(exc_tb)
/Library/Frameworks/Python.framework/Versions/3.12/lib/python3.12/site-packages/sqlalchemy/pool/base.py:895: in __connect
    self.dbapi_connection = connection = pool._invoke_creator(self)
/Library/Frameworks/Python.framework/Versions/3.12/lib/python3.12/site-packages/sqlalchemy/engine/create.py:661: in connect
    return dialect.connect(*cargs, **cparams)
/Library/Frameworks/Python.framework/Versions/3.12/lib/python3.12/site-packages/sqlalchemy/engine/default.py:630: in connect
    return self.loaded_dbapi.connect(*cargs, **cparams)  # type: ignore[no-any-return]  # NOQA: E501
/Library/Frameworks/Python.framework/Versions/3.12/lib/python3.12/site-packages/psycopg2/__init__.py:122: in connect
    conn = _connect(dsn, connection_factory=connection_factory, **kwasync)
E   psycopg2.OperationalError: connection to server at "localhost" (::1), port 5432 failed: Connection refused
E   	Is the server running on that host and accepting TCP/IP connections?
E   connection to server at "localhost" (127.0.0.1), port 5432 failed: Connection refused
E   	Is the server running on that host and accepting TCP/IP connections?

The above exception was the direct cause of the following exception:
tests/test_workspaces.py:272: in test_setup
    db.execute(
packages/db/database.py:32: in execute
    return self._session.execute(query, params)
/Library/Frameworks/Python.framework/Versions/3.12/lib/python3.12/site-packages/sqlalchemy/orm/session.py:2351: in execute
    return self._execute_internal(
/Library/Frameworks/Python.framework/Versions/3.12/lib/python3.12/site-packages/sqlalchemy/orm/session.py:2239: in _execute_internal
    conn = self._connection_for_bind(bind)
/Library/Frameworks/Python.framework/Versions/3.12/lib/python3.12/site-packages/sqlalchemy/orm/session.py:2108: in _connection_for_bind
    return trans._connection_for_bind(engine, execution_options)
<string>:2: in _connection_for_bind
    ???
/Library/Frameworks/Python.framework/Versions/3.12/lib/python3.12/site-packages/sqlalchemy/orm/state_changes.py:137: in _go
    ret_value = fn(self, *arg, **kw)
/Library/Frameworks/Python.framework/Versions/3.12/lib/python3.12/site-packages/sqlalchemy/orm/session.py:1187: in _connection_for_bind
    conn = bind.connect()
/Library/Frameworks/Python.framework/Versions/3.12/lib/python3.12/site-packages/sqlalchemy/engine/base.py:3285: in connect
    return self._connection_cls(self)
/Library/Frameworks/Python.framework/Versions/3.12/lib/python3.12/site-packages/sqlalchemy/engine/base.py:145: in __init__
    Connection._handle_dbapi_exception_noconnection(
/Library/Frameworks/Python.framework/Versions/3.12/lib/python3.12/site-packages/sqlalchemy/engine/base.py:2448: in _handle_dbapi_exception_noconnection
    raise sqlalchemy_exception.with_traceback(exc_info[2]) from e
/Library/Frameworks/Python.framework/Versions/3.12/lib/python3.12/site-packages/sqlalchemy/engine/base.py:143: in __init__
    self._dbapi_connection = engine.raw_connection()
/Library/Frameworks/Python.framework/Versions/3.12/lib/python3.12/site-packages/sqlalchemy/engine/base.py:3309: in raw_connection
    return self.pool.connect()
/Library/Frameworks/Python.framework/Versions/3.12/lib/python3.12/site-packages/sqlalchemy/pool/base.py:447: in connect
    return _ConnectionFairy._checkout(self)
/Library/Frameworks/Python.framework/Versions/3.12/lib/python3.12/site-packages/sqlalchemy/pool/base.py:1264: in _checkout
    fairy = _ConnectionRecord.checkout(pool)
/Library/Frameworks/Python.framework/Versions/3.12/lib/python3.12/site-packages/sqlalchemy/pool/base.py:711: in checkout
    rec = pool._do_get()
/Library/Frameworks/Python.framework/Versions/3.12/lib/python3.12/site-packages/sqlalchemy/pool/impl.py:177: in _do_get
    with util.safe_reraise():
/Library/Frameworks/Python.framework/Versions/3.12/lib/python3.12/site-packages/sqlalchemy/util/langhelpers.py:224: in __exit__
    raise exc_value.with_traceback(exc_tb)
/Library/Frameworks/Python.framework/Versions/3.12/lib/python3.12/site-packages/sqlalchemy/pool/impl.py:175: in _do_get
    return self._create_connection()
/Library/Frameworks/Python.framework/Versions/3.12/lib/python3.12/site-packages/sqlalchemy/pool/base.py:388: in _create_connection
    return _ConnectionRecord(self)
/Library/Frameworks/Python.framework/Versions/3.12/lib/python3.12/site-packages/sqlalchemy/pool/base.py:673: in __init__
    self.__connect()
/Library/Frameworks/Python.framework/Versions/3.12/lib/python3.12/site-packages/sqlalchemy/pool/base.py:899: in __connect
    with util.safe_reraise():
/Library/Frameworks/Python.framework/Versions/3.12/lib/python3.12/site-packages/sqlalchemy/util/langhelpers.py:224: in __exit__
    raise exc_value.with_traceback(exc_tb)
/Library/Frameworks/Python.framework/Versions/3.12/lib/python3.12/site-packages/sqlalchemy/pool/base.py:895: in __connect
    self.dbapi_connection = connection = pool._invoke_creator(self)
/Library/Frameworks/Python.framework/Versions/3.12/lib/python3.12/site-packages/sqlalchemy/engine/create.py:661: in connect
    return dialect.connect(*cargs, **cparams)
/Library/Frameworks/Python.framework/Versions/3.12/lib/python3.12/site-packages/sqlalchemy/engine/default.py:630: in connect
    return self.loaded_dbapi.connect(*cargs, **cparams)  # type: ignore[no-any-return]  # NOQA: E501
/Library/Frameworks/Python.framework/Versions/3.12/lib/python3.12/site-packages/psycopg2/__init__.py:122: in connect
    conn = _connect(dsn, connection_factory=connection_factory, **kwasync)
E   sqlalchemy.exc.OperationalError: (psycopg2.OperationalError) connection to server at "localhost" (::1), port 5432 failed: Connection refused
E   	Is the server running on that host and accepting TCP/IP connections?
E   connection to server at "localhost" (127.0.0.1), port 5432 failed: Connection refused
E   	Is the server running on that host and accepting TCP/IP connections?
E   
E   (Background on this error at: https://sqlalche.me/e/20/e3q8)
__ ERROR at setup of TestJoinRequests.test_reputation_requirement_enforcement __
/Library/Frameworks/Python.framework/Versions/3.12/lib/python3.12/site-packages/sqlalchemy/engine/base.py:143: in __init__
    self._dbapi_connection = engine.raw_connection()
/Library/Frameworks/Python.framework/Versions/3.12/lib/python3.12/site-packages/sqlalchemy/engine/base.py:3309: in raw_connection
    return self.pool.connect()
/Library/Frameworks/Python.framework/Versions/3.12/lib/python3.12/site-packages/sqlalchemy/pool/base.py:447: in connect
    return _ConnectionFairy._checkout(self)
/Library/Frameworks/Python.framework/Versions/3.12/lib/python3.12/site-packages/sqlalchemy/pool/base.py:1264: in _checkout
    fairy = _ConnectionRecord.checkout(pool)
/Library/Frameworks/Python.framework/Versions/3.12/lib/python3.12/site-packages/sqlalchemy/pool/base.py:711: in checkout
    rec = pool._do_get()
/Library/Frameworks/Python.framework/Versions/3.12/lib/python3.12/site-packages/sqlalchemy/pool/impl.py:177: in _do_get
    with util.safe_reraise():
/Library/Frameworks/Python.framework/Versions/3.12/lib/python3.12/site-packages/sqlalchemy/util/langhelpers.py:224: in __exit__
    raise exc_value.with_traceback(exc_tb)
/Library/Frameworks/Python.framework/Versions/3.12/lib/python3.12/site-packages/sqlalchemy/pool/impl.py:175: in _do_get
    return self._create_connection()
/Library/Frameworks/Python.framework/Versions/3.12/lib/python3.12/site-packages/sqlalchemy/pool/base.py:388: in _create_connection
    return _ConnectionRecord(self)
/Library/Frameworks/Python.framework/Versions/3.12/lib/python3.12/site-packages/sqlalchemy/pool/base.py:673: in __init__
    self.__connect()
/Library/Frameworks/Python.framework/Versions/3.12/lib/python3.12/site-packages/sqlalchemy/pool/base.py:899: in __connect
    with util.safe_reraise():
/Library/Frameworks/Python.framework/Versions/3.12/lib/python3.12/site-packages/sqlalchemy/util/langhelpers.py:224: in __exit__
    raise exc_value.with_traceback(exc_tb)
/Library/Frameworks/Python.framework/Versions/3.12/lib/python3.12/site-packages/sqlalchemy/pool/base.py:895: in __connect
    self.dbapi_connection = connection = pool._invoke_creator(self)
/Library/Frameworks/Python.framework/Versions/3.12/lib/python3.12/site-packages/sqlalchemy/engine/create.py:661: in connect
    return dialect.connect(*cargs, **cparams)
/Library/Frameworks/Python.framework/Versions/3.12/lib/python3.12/site-packages/sqlalchemy/engine/default.py:630: in connect
    return self.loaded_dbapi.connect(*cargs, **cparams)  # type: ignore[no-any-return]  # NOQA: E501
/Library/Frameworks/Python.framework/Versions/3.12/lib/python3.12/site-packages/psycopg2/__init__.py:122: in connect
    conn = _connect(dsn, connection_factory=connection_factory, **kwasync)
E   psycopg2.OperationalError: connection to server at "localhost" (::1), port 5432 failed: Connection refused
E   	Is the server running on that host and accepting TCP/IP connections?
E   connection to server at "localhost" (127.0.0.1), port 5432 failed: Connection refused
E   	Is the server running on that host and accepting TCP/IP connections?

The above exception was the direct cause of the following exception:
tests/test_workspaces.py:272: in test_setup
    db.execute(
packages/db/database.py:32: in execute
    return self._session.execute(query, params)
/Library/Frameworks/Python.framework/Versions/3.12/lib/python3.12/site-packages/sqlalchemy/orm/session.py:2351: in execute
    return self._execute_internal(
/Library/Frameworks/Python.framework/Versions/3.12/lib/python3.12/site-packages/sqlalchemy/orm/session.py:2239: in _execute_internal
    conn = self._connection_for_bind(bind)
/Library/Frameworks/Python.framework/Versions/3.12/lib/python3.12/site-packages/sqlalchemy/orm/session.py:2108: in _connection_for_bind
    return trans._connection_for_bind(engine, execution_options)
<string>:2: in _connection_for_bind
    ???
/Library/Frameworks/Python.framework/Versions/3.12/lib/python3.12/site-packages/sqlalchemy/orm/state_changes.py:137: in _go
    ret_value = fn(self, *arg, **kw)
/Library/Frameworks/Python.framework/Versions/3.12/lib/python3.12/site-packages/sqlalchemy/orm/session.py:1187: in _connection_for_bind
    conn = bind.connect()
/Library/Frameworks/Python.framework/Versions/3.12/lib/python3.12/site-packages/sqlalchemy/engine/base.py:3285: in connect
    return self._connection_cls(self)
/Library/Frameworks/Python.framework/Versions/3.12/lib/python3.12/site-packages/sqlalchemy/engine/base.py:145: in __init__
    Connection._handle_dbapi_exception_noconnection(
/Library/Frameworks/Python.framework/Versions/3.12/lib/python3.12/site-packages/sqlalchemy/engine/base.py:2448: in _handle_dbapi_exception_noconnection
    raise sqlalchemy_exception.with_traceback(exc_info[2]) from e
/Library/Frameworks/Python.framework/Versions/3.12/lib/python3.12/site-packages/sqlalchemy/engine/base.py:143: in __init__
    self._dbapi_connection = engine.raw_connection()
/Library/Frameworks/Python.framework/Versions/3.12/lib/python3.12/site-packages/sqlalchemy/engine/base.py:3309: in raw_connection
    return self.pool.connect()
/Library/Frameworks/Python.framework/Versions/3.12/lib/python3.12/site-packages/sqlalchemy/pool/base.py:447: in connect
    return _ConnectionFairy._checkout(self)
/Library/Frameworks/Python.framework/Versions/3.12/lib/python3.12/site-packages/sqlalchemy/pool/base.py:1264: in _checkout
    fairy = _ConnectionRecord.checkout(pool)
/Library/Frameworks/Python.framework/Versions/3.12/lib/python3.12/site-packages/sqlalchemy/pool/base.py:711: in checkout
    rec = pool._do_get()
/Library/Frameworks/Python.framework/Versions/3.12/lib/python3.12/site-packages/sqlalchemy/pool/impl.py:177: in _do_get
    with util.safe_reraise():
/Library/Frameworks/Python.framework/Versions/3.12/lib/python3.12/site-packages/sqlalchemy/util/langhelpers.py:224: in __exit__
    raise exc_value.with_traceback(exc_tb)
/Library/Frameworks/Python.framework/Versions/3.12/lib/python3.12/site-packages/sqlalchemy/pool/impl.py:175: in _do_get
    return self._create_connection()
/Library/Frameworks/Python.framework/Versions/3.12/lib/python3.12/site-packages/sqlalchemy/pool/base.py:388: in _create_connection
    return _ConnectionRecord(self)
/Library/Frameworks/Python.framework/Versions/3.12/lib/python3.12/site-packages/sqlalchemy/pool/base.py:673: in __init__
    self.__connect()
/Library/Frameworks/Python.framework/Versions/3.12/lib/python3.12/site-packages/sqlalchemy/pool/base.py:899: in __connect
    with util.safe_reraise():
/Library/Frameworks/Python.framework/Versions/3.12/lib/python3.12/site-packages/sqlalchemy/util/langhelpers.py:224: in __exit__
    raise exc_value.with_traceback(exc_tb)
/Library/Frameworks/Python.framework/Versions/3.12/lib/python3.12/site-packages/sqlalchemy/pool/base.py:895: in __connect
    self.dbapi_connection = connection = pool._invoke_creator(self)
/Library/Frameworks/Python.framework/Versions/3.12/lib/python3.12/site-packages/sqlalchemy/engine/create.py:661: in connect
    return dialect.connect(*cargs, **cparams)
/Library/Frameworks/Python.framework/Versions/3.12/lib/python3.12/site-packages/sqlalchemy/engine/default.py:630: in connect
    return self.loaded_dbapi.connect(*cargs, **cparams)  # type: ignore[no-any-return]  # NOQA: E501
/Library/Frameworks/Python.framework/Versions/3.12/lib/python3.12/site-packages/psycopg2/__init__.py:122: in connect
    conn = _connect(dsn, connection_factory=connection_factory, **kwasync)
E   sqlalchemy.exc.OperationalError: (psycopg2.OperationalError) connection to server at "localhost" (::1), port 5432 failed: Connection refused
E   	Is the server running on that host and accepting TCP/IP connections?
E   connection to server at "localhost" (127.0.0.1), port 5432 failed: Connection refused
E   	Is the server running on that host and accepting TCP/IP connections?
E   
E   (Background on this error at: https://sqlalche.me/e/20/e3q8)
____ ERROR at setup of TestWorkspaceUpdates.test_description_update_allowed ____
/Library/Frameworks/Python.framework/Versions/3.12/lib/python3.12/site-packages/sqlalchemy/engine/base.py:143: in __init__
    self._dbapi_connection = engine.raw_connection()
/Library/Frameworks/Python.framework/Versions/3.12/lib/python3.12/site-packages/sqlalchemy/engine/base.py:3309: in raw_connection
    return self.pool.connect()
/Library/Frameworks/Python.framework/Versions/3.12/lib/python3.12/site-packages/sqlalchemy/pool/base.py:447: in connect
    return _ConnectionFairy._checkout(self)
/Library/Frameworks/Python.framework/Versions/3.12/lib/python3.12/site-packages/sqlalchemy/pool/base.py:1264: in _checkout
    fairy = _ConnectionRecord.checkout(pool)
/Library/Frameworks/Python.framework/Versions/3.12/lib/python3.12/site-packages/sqlalchemy/pool/base.py:711: in checkout
    rec = pool._do_get()
/Library/Frameworks/Python.framework/Versions/3.12/lib/python3.12/site-packages/sqlalchemy/pool/impl.py:177: in _do_get
    with util.safe_reraise():
/Library/Frameworks/Python.framework/Versions/3.12/lib/python3.12/site-packages/sqlalchemy/util/langhelpers.py:224: in __exit__
    raise exc_value.with_traceback(exc_tb)
/Library/Frameworks/Python.framework/Versions/3.12/lib/python3.12/site-packages/sqlalchemy/pool/impl.py:175: in _do_get
    return self._create_connection()
/Library/Frameworks/Python.framework/Versions/3.12/lib/python3.12/site-packages/sqlalchemy/pool/base.py:388: in _create_connection
    return _ConnectionRecord(self)
/Library/Frameworks/Python.framework/Versions/3.12/lib/python3.12/site-packages/sqlalchemy/pool/base.py:673: in __init__
    self.__connect()
/Library/Frameworks/Python.framework/Versions/3.12/lib/python3.12/site-packages/sqlalchemy/pool/base.py:899: in __connect
    with util.safe_reraise():
/Library/Frameworks/Python.framework/Versions/3.12/lib/python3.12/site-packages/sqlalchemy/util/langhelpers.py:224: in __exit__
    raise exc_value.with_traceback(exc_tb)
/Library/Frameworks/Python.framework/Versions/3.12/lib/python3.12/site-packages/sqlalchemy/pool/base.py:895: in __connect
    self.dbapi_connection = connection = pool._invoke_creator(self)
/Library/Frameworks/Python.framework/Versions/3.12/lib/python3.12/site-packages/sqlalchemy/engine/create.py:661: in connect
    return dialect.connect(*cargs, **cparams)
/Library/Frameworks/Python.framework/Versions/3.12/lib/python3.12/site-packages/sqlalchemy/engine/default.py:630: in connect
    return self.loaded_dbapi.connect(*cargs, **cparams)  # type: ignore[no-any-return]  # NOQA: E501
/Library/Frameworks/Python.framework/Versions/3.12/lib/python3.12/site-packages/psycopg2/__init__.py:122: in connect
    conn = _connect(dsn, connection_factory=connection_factory, **kwasync)
E   psycopg2.OperationalError: connection to server at "localhost" (::1), port 5432 failed: Connection refused
E   	Is the server running on that host and accepting TCP/IP connections?
E   connection to server at "localhost" (127.0.0.1), port 5432 failed: Connection refused
E   	Is the server running on that host and accepting TCP/IP connections?

The above exception was the direct cause of the following exception:
tests/test_workspaces.py:491: in test_workspace
    db.execute(
packages/db/database.py:32: in execute
    return self._session.execute(query, params)
/Library/Frameworks/Python.framework/Versions/3.12/lib/python3.12/site-packages/sqlalchemy/orm/session.py:2351: in execute
    return self._execute_internal(
/Library/Frameworks/Python.framework/Versions/3.12/lib/python3.12/site-packages/sqlalchemy/orm/session.py:2239: in _execute_internal
    conn = self._connection_for_bind(bind)
/Library/Frameworks/Python.framework/Versions/3.12/lib/python3.12/site-packages/sqlalchemy/orm/session.py:2108: in _connection_for_bind
    return trans._connection_for_bind(engine, execution_options)
<string>:2: in _connection_for_bind
    ???
/Library/Frameworks/Python.framework/Versions/3.12/lib/python3.12/site-packages/sqlalchemy/orm/state_changes.py:137: in _go
    ret_value = fn(self, *arg, **kw)
/Library/Frameworks/Python.framework/Versions/3.12/lib/python3.12/site-packages/sqlalchemy/orm/session.py:1187: in _connection_for_bind
    conn = bind.connect()
/Library/Frameworks/Python.framework/Versions/3.12/lib/python3.12/site-packages/sqlalchemy/engine/base.py:3285: in connect
    return self._connection_cls(self)
/Library/Frameworks/Python.framework/Versions/3.12/lib/python3.12/site-packages/sqlalchemy/engine/base.py:145: in __init__
    Connection._handle_dbapi_exception_noconnection(
/Library/Frameworks/Python.framework/Versions/3.12/lib/python3.12/site-packages/sqlalchemy/engine/base.py:2448: in _handle_dbapi_exception_noconnection
    raise sqlalchemy_exception.with_traceback(exc_info[2]) from e
/Library/Frameworks/Python.framework/Versions/3.12/lib/python3.12/site-packages/sqlalchemy/engine/base.py:143: in __init__
    self._dbapi_connection = engine.raw_connection()
/Library/Frameworks/Python.framework/Versions/3.12/lib/python3.12/site-packages/sqlalchemy/engine/base.py:3309: in raw_connection
    return self.pool.connect()
/Library/Frameworks/Python.framework/Versions/3.12/lib/python3.12/site-packages/sqlalchemy/pool/base.py:447: in connect
    return _ConnectionFairy._checkout(self)
/Library/Frameworks/Python.framework/Versions/3.12/lib/python3.12/site-packages/sqlalchemy/pool/base.py:1264: in _checkout
    fairy = _ConnectionRecord.checkout(pool)
/Library/Frameworks/Python.framework/Versions/3.12/lib/python3.12/site-packages/sqlalchemy/pool/base.py:711: in checkout
    rec = pool._do_get()
/Library/Frameworks/Python.framework/Versions/3.12/lib/python3.12/site-packages/sqlalchemy/pool/impl.py:177: in _do_get
    with util.safe_reraise():
/Library/Frameworks/Python.framework/Versions/3.12/lib/python3.12/site-packages/sqlalchemy/util/langhelpers.py:224: in __exit__
    raise exc_value.with_traceback(exc_tb)
/Library/Frameworks/Python.framework/Versions/3.12/lib/python3.12/site-packages/sqlalchemy/pool/impl.py:175: in _do_get
    return self._create_connection()
/Library/Frameworks/Python.framework/Versions/3.12/lib/python3.12/site-packages/sqlalchemy/pool/base.py:388: in _create_connection
    return _ConnectionRecord(self)
/Library/Frameworks/Python.framework/Versions/3.12/lib/python3.12/site-packages/sqlalchemy/pool/base.py:673: in __init__
    self.__connect()
/Library/Frameworks/Python.framework/Versions/3.12/lib/python3.12/site-packages/sqlalchemy/pool/base.py:899: in __connect
    with util.safe_reraise():
/Library/Frameworks/Python.framework/Versions/3.12/lib/python3.12/site-packages/sqlalchemy/util/langhelpers.py:224: in __exit__
    raise exc_value.with_traceback(exc_tb)
/Library/Frameworks/Python.framework/Versions/3.12/lib/python3.12/site-packages/sqlalchemy/pool/base.py:895: in __connect
    self.dbapi_connection = connection = pool._invoke_creator(self)
/Library/Frameworks/Python.framework/Versions/3.12/lib/python3.12/site-packages/sqlalchemy/engine/create.py:661: in connect
    return dialect.connect(*cargs, **cparams)
/Library/Frameworks/Python.framework/Versions/3.12/lib/python3.12/site-packages/sqlalchemy/engine/default.py:630: in connect
    return self.loaded_dbapi.connect(*cargs, **cparams)  # type: ignore[no-any-return]  # NOQA: E501
/Library/Frameworks/Python.framework/Versions/3.12/lib/python3.12/site-packages/psycopg2/__init__.py:122: in connect
    conn = _connect(dsn, connection_factory=connection_factory, **kwasync)
E   sqlalchemy.exc.OperationalError: (psycopg2.OperationalError) connection to server at "localhost" (::1), port 5432 failed: Connection refused
E   	Is the server running on that host and accepting TCP/IP connections?
E   connection to server at "localhost" (127.0.0.1), port 5432 failed: Connection refused
E   	Is the server running on that host and accepting TCP/IP connections?
E   
E   (Background on this error at: https://sqlalche.me/e/20/e3q8)
___ ERROR at setup of TestWorkspaceUpdates.test_phase_not_updated_via_patch ____
/Library/Frameworks/Python.framework/Versions/3.12/lib/python3.12/site-packages/sqlalchemy/engine/base.py:143: in __init__
    self._dbapi_connection = engine.raw_connection()
/Library/Frameworks/Python.framework/Versions/3.12/lib/python3.12/site-packages/sqlalchemy/engine/base.py:3309: in raw_connection
    return self.pool.connect()
/Library/Frameworks/Python.framework/Versions/3.12/lib/python3.12/site-packages/sqlalchemy/pool/base.py:447: in connect
    return _ConnectionFairy._checkout(self)
/Library/Frameworks/Python.framework/Versions/3.12/lib/python3.12/site-packages/sqlalchemy/pool/base.py:1264: in _checkout
    fairy = _ConnectionRecord.checkout(pool)
/Library/Frameworks/Python.framework/Versions/3.12/lib/python3.12/site-packages/sqlalchemy/pool/base.py:711: in checkout
    rec = pool._do_get()
/Library/Frameworks/Python.framework/Versions/3.12/lib/python3.12/site-packages/sqlalchemy/pool/impl.py:177: in _do_get
    with util.safe_reraise():
/Library/Frameworks/Python.framework/Versions/3.12/lib/python3.12/site-packages/sqlalchemy/util/langhelpers.py:224: in __exit__
    raise exc_value.with_traceback(exc_tb)
/Library/Frameworks/Python.framework/Versions/3.12/lib/python3.12/site-packages/sqlalchemy/pool/impl.py:175: in _do_get
    return self._create_connection()
/Library/Frameworks/Python.framework/Versions/3.12/lib/python3.12/site-packages/sqlalchemy/pool/base.py:388: in _create_connection
    return _ConnectionRecord(self)
/Library/Frameworks/Python.framework/Versions/3.12/lib/python3.12/site-packages/sqlalchemy/pool/base.py:673: in __init__
    self.__connect()
/Library/Frameworks/Python.framework/Versions/3.12/lib/python3.12/site-packages/sqlalchemy/pool/base.py:899: in __connect
    with util.safe_reraise():
/Library/Frameworks/Python.framework/Versions/3.12/lib/python3.12/site-packages/sqlalchemy/util/langhelpers.py:224: in __exit__
    raise exc_value.with_traceback(exc_tb)
/Library/Frameworks/Python.framework/Versions/3.12/lib/python3.12/site-packages/sqlalchemy/pool/base.py:895: in __connect
    self.dbapi_connection = connection = pool._invoke_creator(self)
/Library/Frameworks/Python.framework/Versions/3.12/lib/python3.12/site-packages/sqlalchemy/engine/create.py:661: in connect
    return dialect.connect(*cargs, **cparams)
/Library/Frameworks/Python.framework/Versions/3.12/lib/python3.12/site-packages/sqlalchemy/engine/default.py:630: in connect
    return self.loaded_dbapi.connect(*cargs, **cparams)  # type: ignore[no-any-return]  # NOQA: E501
/Library/Frameworks/Python.framework/Versions/3.12/lib/python3.12/site-packages/psycopg2/__init__.py:122: in connect
    conn = _connect(dsn, connection_factory=connection_factory, **kwasync)
E   psycopg2.OperationalError: connection to server at "localhost" (::1), port 5432 failed: Connection refused
E   	Is the server running on that host and accepting TCP/IP connections?
E   connection to server at "localhost" (127.0.0.1), port 5432 failed: Connection refused
E   	Is the server running on that host and accepting TCP/IP connections?

The above exception was the direct cause of the following exception:
tests/test_workspaces.py:491: in test_workspace
    db.execute(
packages/db/database.py:32: in execute
    return self._session.execute(query, params)
/Library/Frameworks/Python.framework/Versions/3.12/lib/python3.12/site-packages/sqlalchemy/orm/session.py:2351: in execute
    return self._execute_internal(
/Library/Frameworks/Python.framework/Versions/3.12/lib/python3.12/site-packages/sqlalchemy/orm/session.py:2239: in _execute_internal
    conn = self._connection_for_bind(bind)
/Library/Frameworks/Python.framework/Versions/3.12/lib/python3.12/site-packages/sqlalchemy/orm/session.py:2108: in _connection_for_bind
    return trans._connection_for_bind(engine, execution_options)
<string>:2: in _connection_for_bind
    ???
/Library/Frameworks/Python.framework/Versions/3.12/lib/python3.12/site-packages/sqlalchemy/orm/state_changes.py:137: in _go
    ret_value = fn(self, *arg, **kw)
/Library/Frameworks/Python.framework/Versions/3.12/lib/python3.12/site-packages/sqlalchemy/orm/session.py:1187: in _connection_for_bind
    conn = bind.connect()
/Library/Frameworks/Python.framework/Versions/3.12/lib/python3.12/site-packages/sqlalchemy/engine/base.py:3285: in connect
    return self._connection_cls(self)
/Library/Frameworks/Python.framework/Versions/3.12/lib/python3.12/site-packages/sqlalchemy/engine/base.py:145: in __init__
    Connection._handle_dbapi_exception_noconnection(
/Library/Frameworks/Python.framework/Versions/3.12/lib/python3.12/site-packages/sqlalchemy/engine/base.py:2448: in _handle_dbapi_exception_noconnection
    raise sqlalchemy_exception.with_traceback(exc_info[2]) from e
/Library/Frameworks/Python.framework/Versions/3.12/lib/python3.12/site-packages/sqlalchemy/engine/base.py:143: in __init__
    self._dbapi_connection = engine.raw_connection()
/Library/Frameworks/Python.framework/Versions/3.12/lib/python3.12/site-packages/sqlalchemy/engine/base.py:3309: in raw_connection
    return self.pool.connect()
/Library/Frameworks/Python.framework/Versions/3.12/lib/python3.12/site-packages/sqlalchemy/pool/base.py:447: in connect
    return _ConnectionFairy._checkout(self)
/Library/Frameworks/Python.framework/Versions/3.12/lib/python3.12/site-packages/sqlalchemy/pool/base.py:1264: in _checkout
    fairy = _ConnectionRecord.checkout(pool)
/Library/Frameworks/Python.framework/Versions/3.12/lib/python3.12/site-packages/sqlalchemy/pool/base.py:711: in checkout
    rec = pool._do_get()
/Library/Frameworks/Python.framework/Versions/3.12/lib/python3.12/site-packages/sqlalchemy/pool/impl.py:177: in _do_get
    with util.safe_reraise():
/Library/Frameworks/Python.framework/Versions/3.12/lib/python3.12/site-packages/sqlalchemy/util/langhelpers.py:224: in __exit__
    raise exc_value.with_traceback(exc_tb)
/Library/Frameworks/Python.framework/Versions/3.12/lib/python3.12/site-packages/sqlalchemy/pool/impl.py:175: in _do_get
    return self._create_connection()
/Library/Frameworks/Python.framework/Versions/3.12/lib/python3.12/site-packages/sqlalchemy/pool/base.py:388: in _create_connection
    return _ConnectionRecord(self)
/Library/Frameworks/Python.framework/Versions/3.12/lib/python3.12/site-packages/sqlalchemy/pool/base.py:673: in __init__
    self.__connect()
/Library/Frameworks/Python.framework/Versions/3.12/lib/python3.12/site-packages/sqlalchemy/pool/base.py:899: in __connect
    with util.safe_reraise():
/Library/Frameworks/Python.framework/Versions/3.12/lib/python3.12/site-packages/sqlalchemy/util/langhelpers.py:224: in __exit__
    raise exc_value.with_traceback(exc_tb)
/Library/Frameworks/Python.framework/Versions/3.12/lib/python3.12/site-packages/sqlalchemy/pool/base.py:895: in __connect
    self.dbapi_connection = connection = pool._invoke_creator(self)
/Library/Frameworks/Python.framework/Versions/3.12/lib/python3.12/site-packages/sqlalchemy/engine/create.py:661: in connect
    return dialect.connect(*cargs, **cparams)
/Library/Frameworks/Python.framework/Versions/3.12/lib/python3.12/site-packages/sqlalchemy/engine/default.py:630: in connect
    return self.loaded_dbapi.connect(*cargs, **cparams)  # type: ignore[no-any-return]  # NOQA: E501
/Library/Frameworks/Python.framework/Versions/3.12/lib/python3.12/site-packages/psycopg2/__init__.py:122: in connect
    conn = _connect(dsn, connection_factory=connection_factory, **kwasync)
E   sqlalchemy.exc.OperationalError: (psycopg2.OperationalError) connection to server at "localhost" (::1), port 5432 failed: Connection refused
E   	Is the server running on that host and accepting TCP/IP connections?
E   connection to server at "localhost" (127.0.0.1), port 5432 failed: Connection refused
E   	Is the server running on that host and accepting TCP/IP connections?
E   
E   (Background on this error at: https://sqlalche.me/e/20/e3q8)
=================================== FAILURES ===================================
_______________________ test_auth_instructions_endpoint ________________________
/Library/Frameworks/Python.framework/Versions/3.12/lib/python3.12/site-packages/urllib3/connection.py:198: in _new_conn
    sock = connection.create_connection(
/Library/Frameworks/Python.framework/Versions/3.12/lib/python3.12/site-packages/urllib3/util/connection.py:85: in create_connection
    raise err
/Library/Frameworks/Python.framework/Versions/3.12/lib/python3.12/site-packages/urllib3/util/connection.py:73: in create_connection
    sock.connect(sa)
E   ConnectionRefusedError: [Errno 61] Connection refused

The above exception was the direct cause of the following exception:
/Library/Frameworks/Python.framework/Versions/3.12/lib/python3.12/site-packages/urllib3/connectionpool.py:787: in urlopen
    response = self._make_request(
/Library/Frameworks/Python.framework/Versions/3.12/lib/python3.12/site-packages/urllib3/connectionpool.py:493: in _make_request
    conn.request(
/Library/Frameworks/Python.framework/Versions/3.12/lib/python3.12/site-packages/urllib3/connection.py:445: in request
    self.endheaders()
/Library/Frameworks/Python.framework/Versions/3.12/lib/python3.12/http/client.py:1331: in endheaders
    self._send_output(message_body, encode_chunked=encode_chunked)
/Library/Frameworks/Python.framework/Versions/3.12/lib/python3.12/http/client.py:1091: in _send_output
    self.send(msg)
/Library/Frameworks/Python.framework/Versions/3.12/lib/python3.12/http/client.py:1035: in send
    self.connect()
/Library/Frameworks/Python.framework/Versions/3.12/lib/python3.12/site-packages/urllib3/connection.py:276: in connect
    self.sock = self._new_conn()
/Library/Frameworks/Python.framework/Versions/3.12/lib/python3.12/site-packages/urllib3/connection.py:213: in _new_conn
    raise NewConnectionError(
E   urllib3.exceptions.NewConnectionError: <urllib3.connection.HTTPConnection object at 0x1474ce0c0>: Failed to establish a new connection: [Errno 61] Connection refused

The above exception was the direct cause of the following exception:
/Library/Frameworks/Python.framework/Versions/3.12/lib/python3.12/site-packages/requests/adapters.py:486: in send
    resp = conn.urlopen(
/Library/Frameworks/Python.framework/Versions/3.12/lib/python3.12/site-packages/urllib3/connectionpool.py:841: in urlopen
    retries = retries.increment(
/Library/Frameworks/Python.framework/Versions/3.12/lib/python3.12/site-packages/urllib3/util/retry.py:519: in increment
    raise MaxRetryError(_pool, url, reason) from reason  # type: ignore[arg-type]
E   urllib3.exceptions.MaxRetryError: HTTPConnectionPool(host='localhost', port=8000): Max retries exceeded with url: /auth.md (Caused by NewConnectionError('<urllib3.connection.HTTPConnection object at 0x1474ce0c0>: Failed to establish a new connection: [Errno 61] Connection refused'))

During handling of the above exception, another exception occurred:
tests/test_auth.py:34: in test_auth_instructions_endpoint
    response = requests.get(f"{api_base}/auth.md")
/Library/Frameworks/Python.framework/Versions/3.12/lib/python3.12/site-packages/requests/api.py:73: in get
    return request("get", url, params=params, **kwargs)
/Library/Frameworks/Python.framework/Versions/3.12/lib/python3.12/site-packages/requests/api.py:59: in request
    return session.request(method=method, url=url, **kwargs)
/Library/Frameworks/Python.framework/Versions/3.12/lib/python3.12/site-packages/requests/sessions.py:589: in request
    resp = self.send(prep, **send_kwargs)
/Library/Frameworks/Python.framework/Versions/3.12/lib/python3.12/site-packages/requests/sessions.py:703: in send
    r = adapter.send(request, **kwargs)
/Library/Frameworks/Python.framework/Versions/3.12/lib/python3.12/site-packages/requests/adapters.py:519: in send
    raise ConnectionError(e, request=request)
E   requests.exceptions.ConnectionError: HTTPConnectionPool(host='localhost', port=8000): Max retries exceeded with url: /auth.md (Caused by NewConnectionError('<urllib3.connection.HTTPConnection object at 0x1474ce0c0>: Failed to establish a new connection: [Errno 61] Connection refused'))
______________________ test_auth_moltbook_missing_header _______________________
/Library/Frameworks/Python.framework/Versions/3.12/lib/python3.12/site-packages/urllib3/connection.py:198: in _new_conn
    sock = connection.create_connection(
/Library/Frameworks/Python.framework/Versions/3.12/lib/python3.12/site-packages/urllib3/util/connection.py:85: in create_connection
    raise err
/Library/Frameworks/Python.framework/Versions/3.12/lib/python3.12/site-packages/urllib3/util/connection.py:73: in create_connection
    sock.connect(sa)
E   ConnectionRefusedError: [Errno 61] Connection refused

The above exception was the direct cause of the following exception:
/Library/Frameworks/Python.framework/Versions/3.12/lib/python3.12/site-packages/urllib3/connectionpool.py:787: in urlopen
    response = self._make_request(
/Library/Frameworks/Python.framework/Versions/3.12/lib/python3.12/site-packages/urllib3/connectionpool.py:493: in _make_request
    conn.request(
/Library/Frameworks/Python.framework/Versions/3.12/lib/python3.12/site-packages/urllib3/connection.py:445: in request
    self.endheaders()
/Library/Frameworks/Python.framework/Versions/3.12/lib/python3.12/http/client.py:1331: in endheaders
    self._send_output(message_body, encode_chunked=encode_chunked)
/Library/Frameworks/Python.framework/Versions/3.12/lib/python3.12/http/client.py:1091: in _send_output
    self.send(msg)
/Library/Frameworks/Python.framework/Versions/3.12/lib/python3.12/http/client.py:1035: in send
    self.connect()
/Library/Frameworks/Python.framework/Versions/3.12/lib/python3.12/site-packages/urllib3/connection.py:276: in connect
    self.sock = self._new_conn()
/Library/Frameworks/Python.framework/Versions/3.12/lib/python3.12/site-packages/urllib3/connection.py:213: in _new_conn
    raise NewConnectionError(
E   urllib3.exceptions.NewConnectionError: <urllib3.connection.HTTPConnection object at 0x147586a50>: Failed to establish a new connection: [Errno 61] Connection refused

The above exception was the direct cause of the following exception:
/Library/Frameworks/Python.framework/Versions/3.12/lib/python3.12/site-packages/requests/adapters.py:486: in send
    resp = conn.urlopen(
/Library/Frameworks/Python.framework/Versions/3.12/lib/python3.12/site-packages/urllib3/connectionpool.py:841: in urlopen
    retries = retries.increment(
/Library/Frameworks/Python.framework/Versions/3.12/lib/python3.12/site-packages/urllib3/util/retry.py:519: in increment
    raise MaxRetryError(_pool, url, reason) from reason  # type: ignore[arg-type]
E   urllib3.exceptions.MaxRetryError: HTTPConnectionPool(host='localhost', port=8000): Max retries exceeded with url: /auth/moltbook (Caused by NewConnectionError('<urllib3.connection.HTTPConnection object at 0x147586a50>: Failed to establish a new connection: [Errno 61] Connection refused'))

During handling of the above exception, another exception occurred:
tests/test_auth.py:66: in test_auth_moltbook_missing_header
    response = requests.post(f"{api_base}/auth/moltbook")
/Library/Frameworks/Python.framework/Versions/3.12/lib/python3.12/site-packages/requests/api.py:115: in post
    return request("post", url, data=data, json=json, **kwargs)
/Library/Frameworks/Python.framework/Versions/3.12/lib/python3.12/site-packages/requests/api.py:59: in request
    return session.request(method=method, url=url, **kwargs)
/Library/Frameworks/Python.framework/Versions/3.12/lib/python3.12/site-packages/requests/sessions.py:589: in request
    resp = self.send(prep, **send_kwargs)
/Library/Frameworks/Python.framework/Versions/3.12/lib/python3.12/site-packages/requests/sessions.py:703: in send
    r = adapter.send(request, **kwargs)
/Library/Frameworks/Python.framework/Versions/3.12/lib/python3.12/site-packages/requests/adapters.py:519: in send
    raise ConnectionError(e, request=request)
E   requests.exceptions.ConnectionError: HTTPConnectionPool(host='localhost', port=8000): Max retries exceeded with url: /auth/moltbook (Caused by NewConnectionError('<urllib3.connection.HTTPConnection object at 0x147586a50>: Failed to establish a new connection: [Errno 61] Connection refused'))
________________________ test_auth_verify_missing_token ________________________
/Library/Frameworks/Python.framework/Versions/3.12/lib/python3.12/site-packages/urllib3/connection.py:198: in _new_conn
    sock = connection.create_connection(
/Library/Frameworks/Python.framework/Versions/3.12/lib/python3.12/site-packages/urllib3/util/connection.py:85: in create_connection
    raise err
/Library/Frameworks/Python.framework/Versions/3.12/lib/python3.12/site-packages/urllib3/util/connection.py:73: in create_connection
    sock.connect(sa)
E   ConnectionRefusedError: [Errno 61] Connection refused

The above exception was the direct cause of the following exception:
/Library/Frameworks/Python.framework/Versions/3.12/lib/python3.12/site-packages/urllib3/connectionpool.py:787: in urlopen
    response = self._make_request(
/Library/Frameworks/Python.framework/Versions/3.12/lib/python3.12/site-packages/urllib3/connectionpool.py:493: in _make_request
    conn.request(
/Library/Frameworks/Python.framework/Versions/3.12/lib/python3.12/site-packages/urllib3/connection.py:445: in request
    self.endheaders()
/Library/Frameworks/Python.framework/Versions/3.12/lib/python3.12/http/client.py:1331: in endheaders
    self._send_output(message_body, encode_chunked=encode_chunked)
/Library/Frameworks/Python.framework/Versions/3.12/lib/python3.12/http/client.py:1091: in _send_output
    self.send(msg)
/Library/Frameworks/Python.framework/Versions/3.12/lib/python3.12/http/client.py:1035: in send
    self.connect()
/Library/Frameworks/Python.framework/Versions/3.12/lib/python3.12/site-packages/urllib3/connection.py:276: in connect
    self.sock = self._new_conn()
/Library/Frameworks/Python.framework/Versions/3.12/lib/python3.12/site-packages/urllib3/connection.py:213: in _new_conn
    raise NewConnectionError(
E   urllib3.exceptions.NewConnectionError: <urllib3.connection.HTTPConnection object at 0x147586c90>: Failed to establish a new connection: [Errno 61] Connection refused

The above exception was the direct cause of the following exception:
/Library/Frameworks/Python.framework/Versions/3.12/lib/python3.12/site-packages/requests/adapters.py:486: in send
    resp = conn.urlopen(
/Library/Frameworks/Python.framework/Versions/3.12/lib/python3.12/site-packages/urllib3/connectionpool.py:841: in urlopen
    retries = retries.increment(
/Library/Frameworks/Python.framework/Versions/3.12/lib/python3.12/site-packages/urllib3/util/retry.py:519: in increment
    raise MaxRetryError(_pool, url, reason) from reason  # type: ignore[arg-type]
E   urllib3.exceptions.MaxRetryError: HTTPConnectionPool(host='localhost', port=8000): Max retries exceeded with url: /auth/verify (Caused by NewConnectionError('<urllib3.connection.HTTPConnection object at 0x147586c90>: Failed to establish a new connection: [Errno 61] Connection refused'))

During handling of the above exception, another exception occurred:
tests/test_auth.py:74: in test_auth_verify_missing_token
    response = requests.post(f"{api_base}/auth/verify", json={})
/Library/Frameworks/Python.framework/Versions/3.12/lib/python3.12/site-packages/requests/api.py:115: in post
    return request("post", url, data=data, json=json, **kwargs)
/Library/Frameworks/Python.framework/Versions/3.12/lib/python3.12/site-packages/requests/api.py:59: in request
    return session.request(method=method, url=url, **kwargs)
/Library/Frameworks/Python.framework/Versions/3.12/lib/python3.12/site-packages/requests/sessions.py:589: in request
    resp = self.send(prep, **send_kwargs)
/Library/Frameworks/Python.framework/Versions/3.12/lib/python3.12/site-packages/requests/sessions.py:703: in send
    r = adapter.send(request, **kwargs)
/Library/Frameworks/Python.framework/Versions/3.12/lib/python3.12/site-packages/requests/adapters.py:519: in send
    raise ConnectionError(e, request=request)
E   requests.exceptions.ConnectionError: HTTPConnectionPool(host='localhost', port=8000): Max retries exceeded with url: /auth/verify (Caused by NewConnectionError('<urllib3.connection.HTTPConnection object at 0x147586c90>: Failed to establish a new connection: [Errno 61] Connection refused'))
________________________ test_auth_verify_invalid_token ________________________
/Library/Frameworks/Python.framework/Versions/3.12/lib/python3.12/site-packages/urllib3/connection.py:198: in _new_conn
    sock = connection.create_connection(
/Library/Frameworks/Python.framework/Versions/3.12/lib/python3.12/site-packages/urllib3/util/connection.py:85: in create_connection
    raise err
/Library/Frameworks/Python.framework/Versions/3.12/lib/python3.12/site-packages/urllib3/util/connection.py:73: in create_connection
    sock.connect(sa)
E   ConnectionRefusedError: [Errno 61] Connection refused

The above exception was the direct cause of the following exception:
/Library/Frameworks/Python.framework/Versions/3.12/lib/python3.12/site-packages/urllib3/connectionpool.py:787: in urlopen
    response = self._make_request(
/Library/Frameworks/Python.framework/Versions/3.12/lib/python3.12/site-packages/urllib3/connectionpool.py:493: in _make_request
    conn.request(
/Library/Frameworks/Python.framework/Versions/3.12/lib/python3.12/site-packages/urllib3/connection.py:445: in request
    self.endheaders()
/Library/Frameworks/Python.framework/Versions/3.12/lib/python3.12/http/client.py:1331: in endheaders
    self._send_output(message_body, encode_chunked=encode_chunked)
/Library/Frameworks/Python.framework/Versions/3.12/lib/python3.12/http/client.py:1091: in _send_output
    self.send(msg)
/Library/Frameworks/Python.framework/Versions/3.12/lib/python3.12/http/client.py:1035: in send
    self.connect()
/Library/Frameworks/Python.framework/Versions/3.12/lib/python3.12/site-packages/urllib3/connection.py:276: in connect
    self.sock = self._new_conn()
/Library/Frameworks/Python.framework/Versions/3.12/lib/python3.12/site-packages/urllib3/connection.py:213: in _new_conn
    raise NewConnectionError(
E   urllib3.exceptions.NewConnectionError: <urllib3.connection.HTTPConnection object at 0x1477565a0>: Failed to establish a new connection: [Errno 61] Connection refused

The above exception was the direct cause of the following exception:
/Library/Frameworks/Python.framework/Versions/3.12/lib/python3.12/site-packages/requests/adapters.py:486: in send
    resp = conn.urlopen(
/Library/Frameworks/Python.framework/Versions/3.12/lib/python3.12/site-packages/urllib3/connectionpool.py:841: in urlopen
    retries = retries.increment(
/Library/Frameworks/Python.framework/Versions/3.12/lib/python3.12/site-packages/urllib3/util/retry.py:519: in increment
    raise MaxRetryError(_pool, url, reason) from reason  # type: ignore[arg-type]
E   urllib3.exceptions.MaxRetryError: HTTPConnectionPool(host='localhost', port=8000): Max retries exceeded with url: /auth/verify (Caused by NewConnectionError('<urllib3.connection.HTTPConnection object at 0x1477565a0>: Failed to establish a new connection: [Errno 61] Connection refused'))

During handling of the above exception, another exception occurred:
tests/test_auth.py:82: in test_auth_verify_invalid_token
    response = requests.post(
/Library/Frameworks/Python.framework/Versions/3.12/lib/python3.12/site-packages/requests/api.py:115: in post
    return request("post", url, data=data, json=json, **kwargs)
/Library/Frameworks/Python.framework/Versions/3.12/lib/python3.12/site-packages/requests/api.py:59: in request
    return session.request(method=method, url=url, **kwargs)
/Library/Frameworks/Python.framework/Versions/3.12/lib/python3.12/site-packages/requests/sessions.py:589: in request
    resp = self.send(prep, **send_kwargs)
/Library/Frameworks/Python.framework/Versions/3.12/lib/python3.12/site-packages/requests/sessions.py:703: in send
    r = adapter.send(request, **kwargs)
/Library/Frameworks/Python.framework/Versions/3.12/lib/python3.12/site-packages/requests/adapters.py:519: in send
    raise ConnectionError(e, request=request)
E   requests.exceptions.ConnectionError: HTTPConnectionPool(host='localhost', port=8000): Max retries exceeded with url: /auth/verify (Caused by NewConnectionError('<urllib3.connection.HTTPConnection object at 0x1477565a0>: Failed to establish a new connection: [Errno 61] Connection refused'))
_________________________ test_agents_me_without_auth __________________________
/Library/Frameworks/Python.framework/Versions/3.12/lib/python3.12/site-packages/urllib3/connection.py:198: in _new_conn
    sock = connection.create_connection(
/Library/Frameworks/Python.framework/Versions/3.12/lib/python3.12/site-packages/urllib3/util/connection.py:85: in create_connection
    raise err
/Library/Frameworks/Python.framework/Versions/3.12/lib/python3.12/site-packages/urllib3/util/connection.py:73: in create_connection
    sock.connect(sa)
E   ConnectionRefusedError: [Errno 61] Connection refused

The above exception was the direct cause of the following exception:
/Library/Frameworks/Python.framework/Versions/3.12/lib/python3.12/site-packages/urllib3/connectionpool.py:787: in urlopen
    response = self._make_request(
/Library/Frameworks/Python.framework/Versions/3.12/lib/python3.12/site-packages/urllib3/connectionpool.py:493: in _make_request
    conn.request(
/Library/Frameworks/Python.framework/Versions/3.12/lib/python3.12/site-packages/urllib3/connection.py:445: in request
    self.endheaders()
/Library/Frameworks/Python.framework/Versions/3.12/lib/python3.12/http/client.py:1331: in endheaders
    self._send_output(message_body, encode_chunked=encode_chunked)
/Library/Frameworks/Python.framework/Versions/3.12/lib/python3.12/http/client.py:1091: in _send_output
    self.send(msg)
/Library/Frameworks/Python.framework/Versions/3.12/lib/python3.12/http/client.py:1035: in send
    self.connect()
/Library/Frameworks/Python.framework/Versions/3.12/lib/python3.12/site-packages/urllib3/connection.py:276: in connect
    self.sock = self._new_conn()
/Library/Frameworks/Python.framework/Versions/3.12/lib/python3.12/site-packages/urllib3/connection.py:213: in _new_conn
    raise NewConnectionError(
E   urllib3.exceptions.NewConnectionError: <urllib3.connection.HTTPConnection object at 0x147757050>: Failed to establish a new connection: [Errno 61] Connection refused

The above exception was the direct cause of the following exception:
/Library/Frameworks/Python.framework/Versions/3.12/lib/python3.12/site-packages/requests/adapters.py:486: in send
    resp = conn.urlopen(
/Library/Frameworks/Python.framework/Versions/3.12/lib/python3.12/site-packages/urllib3/connectionpool.py:841: in urlopen
    retries = retries.increment(
/Library/Frameworks/Python.framework/Versions/3.12/lib/python3.12/site-packages/urllib3/util/retry.py:519: in increment
    raise MaxRetryError(_pool, url, reason) from reason  # type: ignore[arg-type]
E   urllib3.exceptions.MaxRetryError: HTTPConnectionPool(host='localhost', port=8000): Max retries exceeded with url: /agents/me (Caused by NewConnectionError('<urllib3.connection.HTTPConnection object at 0x147757050>: Failed to establish a new connection: [Errno 61] Connection refused'))

During handling of the above exception, another exception occurred:
tests/test_auth.py:96: in test_agents_me_without_auth
    response = requests.get(f"{api_base}/agents/me")
/Library/Frameworks/Python.framework/Versions/3.12/lib/python3.12/site-packages/requests/api.py:73: in get
    return request("get", url, params=params, **kwargs)
/Library/Frameworks/Python.framework/Versions/3.12/lib/python3.12/site-packages/requests/api.py:59: in request
    return session.request(method=method, url=url, **kwargs)
/Library/Frameworks/Python.framework/Versions/3.12/lib/python3.12/site-packages/requests/sessions.py:589: in request
    resp = self.send(prep, **send_kwargs)
/Library/Frameworks/Python.framework/Versions/3.12/lib/python3.12/site-packages/requests/sessions.py:703: in send
    r = adapter.send(request, **kwargs)
/Library/Frameworks/Python.framework/Versions/3.12/lib/python3.12/site-packages/requests/adapters.py:519: in send
    raise ConnectionError(e, request=request)
E   requests.exceptions.ConnectionError: HTTPConnectionPool(host='localhost', port=8000): Max retries exceeded with url: /agents/me (Caused by NewConnectionError('<urllib3.connection.HTTPConnection object at 0x147757050>: Failed to establish a new connection: [Errno 61] Connection refused'))
______________________ test_agents_me_with_invalid_token _______________________
/Library/Frameworks/Python.framework/Versions/3.12/lib/python3.12/site-packages/urllib3/connection.py:198: in _new_conn
    sock = connection.create_connection(
/Library/Frameworks/Python.framework/Versions/3.12/lib/python3.12/site-packages/urllib3/util/connection.py:85: in create_connection
    raise err
/Library/Frameworks/Python.framework/Versions/3.12/lib/python3.12/site-packages/urllib3/util/connection.py:73: in create_connection
    sock.connect(sa)
E   ConnectionRefusedError: [Errno 61] Connection refused

The above exception was the direct cause of the following exception:
/Library/Frameworks/Python.framework/Versions/3.12/lib/python3.12/site-packages/urllib3/connectionpool.py:787: in urlopen
    response = self._make_request(
/Library/Frameworks/Python.framework/Versions/3.12/lib/python3.12/site-packages/urllib3/connectionpool.py:493: in _make_request
    conn.request(
/Library/Frameworks/Python.framework/Versions/3.12/lib/python3.12/site-packages/urllib3/connection.py:445: in request
    self.endheaders()
/Library/Frameworks/Python.framework/Versions/3.12/lib/python3.12/http/client.py:1331: in endheaders
    self._send_output(message_body, encode_chunked=encode_chunked)
/Library/Frameworks/Python.framework/Versions/3.12/lib/python3.12/http/client.py:1091: in _send_output
    self.send(msg)
/Library/Frameworks/Python.framework/Versions/3.12/lib/python3.12/http/client.py:1035: in send
    self.connect()
/Library/Frameworks/Python.framework/Versions/3.12/lib/python3.12/site-packages/urllib3/connection.py:276: in connect
    self.sock = self._new_conn()
/Library/Frameworks/Python.framework/Versions/3.12/lib/python3.12/site-packages/urllib3/connection.py:213: in _new_conn
    raise NewConnectionError(
E   urllib3.exceptions.NewConnectionError: <urllib3.connection.HTTPConnection object at 0x14762c2c0>: Failed to establish a new connection: [Errno 61] Connection refused

The above exception was the direct cause of the following exception:
/Library/Frameworks/Python.framework/Versions/3.12/lib/python3.12/site-packages/requests/adapters.py:486: in send
    resp = conn.urlopen(
/Library/Frameworks/Python.framework/Versions/3.12/lib/python3.12/site-packages/urllib3/connectionpool.py:841: in urlopen
    retries = retries.increment(
/Library/Frameworks/Python.framework/Versions/3.12/lib/python3.12/site-packages/urllib3/util/retry.py:519: in increment
    raise MaxRetryError(_pool, url, reason) from reason  # type: ignore[arg-type]
E   urllib3.exceptions.MaxRetryError: HTTPConnectionPool(host='localhost', port=8000): Max retries exceeded with url: /agents/me (Caused by NewConnectionError('<urllib3.connection.HTTPConnection object at 0x14762c2c0>: Failed to establish a new connection: [Errno 61] Connection refused'))

During handling of the above exception, another exception occurred:
tests/test_auth.py:103: in test_agents_me_with_invalid_token
    response = requests.get(
/Library/Frameworks/Python.framework/Versions/3.12/lib/python3.12/site-packages/requests/api.py:73: in get
    return request("get", url, params=params, **kwargs)
/Library/Frameworks/Python.framework/Versions/3.12/lib/python3.12/site-packages/requests/api.py:59: in request
    return session.request(method=method, url=url, **kwargs)
/Library/Frameworks/Python.framework/Versions/3.12/lib/python3.12/site-packages/requests/sessions.py:589: in request
    resp = self.send(prep, **send_kwargs)
/Library/Frameworks/Python.framework/Versions/3.12/lib/python3.12/site-packages/requests/sessions.py:703: in send
    r = adapter.send(request, **kwargs)
/Library/Frameworks/Python.framework/Versions/3.12/lib/python3.12/site-packages/requests/adapters.py:519: in send
    raise ConnectionError(e, request=request)
E   requests.exceptions.ConnectionError: HTTPConnectionPool(host='localhost', port=8000): Max retries exceeded with url: /agents/me (Caused by NewConnectionError('<urllib3.connection.HTTPConnection object at 0x14762c2c0>: Failed to establish a new connection: [Errno 61] Connection refused'))
_______________________ test_agent_context_without_auth ________________________
/Library/Frameworks/Python.framework/Versions/3.12/lib/python3.12/site-packages/urllib3/connection.py:198: in _new_conn
    sock = connection.create_connection(
/Library/Frameworks/Python.framework/Versions/3.12/lib/python3.12/site-packages/urllib3/util/connection.py:85: in create_connection
    raise err
/Library/Frameworks/Python.framework/Versions/3.12/lib/python3.12/site-packages/urllib3/util/connection.py:73: in create_connection
    sock.connect(sa)
E   ConnectionRefusedError: [Errno 61] Connection refused

The above exception was the direct cause of the following exception:
/Library/Frameworks/Python.framework/Versions/3.12/lib/python3.12/site-packages/urllib3/connectionpool.py:787: in urlopen
    response = self._make_request(
/Library/Frameworks/Python.framework/Versions/3.12/lib/python3.12/site-packages/urllib3/connectionpool.py:493: in _make_request
    conn.request(
/Library/Frameworks/Python.framework/Versions/3.12/lib/python3.12/site-packages/urllib3/connection.py:445: in request
    self.endheaders()
/Library/Frameworks/Python.framework/Versions/3.12/lib/python3.12/http/client.py:1331: in endheaders
    self._send_output(message_body, encode_chunked=encode_chunked)
/Library/Frameworks/Python.framework/Versions/3.12/lib/python3.12/http/client.py:1091: in _send_output
    self.send(msg)
/Library/Frameworks/Python.framework/Versions/3.12/lib/python3.12/http/client.py:1035: in send
    self.connect()
/Library/Frameworks/Python.framework/Versions/3.12/lib/python3.12/site-packages/urllib3/connection.py:276: in connect
    self.sock = self._new_conn()
/Library/Frameworks/Python.framework/Versions/3.12/lib/python3.12/site-packages/urllib3/connection.py:213: in _new_conn
    raise NewConnectionError(
E   urllib3.exceptions.NewConnectionError: <urllib3.connection.HTTPConnection object at 0x14762dd60>: Failed to establish a new connection: [Errno 61] Connection refused

The above exception was the direct cause of the following exception:
/Library/Frameworks/Python.framework/Versions/3.12/lib/python3.12/site-packages/requests/adapters.py:486: in send
    resp = conn.urlopen(
/Library/Frameworks/Python.framework/Versions/3.12/lib/python3.12/site-packages/urllib3/connectionpool.py:841: in urlopen
    retries = retries.increment(
/Library/Frameworks/Python.framework/Versions/3.12/lib/python3.12/site-packages/urllib3/util/retry.py:519: in increment
    raise MaxRetryError(_pool, url, reason) from reason  # type: ignore[arg-type]
E   urllib3.exceptions.MaxRetryError: HTTPConnectionPool(host='localhost', port=8000): Max retries exceeded with url: /agent/context?workspace_id=00000000-0000-0000-0000-000000000000 (Caused by NewConnectionError('<urllib3.connection.HTTPConnection object at 0x14762dd60>: Failed to establish a new connection: [Errno 61] Connection refused'))

During handling of the above exception, another exception occurred:
tests/test_auth.py:115: in test_agent_context_without_auth
    response = requests.get(
/Library/Frameworks/Python.framework/Versions/3.12/lib/python3.12/site-packages/requests/api.py:73: in get
    return request("get", url, params=params, **kwargs)
/Library/Frameworks/Python.framework/Versions/3.12/lib/python3.12/site-packages/requests/api.py:59: in request
    return session.request(method=method, url=url, **kwargs)
/Library/Frameworks/Python.framework/Versions/3.12/lib/python3.12/site-packages/requests/sessions.py:589: in request
    resp = self.send(prep, **send_kwargs)
/Library/Frameworks/Python.framework/Versions/3.12/lib/python3.12/site-packages/requests/sessions.py:703: in send
    r = adapter.send(request, **kwargs)
/Library/Frameworks/Python.framework/Versions/3.12/lib/python3.12/site-packages/requests/adapters.py:519: in send
    raise ConnectionError(e, request=request)
E   requests.exceptions.ConnectionError: HTTPConnectionPool(host='localhost', port=8000): Max retries exceeded with url: /agent/context?workspace_id=00000000-0000-0000-0000-000000000000 (Caused by NewConnectionError('<urllib3.connection.HTTPConnection object at 0x14762dd60>: Failed to establish a new connection: [Errno 61] Connection refused'))
____________________ test_agent_context_with_invalid_token _____________________
/Library/Frameworks/Python.framework/Versions/3.12/lib/python3.12/site-packages/urllib3/connection.py:198: in _new_conn
    sock = connection.create_connection(
/Library/Frameworks/Python.framework/Versions/3.12/lib/python3.12/site-packages/urllib3/util/connection.py:85: in create_connection
    raise err
/Library/Frameworks/Python.framework/Versions/3.12/lib/python3.12/site-packages/urllib3/util/connection.py:73: in create_connection
    sock.connect(sa)
E   ConnectionRefusedError: [Errno 61] Connection refused

The above exception was the direct cause of the following exception:
/Library/Frameworks/Python.framework/Versions/3.12/lib/python3.12/site-packages/urllib3/connectionpool.py:787: in urlopen
    response = self._make_request(
/Library/Frameworks/Python.framework/Versions/3.12/lib/python3.12/site-packages/urllib3/connectionpool.py:493: in _make_request
    conn.request(
/Library/Frameworks/Python.framework/Versions/3.12/lib/python3.12/site-packages/urllib3/connection.py:445: in request
    self.endheaders()
/Library/Frameworks/Python.framework/Versions/3.12/lib/python3.12/http/client.py:1331: in endheaders
    self._send_output(message_body, encode_chunked=encode_chunked)
/Library/Frameworks/Python.framework/Versions/3.12/lib/python3.12/http/client.py:1091: in _send_output
    self.send(msg)
/Library/Frameworks/Python.framework/Versions/3.12/lib/python3.12/http/client.py:1035: in send
    self.connect()
/Library/Frameworks/Python.framework/Versions/3.12/lib/python3.12/site-packages/urllib3/connection.py:276: in connect
    self.sock = self._new_conn()
/Library/Frameworks/Python.framework/Versions/3.12/lib/python3.12/site-packages/urllib3/connection.py:213: in _new_conn
    raise NewConnectionError(
E   urllib3.exceptions.NewConnectionError: <urllib3.connection.HTTPConnection object at 0x14769c4a0>: Failed to establish a new connection: [Errno 61] Connection refused

The above exception was the direct cause of the following exception:
/Library/Frameworks/Python.framework/Versions/3.12/lib/python3.12/site-packages/requests/adapters.py:486: in send
    resp = conn.urlopen(
/Library/Frameworks/Python.framework/Versions/3.12/lib/python3.12/site-packages/urllib3/connectionpool.py:841: in urlopen
    retries = retries.increment(
/Library/Frameworks/Python.framework/Versions/3.12/lib/python3.12/site-packages/urllib3/util/retry.py:519: in increment
    raise MaxRetryError(_pool, url, reason) from reason  # type: ignore[arg-type]
E   urllib3.exceptions.MaxRetryError: HTTPConnectionPool(host='localhost', port=8000): Max retries exceeded with url: /agent/context?workspace_id=00000000-0000-0000-0000-000000000000 (Caused by NewConnectionError('<urllib3.connection.HTTPConnection object at 0x14769c4a0>: Failed to establish a new connection: [Errno 61] Connection refused'))

During handling of the above exception, another exception occurred:
tests/test_auth.py:125: in test_agent_context_with_invalid_token
    response = requests.get(
/Library/Frameworks/Python.framework/Versions/3.12/lib/python3.12/site-packages/requests/api.py:73: in get
    return request("get", url, params=params, **kwargs)
/Library/Frameworks/Python.framework/Versions/3.12/lib/python3.12/site-packages/requests/api.py:59: in request
    return session.request(method=method, url=url, **kwargs)
/Library/Frameworks/Python.framework/Versions/3.12/lib/python3.12/site-packages/requests/sessions.py:589: in request
    resp = self.send(prep, **send_kwargs)
/Library/Frameworks/Python.framework/Versions/3.12/lib/python3.12/site-packages/requests/sessions.py:703: in send
    r = adapter.send(request, **kwargs)
/Library/Frameworks/Python.framework/Versions/3.12/lib/python3.12/site-packages/requests/adapters.py:519: in send
    raise ConnectionError(e, request=request)
E   requests.exceptions.ConnectionError: HTTPConnectionPool(host='localhost', port=8000): Max retries exceeded with url: /agent/context?workspace_id=00000000-0000-0000-0000-000000000000 (Caused by NewConnectionError('<urllib3.connection.HTTPConnection object at 0x14769c4a0>: Failed to establish a new connection: [Errno 61] Connection refused'))
___________________ test_root_endpoint_returns_service_info ____________________
/Library/Frameworks/Python.framework/Versions/3.12/lib/python3.12/site-packages/urllib3/connection.py:198: in _new_conn
    sock = connection.create_connection(
/Library/Frameworks/Python.framework/Versions/3.12/lib/python3.12/site-packages/urllib3/util/connection.py:85: in create_connection
    raise err
/Library/Frameworks/Python.framework/Versions/3.12/lib/python3.12/site-packages/urllib3/util/connection.py:73: in create_connection
    sock.connect(sa)
E   ConnectionRefusedError: [Errno 61] Connection refused

The above exception was the direct cause of the following exception:
/Library/Frameworks/Python.framework/Versions/3.12/lib/python3.12/site-packages/urllib3/connectionpool.py:787: in urlopen
    response = self._make_request(
/Library/Frameworks/Python.framework/Versions/3.12/lib/python3.12/site-packages/urllib3/connectionpool.py:493: in _make_request
    conn.request(
/Library/Frameworks/Python.framework/Versions/3.12/lib/python3.12/site-packages/urllib3/connection.py:445: in request
    self.endheaders()
/Library/Frameworks/Python.framework/Versions/3.12/lib/python3.12/http/client.py:1331: in endheaders
    self._send_output(message_body, encode_chunked=encode_chunked)
/Library/Frameworks/Python.framework/Versions/3.12/lib/python3.12/http/client.py:1091: in _send_output
    self.send(msg)
/Library/Frameworks/Python.framework/Versions/3.12/lib/python3.12/http/client.py:1035: in send
    self.connect()
/Library/Frameworks/Python.framework/Versions/3.12/lib/python3.12/site-packages/urllib3/connection.py:276: in connect
    self.sock = self._new_conn()
/Library/Frameworks/Python.framework/Versions/3.12/lib/python3.12/site-packages/urllib3/connection.py:213: in _new_conn
    raise NewConnectionError(
E   urllib3.exceptions.NewConnectionError: <urllib3.connection.HTTPConnection object at 0x1475cebd0>: Failed to establish a new connection: [Errno 61] Connection refused

The above exception was the direct cause of the following exception:
/Library/Frameworks/Python.framework/Versions/3.12/lib/python3.12/site-packages/requests/adapters.py:486: in send
    resp = conn.urlopen(
/Library/Frameworks/Python.framework/Versions/3.12/lib/python3.12/site-packages/urllib3/connectionpool.py:841: in urlopen
    retries = retries.increment(
/Library/Frameworks/Python.framework/Versions/3.12/lib/python3.12/site-packages/urllib3/util/retry.py:519: in increment
    raise MaxRetryError(_pool, url, reason) from reason  # type: ignore[arg-type]
E   urllib3.exceptions.MaxRetryError: HTTPConnectionPool(host='localhost', port=3001): Max retries exceeded with url: / (Caused by NewConnectionError('<urllib3.connection.HTTPConnection object at 0x1475cebd0>: Failed to establish a new connection: [Errno 61] Connection refused'))

During handling of the above exception, another exception occurred:
tests/test_moltbook_adapter.py:15: in test_root_endpoint_returns_service_info
    response = requests.get(f"{moltbook_adapter_url}/")
/Library/Frameworks/Python.framework/Versions/3.12/lib/python3.12/site-packages/requests/api.py:73: in get
    return request("get", url, params=params, **kwargs)
/Library/Frameworks/Python.framework/Versions/3.12/lib/python3.12/site-packages/requests/api.py:59: in request
    return session.request(method=method, url=url, **kwargs)
/Library/Frameworks/Python.framework/Versions/3.12/lib/python3.12/site-packages/requests/sessions.py:589: in request
    resp = self.send(prep, **send_kwargs)
/Library/Frameworks/Python.framework/Versions/3.12/lib/python3.12/site-packages/requests/sessions.py:703: in send
    r = adapter.send(request, **kwargs)
/Library/Frameworks/Python.framework/Versions/3.12/lib/python3.12/site-packages/requests/adapters.py:519: in send
    raise ConnectionError(e, request=request)
E   requests.exceptions.ConnectionError: HTTPConnectionPool(host='localhost', port=3001): Max retries exceeded with url: / (Caused by NewConnectionError('<urllib3.connection.HTTPConnection object at 0x1475cebd0>: Failed to establish a new connection: [Errno 61] Connection refused'))
_____________________________ test_health_endpoint _____________________________
/Library/Frameworks/Python.framework/Versions/3.12/lib/python3.12/site-packages/urllib3/connection.py:198: in _new_conn
    sock = connection.create_connection(
/Library/Frameworks/Python.framework/Versions/3.12/lib/python3.12/site-packages/urllib3/util/connection.py:85: in create_connection
    raise err
/Library/Frameworks/Python.framework/Versions/3.12/lib/python3.12/site-packages/urllib3/util/connection.py:73: in create_connection
    sock.connect(sa)
E   ConnectionRefusedError: [Errno 61] Connection refused

The above exception was the direct cause of the following exception:
/Library/Frameworks/Python.framework/Versions/3.12/lib/python3.12/site-packages/urllib3/connectionpool.py:787: in urlopen
    response = self._make_request(
/Library/Frameworks/Python.framework/Versions/3.12/lib/python3.12/site-packages/urllib3/connectionpool.py:493: in _make_request
    conn.request(
/Library/Frameworks/Python.framework/Versions/3.12/lib/python3.12/site-packages/urllib3/connection.py:445: in request
    self.endheaders()
/Library/Frameworks/Python.framework/Versions/3.12/lib/python3.12/http/client.py:1331: in endheaders
    self._send_output(message_body, encode_chunked=encode_chunked)
/Library/Frameworks/Python.framework/Versions/3.12/lib/python3.12/http/client.py:1091: in _send_output
    self.send(msg)
/Library/Frameworks/Python.framework/Versions/3.12/lib/python3.12/http/client.py:1035: in send
    self.connect()
/Library/Frameworks/Python.framework/Versions/3.12/lib/python3.12/site-packages/urllib3/connection.py:276: in connect
    self.sock = self._new_conn()
/Library/Frameworks/Python.framework/Versions/3.12/lib/python3.12/site-packages/urllib3/connection.py:213: in _new_conn
    raise NewConnectionError(
E   urllib3.exceptions.NewConnectionError: <urllib3.connection.HTTPConnection object at 0x1474e9e50>: Failed to establish a new connection: [Errno 61] Connection refused

The above exception was the direct cause of the following exception:
/Library/Frameworks/Python.framework/Versions/3.12/lib/python3.12/site-packages/requests/adapters.py:486: in send
    resp = conn.urlopen(
/Library/Frameworks/Python.framework/Versions/3.12/lib/python3.12/site-packages/urllib3/connectionpool.py:841: in urlopen
    retries = retries.increment(
/Library/Frameworks/Python.framework/Versions/3.12/lib/python3.12/site-packages/urllib3/util/retry.py:519: in increment
    raise MaxRetryError(_pool, url, reason) from reason  # type: ignore[arg-type]
E   urllib3.exceptions.MaxRetryError: HTTPConnectionPool(host='localhost', port=3001): Max retries exceeded with url: /health (Caused by NewConnectionError('<urllib3.connection.HTTPConnection object at 0x1474e9e50>: Failed to establish a new connection: [Errno 61] Connection refused'))

During handling of the above exception, another exception occurred:
tests/test_moltbook_adapter.py:26: in test_health_endpoint
    response = requests.get(f"{moltbook_adapter_url}/health")
/Library/Frameworks/Python.framework/Versions/3.12/lib/python3.12/site-packages/requests/api.py:73: in get
    return request("get", url, params=params, **kwargs)
/Library/Frameworks/Python.framework/Versions/3.12/lib/python3.12/site-packages/requests/api.py:59: in request
    return session.request(method=method, url=url, **kwargs)
/Library/Frameworks/Python.framework/Versions/3.12/lib/python3.12/site-packages/requests/sessions.py:589: in request
    resp = self.send(prep, **send_kwargs)
/Library/Frameworks/Python.framework/Versions/3.12/lib/python3.12/site-packages/requests/sessions.py:703: in send
    r = adapter.send(request, **kwargs)
/Library/Frameworks/Python.framework/Versions/3.12/lib/python3.12/site-packages/requests/adapters.py:519: in send
    raise ConnectionError(e, request=request)
E   requests.exceptions.ConnectionError: HTTPConnectionPool(host='localhost', port=3001): Max retries exceeded with url: /health (Caused by NewConnectionError('<urllib3.connection.HTTPConnection object at 0x1474e9e50>: Failed to establish a new connection: [Errno 61] Connection refused'))
______________________ test_verify_missing_identity_token ______________________
/Library/Frameworks/Python.framework/Versions/3.12/lib/python3.12/site-packages/urllib3/connection.py:198: in _new_conn
    sock = connection.create_connection(
/Library/Frameworks/Python.framework/Versions/3.12/lib/python3.12/site-packages/urllib3/util/connection.py:85: in create_connection
    raise err
/Library/Frameworks/Python.framework/Versions/3.12/lib/python3.12/site-packages/urllib3/util/connection.py:73: in create_connection
    sock.connect(sa)
E   ConnectionRefusedError: [Errno 61] Connection refused

The above exception was the direct cause of the following exception:
/Library/Frameworks/Python.framework/Versions/3.12/lib/python3.12/site-packages/urllib3/connectionpool.py:787: in urlopen
    response = self._make_request(
/Library/Frameworks/Python.framework/Versions/3.12/lib/python3.12/site-packages/urllib3/connectionpool.py:493: in _make_request
    conn.request(
/Library/Frameworks/Python.framework/Versions/3.12/lib/python3.12/site-packages/urllib3/connection.py:445: in request
    self.endheaders()
/Library/Frameworks/Python.framework/Versions/3.12/lib/python3.12/http/client.py:1331: in endheaders
    self._send_output(message_body, encode_chunked=encode_chunked)
/Library/Frameworks/Python.framework/Versions/3.12/lib/python3.12/http/client.py:1091: in _send_output
    self.send(msg)
/Library/Frameworks/Python.framework/Versions/3.12/lib/python3.12/http/client.py:1035: in send
    self.connect()
/Library/Frameworks/Python.framework/Versions/3.12/lib/python3.12/site-packages/urllib3/connection.py:276: in connect
    self.sock = self._new_conn()
/Library/Frameworks/Python.framework/Versions/3.12/lib/python3.12/site-packages/urllib3/connection.py:213: in _new_conn
    raise NewConnectionError(
E   urllib3.exceptions.NewConnectionError: <urllib3.connection.HTTPConnection object at 0x1474ce2d0>: Failed to establish a new connection: [Errno 61] Connection refused

The above exception was the direct cause of the following exception:
/Library/Frameworks/Python.framework/Versions/3.12/lib/python3.12/site-packages/requests/adapters.py:486: in send
    resp = conn.urlopen(
/Library/Frameworks/Python.framework/Versions/3.12/lib/python3.12/site-packages/urllib3/connectionpool.py:841: in urlopen
    retries = retries.increment(
/Library/Frameworks/Python.framework/Versions/3.12/lib/python3.12/site-packages/urllib3/util/retry.py:519: in increment
    raise MaxRetryError(_pool, url, reason) from reason  # type: ignore[arg-type]
E   urllib3.exceptions.MaxRetryError: HTTPConnectionPool(host='localhost', port=3001): Max retries exceeded with url: /verify (Caused by NewConnectionError('<urllib3.connection.HTTPConnection object at 0x1474ce2d0>: Failed to establish a new connection: [Errno 61] Connection refused'))

During handling of the above exception, another exception occurred:
tests/test_moltbook_adapter.py:38: in test_verify_missing_identity_token
    response = requests.post(f"{moltbook_adapter_url}/verify", json={})
/Library/Frameworks/Python.framework/Versions/3.12/lib/python3.12/site-packages/requests/api.py:115: in post
    return request("post", url, data=data, json=json, **kwargs)
/Library/Frameworks/Python.framework/Versions/3.12/lib/python3.12/site-packages/requests/api.py:59: in request
    return session.request(method=method, url=url, **kwargs)
/Library/Frameworks/Python.framework/Versions/3.12/lib/python3.12/site-packages/requests/sessions.py:589: in request
    resp = self.send(prep, **send_kwargs)
/Library/Frameworks/Python.framework/Versions/3.12/lib/python3.12/site-packages/requests/sessions.py:703: in send
    r = adapter.send(request, **kwargs)
/Library/Frameworks/Python.framework/Versions/3.12/lib/python3.12/site-packages/requests/adapters.py:519: in send
    raise ConnectionError(e, request=request)
E   requests.exceptions.ConnectionError: HTTPConnectionPool(host='localhost', port=3001): Max retries exceeded with url: /verify (Caused by NewConnectionError('<urllib3.connection.HTTPConnection object at 0x1474ce2d0>: Failed to establish a new connection: [Errno 61] Connection refused'))
________________________ test_verify_invalid_token_type ________________________
/Library/Frameworks/Python.framework/Versions/3.12/lib/python3.12/site-packages/urllib3/connection.py:198: in _new_conn
    sock = connection.create_connection(
/Library/Frameworks/Python.framework/Versions/3.12/lib/python3.12/site-packages/urllib3/util/connection.py:85: in create_connection
    raise err
/Library/Frameworks/Python.framework/Versions/3.12/lib/python3.12/site-packages/urllib3/util/connection.py:73: in create_connection
    sock.connect(sa)
E   ConnectionRefusedError: [Errno 61] Connection refused

The above exception was the direct cause of the following exception:
/Library/Frameworks/Python.framework/Versions/3.12/lib/python3.12/site-packages/urllib3/connectionpool.py:787: in urlopen
    response = self._make_request(
/Library/Frameworks/Python.framework/Versions/3.12/lib/python3.12/site-packages/urllib3/connectionpool.py:493: in _make_request
    conn.request(
/Library/Frameworks/Python.framework/Versions/3.12/lib/python3.12/site-packages/urllib3/connection.py:445: in request
    self.endheaders()
/Library/Frameworks/Python.framework/Versions/3.12/lib/python3.12/http/client.py:1331: in endheaders
    self._send_output(message_body, encode_chunked=encode_chunked)
/Library/Frameworks/Python.framework/Versions/3.12/lib/python3.12/http/client.py:1091: in _send_output
    self.send(msg)
/Library/Frameworks/Python.framework/Versions/3.12/lib/python3.12/http/client.py:1035: in send
    self.connect()
/Library/Frameworks/Python.framework/Versions/3.12/lib/python3.12/site-packages/urllib3/connection.py:276: in connect
    self.sock = self._new_conn()
/Library/Frameworks/Python.framework/Versions/3.12/lib/python3.12/site-packages/urllib3/connection.py:213: in _new_conn
    raise NewConnectionError(
E   urllib3.exceptions.NewConnectionError: <urllib3.connection.HTTPConnection object at 0x1476aa690>: Failed to establish a new connection: [Errno 61] Connection refused

The above exception was the direct cause of the following exception:
/Library/Frameworks/Python.framework/Versions/3.12/lib/python3.12/site-packages/requests/adapters.py:486: in send
    resp = conn.urlopen(
/Library/Frameworks/Python.framework/Versions/3.12/lib/python3.12/site-packages/urllib3/connectionpool.py:841: in urlopen
    retries = retries.increment(
/Library/Frameworks/Python.framework/Versions/3.12/lib/python3.12/site-packages/urllib3/util/retry.py:519: in increment
    raise MaxRetryError(_pool, url, reason) from reason  # type: ignore[arg-type]
E   urllib3.exceptions.MaxRetryError: HTTPConnectionPool(host='localhost', port=3001): Max retries exceeded with url: /verify (Caused by NewConnectionError('<urllib3.connection.HTTPConnection object at 0x1476aa690>: Failed to establish a new connection: [Errno 61] Connection refused'))

During handling of the above exception, another exception occurred:
tests/test_moltbook_adapter.py:48: in test_verify_invalid_token_type
    response = requests.post(
/Library/Frameworks/Python.framework/Versions/3.12/lib/python3.12/site-packages/requests/api.py:115: in post
    return request("post", url, data=data, json=json, **kwargs)
/Library/Frameworks/Python.framework/Versions/3.12/lib/python3.12/site-packages/requests/api.py:59: in request
    return session.request(method=method, url=url, **kwargs)
/Library/Frameworks/Python.framework/Versions/3.12/lib/python3.12/site-packages/requests/sessions.py:589: in request
    resp = self.send(prep, **send_kwargs)
/Library/Frameworks/Python.framework/Versions/3.12/lib/python3.12/site-packages/requests/sessions.py:703: in send
    r = adapter.send(request, **kwargs)
/Library/Frameworks/Python.framework/Versions/3.12/lib/python3.12/site-packages/requests/adapters.py:519: in send
    raise ConnectionError(e, request=request)
E   requests.exceptions.ConnectionError: HTTPConnectionPool(host='localhost', port=3001): Max retries exceeded with url: /verify (Caused by NewConnectionError('<urllib3.connection.HTTPConnection object at 0x1476aa690>: Failed to establish a new connection: [Errno 61] Connection refused'))
____________________ test_verify_invalid_token_returns_401 _____________________
/Library/Frameworks/Python.framework/Versions/3.12/lib/python3.12/site-packages/urllib3/connection.py:198: in _new_conn
    sock = connection.create_connection(
/Library/Frameworks/Python.framework/Versions/3.12/lib/python3.12/site-packages/urllib3/util/connection.py:85: in create_connection
    raise err
/Library/Frameworks/Python.framework/Versions/3.12/lib/python3.12/site-packages/urllib3/util/connection.py:73: in create_connection
    sock.connect(sa)
E   ConnectionRefusedError: [Errno 61] Connection refused

The above exception was the direct cause of the following exception:
/Library/Frameworks/Python.framework/Versions/3.12/lib/python3.12/site-packages/urllib3/connectionpool.py:787: in urlopen
    response = self._make_request(
/Library/Frameworks/Python.framework/Versions/3.12/lib/python3.12/site-packages/urllib3/connectionpool.py:493: in _make_request
    conn.request(
/Library/Frameworks/Python.framework/Versions/3.12/lib/python3.12/site-packages/urllib3/connection.py:445: in request
    self.endheaders()
/Library/Frameworks/Python.framework/Versions/3.12/lib/python3.12/http/client.py:1331: in endheaders
    self._send_output(message_body, encode_chunked=encode_chunked)
/Library/Frameworks/Python.framework/Versions/3.12/lib/python3.12/http/client.py:1091: in _send_output
    self.send(msg)
/Library/Frameworks/Python.framework/Versions/3.12/lib/python3.12/http/client.py:1035: in send
    self.connect()
/Library/Frameworks/Python.framework/Versions/3.12/lib/python3.12/site-packages/urllib3/connection.py:276: in connect
    self.sock = self._new_conn()
/Library/Frameworks/Python.framework/Versions/3.12/lib/python3.12/site-packages/urllib3/connection.py:213: in _new_conn
    raise NewConnectionError(
E   urllib3.exceptions.NewConnectionError: <urllib3.connection.HTTPConnection object at 0x1475e6c90>: Failed to establish a new connection: [Errno 61] Connection refused

The above exception was the direct cause of the following exception:
/Library/Frameworks/Python.framework/Versions/3.12/lib/python3.12/site-packages/requests/adapters.py:486: in send
    resp = conn.urlopen(
/Library/Frameworks/Python.framework/Versions/3.12/lib/python3.12/site-packages/urllib3/connectionpool.py:841: in urlopen
    retries = retries.increment(
/Library/Frameworks/Python.framework/Versions/3.12/lib/python3.12/site-packages/urllib3/util/retry.py:519: in increment
    raise MaxRetryError(_pool, url, reason) from reason  # type: ignore[arg-type]
E   urllib3.exceptions.MaxRetryError: HTTPConnectionPool(host='localhost', port=3001): Max retries exceeded with url: /verify (Caused by NewConnectionError('<urllib3.connection.HTTPConnection object at 0x1475e6c90>: Failed to establish a new connection: [Errno 61] Connection refused'))

During handling of the above exception, another exception occurred:
tests/test_moltbook_adapter.py:62: in test_verify_invalid_token_returns_401
    response = requests.post(
/Library/Frameworks/Python.framework/Versions/3.12/lib/python3.12/site-packages/requests/api.py:115: in post
    return request("post", url, data=data, json=json, **kwargs)
/Library/Frameworks/Python.framework/Versions/3.12/lib/python3.12/site-packages/requests/api.py:59: in request
    return session.request(method=method, url=url, **kwargs)
/Library/Frameworks/Python.framework/Versions/3.12/lib/python3.12/site-packages/requests/sessions.py:589: in request
    resp = self.send(prep, **send_kwargs)
/Library/Frameworks/Python.framework/Versions/3.12/lib/python3.12/site-packages/requests/sessions.py:703: in send
    r = adapter.send(request, **kwargs)
/Library/Frameworks/Python.framework/Versions/3.12/lib/python3.12/site-packages/requests/adapters.py:519: in send
    raise ConnectionError(e, request=request)
E   requests.exceptions.ConnectionError: HTTPConnectionPool(host='localhost', port=3001): Max retries exceeded with url: /verify (Caused by NewConnectionError('<urllib3.connection.HTTPConnection object at 0x1475e6c90>: Failed to establish a new connection: [Errno 61] Connection refused'))
________________________ test_404_for_unknown_endpoint _________________________
/Library/Frameworks/Python.framework/Versions/3.12/lib/python3.12/site-packages/urllib3/connection.py:198: in _new_conn
    sock = connection.create_connection(
/Library/Frameworks/Python.framework/Versions/3.12/lib/python3.12/site-packages/urllib3/util/connection.py:85: in create_connection
    raise err
/Library/Frameworks/Python.framework/Versions/3.12/lib/python3.12/site-packages/urllib3/util/connection.py:73: in create_connection
    sock.connect(sa)
E   ConnectionRefusedError: [Errno 61] Connection refused

The above exception was the direct cause of the following exception:
/Library/Frameworks/Python.framework/Versions/3.12/lib/python3.12/site-packages/urllib3/connectionpool.py:787: in urlopen
    response = self._make_request(
/Library/Frameworks/Python.framework/Versions/3.12/lib/python3.12/site-packages/urllib3/connectionpool.py:493: in _make_request
    conn.request(
/Library/Frameworks/Python.framework/Versions/3.12/lib/python3.12/site-packages/urllib3/connection.py:445: in request
    self.endheaders()
/Library/Frameworks/Python.framework/Versions/3.12/lib/python3.12/http/client.py:1331: in endheaders
    self._send_output(message_body, encode_chunked=encode_chunked)
/Library/Frameworks/Python.framework/Versions/3.12/lib/python3.12/http/client.py:1091: in _send_output
    self.send(msg)
/Library/Frameworks/Python.framework/Versions/3.12/lib/python3.12/http/client.py:1035: in send
    self.connect()
/Library/Frameworks/Python.framework/Versions/3.12/lib/python3.12/site-packages/urllib3/connection.py:276: in connect
    self.sock = self._new_conn()
/Library/Frameworks/Python.framework/Versions/3.12/lib/python3.12/site-packages/urllib3/connection.py:213: in _new_conn
    raise NewConnectionError(
E   urllib3.exceptions.NewConnectionError: <urllib3.connection.HTTPConnection object at 0x1476aa840>: Failed to establish a new connection: [Errno 61] Connection refused

The above exception was the direct cause of the following exception:
/Library/Frameworks/Python.framework/Versions/3.12/lib/python3.12/site-packages/requests/adapters.py:486: in send
    resp = conn.urlopen(
/Library/Frameworks/Python.framework/Versions/3.12/lib/python3.12/site-packages/urllib3/connectionpool.py:841: in urlopen
    retries = retries.increment(
/Library/Frameworks/Python.framework/Versions/3.12/lib/python3.12/site-packages/urllib3/util/retry.py:519: in increment
    raise MaxRetryError(_pool, url, reason) from reason  # type: ignore[arg-type]
E   urllib3.exceptions.MaxRetryError: HTTPConnectionPool(host='localhost', port=3001): Max retries exceeded with url: /unknown (Caused by NewConnectionError('<urllib3.connection.HTTPConnection object at 0x1476aa840>: Failed to establish a new connection: [Errno 61] Connection refused'))

During handling of the above exception, another exception occurred:
tests/test_moltbook_adapter.py:83: in test_404_for_unknown_endpoint
    response = requests.get(f"{moltbook_adapter_url}/unknown")
/Library/Frameworks/Python.framework/Versions/3.12/lib/python3.12/site-packages/requests/api.py:73: in get
    return request("get", url, params=params, **kwargs)
/Library/Frameworks/Python.framework/Versions/3.12/lib/python3.12/site-packages/requests/api.py:59: in request
    return session.request(method=method, url=url, **kwargs)
/Library/Frameworks/Python.framework/Versions/3.12/lib/python3.12/site-packages/requests/sessions.py:589: in request
    resp = self.send(prep, **send_kwargs)
/Library/Frameworks/Python.framework/Versions/3.12/lib/python3.12/site-packages/requests/sessions.py:703: in send
    r = adapter.send(request, **kwargs)
/Library/Frameworks/Python.framework/Versions/3.12/lib/python3.12/site-packages/requests/adapters.py:519: in send
    raise ConnectionError(e, request=request)
E   requests.exceptions.ConnectionError: HTTPConnectionPool(host='localhost', port=3001): Max retries exceeded with url: /unknown (Caused by NewConnectionError('<urllib3.connection.HTTPConnection object at 0x1476aa840>: Failed to establish a new connection: [Errno 61] Connection refused'))
___________________ test_health_check_includes_circuit_state ___________________
/Library/Frameworks/Python.framework/Versions/3.12/lib/python3.12/site-packages/urllib3/connection.py:198: in _new_conn
    sock = connection.create_connection(
/Library/Frameworks/Python.framework/Versions/3.12/lib/python3.12/site-packages/urllib3/util/connection.py:85: in create_connection
    raise err
/Library/Frameworks/Python.framework/Versions/3.12/lib/python3.12/site-packages/urllib3/util/connection.py:73: in create_connection
    sock.connect(sa)
E   ConnectionRefusedError: [Errno 61] Connection refused

The above exception was the direct cause of the following exception:
/Library/Frameworks/Python.framework/Versions/3.12/lib/python3.12/site-packages/urllib3/connectionpool.py:787: in urlopen
    response = self._make_request(
/Library/Frameworks/Python.framework/Versions/3.12/lib/python3.12/site-packages/urllib3/connectionpool.py:493: in _make_request
    conn.request(
/Library/Frameworks/Python.framework/Versions/3.12/lib/python3.12/site-packages/urllib3/connection.py:445: in request
    self.endheaders()
/Library/Frameworks/Python.framework/Versions/3.12/lib/python3.12/http/client.py:1331: in endheaders
    self._send_output(message_body, encode_chunked=encode_chunked)
/Library/Frameworks/Python.framework/Versions/3.12/lib/python3.12/http/client.py:1091: in _send_output
    self.send(msg)
/Library/Frameworks/Python.framework/Versions/3.12/lib/python3.12/http/client.py:1035: in send
    self.connect()
/Library/Frameworks/Python.framework/Versions/3.12/lib/python3.12/site-packages/urllib3/connection.py:276: in connect
    self.sock = self._new_conn()
/Library/Frameworks/Python.framework/Versions/3.12/lib/python3.12/site-packages/urllib3/connection.py:213: in _new_conn
    raise NewConnectionError(
E   urllib3.exceptions.NewConnectionError: <urllib3.connection.HTTPConnection object at 0x14755d9a0>: Failed to establish a new connection: [Errno 61] Connection refused

The above exception was the direct cause of the following exception:
/Library/Frameworks/Python.framework/Versions/3.12/lib/python3.12/site-packages/requests/adapters.py:486: in send
    resp = conn.urlopen(
/Library/Frameworks/Python.framework/Versions/3.12/lib/python3.12/site-packages/urllib3/connectionpool.py:841: in urlopen
    retries = retries.increment(
/Library/Frameworks/Python.framework/Versions/3.12/lib/python3.12/site-packages/urllib3/util/retry.py:519: in increment
    raise MaxRetryError(_pool, url, reason) from reason  # type: ignore[arg-type]
E   urllib3.exceptions.MaxRetryError: HTTPConnectionPool(host='localhost', port=3001): Max retries exceeded with url: /health (Caused by NewConnectionError('<urllib3.connection.HTTPConnection object at 0x14755d9a0>: Failed to establish a new connection: [Errno 61] Connection refused'))

During handling of the above exception, another exception occurred:
tests/test_moltbook_adapter.py:92: in test_health_check_includes_circuit_state
    response = requests.get(f"{moltbook_adapter_url}/health")
/Library/Frameworks/Python.framework/Versions/3.12/lib/python3.12/site-packages/requests/api.py:73: in get
    return request("get", url, params=params, **kwargs)
/Library/Frameworks/Python.framework/Versions/3.12/lib/python3.12/site-packages/requests/api.py:59: in request
    return session.request(method=method, url=url, **kwargs)
/Library/Frameworks/Python.framework/Versions/3.12/lib/python3.12/site-packages/requests/sessions.py:589: in request
    resp = self.send(prep, **send_kwargs)
/Library/Frameworks/Python.framework/Versions/3.12/lib/python3.12/site-packages/requests/sessions.py:703: in send
    r = adapter.send(request, **kwargs)
/Library/Frameworks/Python.framework/Versions/3.12/lib/python3.12/site-packages/requests/adapters.py:519: in send
    raise ConnectionError(e, request=request)
E   requests.exceptions.ConnectionError: HTTPConnectionPool(host='localhost', port=3001): Max retries exceeded with url: /health (Caused by NewConnectionError('<urllib3.connection.HTTPConnection object at 0x14755d9a0>: Failed to establish a new connection: [Errno 61] Connection refused'))
_____________________ TestRoleSeeding.test_all_roles_exist _____________________
/Library/Frameworks/Python.framework/Versions/3.12/lib/python3.12/site-packages/sqlalchemy/engine/base.py:143: in __init__
    self._dbapi_connection = engine.raw_connection()
/Library/Frameworks/Python.framework/Versions/3.12/lib/python3.12/site-packages/sqlalchemy/engine/base.py:3309: in raw_connection
    return self.pool.connect()
/Library/Frameworks/Python.framework/Versions/3.12/lib/python3.12/site-packages/sqlalchemy/pool/base.py:447: in connect
    return _ConnectionFairy._checkout(self)
/Library/Frameworks/Python.framework/Versions/3.12/lib/python3.12/site-packages/sqlalchemy/pool/base.py:1264: in _checkout
    fairy = _ConnectionRecord.checkout(pool)
/Library/Frameworks/Python.framework/Versions/3.12/lib/python3.12/site-packages/sqlalchemy/pool/base.py:711: in checkout
    rec = pool._do_get()
/Library/Frameworks/Python.framework/Versions/3.12/lib/python3.12/site-packages/sqlalchemy/pool/impl.py:177: in _do_get
    with util.safe_reraise():
/Library/Frameworks/Python.framework/Versions/3.12/lib/python3.12/site-packages/sqlalchemy/util/langhelpers.py:224: in __exit__
    raise exc_value.with_traceback(exc_tb)
/Library/Frameworks/Python.framework/Versions/3.12/lib/python3.12/site-packages/sqlalchemy/pool/impl.py:175: in _do_get
    return self._create_connection()
/Library/Frameworks/Python.framework/Versions/3.12/lib/python3.12/site-packages/sqlalchemy/pool/base.py:388: in _create_connection
    return _ConnectionRecord(self)
/Library/Frameworks/Python.framework/Versions/3.12/lib/python3.12/site-packages/sqlalchemy/pool/base.py:673: in __init__
    self.__connect()
/Library/Frameworks/Python.framework/Versions/3.12/lib/python3.12/site-packages/sqlalchemy/pool/base.py:899: in __connect
    with util.safe_reraise():
/Library/Frameworks/Python.framework/Versions/3.12/lib/python3.12/site-packages/sqlalchemy/util/langhelpers.py:224: in __exit__
    raise exc_value.with_traceback(exc_tb)
/Library/Frameworks/Python.framework/Versions/3.12/lib/python3.12/site-packages/sqlalchemy/pool/base.py:895: in __connect
    self.dbapi_connection = connection = pool._invoke_creator(self)
/Library/Frameworks/Python.framework/Versions/3.12/lib/python3.12/site-packages/sqlalchemy/engine/create.py:661: in connect
    return dialect.connect(*cargs, **cparams)
/Library/Frameworks/Python.framework/Versions/3.12/lib/python3.12/site-packages/sqlalchemy/engine/default.py:630: in connect
    return self.loaded_dbapi.connect(*cargs, **cparams)  # type: ignore[no-any-return]  # NOQA: E501
/Library/Frameworks/Python.framework/Versions/3.12/lib/python3.12/site-packages/psycopg2/__init__.py:122: in connect
    conn = _connect(dsn, connection_factory=connection_factory, **kwasync)
E   psycopg2.OperationalError: connection to server at "localhost" (::1), port 5432 failed: Connection refused
E   	Is the server running on that host and accepting TCP/IP connections?
E   connection to server at "localhost" (127.0.0.1), port 5432 failed: Connection refused
E   	Is the server running on that host and accepting TCP/IP connections?

The above exception was the direct cause of the following exception:
tests/test_rbac.py:28: in test_all_roles_exist
    roles = rbac.list_all_roles(db)
apps/core-api/rbac.py:209: in list_all_roles
    results = db.execute(
packages/db/database.py:33: in execute
    return self._session.execute(query)
/Library/Frameworks/Python.framework/Versions/3.12/lib/python3.12/site-packages/sqlalchemy/orm/session.py:2351: in execute
    return self._execute_internal(
/Library/Frameworks/Python.framework/Versions/3.12/lib/python3.12/site-packages/sqlalchemy/orm/session.py:2239: in _execute_internal
    conn = self._connection_for_bind(bind)
/Library/Frameworks/Python.framework/Versions/3.12/lib/python3.12/site-packages/sqlalchemy/orm/session.py:2108: in _connection_for_bind
    return trans._connection_for_bind(engine, execution_options)
<string>:2: in _connection_for_bind
    ???
/Library/Frameworks/Python.framework/Versions/3.12/lib/python3.12/site-packages/sqlalchemy/orm/state_changes.py:137: in _go
    ret_value = fn(self, *arg, **kw)
/Library/Frameworks/Python.framework/Versions/3.12/lib/python3.12/site-packages/sqlalchemy/orm/session.py:1187: in _connection_for_bind
    conn = bind.connect()
/Library/Frameworks/Python.framework/Versions/3.12/lib/python3.12/site-packages/sqlalchemy/engine/base.py:3285: in connect
    return self._connection_cls(self)
/Library/Frameworks/Python.framework/Versions/3.12/lib/python3.12/site-packages/sqlalchemy/engine/base.py:145: in __init__
    Connection._handle_dbapi_exception_noconnection(
/Library/Frameworks/Python.framework/Versions/3.12/lib/python3.12/site-packages/sqlalchemy/engine/base.py:2448: in _handle_dbapi_exception_noconnection
    raise sqlalchemy_exception.with_traceback(exc_info[2]) from e
/Library/Frameworks/Python.framework/Versions/3.12/lib/python3.12/site-packages/sqlalchemy/engine/base.py:143: in __init__
    self._dbapi_connection = engine.raw_connection()
/Library/Frameworks/Python.framework/Versions/3.12/lib/python3.12/site-packages/sqlalchemy/engine/base.py:3309: in raw_connection
    return self.pool.connect()
/Library/Frameworks/Python.framework/Versions/3.12/lib/python3.12/site-packages/sqlalchemy/pool/base.py:447: in connect
    return _ConnectionFairy._checkout(self)
/Library/Frameworks/Python.framework/Versions/3.12/lib/python3.12/site-packages/sqlalchemy/pool/base.py:1264: in _checkout
    fairy = _ConnectionRecord.checkout(pool)
/Library/Frameworks/Python.framework/Versions/3.12/lib/python3.12/site-packages/sqlalchemy/pool/base.py:711: in checkout
    rec = pool._do_get()
/Library/Frameworks/Python.framework/Versions/3.12/lib/python3.12/site-packages/sqlalchemy/pool/impl.py:177: in _do_get
    with util.safe_reraise():
/Library/Frameworks/Python.framework/Versions/3.12/lib/python3.12/site-packages/sqlalchemy/util/langhelpers.py:224: in __exit__
    raise exc_value.with_traceback(exc_tb)
/Library/Frameworks/Python.framework/Versions/3.12/lib/python3.12/site-packages/sqlalchemy/pool/impl.py:175: in _do_get
    return self._create_connection()
/Library/Frameworks/Python.framework/Versions/3.12/lib/python3.12/site-packages/sqlalchemy/pool/base.py:388: in _create_connection
    return _ConnectionRecord(self)
/Library/Frameworks/Python.framework/Versions/3.12/lib/python3.12/site-packages/sqlalchemy/pool/base.py:673: in __init__
    self.__connect()
/Library/Frameworks/Python.framework/Versions/3.12/lib/python3.12/site-packages/sqlalchemy/pool/base.py:899: in __connect
    with util.safe_reraise():
/Library/Frameworks/Python.framework/Versions/3.12/lib/python3.12/site-packages/sqlalchemy/util/langhelpers.py:224: in __exit__
    raise exc_value.with_traceback(exc_tb)
/Library/Frameworks/Python.framework/Versions/3.12/lib/python3.12/site-packages/sqlalchemy/pool/base.py:895: in __connect
    self.dbapi_connection = connection = pool._invoke_creator(self)
/Library/Frameworks/Python.framework/Versions/3.12/lib/python3.12/site-packages/sqlalchemy/engine/create.py:661: in connect
    return dialect.connect(*cargs, **cparams)
/Library/Frameworks/Python.framework/Versions/3.12/lib/python3.12/site-packages/sqlalchemy/engine/default.py:630: in connect
    return self.loaded_dbapi.connect(*cargs, **cparams)  # type: ignore[no-any-return]  # NOQA: E501
/Library/Frameworks/Python.framework/Versions/3.12/lib/python3.12/site-packages/psycopg2/__init__.py:122: in connect
    conn = _connect(dsn, connection_factory=connection_factory, **kwasync)
E   sqlalchemy.exc.OperationalError: (psycopg2.OperationalError) connection to server at "localhost" (::1), port 5432 failed: Connection refused
E   	Is the server running on that host and accepting TCP/IP connections?
E   connection to server at "localhost" (127.0.0.1), port 5432 failed: Connection refused
E   	Is the server running on that host and accepting TCP/IP connections?
E   
E   (Background on this error at: https://sqlalche.me/e/20/e3q8)
_________________ TestRoleSeeding.test_maintainer_permissions __________________
/Library/Frameworks/Python.framework/Versions/3.12/lib/python3.12/site-packages/sqlalchemy/engine/base.py:143: in __init__
    self._dbapi_connection = engine.raw_connection()
/Library/Frameworks/Python.framework/Versions/3.12/lib/python3.12/site-packages/sqlalchemy/engine/base.py:3309: in raw_connection
    return self.pool.connect()
/Library/Frameworks/Python.framework/Versions/3.12/lib/python3.12/site-packages/sqlalchemy/pool/base.py:447: in connect
    return _ConnectionFairy._checkout(self)
/Library/Frameworks/Python.framework/Versions/3.12/lib/python3.12/site-packages/sqlalchemy/pool/base.py:1264: in _checkout
    fairy = _ConnectionRecord.checkout(pool)
/Library/Frameworks/Python.framework/Versions/3.12/lib/python3.12/site-packages/sqlalchemy/pool/base.py:711: in checkout
    rec = pool._do_get()
/Library/Frameworks/Python.framework/Versions/3.12/lib/python3.12/site-packages/sqlalchemy/pool/impl.py:177: in _do_get
    with util.safe_reraise():
/Library/Frameworks/Python.framework/Versions/3.12/lib/python3.12/site-packages/sqlalchemy/util/langhelpers.py:224: in __exit__
    raise exc_value.with_traceback(exc_tb)
/Library/Frameworks/Python.framework/Versions/3.12/lib/python3.12/site-packages/sqlalchemy/pool/impl.py:175: in _do_get
    return self._create_connection()
/Library/Frameworks/Python.framework/Versions/3.12/lib/python3.12/site-packages/sqlalchemy/pool/base.py:388: in _create_connection
    return _ConnectionRecord(self)
/Library/Frameworks/Python.framework/Versions/3.12/lib/python3.12/site-packages/sqlalchemy/pool/base.py:673: in __init__
    self.__connect()
/Library/Frameworks/Python.framework/Versions/3.12/lib/python3.12/site-packages/sqlalchemy/pool/base.py:899: in __connect
    with util.safe_reraise():
/Library/Frameworks/Python.framework/Versions/3.12/lib/python3.12/site-packages/sqlalchemy/util/langhelpers.py:224: in __exit__
    raise exc_value.with_traceback(exc_tb)
/Library/Frameworks/Python.framework/Versions/3.12/lib/python3.12/site-packages/sqlalchemy/pool/base.py:895: in __connect
    self.dbapi_connection = connection = pool._invoke_creator(self)
/Library/Frameworks/Python.framework/Versions/3.12/lib/python3.12/site-packages/sqlalchemy/engine/create.py:661: in connect
    return dialect.connect(*cargs, **cparams)
/Library/Frameworks/Python.framework/Versions/3.12/lib/python3.12/site-packages/sqlalchemy/engine/default.py:630: in connect
    return self.loaded_dbapi.connect(*cargs, **cparams)  # type: ignore[no-any-return]  # NOQA: E501
/Library/Frameworks/Python.framework/Versions/3.12/lib/python3.12/site-packages/psycopg2/__init__.py:122: in connect
    conn = _connect(dsn, connection_factory=connection_factory, **kwasync)
E   psycopg2.OperationalError: connection to server at "localhost" (::1), port 5432 failed: Connection refused
E   	Is the server running on that host and accepting TCP/IP connections?
E   connection to server at "localhost" (127.0.0.1), port 5432 failed: Connection refused
E   	Is the server running on that host and accepting TCP/IP connections?

The above exception was the direct cause of the following exception:
tests/test_rbac.py:45: in test_maintainer_permissions
    roles = rbac.list_all_roles(db)
apps/core-api/rbac.py:209: in list_all_roles
    results = db.execute(
packages/db/database.py:33: in execute
    return self._session.execute(query)
/Library/Frameworks/Python.framework/Versions/3.12/lib/python3.12/site-packages/sqlalchemy/orm/session.py:2351: in execute
    return self._execute_internal(
/Library/Frameworks/Python.framework/Versions/3.12/lib/python3.12/site-packages/sqlalchemy/orm/session.py:2239: in _execute_internal
    conn = self._connection_for_bind(bind)
/Library/Frameworks/Python.framework/Versions/3.12/lib/python3.12/site-packages/sqlalchemy/orm/session.py:2108: in _connection_for_bind
    return trans._connection_for_bind(engine, execution_options)
<string>:2: in _connection_for_bind
    ???
/Library/Frameworks/Python.framework/Versions/3.12/lib/python3.12/site-packages/sqlalchemy/orm/state_changes.py:137: in _go
    ret_value = fn(self, *arg, **kw)
/Library/Frameworks/Python.framework/Versions/3.12/lib/python3.12/site-packages/sqlalchemy/orm/session.py:1187: in _connection_for_bind
    conn = bind.connect()
/Library/Frameworks/Python.framework/Versions/3.12/lib/python3.12/site-packages/sqlalchemy/engine/base.py:3285: in connect
    return self._connection_cls(self)
/Library/Frameworks/Python.framework/Versions/3.12/lib/python3.12/site-packages/sqlalchemy/engine/base.py:145: in __init__
    Connection._handle_dbapi_exception_noconnection(
/Library/Frameworks/Python.framework/Versions/3.12/lib/python3.12/site-packages/sqlalchemy/engine/base.py:2448: in _handle_dbapi_exception_noconnection
    raise sqlalchemy_exception.with_traceback(exc_info[2]) from e
/Library/Frameworks/Python.framework/Versions/3.12/lib/python3.12/site-packages/sqlalchemy/engine/base.py:143: in __init__
    self._dbapi_connection = engine.raw_connection()
/Library/Frameworks/Python.framework/Versions/3.12/lib/python3.12/site-packages/sqlalchemy/engine/base.py:3309: in raw_connection
    return self.pool.connect()
/Library/Frameworks/Python.framework/Versions/3.12/lib/python3.12/site-packages/sqlalchemy/pool/base.py:447: in connect
    return _ConnectionFairy._checkout(self)
/Library/Frameworks/Python.framework/Versions/3.12/lib/python3.12/site-packages/sqlalchemy/pool/base.py:1264: in _checkout
    fairy = _ConnectionRecord.checkout(pool)
/Library/Frameworks/Python.framework/Versions/3.12/lib/python3.12/site-packages/sqlalchemy/pool/base.py:711: in checkout
    rec = pool._do_get()
/Library/Frameworks/Python.framework/Versions/3.12/lib/python3.12/site-packages/sqlalchemy/pool/impl.py:177: in _do_get
    with util.safe_reraise():
/Library/Frameworks/Python.framework/Versions/3.12/lib/python3.12/site-packages/sqlalchemy/util/langhelpers.py:224: in __exit__
    raise exc_value.with_traceback(exc_tb)
/Library/Frameworks/Python.framework/Versions/3.12/lib/python3.12/site-packages/sqlalchemy/pool/impl.py:175: in _do_get
    return self._create_connection()
/Library/Frameworks/Python.framework/Versions/3.12/lib/python3.12/site-packages/sqlalchemy/pool/base.py:388: in _create_connection
    return _ConnectionRecord(self)
/Library/Frameworks/Python.framework/Versions/3.12/lib/python3.12/site-packages/sqlalchemy/pool/base.py:673: in __init__
    self.__connect()
/Library/Frameworks/Python.framework/Versions/3.12/lib/python3.12/site-packages/sqlalchemy/pool/base.py:899: in __connect
    with util.safe_reraise():
/Library/Frameworks/Python.framework/Versions/3.12/lib/python3.12/site-packages/sqlalchemy/util/langhelpers.py:224: in __exit__
    raise exc_value.with_traceback(exc_tb)
/Library/Frameworks/Python.framework/Versions/3.12/lib/python3.12/site-packages/sqlalchemy/pool/base.py:895: in __connect
    self.dbapi_connection = connection = pool._invoke_creator(self)
/Library/Frameworks/Python.framework/Versions/3.12/lib/python3.12/site-packages/sqlalchemy/engine/create.py:661: in connect
    return dialect.connect(*cargs, **cparams)
/Library/Frameworks/Python.framework/Versions/3.12/lib/python3.12/site-packages/sqlalchemy/engine/default.py:630: in connect
    return self.loaded_dbapi.connect(*cargs, **cparams)  # type: ignore[no-any-return]  # NOQA: E501
/Library/Frameworks/Python.framework/Versions/3.12/lib/python3.12/site-packages/psycopg2/__init__.py:122: in connect
    conn = _connect(dsn, connection_factory=connection_factory, **kwasync)
E   sqlalchemy.exc.OperationalError: (psycopg2.OperationalError) connection to server at "localhost" (::1), port 5432 failed: Connection refused
E   	Is the server running on that host and accepting TCP/IP connections?
E   connection to server at "localhost" (127.0.0.1), port 5432 failed: Connection refused
E   	Is the server running on that host and accepting TCP/IP connections?
E   
E   (Background on this error at: https://sqlalche.me/e/20/e3q8)
_____________ TestRoleSeeding.test_literature_analyst_permissions ______________
/Library/Frameworks/Python.framework/Versions/3.12/lib/python3.12/site-packages/sqlalchemy/engine/base.py:143: in __init__
    self._dbapi_connection = engine.raw_connection()
/Library/Frameworks/Python.framework/Versions/3.12/lib/python3.12/site-packages/sqlalchemy/engine/base.py:3309: in raw_connection
    return self.pool.connect()
/Library/Frameworks/Python.framework/Versions/3.12/lib/python3.12/site-packages/sqlalchemy/pool/base.py:447: in connect
    return _ConnectionFairy._checkout(self)
/Library/Frameworks/Python.framework/Versions/3.12/lib/python3.12/site-packages/sqlalchemy/pool/base.py:1264: in _checkout
    fairy = _ConnectionRecord.checkout(pool)
/Library/Frameworks/Python.framework/Versions/3.12/lib/python3.12/site-packages/sqlalchemy/pool/base.py:711: in checkout
    rec = pool._do_get()
/Library/Frameworks/Python.framework/Versions/3.12/lib/python3.12/site-packages/sqlalchemy/pool/impl.py:177: in _do_get
    with util.safe_reraise():
/Library/Frameworks/Python.framework/Versions/3.12/lib/python3.12/site-packages/sqlalchemy/util/langhelpers.py:224: in __exit__
    raise exc_value.with_traceback(exc_tb)
/Library/Frameworks/Python.framework/Versions/3.12/lib/python3.12/site-packages/sqlalchemy/pool/impl.py:175: in _do_get
    return self._create_connection()
/Library/Frameworks/Python.framework/Versions/3.12/lib/python3.12/site-packages/sqlalchemy/pool/base.py:388: in _create_connection
    return _ConnectionRecord(self)
/Library/Frameworks/Python.framework/Versions/3.12/lib/python3.12/site-packages/sqlalchemy/pool/base.py:673: in __init__
    self.__connect()
/Library/Frameworks/Python.framework/Versions/3.12/lib/python3.12/site-packages/sqlalchemy/pool/base.py:899: in __connect
    with util.safe_reraise():
/Library/Frameworks/Python.framework/Versions/3.12/lib/python3.12/site-packages/sqlalchemy/util/langhelpers.py:224: in __exit__
    raise exc_value.with_traceback(exc_tb)
/Library/Frameworks/Python.framework/Versions/3.12/lib/python3.12/site-packages/sqlalchemy/pool/base.py:895: in __connect
    self.dbapi_connection = connection = pool._invoke_creator(self)
/Library/Frameworks/Python.framework/Versions/3.12/lib/python3.12/site-packages/sqlalchemy/engine/create.py:661: in connect
    return dialect.connect(*cargs, **cparams)
/Library/Frameworks/Python.framework/Versions/3.12/lib/python3.12/site-packages/sqlalchemy/engine/default.py:630: in connect
    return self.loaded_dbapi.connect(*cargs, **cparams)  # type: ignore[no-any-return]  # NOQA: E501
/Library/Frameworks/Python.framework/Versions/3.12/lib/python3.12/site-packages/psycopg2/__init__.py:122: in connect
    conn = _connect(dsn, connection_factory=connection_factory, **kwasync)
E   psycopg2.OperationalError: connection to server at "localhost" (::1), port 5432 failed: Connection refused
E   	Is the server running on that host and accepting TCP/IP connections?
E   connection to server at "localhost" (127.0.0.1), port 5432 failed: Connection refused
E   	Is the server running on that host and accepting TCP/IP connections?

The above exception was the direct cause of the following exception:
tests/test_rbac.py:64: in test_literature_analyst_permissions
    roles = rbac.list_all_roles(db)
apps/core-api/rbac.py:209: in list_all_roles
    results = db.execute(
packages/db/database.py:33: in execute
    return self._session.execute(query)
/Library/Frameworks/Python.framework/Versions/3.12/lib/python3.12/site-packages/sqlalchemy/orm/session.py:2351: in execute
    return self._execute_internal(
/Library/Frameworks/Python.framework/Versions/3.12/lib/python3.12/site-packages/sqlalchemy/orm/session.py:2239: in _execute_internal
    conn = self._connection_for_bind(bind)
/Library/Frameworks/Python.framework/Versions/3.12/lib/python3.12/site-packages/sqlalchemy/orm/session.py:2108: in _connection_for_bind
    return trans._connection_for_bind(engine, execution_options)
<string>:2: in _connection_for_bind
    ???
/Library/Frameworks/Python.framework/Versions/3.12/lib/python3.12/site-packages/sqlalchemy/orm/state_changes.py:137: in _go
    ret_value = fn(self, *arg, **kw)
/Library/Frameworks/Python.framework/Versions/3.12/lib/python3.12/site-packages/sqlalchemy/orm/session.py:1187: in _connection_for_bind
    conn = bind.connect()
/Library/Frameworks/Python.framework/Versions/3.12/lib/python3.12/site-packages/sqlalchemy/engine/base.py:3285: in connect
    return self._connection_cls(self)
/Library/Frameworks/Python.framework/Versions/3.12/lib/python3.12/site-packages/sqlalchemy/engine/base.py:145: in __init__
    Connection._handle_dbapi_exception_noconnection(
/Library/Frameworks/Python.framework/Versions/3.12/lib/python3.12/site-packages/sqlalchemy/engine/base.py:2448: in _handle_dbapi_exception_noconnection
    raise sqlalchemy_exception.with_traceback(exc_info[2]) from e
/Library/Frameworks/Python.framework/Versions/3.12/lib/python3.12/site-packages/sqlalchemy/engine/base.py:143: in __init__
    self._dbapi_connection = engine.raw_connection()
/Library/Frameworks/Python.framework/Versions/3.12/lib/python3.12/site-packages/sqlalchemy/engine/base.py:3309: in raw_connection
    return self.pool.connect()
/Library/Frameworks/Python.framework/Versions/3.12/lib/python3.12/site-packages/sqlalchemy/pool/base.py:447: in connect
    return _ConnectionFairy._checkout(self)
/Library/Frameworks/Python.framework/Versions/3.12/lib/python3.12/site-packages/sqlalchemy/pool/base.py:1264: in _checkout
    fairy = _ConnectionRecord.checkout(pool)
/Library/Frameworks/Python.framework/Versions/3.12/lib/python3.12/site-packages/sqlalchemy/pool/base.py:711: in checkout
    rec = pool._do_get()
/Library/Frameworks/Python.framework/Versions/3.12/lib/python3.12/site-packages/sqlalchemy/pool/impl.py:177: in _do_get
    with util.safe_reraise():
/Library/Frameworks/Python.framework/Versions/3.12/lib/python3.12/site-packages/sqlalchemy/util/langhelpers.py:224: in __exit__
    raise exc_value.with_traceback(exc_tb)
/Library/Frameworks/Python.framework/Versions/3.12/lib/python3.12/site-packages/sqlalchemy/pool/impl.py:175: in _do_get
    return self._create_connection()
/Library/Frameworks/Python.framework/Versions/3.12/lib/python3.12/site-packages/sqlalchemy/pool/base.py:388: in _create_connection
    return _ConnectionRecord(self)
/Library/Frameworks/Python.framework/Versions/3.12/lib/python3.12/site-packages/sqlalchemy/pool/base.py:673: in __init__
    self.__connect()
/Library/Frameworks/Python.framework/Versions/3.12/lib/python3.12/site-packages/sqlalchemy/pool/base.py:899: in __connect
    with util.safe_reraise():
/Library/Frameworks/Python.framework/Versions/3.12/lib/python3.12/site-packages/sqlalchemy/util/langhelpers.py:224: in __exit__
    raise exc_value.with_traceback(exc_tb)
/Library/Frameworks/Python.framework/Versions/3.12/lib/python3.12/site-packages/sqlalchemy/pool/base.py:895: in __connect
    self.dbapi_connection = connection = pool._invoke_creator(self)
/Library/Frameworks/Python.framework/Versions/3.12/lib/python3.12/site-packages/sqlalchemy/engine/create.py:661: in connect
    return dialect.connect(*cargs, **cparams)
/Library/Frameworks/Python.framework/Versions/3.12/lib/python3.12/site-packages/sqlalchemy/engine/default.py:630: in connect
    return self.loaded_dbapi.connect(*cargs, **cparams)  # type: ignore[no-any-return]  # NOQA: E501
/Library/Frameworks/Python.framework/Versions/3.12/lib/python3.12/site-packages/psycopg2/__init__.py:122: in connect
    conn = _connect(dsn, connection_factory=connection_factory, **kwasync)
E   sqlalchemy.exc.OperationalError: (psycopg2.OperationalError) connection to server at "localhost" (::1), port 5432 failed: Connection refused
E   	Is the server running on that host and accepting TCP/IP connections?
E   connection to server at "localhost" (127.0.0.1), port 5432 failed: Connection refused
E   	Is the server running on that host and accepting TCP/IP connections?
E   
E   (Background on this error at: https://sqlalche.me/e/20/e3q8)
_______________ TestRoleSeeding.test_experimentalist_permissions _______________
/Library/Frameworks/Python.framework/Versions/3.12/lib/python3.12/site-packages/sqlalchemy/engine/base.py:143: in __init__
    self._dbapi_connection = engine.raw_connection()
/Library/Frameworks/Python.framework/Versions/3.12/lib/python3.12/site-packages/sqlalchemy/engine/base.py:3309: in raw_connection
    return self.pool.connect()
/Library/Frameworks/Python.framework/Versions/3.12/lib/python3.12/site-packages/sqlalchemy/pool/base.py:447: in connect
    return _ConnectionFairy._checkout(self)
/Library/Frameworks/Python.framework/Versions/3.12/lib/python3.12/site-packages/sqlalchemy/pool/base.py:1264: in _checkout
    fairy = _ConnectionRecord.checkout(pool)
/Library/Frameworks/Python.framework/Versions/3.12/lib/python3.12/site-packages/sqlalchemy/pool/base.py:711: in checkout
    rec = pool._do_get()
/Library/Frameworks/Python.framework/Versions/3.12/lib/python3.12/site-packages/sqlalchemy/pool/impl.py:177: in _do_get
    with util.safe_reraise():
/Library/Frameworks/Python.framework/Versions/3.12/lib/python3.12/site-packages/sqlalchemy/util/langhelpers.py:224: in __exit__
    raise exc_value.with_traceback(exc_tb)
/Library/Frameworks/Python.framework/Versions/3.12/lib/python3.12/site-packages/sqlalchemy/pool/impl.py:175: in _do_get
    return self._create_connection()
/Library/Frameworks/Python.framework/Versions/3.12/lib/python3.12/site-packages/sqlalchemy/pool/base.py:388: in _create_connection
    return _ConnectionRecord(self)
/Library/Frameworks/Python.framework/Versions/3.12/lib/python3.12/site-packages/sqlalchemy/pool/base.py:673: in __init__
    self.__connect()
/Library/Frameworks/Python.framework/Versions/3.12/lib/python3.12/site-packages/sqlalchemy/pool/base.py:899: in __connect
    with util.safe_reraise():
/Library/Frameworks/Python.framework/Versions/3.12/lib/python3.12/site-packages/sqlalchemy/util/langhelpers.py:224: in __exit__
    raise exc_value.with_traceback(exc_tb)
/Library/Frameworks/Python.framework/Versions/3.12/lib/python3.12/site-packages/sqlalchemy/pool/base.py:895: in __connect
    self.dbapi_connection = connection = pool._invoke_creator(self)
/Library/Frameworks/Python.framework/Versions/3.12/lib/python3.12/site-packages/sqlalchemy/engine/create.py:661: in connect
    return dialect.connect(*cargs, **cparams)
/Library/Frameworks/Python.framework/Versions/3.12/lib/python3.12/site-packages/sqlalchemy/engine/default.py:630: in connect
    return self.loaded_dbapi.connect(*cargs, **cparams)  # type: ignore[no-any-return]  # NOQA: E501
/Library/Frameworks/Python.framework/Versions/3.12/lib/python3.12/site-packages/psycopg2/__init__.py:122: in connect
    conn = _connect(dsn, connection_factory=connection_factory, **kwasync)
E   psycopg2.OperationalError: connection to server at "localhost" (::1), port 5432 failed: Connection refused
E   	Is the server running on that host and accepting TCP/IP connections?
E   connection to server at "localhost" (127.0.0.1), port 5432 failed: Connection refused
E   	Is the server running on that host and accepting TCP/IP connections?

The above exception was the direct cause of the following exception:
tests/test_rbac.py:80: in test_experimentalist_permissions
    roles = rbac.list_all_roles(db)
apps/core-api/rbac.py:209: in list_all_roles
    results = db.execute(
packages/db/database.py:33: in execute
    return self._session.execute(query)
/Library/Frameworks/Python.framework/Versions/3.12/lib/python3.12/site-packages/sqlalchemy/orm/session.py:2351: in execute
    return self._execute_internal(
/Library/Frameworks/Python.framework/Versions/3.12/lib/python3.12/site-packages/sqlalchemy/orm/session.py:2239: in _execute_internal
    conn = self._connection_for_bind(bind)
/Library/Frameworks/Python.framework/Versions/3.12/lib/python3.12/site-packages/sqlalchemy/orm/session.py:2108: in _connection_for_bind
    return trans._connection_for_bind(engine, execution_options)
<string>:2: in _connection_for_bind
    ???
/Library/Frameworks/Python.framework/Versions/3.12/lib/python3.12/site-packages/sqlalchemy/orm/state_changes.py:137: in _go
    ret_value = fn(self, *arg, **kw)
/Library/Frameworks/Python.framework/Versions/3.12/lib/python3.12/site-packages/sqlalchemy/orm/session.py:1187: in _connection_for_bind
    conn = bind.connect()
/Library/Frameworks/Python.framework/Versions/3.12/lib/python3.12/site-packages/sqlalchemy/engine/base.py:3285: in connect
    return self._connection_cls(self)
/Library/Frameworks/Python.framework/Versions/3.12/lib/python3.12/site-packages/sqlalchemy/engine/base.py:145: in __init__
    Connection._handle_dbapi_exception_noconnection(
/Library/Frameworks/Python.framework/Versions/3.12/lib/python3.12/site-packages/sqlalchemy/engine/base.py:2448: in _handle_dbapi_exception_noconnection
    raise sqlalchemy_exception.with_traceback(exc_info[2]) from e
/Library/Frameworks/Python.framework/Versions/3.12/lib/python3.12/site-packages/sqlalchemy/engine/base.py:143: in __init__
    self._dbapi_connection = engine.raw_connection()
/Library/Frameworks/Python.framework/Versions/3.12/lib/python3.12/site-packages/sqlalchemy/engine/base.py:3309: in raw_connection
    return self.pool.connect()
/Library/Frameworks/Python.framework/Versions/3.12/lib/python3.12/site-packages/sqlalchemy/pool/base.py:447: in connect
    return _ConnectionFairy._checkout(self)
/Library/Frameworks/Python.framework/Versions/3.12/lib/python3.12/site-packages/sqlalchemy/pool/base.py:1264: in _checkout
    fairy = _ConnectionRecord.checkout(pool)
/Library/Frameworks/Python.framework/Versions/3.12/lib/python3.12/site-packages/sqlalchemy/pool/base.py:711: in checkout
    rec = pool._do_get()
/Library/Frameworks/Python.framework/Versions/3.12/lib/python3.12/site-packages/sqlalchemy/pool/impl.py:177: in _do_get
    with util.safe_reraise():
/Library/Frameworks/Python.framework/Versions/3.12/lib/python3.12/site-packages/sqlalchemy/util/langhelpers.py:224: in __exit__
    raise exc_value.with_traceback(exc_tb)
/Library/Frameworks/Python.framework/Versions/3.12/lib/python3.12/site-packages/sqlalchemy/pool/impl.py:175: in _do_get
    return self._create_connection()
/Library/Frameworks/Python.framework/Versions/3.12/lib/python3.12/site-packages/sqlalchemy/pool/base.py:388: in _create_connection
    return _ConnectionRecord(self)
/Library/Frameworks/Python.framework/Versions/3.12/lib/python3.12/site-packages/sqlalchemy/pool/base.py:673: in __init__
    self.__connect()
/Library/Frameworks/Python.framework/Versions/3.12/lib/python3.12/site-packages/sqlalchemy/pool/base.py:899: in __connect
    with util.safe_reraise():
/Library/Frameworks/Python.framework/Versions/3.12/lib/python3.12/site-packages/sqlalchemy/util/langhelpers.py:224: in __exit__
    raise exc_value.with_traceback(exc_tb)
/Library/Frameworks/Python.framework/Versions/3.12/lib/python3.12/site-packages/sqlalchemy/pool/base.py:895: in __connect
    self.dbapi_connection = connection = pool._invoke_creator(self)
/Library/Frameworks/Python.framework/Versions/3.12/lib/python3.12/site-packages/sqlalchemy/engine/create.py:661: in connect
    return dialect.connect(*cargs, **cparams)
/Library/Frameworks/Python.framework/Versions/3.12/lib/python3.12/site-packages/sqlalchemy/engine/default.py:630: in connect
    return self.loaded_dbapi.connect(*cargs, **cparams)  # type: ignore[no-any-return]  # NOQA: E501
/Library/Frameworks/Python.framework/Versions/3.12/lib/python3.12/site-packages/psycopg2/__init__.py:122: in connect
    conn = _connect(dsn, connection_factory=connection_factory, **kwasync)
E   sqlalchemy.exc.OperationalError: (psycopg2.OperationalError) connection to server at "localhost" (::1), port 5432 failed: Connection refused
E   	Is the server running on that host and accepting TCP/IP connections?
E   connection to server at "localhost" (127.0.0.1), port 5432 failed: Connection refused
E   	Is the server running on that host and accepting TCP/IP connections?
E   
E   (Background on this error at: https://sqlalche.me/e/20/e3q8)
_________________ TestRoleSeeding.test_synthesizer_permissions _________________
/Library/Frameworks/Python.framework/Versions/3.12/lib/python3.12/site-packages/sqlalchemy/engine/base.py:143: in __init__
    self._dbapi_connection = engine.raw_connection()
/Library/Frameworks/Python.framework/Versions/3.12/lib/python3.12/site-packages/sqlalchemy/engine/base.py:3309: in raw_connection
    return self.pool.connect()
/Library/Frameworks/Python.framework/Versions/3.12/lib/python3.12/site-packages/sqlalchemy/pool/base.py:447: in connect
    return _ConnectionFairy._checkout(self)
/Library/Frameworks/Python.framework/Versions/3.12/lib/python3.12/site-packages/sqlalchemy/pool/base.py:1264: in _checkout
    fairy = _ConnectionRecord.checkout(pool)
/Library/Frameworks/Python.framework/Versions/3.12/lib/python3.12/site-packages/sqlalchemy/pool/base.py:711: in checkout
    rec = pool._do_get()
/Library/Frameworks/Python.framework/Versions/3.12/lib/python3.12/site-packages/sqlalchemy/pool/impl.py:177: in _do_get
    with util.safe_reraise():
/Library/Frameworks/Python.framework/Versions/3.12/lib/python3.12/site-packages/sqlalchemy/util/langhelpers.py:224: in __exit__
    raise exc_value.with_traceback(exc_tb)
/Library/Frameworks/Python.framework/Versions/3.12/lib/python3.12/site-packages/sqlalchemy/pool/impl.py:175: in _do_get
    return self._create_connection()
/Library/Frameworks/Python.framework/Versions/3.12/lib/python3.12/site-packages/sqlalchemy/pool/base.py:388: in _create_connection
    return _ConnectionRecord(self)
/Library/Frameworks/Python.framework/Versions/3.12/lib/python3.12/site-packages/sqlalchemy/pool/base.py:673: in __init__
    self.__connect()
/Library/Frameworks/Python.framework/Versions/3.12/lib/python3.12/site-packages/sqlalchemy/pool/base.py:899: in __connect
    with util.safe_reraise():
/Library/Frameworks/Python.framework/Versions/3.12/lib/python3.12/site-packages/sqlalchemy/util/langhelpers.py:224: in __exit__
    raise exc_value.with_traceback(exc_tb)
/Library/Frameworks/Python.framework/Versions/3.12/lib/python3.12/site-packages/sqlalchemy/pool/base.py:895: in __connect
    self.dbapi_connection = connection = pool._invoke_creator(self)
/Library/Frameworks/Python.framework/Versions/3.12/lib/python3.12/site-packages/sqlalchemy/engine/create.py:661: in connect
    return dialect.connect(*cargs, **cparams)
/Library/Frameworks/Python.framework/Versions/3.12/lib/python3.12/site-packages/sqlalchemy/engine/default.py:630: in connect
    return self.loaded_dbapi.connect(*cargs, **cparams)  # type: ignore[no-any-return]  # NOQA: E501
/Library/Frameworks/Python.framework/Versions/3.12/lib/python3.12/site-packages/psycopg2/__init__.py:122: in connect
    conn = _connect(dsn, connection_factory=connection_factory, **kwasync)
E   psycopg2.OperationalError: connection to server at "localhost" (::1), port 5432 failed: Connection refused
E   	Is the server running on that host and accepting TCP/IP connections?
E   connection to server at "localhost" (127.0.0.1), port 5432 failed: Connection refused
E   	Is the server running on that host and accepting TCP/IP connections?

The above exception was the direct cause of the following exception:
tests/test_rbac.py:96: in test_synthesizer_permissions
    roles = rbac.list_all_roles(db)
apps/core-api/rbac.py:209: in list_all_roles
    results = db.execute(
packages/db/database.py:33: in execute
    return self._session.execute(query)
/Library/Frameworks/Python.framework/Versions/3.12/lib/python3.12/site-packages/sqlalchemy/orm/session.py:2351: in execute
    return self._execute_internal(
/Library/Frameworks/Python.framework/Versions/3.12/lib/python3.12/site-packages/sqlalchemy/orm/session.py:2239: in _execute_internal
    conn = self._connection_for_bind(bind)
/Library/Frameworks/Python.framework/Versions/3.12/lib/python3.12/site-packages/sqlalchemy/orm/session.py:2108: in _connection_for_bind
    return trans._connection_for_bind(engine, execution_options)
<string>:2: in _connection_for_bind
    ???
/Library/Frameworks/Python.framework/Versions/3.12/lib/python3.12/site-packages/sqlalchemy/orm/state_changes.py:137: in _go
    ret_value = fn(self, *arg, **kw)
/Library/Frameworks/Python.framework/Versions/3.12/lib/python3.12/site-packages/sqlalchemy/orm/session.py:1187: in _connection_for_bind
    conn = bind.connect()
/Library/Frameworks/Python.framework/Versions/3.12/lib/python3.12/site-packages/sqlalchemy/engine/base.py:3285: in connect
    return self._connection_cls(self)
/Library/Frameworks/Python.framework/Versions/3.12/lib/python3.12/site-packages/sqlalchemy/engine/base.py:145: in __init__
    Connection._handle_dbapi_exception_noconnection(
/Library/Frameworks/Python.framework/Versions/3.12/lib/python3.12/site-packages/sqlalchemy/engine/base.py:2448: in _handle_dbapi_exception_noconnection
    raise sqlalchemy_exception.with_traceback(exc_info[2]) from e
/Library/Frameworks/Python.framework/Versions/3.12/lib/python3.12/site-packages/sqlalchemy/engine/base.py:143: in __init__
    self._dbapi_connection = engine.raw_connection()
/Library/Frameworks/Python.framework/Versions/3.12/lib/python3.12/site-packages/sqlalchemy/engine/base.py:3309: in raw_connection
    return self.pool.connect()
/Library/Frameworks/Python.framework/Versions/3.12/lib/python3.12/site-packages/sqlalchemy/pool/base.py:447: in connect
    return _ConnectionFairy._checkout(self)
/Library/Frameworks/Python.framework/Versions/3.12/lib/python3.12/site-packages/sqlalchemy/pool/base.py:1264: in _checkout
    fairy = _ConnectionRecord.checkout(pool)
/Library/Frameworks/Python.framework/Versions/3.12/lib/python3.12/site-packages/sqlalchemy/pool/base.py:711: in checkout
    rec = pool._do_get()
/Library/Frameworks/Python.framework/Versions/3.12/lib/python3.12/site-packages/sqlalchemy/pool/impl.py:177: in _do_get
    with util.safe_reraise():
/Library/Frameworks/Python.framework/Versions/3.12/lib/python3.12/site-packages/sqlalchemy/util/langhelpers.py:224: in __exit__
    raise exc_value.with_traceback(exc_tb)
/Library/Frameworks/Python.framework/Versions/3.12/lib/python3.12/site-packages/sqlalchemy/pool/impl.py:175: in _do_get
    return self._create_connection()
/Library/Frameworks/Python.framework/Versions/3.12/lib/python3.12/site-packages/sqlalchemy/pool/base.py:388: in _create_connection
    return _ConnectionRecord(self)
/Library/Frameworks/Python.framework/Versions/3.12/lib/python3.12/site-packages/sqlalchemy/pool/base.py:673: in __init__
    self.__connect()
/Library/Frameworks/Python.framework/Versions/3.12/lib/python3.12/site-packages/sqlalchemy/pool/base.py:899: in __connect
    with util.safe_reraise():
/Library/Frameworks/Python.framework/Versions/3.12/lib/python3.12/site-packages/sqlalchemy/util/langhelpers.py:224: in __exit__
    raise exc_value.with_traceback(exc_tb)
/Library/Frameworks/Python.framework/Versions/3.12/lib/python3.12/site-packages/sqlalchemy/pool/base.py:895: in __connect
    self.dbapi_connection = connection = pool._invoke_creator(self)
/Library/Frameworks/Python.framework/Versions/3.12/lib/python3.12/site-packages/sqlalchemy/engine/create.py:661: in connect
    return dialect.connect(*cargs, **cparams)
/Library/Frameworks/Python.framework/Versions/3.12/lib/python3.12/site-packages/sqlalchemy/engine/default.py:630: in connect
    return self.loaded_dbapi.connect(*cargs, **cparams)  # type: ignore[no-any-return]  # NOQA: E501
/Library/Frameworks/Python.framework/Versions/3.12/lib/python3.12/site-packages/psycopg2/__init__.py:122: in connect
    conn = _connect(dsn, connection_factory=connection_factory, **kwasync)
E   sqlalchemy.exc.OperationalError: (psycopg2.OperationalError) connection to server at "localhost" (::1), port 5432 failed: Connection refused
E   	Is the server running on that host and accepting TCP/IP connections?
E   connection to server at "localhost" (127.0.0.1), port 5432 failed: Connection refused
E   	Is the server running on that host and accepting TCP/IP connections?
E   
E   (Background on this error at: https://sqlalche.me/e/20/e3q8)
_________________ TestRoleSeeding.test_reputation_requirements _________________
/Library/Frameworks/Python.framework/Versions/3.12/lib/python3.12/site-packages/sqlalchemy/engine/base.py:143: in __init__
    self._dbapi_connection = engine.raw_connection()
/Library/Frameworks/Python.framework/Versions/3.12/lib/python3.12/site-packages/sqlalchemy/engine/base.py:3309: in raw_connection
    return self.pool.connect()
/Library/Frameworks/Python.framework/Versions/3.12/lib/python3.12/site-packages/sqlalchemy/pool/base.py:447: in connect
    return _ConnectionFairy._checkout(self)
/Library/Frameworks/Python.framework/Versions/3.12/lib/python3.12/site-packages/sqlalchemy/pool/base.py:1264: in _checkout
    fairy = _ConnectionRecord.checkout(pool)
/Library/Frameworks/Python.framework/Versions/3.12/lib/python3.12/site-packages/sqlalchemy/pool/base.py:711: in checkout
    rec = pool._do_get()
/Library/Frameworks/Python.framework/Versions/3.12/lib/python3.12/site-packages/sqlalchemy/pool/impl.py:177: in _do_get
    with util.safe_reraise():
/Library/Frameworks/Python.framework/Versions/3.12/lib/python3.12/site-packages/sqlalchemy/util/langhelpers.py:224: in __exit__
    raise exc_value.with_traceback(exc_tb)
/Library/Frameworks/Python.framework/Versions/3.12/lib/python3.12/site-packages/sqlalchemy/pool/impl.py:175: in _do_get
    return self._create_connection()
/Library/Frameworks/Python.framework/Versions/3.12/lib/python3.12/site-packages/sqlalchemy/pool/base.py:388: in _create_connection
    return _ConnectionRecord(self)
/Library/Frameworks/Python.framework/Versions/3.12/lib/python3.12/site-packages/sqlalchemy/pool/base.py:673: in __init__
    self.__connect()
/Library/Frameworks/Python.framework/Versions/3.12/lib/python3.12/site-packages/sqlalchemy/pool/base.py:899: in __connect
    with util.safe_reraise():
/Library/Frameworks/Python.framework/Versions/3.12/lib/python3.12/site-packages/sqlalchemy/util/langhelpers.py:224: in __exit__
    raise exc_value.with_traceback(exc_tb)
/Library/Frameworks/Python.framework/Versions/3.12/lib/python3.12/site-packages/sqlalchemy/pool/base.py:895: in __connect
    self.dbapi_connection = connection = pool._invoke_creator(self)
/Library/Frameworks/Python.framework/Versions/3.12/lib/python3.12/site-packages/sqlalchemy/engine/create.py:661: in connect
    return dialect.connect(*cargs, **cparams)
/Library/Frameworks/Python.framework/Versions/3.12/lib/python3.12/site-packages/sqlalchemy/engine/default.py:630: in connect
    return self.loaded_dbapi.connect(*cargs, **cparams)  # type: ignore[no-any-return]  # NOQA: E501
/Library/Frameworks/Python.framework/Versions/3.12/lib/python3.12/site-packages/psycopg2/__init__.py:122: in connect
    conn = _connect(dsn, connection_factory=connection_factory, **kwasync)
E   psycopg2.OperationalError: connection to server at "localhost" (::1), port 5432 failed: Connection refused
E   	Is the server running on that host and accepting TCP/IP connections?
E   connection to server at "localhost" (127.0.0.1), port 5432 failed: Connection refused
E   	Is the server running on that host and accepting TCP/IP connections?

The above exception was the direct cause of the following exception:
tests/test_rbac.py:118: in test_reputation_requirements
    roles = {r["name"]: r for r in rbac.list_all_roles(db)}
apps/core-api/rbac.py:209: in list_all_roles
    results = db.execute(
packages/db/database.py:33: in execute
    return self._session.execute(query)
/Library/Frameworks/Python.framework/Versions/3.12/lib/python3.12/site-packages/sqlalchemy/orm/session.py:2351: in execute
    return self._execute_internal(
/Library/Frameworks/Python.framework/Versions/3.12/lib/python3.12/site-packages/sqlalchemy/orm/session.py:2239: in _execute_internal
    conn = self._connection_for_bind(bind)
/Library/Frameworks/Python.framework/Versions/3.12/lib/python3.12/site-packages/sqlalchemy/orm/session.py:2108: in _connection_for_bind
    return trans._connection_for_bind(engine, execution_options)
<string>:2: in _connection_for_bind
    ???
/Library/Frameworks/Python.framework/Versions/3.12/lib/python3.12/site-packages/sqlalchemy/orm/state_changes.py:137: in _go
    ret_value = fn(self, *arg, **kw)
/Library/Frameworks/Python.framework/Versions/3.12/lib/python3.12/site-packages/sqlalchemy/orm/session.py:1187: in _connection_for_bind
    conn = bind.connect()
/Library/Frameworks/Python.framework/Versions/3.12/lib/python3.12/site-packages/sqlalchemy/engine/base.py:3285: in connect
    return self._connection_cls(self)
/Library/Frameworks/Python.framework/Versions/3.12/lib/python3.12/site-packages/sqlalchemy/engine/base.py:145: in __init__
    Connection._handle_dbapi_exception_noconnection(
/Library/Frameworks/Python.framework/Versions/3.12/lib/python3.12/site-packages/sqlalchemy/engine/base.py:2448: in _handle_dbapi_exception_noconnection
    raise sqlalchemy_exception.with_traceback(exc_info[2]) from e
/Library/Frameworks/Python.framework/Versions/3.12/lib/python3.12/site-packages/sqlalchemy/engine/base.py:143: in __init__
    self._dbapi_connection = engine.raw_connection()
/Library/Frameworks/Python.framework/Versions/3.12/lib/python3.12/site-packages/sqlalchemy/engine/base.py:3309: in raw_connection
    return self.pool.connect()
/Library/Frameworks/Python.framework/Versions/3.12/lib/python3.12/site-packages/sqlalchemy/pool/base.py:447: in connect
    return _ConnectionFairy._checkout(self)
/Library/Frameworks/Python.framework/Versions/3.12/lib/python3.12/site-packages/sqlalchemy/pool/base.py:1264: in _checkout
    fairy = _ConnectionRecord.checkout(pool)
/Library/Frameworks/Python.framework/Versions/3.12/lib/python3.12/site-packages/sqlalchemy/pool/base.py:711: in checkout
    rec = pool._do_get()
/Library/Frameworks/Python.framework/Versions/3.12/lib/python3.12/site-packages/sqlalchemy/pool/impl.py:177: in _do_get
    with util.safe_reraise():
/Library/Frameworks/Python.framework/Versions/3.12/lib/python3.12/site-packages/sqlalchemy/util/langhelpers.py:224: in __exit__
    raise exc_value.with_traceback(exc_tb)
/Library/Frameworks/Python.framework/Versions/3.12/lib/python3.12/site-packages/sqlalchemy/pool/impl.py:175: in _do_get
    return self._create_connection()
/Library/Frameworks/Python.framework/Versions/3.12/lib/python3.12/site-packages/sqlalchemy/pool/base.py:388: in _create_connection
    return _ConnectionRecord(self)
/Library/Frameworks/Python.framework/Versions/3.12/lib/python3.12/site-packages/sqlalchemy/pool/base.py:673: in __init__
    self.__connect()
/Library/Frameworks/Python.framework/Versions/3.12/lib/python3.12/site-packages/sqlalchemy/pool/base.py:899: in __connect
    with util.safe_reraise():
/Library/Frameworks/Python.framework/Versions/3.12/lib/python3.12/site-packages/sqlalchemy/util/langhelpers.py:224: in __exit__
    raise exc_value.with_traceback(exc_tb)
/Library/Frameworks/Python.framework/Versions/3.12/lib/python3.12/site-packages/sqlalchemy/pool/base.py:895: in __connect
    self.dbapi_connection = connection = pool._invoke_creator(self)
/Library/Frameworks/Python.framework/Versions/3.12/lib/python3.12/site-packages/sqlalchemy/engine/create.py:661: in connect
    return dialect.connect(*cargs, **cparams)
/Library/Frameworks/Python.framework/Versions/3.12/lib/python3.12/site-packages/sqlalchemy/engine/default.py:630: in connect
    return self.loaded_dbapi.connect(*cargs, **cparams)  # type: ignore[no-any-return]  # NOQA: E501
/Library/Frameworks/Python.framework/Versions/3.12/lib/python3.12/site-packages/psycopg2/__init__.py:122: in connect
    conn = _connect(dsn, connection_factory=connection_factory, **kwasync)
E   sqlalchemy.exc.OperationalError: (psycopg2.OperationalError) connection to server at "localhost" (::1), port 5432 failed: Connection refused
E   	Is the server running on that host and accepting TCP/IP connections?
E   connection to server at "localhost" (127.0.0.1), port 5432 failed: Connection refused
E   	Is the server running on that host and accepting TCP/IP connections?
E   
E   (Background on this error at: https://sqlalche.me/e/20/e3q8)
________ TestReputationChecking.test_low_reputation_fails_analyst_check ________
/Library/Frameworks/Python.framework/Versions/3.12/lib/python3.12/site-packages/sqlalchemy/engine/base.py:143: in __init__
    self._dbapi_connection = engine.raw_connection()
/Library/Frameworks/Python.framework/Versions/3.12/lib/python3.12/site-packages/sqlalchemy/engine/base.py:3309: in raw_connection
    return self.pool.connect()
/Library/Frameworks/Python.framework/Versions/3.12/lib/python3.12/site-packages/sqlalchemy/pool/base.py:447: in connect
    return _ConnectionFairy._checkout(self)
/Library/Frameworks/Python.framework/Versions/3.12/lib/python3.12/site-packages/sqlalchemy/pool/base.py:1264: in _checkout
    fairy = _ConnectionRecord.checkout(pool)
/Library/Frameworks/Python.framework/Versions/3.12/lib/python3.12/site-packages/sqlalchemy/pool/base.py:711: in checkout
    rec = pool._do_get()
/Library/Frameworks/Python.framework/Versions/3.12/lib/python3.12/site-packages/sqlalchemy/pool/impl.py:177: in _do_get
    with util.safe_reraise():
/Library/Frameworks/Python.framework/Versions/3.12/lib/python3.12/site-packages/sqlalchemy/util/langhelpers.py:224: in __exit__
    raise exc_value.with_traceback(exc_tb)
/Library/Frameworks/Python.framework/Versions/3.12/lib/python3.12/site-packages/sqlalchemy/pool/impl.py:175: in _do_get
    return self._create_connection()
/Library/Frameworks/Python.framework/Versions/3.12/lib/python3.12/site-packages/sqlalchemy/pool/base.py:388: in _create_connection
    return _ConnectionRecord(self)
/Library/Frameworks/Python.framework/Versions/3.12/lib/python3.12/site-packages/sqlalchemy/pool/base.py:673: in __init__
    self.__connect()
/Library/Frameworks/Python.framework/Versions/3.12/lib/python3.12/site-packages/sqlalchemy/pool/base.py:899: in __connect
    with util.safe_reraise():
/Library/Frameworks/Python.framework/Versions/3.12/lib/python3.12/site-packages/sqlalchemy/util/langhelpers.py:224: in __exit__
    raise exc_value.with_traceback(exc_tb)
/Library/Frameworks/Python.framework/Versions/3.12/lib/python3.12/site-packages/sqlalchemy/pool/base.py:895: in __connect
    self.dbapi_connection = connection = pool._invoke_creator(self)
/Library/Frameworks/Python.framework/Versions/3.12/lib/python3.12/site-packages/sqlalchemy/engine/create.py:661: in connect
    return dialect.connect(*cargs, **cparams)
/Library/Frameworks/Python.framework/Versions/3.12/lib/python3.12/site-packages/sqlalchemy/engine/default.py:630: in connect
    return self.loaded_dbapi.connect(*cargs, **cparams)  # type: ignore[no-any-return]  # NOQA: E501
/Library/Frameworks/Python.framework/Versions/3.12/lib/python3.12/site-packages/psycopg2/__init__.py:122: in connect
    conn = _connect(dsn, connection_factory=connection_factory, **kwasync)
E   psycopg2.OperationalError: connection to server at "localhost" (::1), port 5432 failed: Connection refused
E   	Is the server running on that host and accepting TCP/IP connections?
E   connection to server at "localhost" (127.0.0.1), port 5432 failed: Connection refused
E   	Is the server running on that host and accepting TCP/IP connections?

The above exception was the direct cause of the following exception:
tests/test_rbac.py:367: in test_low_reputation_fails_analyst_check
    db.execute(
packages/db/database.py:32: in execute
    return self._session.execute(query, params)
/Library/Frameworks/Python.framework/Versions/3.12/lib/python3.12/site-packages/sqlalchemy/orm/session.py:2351: in execute
    return self._execute_internal(
/Library/Frameworks/Python.framework/Versions/3.12/lib/python3.12/site-packages/sqlalchemy/orm/session.py:2239: in _execute_internal
    conn = self._connection_for_bind(bind)
/Library/Frameworks/Python.framework/Versions/3.12/lib/python3.12/site-packages/sqlalchemy/orm/session.py:2108: in _connection_for_bind
    return trans._connection_for_bind(engine, execution_options)
<string>:2: in _connection_for_bind
    ???
/Library/Frameworks/Python.framework/Versions/3.12/lib/python3.12/site-packages/sqlalchemy/orm/state_changes.py:137: in _go
    ret_value = fn(self, *arg, **kw)
/Library/Frameworks/Python.framework/Versions/3.12/lib/python3.12/site-packages/sqlalchemy/orm/session.py:1187: in _connection_for_bind
    conn = bind.connect()
/Library/Frameworks/Python.framework/Versions/3.12/lib/python3.12/site-packages/sqlalchemy/engine/base.py:3285: in connect
    return self._connection_cls(self)
/Library/Frameworks/Python.framework/Versions/3.12/lib/python3.12/site-packages/sqlalchemy/engine/base.py:145: in __init__
    Connection._handle_dbapi_exception_noconnection(
/Library/Frameworks/Python.framework/Versions/3.12/lib/python3.12/site-packages/sqlalchemy/engine/base.py:2448: in _handle_dbapi_exception_noconnection
    raise sqlalchemy_exception.with_traceback(exc_info[2]) from e
/Library/Frameworks/Python.framework/Versions/3.12/lib/python3.12/site-packages/sqlalchemy/engine/base.py:143: in __init__
    self._dbapi_connection = engine.raw_connection()
/Library/Frameworks/Python.framework/Versions/3.12/lib/python3.12/site-packages/sqlalchemy/engine/base.py:3309: in raw_connection
    return self.pool.connect()
/Library/Frameworks/Python.framework/Versions/3.12/lib/python3.12/site-packages/sqlalchemy/pool/base.py:447: in connect
    return _ConnectionFairy._checkout(self)
/Library/Frameworks/Python.framework/Versions/3.12/lib/python3.12/site-packages/sqlalchemy/pool/base.py:1264: in _checkout
    fairy = _ConnectionRecord.checkout(pool)
/Library/Frameworks/Python.framework/Versions/3.12/lib/python3.12/site-packages/sqlalchemy/pool/base.py:711: in checkout
    rec = pool._do_get()
/Library/Frameworks/Python.framework/Versions/3.12/lib/python3.12/site-packages/sqlalchemy/pool/impl.py:177: in _do_get
    with util.safe_reraise():
/Library/Frameworks/Python.framework/Versions/3.12/lib/python3.12/site-packages/sqlalchemy/util/langhelpers.py:224: in __exit__
    raise exc_value.with_traceback(exc_tb)
/Library/Frameworks/Python.framework/Versions/3.12/lib/python3.12/site-packages/sqlalchemy/pool/impl.py:175: in _do_get
    return self._create_connection()
/Library/Frameworks/Python.framework/Versions/3.12/lib/python3.12/site-packages/sqlalchemy/pool/base.py:388: in _create_connection
    return _ConnectionRecord(self)
/Library/Frameworks/Python.framework/Versions/3.12/lib/python3.12/site-packages/sqlalchemy/pool/base.py:673: in __init__
    self.__connect()
/Library/Frameworks/Python.framework/Versions/3.12/lib/python3.12/site-packages/sqlalchemy/pool/base.py:899: in __connect
    with util.safe_reraise():
/Library/Frameworks/Python.framework/Versions/3.12/lib/python3.12/site-packages/sqlalchemy/util/langhelpers.py:224: in __exit__
    raise exc_value.with_traceback(exc_tb)
/Library/Frameworks/Python.framework/Versions/3.12/lib/python3.12/site-packages/sqlalchemy/pool/base.py:895: in __connect
    self.dbapi_connection = connection = pool._invoke_creator(self)
/Library/Frameworks/Python.framework/Versions/3.12/lib/python3.12/site-packages/sqlalchemy/engine/create.py:661: in connect
    return dialect.connect(*cargs, **cparams)
/Library/Frameworks/Python.framework/Versions/3.12/lib/python3.12/site-packages/sqlalchemy/engine/default.py:630: in connect
    return self.loaded_dbapi.connect(*cargs, **cparams)  # type: ignore[no-any-return]  # NOQA: E501
/Library/Frameworks/Python.framework/Versions/3.12/lib/python3.12/site-packages/psycopg2/__init__.py:122: in connect
    conn = _connect(dsn, connection_factory=connection_factory, **kwasync)
E   sqlalchemy.exc.OperationalError: (psycopg2.OperationalError) connection to server at "localhost" (::1), port 5432 failed: Connection refused
E   	Is the server running on that host and accepting TCP/IP connections?
E   connection to server at "localhost" (127.0.0.1), port 5432 failed: Connection refused
E   	Is the server running on that host and accepting TCP/IP connections?
E   
E   (Background on this error at: https://sqlalche.me/e/20/e3q8)
________ TestReputationChecking.test_high_reputation_passes_all_checks _________
/Library/Frameworks/Python.framework/Versions/3.12/lib/python3.12/site-packages/sqlalchemy/engine/base.py:143: in __init__
    self._dbapi_connection = engine.raw_connection()
/Library/Frameworks/Python.framework/Versions/3.12/lib/python3.12/site-packages/sqlalchemy/engine/base.py:3309: in raw_connection
    return self.pool.connect()
/Library/Frameworks/Python.framework/Versions/3.12/lib/python3.12/site-packages/sqlalchemy/pool/base.py:447: in connect
    return _ConnectionFairy._checkout(self)
/Library/Frameworks/Python.framework/Versions/3.12/lib/python3.12/site-packages/sqlalchemy/pool/base.py:1264: in _checkout
    fairy = _ConnectionRecord.checkout(pool)
/Library/Frameworks/Python.framework/Versions/3.12/lib/python3.12/site-packages/sqlalchemy/pool/base.py:711: in checkout
    rec = pool._do_get()
/Library/Frameworks/Python.framework/Versions/3.12/lib/python3.12/site-packages/sqlalchemy/pool/impl.py:177: in _do_get
    with util.safe_reraise():
/Library/Frameworks/Python.framework/Versions/3.12/lib/python3.12/site-packages/sqlalchemy/util/langhelpers.py:224: in __exit__
    raise exc_value.with_traceback(exc_tb)
/Library/Frameworks/Python.framework/Versions/3.12/lib/python3.12/site-packages/sqlalchemy/pool/impl.py:175: in _do_get
    return self._create_connection()
/Library/Frameworks/Python.framework/Versions/3.12/lib/python3.12/site-packages/sqlalchemy/pool/base.py:388: in _create_connection
    return _ConnectionRecord(self)
/Library/Frameworks/Python.framework/Versions/3.12/lib/python3.12/site-packages/sqlalchemy/pool/base.py:673: in __init__
    self.__connect()
/Library/Frameworks/Python.framework/Versions/3.12/lib/python3.12/site-packages/sqlalchemy/pool/base.py:899: in __connect
    with util.safe_reraise():
/Library/Frameworks/Python.framework/Versions/3.12/lib/python3.12/site-packages/sqlalchemy/util/langhelpers.py:224: in __exit__
    raise exc_value.with_traceback(exc_tb)
/Library/Frameworks/Python.framework/Versions/3.12/lib/python3.12/site-packages/sqlalchemy/pool/base.py:895: in __connect
    self.dbapi_connection = connection = pool._invoke_creator(self)
/Library/Frameworks/Python.framework/Versions/3.12/lib/python3.12/site-packages/sqlalchemy/engine/create.py:661: in connect
    return dialect.connect(*cargs, **cparams)
/Library/Frameworks/Python.framework/Versions/3.12/lib/python3.12/site-packages/sqlalchemy/engine/default.py:630: in connect
    return self.loaded_dbapi.connect(*cargs, **cparams)  # type: ignore[no-any-return]  # NOQA: E501
/Library/Frameworks/Python.framework/Versions/3.12/lib/python3.12/site-packages/psycopg2/__init__.py:122: in connect
    conn = _connect(dsn, connection_factory=connection_factory, **kwasync)
E   psycopg2.OperationalError: connection to server at "localhost" (::1), port 5432 failed: Connection refused
E   	Is the server running on that host and accepting TCP/IP connections?
E   connection to server at "localhost" (127.0.0.1), port 5432 failed: Connection refused
E   	Is the server running on that host and accepting TCP/IP connections?

The above exception was the direct cause of the following exception:
tests/test_rbac.py:390: in test_high_reputation_passes_all_checks
    db.execute(
packages/db/database.py:32: in execute
    return self._session.execute(query, params)
/Library/Frameworks/Python.framework/Versions/3.12/lib/python3.12/site-packages/sqlalchemy/orm/session.py:2351: in execute
    return self._execute_internal(
/Library/Frameworks/Python.framework/Versions/3.12/lib/python3.12/site-packages/sqlalchemy/orm/session.py:2239: in _execute_internal
    conn = self._connection_for_bind(bind)
/Library/Frameworks/Python.framework/Versions/3.12/lib/python3.12/site-packages/sqlalchemy/orm/session.py:2108: in _connection_for_bind
    return trans._connection_for_bind(engine, execution_options)
<string>:2: in _connection_for_bind
    ???
/Library/Frameworks/Python.framework/Versions/3.12/lib/python3.12/site-packages/sqlalchemy/orm/state_changes.py:137: in _go
    ret_value = fn(self, *arg, **kw)
/Library/Frameworks/Python.framework/Versions/3.12/lib/python3.12/site-packages/sqlalchemy/orm/session.py:1187: in _connection_for_bind
    conn = bind.connect()
/Library/Frameworks/Python.framework/Versions/3.12/lib/python3.12/site-packages/sqlalchemy/engine/base.py:3285: in connect
    return self._connection_cls(self)
/Library/Frameworks/Python.framework/Versions/3.12/lib/python3.12/site-packages/sqlalchemy/engine/base.py:145: in __init__
    Connection._handle_dbapi_exception_noconnection(
/Library/Frameworks/Python.framework/Versions/3.12/lib/python3.12/site-packages/sqlalchemy/engine/base.py:2448: in _handle_dbapi_exception_noconnection
    raise sqlalchemy_exception.with_traceback(exc_info[2]) from e
/Library/Frameworks/Python.framework/Versions/3.12/lib/python3.12/site-packages/sqlalchemy/engine/base.py:143: in __init__
    self._dbapi_connection = engine.raw_connection()
/Library/Frameworks/Python.framework/Versions/3.12/lib/python3.12/site-packages/sqlalchemy/engine/base.py:3309: in raw_connection
    return self.pool.connect()
/Library/Frameworks/Python.framework/Versions/3.12/lib/python3.12/site-packages/sqlalchemy/pool/base.py:447: in connect
    return _ConnectionFairy._checkout(self)
/Library/Frameworks/Python.framework/Versions/3.12/lib/python3.12/site-packages/sqlalchemy/pool/base.py:1264: in _checkout
    fairy = _ConnectionRecord.checkout(pool)
/Library/Frameworks/Python.framework/Versions/3.12/lib/python3.12/site-packages/sqlalchemy/pool/base.py:711: in checkout
    rec = pool._do_get()
/Library/Frameworks/Python.framework/Versions/3.12/lib/python3.12/site-packages/sqlalchemy/pool/impl.py:177: in _do_get
    with util.safe_reraise():
/Library/Frameworks/Python.framework/Versions/3.12/lib/python3.12/site-packages/sqlalchemy/util/langhelpers.py:224: in __exit__
    raise exc_value.with_traceback(exc_tb)
/Library/Frameworks/Python.framework/Versions/3.12/lib/python3.12/site-packages/sqlalchemy/pool/impl.py:175: in _do_get
    return self._create_connection()
/Library/Frameworks/Python.framework/Versions/3.12/lib/python3.12/site-packages/sqlalchemy/pool/base.py:388: in _create_connection
    return _ConnectionRecord(self)
/Library/Frameworks/Python.framework/Versions/3.12/lib/python3.12/site-packages/sqlalchemy/pool/base.py:673: in __init__
    self.__connect()
/Library/Frameworks/Python.framework/Versions/3.12/lib/python3.12/site-packages/sqlalchemy/pool/base.py:899: in __connect
    with util.safe_reraise():
/Library/Frameworks/Python.framework/Versions/3.12/lib/python3.12/site-packages/sqlalchemy/util/langhelpers.py:224: in __exit__
    raise exc_value.with_traceback(exc_tb)
/Library/Frameworks/Python.framework/Versions/3.12/lib/python3.12/site-packages/sqlalchemy/pool/base.py:895: in __connect
    self.dbapi_connection = connection = pool._invoke_creator(self)
/Library/Frameworks/Python.framework/Versions/3.12/lib/python3.12/site-packages/sqlalchemy/engine/create.py:661: in connect
    return dialect.connect(*cargs, **cparams)
/Library/Frameworks/Python.framework/Versions/3.12/lib/python3.12/site-packages/sqlalchemy/engine/default.py:630: in connect
    return self.loaded_dbapi.connect(*cargs, **cparams)  # type: ignore[no-any-return]  # NOQA: E501
/Library/Frameworks/Python.framework/Versions/3.12/lib/python3.12/site-packages/psycopg2/__init__.py:122: in connect
    conn = _connect(dsn, connection_factory=connection_factory, **kwasync)
E   sqlalchemy.exc.OperationalError: (psycopg2.OperationalError) connection to server at "localhost" (::1), port 5432 failed: Connection refused
E   	Is the server running on that host and accepting TCP/IP connections?
E   connection to server at "localhost" (127.0.0.1), port 5432 failed: Connection refused
E   	Is the server running on that host and accepting TCP/IP connections?
E   
E   (Background on this error at: https://sqlalche.me/e/20/e3q8)
_______ TestRoleRetrieval.test_get_agent_role_returns_none_for_nonmember _______
/Library/Frameworks/Python.framework/Versions/3.12/lib/python3.12/site-packages/sqlalchemy/engine/base.py:143: in __init__
    self._dbapi_connection = engine.raw_connection()
/Library/Frameworks/Python.framework/Versions/3.12/lib/python3.12/site-packages/sqlalchemy/engine/base.py:3309: in raw_connection
    return self.pool.connect()
/Library/Frameworks/Python.framework/Versions/3.12/lib/python3.12/site-packages/sqlalchemy/pool/base.py:447: in connect
    return _ConnectionFairy._checkout(self)
/Library/Frameworks/Python.framework/Versions/3.12/lib/python3.12/site-packages/sqlalchemy/pool/base.py:1264: in _checkout
    fairy = _ConnectionRecord.checkout(pool)
/Library/Frameworks/Python.framework/Versions/3.12/lib/python3.12/site-packages/sqlalchemy/pool/base.py:711: in checkout
    rec = pool._do_get()
/Library/Frameworks/Python.framework/Versions/3.12/lib/python3.12/site-packages/sqlalchemy/pool/impl.py:177: in _do_get
    with util.safe_reraise():
/Library/Frameworks/Python.framework/Versions/3.12/lib/python3.12/site-packages/sqlalchemy/util/langhelpers.py:224: in __exit__
    raise exc_value.with_traceback(exc_tb)
/Library/Frameworks/Python.framework/Versions/3.12/lib/python3.12/site-packages/sqlalchemy/pool/impl.py:175: in _do_get
    return self._create_connection()
/Library/Frameworks/Python.framework/Versions/3.12/lib/python3.12/site-packages/sqlalchemy/pool/base.py:388: in _create_connection
    return _ConnectionRecord(self)
/Library/Frameworks/Python.framework/Versions/3.12/lib/python3.12/site-packages/sqlalchemy/pool/base.py:673: in __init__
    self.__connect()
/Library/Frameworks/Python.framework/Versions/3.12/lib/python3.12/site-packages/sqlalchemy/pool/base.py:899: in __connect
    with util.safe_reraise():
/Library/Frameworks/Python.framework/Versions/3.12/lib/python3.12/site-packages/sqlalchemy/util/langhelpers.py:224: in __exit__
    raise exc_value.with_traceback(exc_tb)
/Library/Frameworks/Python.framework/Versions/3.12/lib/python3.12/site-packages/sqlalchemy/pool/base.py:895: in __connect
    self.dbapi_connection = connection = pool._invoke_creator(self)
/Library/Frameworks/Python.framework/Versions/3.12/lib/python3.12/site-packages/sqlalchemy/engine/create.py:661: in connect
    return dialect.connect(*cargs, **cparams)
/Library/Frameworks/Python.framework/Versions/3.12/lib/python3.12/site-packages/sqlalchemy/engine/default.py:630: in connect
    return self.loaded_dbapi.connect(*cargs, **cparams)  # type: ignore[no-any-return]  # NOQA: E501
/Library/Frameworks/Python.framework/Versions/3.12/lib/python3.12/site-packages/psycopg2/__init__.py:122: in connect
    conn = _connect(dsn, connection_factory=connection_factory, **kwasync)
E   psycopg2.OperationalError: connection to server at "localhost" (::1), port 5432 failed: Connection refused
E   	Is the server running on that host and accepting TCP/IP connections?
E   connection to server at "localhost" (127.0.0.1), port 5432 failed: Connection refused
E   	Is the server running on that host and accepting TCP/IP connections?

The above exception was the direct cause of the following exception:
tests/test_rbac.py:495: in test_get_agent_role_returns_none_for_nonmember
    role_info = rbac.get_agent_role(db, fake_agent, fake_workspace)
apps/core-api/rbac.py:173: in get_agent_role
    result = db.execute(
packages/db/database.py:32: in execute
    return self._session.execute(query, params)
/Library/Frameworks/Python.framework/Versions/3.12/lib/python3.12/site-packages/sqlalchemy/orm/session.py:2351: in execute
    return self._execute_internal(
/Library/Frameworks/Python.framework/Versions/3.12/lib/python3.12/site-packages/sqlalchemy/orm/session.py:2239: in _execute_internal
    conn = self._connection_for_bind(bind)
/Library/Frameworks/Python.framework/Versions/3.12/lib/python3.12/site-packages/sqlalchemy/orm/session.py:2108: in _connection_for_bind
    return trans._connection_for_bind(engine, execution_options)
<string>:2: in _connection_for_bind
    ???
/Library/Frameworks/Python.framework/Versions/3.12/lib/python3.12/site-packages/sqlalchemy/orm/state_changes.py:137: in _go
    ret_value = fn(self, *arg, **kw)
/Library/Frameworks/Python.framework/Versions/3.12/lib/python3.12/site-packages/sqlalchemy/orm/session.py:1187: in _connection_for_bind
    conn = bind.connect()
/Library/Frameworks/Python.framework/Versions/3.12/lib/python3.12/site-packages/sqlalchemy/engine/base.py:3285: in connect
    return self._connection_cls(self)
/Library/Frameworks/Python.framework/Versions/3.12/lib/python3.12/site-packages/sqlalchemy/engine/base.py:145: in __init__
    Connection._handle_dbapi_exception_noconnection(
/Library/Frameworks/Python.framework/Versions/3.12/lib/python3.12/site-packages/sqlalchemy/engine/base.py:2448: in _handle_dbapi_exception_noconnection
    raise sqlalchemy_exception.with_traceback(exc_info[2]) from e
/Library/Frameworks/Python.framework/Versions/3.12/lib/python3.12/site-packages/sqlalchemy/engine/base.py:143: in __init__
    self._dbapi_connection = engine.raw_connection()
/Library/Frameworks/Python.framework/Versions/3.12/lib/python3.12/site-packages/sqlalchemy/engine/base.py:3309: in raw_connection
    return self.pool.connect()
/Library/Frameworks/Python.framework/Versions/3.12/lib/python3.12/site-packages/sqlalchemy/pool/base.py:447: in connect
    return _ConnectionFairy._checkout(self)
/Library/Frameworks/Python.framework/Versions/3.12/lib/python3.12/site-packages/sqlalchemy/pool/base.py:1264: in _checkout
    fairy = _ConnectionRecord.checkout(pool)
/Library/Frameworks/Python.framework/Versions/3.12/lib/python3.12/site-packages/sqlalchemy/pool/base.py:711: in checkout
    rec = pool._do_get()
/Library/Frameworks/Python.framework/Versions/3.12/lib/python3.12/site-packages/sqlalchemy/pool/impl.py:177: in _do_get
    with util.safe_reraise():
/Library/Frameworks/Python.framework/Versions/3.12/lib/python3.12/site-packages/sqlalchemy/util/langhelpers.py:224: in __exit__
    raise exc_value.with_traceback(exc_tb)
/Library/Frameworks/Python.framework/Versions/3.12/lib/python3.12/site-packages/sqlalchemy/pool/impl.py:175: in _do_get
    return self._create_connection()
/Library/Frameworks/Python.framework/Versions/3.12/lib/python3.12/site-packages/sqlalchemy/pool/base.py:388: in _create_connection
    return _ConnectionRecord(self)
/Library/Frameworks/Python.framework/Versions/3.12/lib/python3.12/site-packages/sqlalchemy/pool/base.py:673: in __init__
    self.__connect()
/Library/Frameworks/Python.framework/Versions/3.12/lib/python3.12/site-packages/sqlalchemy/pool/base.py:899: in __connect
    with util.safe_reraise():
/Library/Frameworks/Python.framework/Versions/3.12/lib/python3.12/site-packages/sqlalchemy/util/langhelpers.py:224: in __exit__
    raise exc_value.with_traceback(exc_tb)
/Library/Frameworks/Python.framework/Versions/3.12/lib/python3.12/site-packages/sqlalchemy/pool/base.py:895: in __connect
    self.dbapi_connection = connection = pool._invoke_creator(self)
/Library/Frameworks/Python.framework/Versions/3.12/lib/python3.12/site-packages/sqlalchemy/engine/create.py:661: in connect
    return dialect.connect(*cargs, **cparams)
/Library/Frameworks/Python.framework/Versions/3.12/lib/python3.12/site-packages/sqlalchemy/engine/default.py:630: in connect
    return self.loaded_dbapi.connect(*cargs, **cparams)  # type: ignore[no-any-return]  # NOQA: E501
/Library/Frameworks/Python.framework/Versions/3.12/lib/python3.12/site-packages/psycopg2/__init__.py:122: in connect
    conn = _connect(dsn, connection_factory=connection_factory, **kwasync)
E   sqlalchemy.exc.OperationalError: (psycopg2.OperationalError) connection to server at "localhost" (::1), port 5432 failed: Connection refused
E   	Is the server running on that host and accepting TCP/IP connections?
E   connection to server at "localhost" (127.0.0.1), port 5432 failed: Connection refused
E   	Is the server running on that host and accepting TCP/IP connections?
E   
E   (Background on this error at: https://sqlalche.me/e/20/e3q8)
_________________ TestEnvironmentFactory.test_create_from_env __________________
/Library/Frameworks/Python.framework/Versions/3.12/lib/python3.12/site-packages/urllib3/connection.py:198: in _new_conn
    sock = connection.create_connection(
/Library/Frameworks/Python.framework/Versions/3.12/lib/python3.12/site-packages/urllib3/util/connection.py:85: in create_connection
    raise err
/Library/Frameworks/Python.framework/Versions/3.12/lib/python3.12/site-packages/urllib3/util/connection.py:73: in create_connection
    sock.connect(sa)
E   ConnectionRefusedError: [Errno 61] Connection refused

The above exception was the direct cause of the following exception:
/Library/Frameworks/Python.framework/Versions/3.12/lib/python3.12/site-packages/botocore/httpsession.py:465: in send
    urllib_response = conn.urlopen(
/Library/Frameworks/Python.framework/Versions/3.12/lib/python3.12/site-packages/urllib3/connectionpool.py:841: in urlopen
    retries = retries.increment(
/Library/Frameworks/Python.framework/Versions/3.12/lib/python3.12/site-packages/urllib3/util/retry.py:449: in increment
    raise reraise(type(error), error, _stacktrace)
/Library/Frameworks/Python.framework/Versions/3.12/lib/python3.12/site-packages/urllib3/util/util.py:39: in reraise
    raise value
/Library/Frameworks/Python.framework/Versions/3.12/lib/python3.12/site-packages/urllib3/connectionpool.py:787: in urlopen
    response = self._make_request(
/Library/Frameworks/Python.framework/Versions/3.12/lib/python3.12/site-packages/urllib3/connectionpool.py:493: in _make_request
    conn.request(
/Library/Frameworks/Python.framework/Versions/3.12/lib/python3.12/site-packages/botocore/awsrequest.py:96: in request
    rval = super().request(method, url, body, headers, *args, **kwargs)
/Library/Frameworks/Python.framework/Versions/3.12/lib/python3.12/site-packages/urllib3/connection.py:445: in request
    self.endheaders()
/Library/Frameworks/Python.framework/Versions/3.12/lib/python3.12/http/client.py:1331: in endheaders
    self._send_output(message_body, encode_chunked=encode_chunked)
/Library/Frameworks/Python.framework/Versions/3.12/lib/python3.12/site-packages/botocore/awsrequest.py:123: in _send_output
    self.send(msg)
/Library/Frameworks/Python.framework/Versions/3.12/lib/python3.12/site-packages/botocore/awsrequest.py:223: in send
    return super().send(str)
/Library/Frameworks/Python.framework/Versions/3.12/lib/python3.12/http/client.py:1035: in send
    self.connect()
/Library/Frameworks/Python.framework/Versions/3.12/lib/python3.12/site-packages/urllib3/connection.py:276: in connect
    self.sock = self._new_conn()
/Library/Frameworks/Python.framework/Versions/3.12/lib/python3.12/site-packages/urllib3/connection.py:213: in _new_conn
    raise NewConnectionError(
E   urllib3.exceptions.NewConnectionError: <botocore.awsrequest.AWSHTTPConnection object at 0x15191c320>: Failed to establish a new connection: [Errno 61] Connection refused

During handling of the above exception, another exception occurred:
tests/test_storage.py:230: in test_create_from_env
    storage = create_storage_from_env()
packages/shared-types/storage.py:238: in create_storage_from_env
    return Storage(
packages/shared-types/storage.py:78: in __init__
    self._ensure_bucket_exists()
packages/shared-types/storage.py:83: in _ensure_bucket_exists
    self.s3.head_bucket(Bucket=self.bucket)
/Library/Frameworks/Python.framework/Versions/3.12/lib/python3.12/site-packages/botocore/client.py:602: in _api_call
    return self._make_api_call(operation_name, kwargs)
/Library/Frameworks/Python.framework/Versions/3.12/lib/python3.12/site-packages/botocore/context.py:123: in wrapper
    return func(*args, **kwargs)
/Library/Frameworks/Python.framework/Versions/3.12/lib/python3.12/site-packages/botocore/client.py:1060: in _make_api_call
    http, parsed_response = self._make_request(
/Library/Frameworks/Python.framework/Versions/3.12/lib/python3.12/site-packages/botocore/client.py:1084: in _make_request
    return self._endpoint.make_request(operation_model, request_dict)
/Library/Frameworks/Python.framework/Versions/3.12/lib/python3.12/site-packages/botocore/endpoint.py:119: in make_request
    return self._send_request(request_dict, operation_model)
/Library/Frameworks/Python.framework/Versions/3.12/lib/python3.12/site-packages/botocore/endpoint.py:200: in _send_request
    while self._needs_retry(
/Library/Frameworks/Python.framework/Versions/3.12/lib/python3.12/site-packages/botocore/endpoint.py:360: in _needs_retry
    responses = self._event_emitter.emit(
/Library/Frameworks/Python.framework/Versions/3.12/lib/python3.12/site-packages/botocore/hooks.py:412: in emit
    return self._emitter.emit(aliased_event_name, **kwargs)
/Library/Frameworks/Python.framework/Versions/3.12/lib/python3.12/site-packages/botocore/hooks.py:256: in emit
    return self._emit(event_name, kwargs)
/Library/Frameworks/Python.framework/Versions/3.12/lib/python3.12/site-packages/botocore/hooks.py:239: in _emit
    response = handler(**kwargs)
/Library/Frameworks/Python.framework/Versions/3.12/lib/python3.12/site-packages/botocore/retryhandler.py:207: in __call__
    if self._checker(**checker_kwargs):
/Library/Frameworks/Python.framework/Versions/3.12/lib/python3.12/site-packages/botocore/retryhandler.py:284: in __call__
    should_retry = self._should_retry(
/Library/Frameworks/Python.framework/Versions/3.12/lib/python3.12/site-packages/botocore/retryhandler.py:320: in _should_retry
    return self._checker(attempt_number, response, caught_exception)
/Library/Frameworks/Python.framework/Versions/3.12/lib/python3.12/site-packages/botocore/retryhandler.py:363: in __call__
    checker_response = checker(
/Library/Frameworks/Python.framework/Versions/3.12/lib/python3.12/site-packages/botocore/retryhandler.py:247: in __call__
    return self._check_caught_exception(
/Library/Frameworks/Python.framework/Versions/3.12/lib/python3.12/site-packages/botocore/retryhandler.py:416: in _check_caught_exception
    raise caught_exception
/Library/Frameworks/Python.framework/Versions/3.12/lib/python3.12/site-packages/botocore/endpoint.py:279: in _do_get_response
    http_response = self._send(request)
/Library/Frameworks/Python.framework/Versions/3.12/lib/python3.12/site-packages/botocore/endpoint.py:383: in _send
    return self.http_session.send(request)
/Library/Frameworks/Python.framework/Versions/3.12/lib/python3.12/site-packages/botocore/httpsession.py:494: in send
    raise EndpointConnectionError(endpoint_url=request.url, error=e)
E   botocore.exceptions.EndpointConnectionError: Could not connect to the endpoint URL: "http://localhost:9000/agora"
=============================== warnings summary ===============================
../../../../../Library/Frameworks/Python.framework/Versions/3.12/lib/python3.12/site-packages/reportlab/lib/rl_safe_eval.py:11
  /Library/Frameworks/Python.framework/Versions/3.12/lib/python3.12/site-packages/reportlab/lib/rl_safe_eval.py:11: DeprecationWarning: ast.NameConstant is deprecated and will be removed in Python 3.14; use ast.Constant instead
    haveNameConstant = hasattr(ast,'NameConstant')

<frozen importlib._bootstrap>:488
<frozen importlib._bootstrap>:488
  <frozen importlib._bootstrap>:488: DeprecationWarning: builtin type SwigPyPacked has no __module__ attribute

<frozen importlib._bootstrap>:488
<frozen importlib._bootstrap>:488
  <frozen importlib._bootstrap>:488: DeprecationWarning: builtin type SwigPyObject has no __module__ attribute

<frozen importlib._bootstrap>:488
  <frozen importlib._bootstrap>:488: DeprecationWarning: builtin type swigvarlink has no __module__ attribute

tests/test_auth.py::test_agent_token_creation_and_verification
tests/test_auth.py::test_agent_token_cannot_be_verified_as_system
tests/test_auth.py::test_agent_token_includes_workspace_id
tests/test_auth.py::test_decode_token_unverified
  /Users/nirtzur/Documents/projects/AGORA/apps/core-api/jwt_utils.py:54: DeprecationWarning: datetime.datetime.utcnow() is deprecated and scheduled for removal in a future version. Use timezone-aware objects to represent datetimes in UTC: datetime.datetime.now(datetime.UTC).
    now = datetime.utcnow()

tests/test_auth.py::test_system_token_creation_and_verification
tests/test_auth.py::test_system_token_cannot_be_verified_as_agent
  /Users/nirtzur/Documents/projects/AGORA/apps/core-api/jwt_utils.py:84: DeprecationWarning: datetime.datetime.utcnow() is deprecated and scheduled for removal in a future version. Use timezone-aware objects to represent datetimes in UTC: datetime.datetime.now(datetime.UTC).
    now = datetime.utcnow()

tests/test_auth.py::test_expired_agent_token
  /Users/nirtzur/Documents/projects/AGORA/tests/test_auth.py:207: DeprecationWarning: datetime.datetime.utcnow() is deprecated and scheduled for removal in a future version. Use timezone-aware objects to represent datetimes in UTC: datetime.datetime.now(datetime.UTC).
    past_time = datetime.utcnow() - timedelta(hours=25)

-- Docs: https://docs.pytest.org/en/stable/how-to/capture-warnings.html
=========================== short test summary info ============================
FAILED tests/test_auth.py::test_auth_instructions_endpoint - requests.excepti...
FAILED tests/test_auth.py::test_auth_moltbook_missing_header - requests.excep...
FAILED tests/test_auth.py::test_auth_verify_missing_token - requests.exceptio...
FAILED tests/test_auth.py::test_auth_verify_invalid_token - requests.exceptio...
FAILED tests/test_auth.py::test_agents_me_without_auth - requests.exceptions....
FAILED tests/test_auth.py::test_agents_me_with_invalid_token - requests.excep...
FAILED tests/test_auth.py::test_agent_context_without_auth - requests.excepti...
FAILED tests/test_auth.py::test_agent_context_with_invalid_token - requests.e...
FAILED tests/test_moltbook_adapter.py::test_root_endpoint_returns_service_info
FAILED tests/test_moltbook_adapter.py::test_health_endpoint - requests.except...
FAILED tests/test_moltbook_adapter.py::test_verify_missing_identity_token - r...
FAILED tests/test_moltbook_adapter.py::test_verify_invalid_token_type - reque...
FAILED tests/test_moltbook_adapter.py::test_verify_invalid_token_returns_401
FAILED tests/test_moltbook_adapter.py::test_404_for_unknown_endpoint - reques...
FAILED tests/test_moltbook_adapter.py::test_health_check_includes_circuit_state
FAILED tests/test_rbac.py::TestRoleSeeding::test_all_roles_exist - sqlalchemy...
FAILED tests/test_rbac.py::TestRoleSeeding::test_maintainer_permissions - sql...
FAILED tests/test_rbac.py::TestRoleSeeding::test_literature_analyst_permissions
FAILED tests/test_rbac.py::TestRoleSeeding::test_experimentalist_permissions
FAILED tests/test_rbac.py::TestRoleSeeding::test_synthesizer_permissions - sq...
FAILED tests/test_rbac.py::TestRoleSeeding::test_reputation_requirements - sq...
FAILED tests/test_rbac.py::TestReputationChecking::test_low_reputation_fails_analyst_check
FAILED tests/test_rbac.py::TestReputationChecking::test_high_reputation_passes_all_checks
FAILED tests/test_rbac.py::TestRoleRetrieval::test_get_agent_role_returns_none_for_nonmember
FAILED tests/test_storage.py::TestEnvironmentFactory::test_create_from_env - ...
ERROR tests/test_artifacts_exit.py::TestArtifactExitCriteria::test_upload_and_retrieve_exact_bytes_by_version_id
ERROR tests/test_artifacts_exit.py::TestArtifactExitCriteria::test_version_immutability
ERROR tests/test_artifacts_exit.py::TestArtifactExitCriteria::test_short_id_allocation
ERROR tests/test_artifacts_exit.py::TestArtifactExitCriteria::test_events_emitted
ERROR tests/test_citation_checks.py::test_exit_missing_citations_fails_coverage
ERROR tests/test_citation_checks.py::test_exit_bad_location_fails_resolves
ERROR tests/test_citation_checks.py::test_exit_good_draft_passes_both_checks
ERROR tests/test_citation_checks.py::test_agent_request_run_rulecheck
ERROR tests/test_citation_checks.py::test_list_rule_checks_with_filters
ERROR tests/test_claims.py::test_create_claim
ERROR tests/test_claims.py::test_add_evidence_with_valid_location
ERROR tests/test_claims.py::test_exit_1_evidence_fails_if_location_doesnt_resolve
ERROR tests/test_claims.py::test_exit_2_evidence_fails_if_version_from_another_workspace
ERROR tests/test_claims.py::test_list_claims_with_evidence
ERROR tests/test_claims.py::test_claim_kind_defaults_to_fact
ERROR tests/test_claims.py::test_is_key_cannot_be_set_by_agent
ERROR tests/test_db_migrations.py::TestMigrations::test_migrations_create_all_tables
ERROR tests/test_db_migrations.py::TestMigrations::test_agents_table_structure
ERROR tests/test_db_migrations.py::TestMigrations::test_workspaces_table_structure
ERROR tests/test_db_migrations.py::TestMigrations::test_artifacts_table_structure
ERROR tests/test_db_migrations.py::TestMigrations::test_artifact_versions_table_structure
ERROR tests/test_db_migrations.py::TestSchemaConstraints::test_basic_insert_and_select
ERROR tests/test_db_migrations.py::TestSchemaConstraints::test_unique_moltbook_id_constraint
ERROR tests/test_db_migrations.py::TestSchemaConstraints::test_workspace_short_id_unique_per_workspace
ERROR tests/test_db_migrations.py::TestSchemaConstraints::test_artifact_version_uniqueness
ERROR tests/test_db_migrations.py::TestSchemaConstraints::test_foreign_key_constraints
ERROR tests/test_db_migrations.py::TestSchemaConstraints::test_idempotency_keys_unique_constraint
ERROR tests/test_db_migrations.py::TestIndexes::test_key_indexes_exist - sqla...
ERROR tests/test_drafts.py::test_create_draft
ERROR tests/test_drafts.py::test_exit_draft_version_has_content_hash_and_retrievable
ERROR tests/test_drafts.py::test_multiple_draft_versions
ERROR tests/test_drafts.py::test_list_draft_versions
ERROR tests/test_drafts.py::test_cannot_create_version_for_finalized_draft
ERROR tests/test_drafts.py::test_short_id_allocation
ERROR tests/test_drafts.py::test_finalize_draft_emits_event
ERROR tests/test_evidence_resolver.py::test_exit_1_pdf_resolution
ERROR tests/test_evidence_resolver.py::test_exit_2_log_char_range_resolution
ERROR tests/test_evidence_resolver.py::test_log_jsonpath_resolution
ERROR tests/test_evidence_resolver.py::test_exit_3_bad_grammar_deterministic_errors
ERROR tests/test_evidence_resolver.py::test_artifact_version_not_found
ERROR tests/test_evidence_resolver.py::test_char_range_exceeds_bounds
ERROR tests/test_evidence_resolver.py::test_jsonpath_not_found
ERROR tests/test_evidence_resolver.py::test_deterministic_resolution
ERROR tests/test_literature_grounding.py::test_exit_literature_grounding_end_to_end
ERROR tests/test_literature_grounding.py::test_idempotent_pdf_ingestion
ERROR tests/test_literature_grounding.py::test_draft_finalization_with_passing_checks
ERROR tests/test_logs_events.py::TestLogsAppendOnly::test_create_log_success
ERROR tests/test_logs_events.py::TestLogsAppendOnly::test_list_logs - psycopg...
ERROR tests/test_logs_events.py::TestLogsAppendOnly::test_list_logs_with_action_filter
ERROR tests/test_logs_events.py::TestEventsSystemOnly::test_create_event_with_system_token
ERROR tests/test_logs_events.py::TestEventsSystemOnly::test_create_event_requires_system_token
ERROR tests/test_logs_events.py::TestEventsSystemOnly::test_list_events - psy...
ERROR tests/test_logs_events.py::TestEventsSystemOnly::test_list_events_filter_by_type
ERROR tests/test_logs_events.py::TestEventsSystemOnly::test_list_events_filter_by_actor_type
ERROR tests/test_logs_events.py::TestExitCriteria::test_claim_creation_emits_agent_event
ERROR tests/test_logs_events.py::TestExitCriteria::test_worker_artifacts_emit_system_event
ERROR tests/test_logs_events.py::TestAppendOnlyEnforcement::test_no_log_update_endpoint
ERROR tests/test_logs_events.py::TestAppendOnlyEnforcement::test_no_event_update_endpoint
ERROR tests/test_pdf_ingestion.py::test_exit_1_ingest_real_pdf
ERROR tests/test_pdf_ingestion.py::test_exit_2_retrieve_parsed_page_text
ERROR tests/test_pdf_ingestion.py::test_exit_3_evidence_resolution
ERROR tests/test_pdf_ingestion.py::test_no_text_pdf_fails
ERROR tests/test_pdf_ingestion.py::test_invalid_evidence_location_format
ERROR tests/test_rbac.py::TestPermissionChecking::test_agent_not_in_workspace
ERROR tests/test_rbac.py::TestPermissionChecking::test_experimentalist_can_run_sandbox
ERROR tests/test_rbac.py::TestPermissionChecking::test_synthesizer_cannot_run_sandbox
ERROR tests/test_rbac.py::TestPermissionChecking::test_maintainer_has_all_permissions
ERROR tests/test_rbac.py::TestPermissionChecking::test_require_permission_raises_on_deny
ERROR tests/test_rbac.py::TestRoleRetrieval::test_get_agent_role_returns_correct_info
ERROR tests/test_repo_ingestion.py::test_repo_ingest_activity
ERROR tests/test_repo_ingestion.py::test_repo_evidence_resolution
ERROR tests/test_repo_ingestion.py::test_repo_ingest_endpoint
ERROR tests/test_repo_ingestion.py::test_repo_ingest_idempotency
ERROR tests/test_storage.py::TestStorageURIValidation::test_valid_uri_passes
ERROR tests/test_storage.py::TestStorageURIValidation::test_invalid_scheme_fails
ERROR tests/test_storage.py::TestStorageURIValidation::test_invalid_bucket_fails
ERROR tests/test_storage.py::TestStorageURIValidation::test_missing_artifacts_component_fails
ERROR tests/test_storage.py::TestStorageURIValidation::test_invalid_version_format_fails
ERROR tests/test_storage.py::TestStorageURIValidation::test_too_short_path_fails
ERROR tests/test_storage.py::TestBasicOperations::test_put_and_get_bytes_roundtrip
ERROR tests/test_storage.py::TestBasicOperations::test_put_and_get_stream_roundtrip
ERROR tests/test_storage.py::TestBasicOperations::test_exists_returns_false_for_nonexistent
ERROR tests/test_storage.py::TestBasicOperations::test_get_nonexistent_raises_error
ERROR tests/test_storage.py::TestImmutability::test_overwrite_same_uri_fails
ERROR tests/test_storage.py::TestImmutability::test_different_versions_can_coexist
ERROR tests/test_storage.py::TestImmutability::test_multiple_artifacts_in_workspace_independent
ERROR tests/test_storage.py::TestLargeContent::test_large_binary_content - bo...
ERROR tests/test_storage.py::TestErrorHandling::test_empty_content_allowed - ...
ERROR tests/test_storage.py::TestErrorHandling::test_special_characters_in_filename
ERROR tests/test_storage.py::TestStorageURIStructure::test_uri_structure_matches_spec
ERROR tests/test_storage.py::TestStorageURIStructure::test_nested_paths_supported
ERROR tests/test_workflows.py::test_exit_workflow_runs_lifecycle
ERROR tests/test_workflows.py::test_exit_activity_runs_created
ERROR tests/test_workflows.py::test_create_agent_task_system_only
ERROR tests/test_workflows.py::test_list_agent_tasks_with_filters
ERROR tests/test_workflows.py::test_update_agent_task_assignee_only
ERROR tests/test_workflows.py::test_complete_agent_task_with_result
ERROR tests/test_workspaces.py::TestWorkspaceCreation::test_create_workspace_success
ERROR tests/test_workspaces.py::TestWorkspaceCreation::test_workspace_starts_in_init_phase
ERROR tests/test_workspaces.py::TestWorkspaceEvents::test_workspace_created_event_emitted
ERROR tests/test_workspaces.py::TestWorkspaceEvents::test_agent_joined_event_emitted
ERROR tests/test_workspaces.py::TestJoinRequests::test_join_request_creation
ERROR tests/test_workspaces.py::TestJoinRequests::test_join_request_approval
ERROR tests/test_workspaces.py::TestJoinRequests::test_role_capacity_enforcement
ERROR tests/test_workspaces.py::TestJoinRequests::test_reputation_requirement_enforcement
ERROR tests/test_workspaces.py::TestWorkspaceUpdates::test_description_update_allowed
ERROR tests/test_workspaces.py::TestWorkspaceUpdates::test_phase_not_updated_via_patch
============ 25 failed, 8 passed, 13 warnings, 107 errors in 19.29s ============
sys:1: DeprecationWarning: builtin type swigvarlink has no __module__ attribute
